#
# There is insufficient memory for the Java Runtime Environment to continue.
# Native memory allocation (mmap) failed to map 15728640 bytes. Error detail: G1 virtual space
# Possible reasons:
#   The system is out of physical RAM or swap space
#   This process is running with CompressedOops enabled, and the Java Heap may be blocking the growth of the native heap
# Possible solutions:
#   Reduce memory load on the system
#   Increase physical memory or swap space
#   Check if swap backing store is full
#   Decrease Java heap size (-Xmx/-Xms)
#   Decrease number of Java threads
#   Decrease Java thread stack sizes (-Xss)
#   Set larger code cache with -XX:ReservedCodeCacheSize=
#   JVM is running with Unscaled Compressed Oops mode in which the Java heap is
#     placed in the first 4GB address space. The Java Heap base address is the
#     maximum limit for the native heap growth. Please use -XX:HeapBaseMinAddress
#     to set the Java Heap base and to place the Java Heap above 4GB virtual address.
# This output file may be truncated or incomplete.
#
#  Out of Memory Error (os_windows.cpp:3564), pid=19276, tid=8264
#
# JRE version: OpenJDK Runtime Environment Zulu24.30+11-CA (24.0.1+9) (build 24.0.1+9)
# Java VM: OpenJDK 64-Bit Server VM Zulu24.30+11-CA (24.0.1+9, mixed mode, emulated-client, sharing, tiered, compressed oops, compressed class ptrs, g1 gc, windows-amd64)
# No core dump will be written. Minidumps are not enabled by default on client versions of Windows
#

---------------  S U M M A R Y ------------

Command Line: -XX:TieredStopAtLevel=1 institution_gestion_notes.InstitutionGestionNotesApplication

Host: Intel(R) Core(TM) i3-8130U CPU @ 2.20GHz, 4 cores, 3G,  Windows 10 , 64 bit Build 19041 (10.0.19041.5915)
Time: Tue Feb 17 22:22:42 2026 Eastern Standard Time elapsed time: 10.875611 seconds (0d 0h 0m 10s)

---------------  T H R E A D  ---------------

Current thread (0x000001fd4117cb80):  VMThread "VM Thread"          [id=8264, stack(0x00000005c8000000,0x00000005c8100000) (1024K)]

Stack: [0x00000005c8000000,0x00000005c8100000]
Native frames: (J=compiled Java code, j=interpreted, Vv=VM code, C=native code)
V  [jvm.dll+0x7410c9]  (no source info available)
V  [jvm.dll+0x97def3]  (no source info available)
V  [jvm.dll+0x98021d]  (no source info available)
V  [jvm.dll+0x980893]  (no source info available)
V  [jvm.dll+0x2b5b16]  (no source info available)
V  [jvm.dll+0x73d535]  (no source info available)
V  [jvm.dll+0x730d0a]  (no source info available)
V  [jvm.dll+0x39ea4a]  (no source info available)
V  [jvm.dll+0x3a6746]  (no source info available)
V  [jvm.dll+0x392fce]  (no source info available)
V  [jvm.dll+0x393288]  (no source info available)
V  [jvm.dll+0x369fcc]  (no source info available)
V  [jvm.dll+0x36a05a]  (no source info available)
V  [jvm.dll+0x3b7b3d]  (no source info available)
V  [jvm.dll+0x3b6121]  (no source info available)
V  [jvm.dll+0x369797]  (no source info available)
V  [jvm.dll+0x3b58c4]  (no source info available)
V  [jvm.dll+0x986a9a]  (no source info available)
V  [jvm.dll+0x987ddc]  (no source info available)
V  [jvm.dll+0x988348]  (no source info available)
V  [jvm.dll+0x9885e3]  (no source info available)
V  [jvm.dll+0x920928]  (no source info available)
V  [jvm.dll+0x73f855]  (no source info available)
C  [ucrtbase.dll+0x21bb2]  (no source info available)
C  [KERNEL32.DLL+0x17374]  (no source info available)
C  [ntdll.dll+0x4cc91]  (no source info available)

VM_Operation (0x00000005ca0ff340): G1CollectForAllocation, mode: safepoint, requested by thread 0x000001fd47b908b0


---------------  P R O C E S S  ---------------

Threads class SMR info:
_java_thread_list=0x000001fd46bca3d0, length=29, elements={
0x000001fd48a5bf30, 0x000001fd4118cbb0, 0x000001fd4118dd20, 0x000001fd41190c80,
0x000001fd41193b40, 0x000001fd41195e20, 0x000001fd411bad30, 0x000001fd411bf0d0,
0x000001fd41225cc0, 0x000001fd4122abc0, 0x000001fd413a9080, 0x000001fd46ad3e40,
0x000001fd46adc590, 0x000001fd46ae75a0, 0x000001fd46b05010, 0x000001fd46bb8db0,
0x000001fd41b02840, 0x000001fd41b036e0, 0x000001fd41b003b0, 0x000001fd41b00b00,
0x000001fd41b01250, 0x000001fd41b019a0, 0x000001fd47b8b0f0, 0x000001fd47b8ce30,
0x000001fd47b8d580, 0x000001fd47b8dcd0, 0x000001fd47b91000, 0x000001fd47b8e420,
0x000001fd47b908b0
}

Java Threads: ( => current thread )
  0x000001fd48a5bf30 JavaThread "main"                              [_thread_blocked, id=16000, stack(0x00000005c7900000,0x00000005c7a00000) (1024K)]
  0x000001fd4118cbb0 JavaThread "Reference Handler"          daemon [_thread_blocked, id=16436, stack(0x00000005c8100000,0x00000005c8200000) (1024K)]
  0x000001fd4118dd20 JavaThread "Finalizer"                  daemon [_thread_blocked, id=1440, stack(0x00000005c8200000,0x00000005c8300000) (1024K)]
  0x000001fd41190c80 JavaThread "Signal Dispatcher"          daemon [_thread_blocked, id=7576, stack(0x00000005c8300000,0x00000005c8400000) (1024K)]
  0x000001fd41193b40 JavaThread "Attach Listener"            daemon [_thread_blocked, id=20228, stack(0x00000005c8400000,0x00000005c8500000) (1024K)]
  0x000001fd41195e20 JavaThread "Service Thread"             daemon [_thread_blocked, id=19232, stack(0x00000005c8500000,0x00000005c8600000) (1024K)]
  0x000001fd411bad30 JavaThread "Monitor Deflation Thread"   daemon [_thread_blocked, id=19600, stack(0x00000005c8600000,0x00000005c8700000) (1024K)]
  0x000001fd411bf0d0 JavaThread "C1 CompilerThread0"         daemon [_thread_blocked, id=13020, stack(0x00000005c8700000,0x00000005c8800000) (1024K)]
  0x000001fd41225cc0 JavaThread "Notification Thread"        daemon [_thread_blocked, id=2684, stack(0x00000005c8800000,0x00000005c8900000) (1024K)]
  0x000001fd4122abc0 JavaThread "Common-Cleaner"             daemon [_thread_blocked, id=14740, stack(0x00000005c8900000,0x00000005c8a00000) (1024K)]
  0x000001fd413a9080 JavaThread "C1 CompilerThread1"         daemon [_thread_blocked, id=10928, stack(0x00000005c8a00000,0x00000005c8b00000) (1024K)]
  0x000001fd46ad3e40 JavaThread "Catalina-utility-1"                [_thread_blocked, id=8944, stack(0x00000005c8e00000,0x00000005c8f00000) (1024K)]
  0x000001fd46adc590 JavaThread "Catalina-utility-2"                [_thread_blocked, id=9252, stack(0x00000005c8f00000,0x00000005c9000000) (1024K)]
  0x000001fd46ae75a0 JavaThread "container-0"                       [_thread_blocked, id=7404, stack(0x00000005c9000000,0x00000005c9100000) (1024K)]
  0x000001fd46b05010 JavaThread "mysql-cj-abandoned-connection-cleanup" daemon [_thread_blocked, id=19564, stack(0x00000005c9100000,0x00000005c9200000) (1024K)]
  0x000001fd46bb8db0 JavaThread "HikariPool-1:housekeeper"   daemon [_thread_blocked, id=15024, stack(0x00000005c9300000,0x00000005c9400000) (1024K)]
  0x000001fd41b02840 JavaThread "HikariPool-1:connection-adder" daemon [_thread_blocked, id=2056, stack(0x00000005c9400000,0x00000005c9500000) (1024K)]
  0x000001fd41b036e0 JavaThread "http-nio-auto-1-exec-1"     daemon [_thread_blocked, id=19700, stack(0x00000005c9500000,0x00000005c9600000) (1024K)]
  0x000001fd41b003b0 JavaThread "http-nio-auto-1-exec-2"     daemon [_thread_blocked, id=16708, stack(0x00000005c9600000,0x00000005c9700000) (1024K)]
  0x000001fd41b00b00 JavaThread "http-nio-auto-1-exec-3"     daemon [_thread_blocked, id=14464, stack(0x00000005c9700000,0x00000005c9800000) (1024K)]
  0x000001fd41b01250 JavaThread "http-nio-auto-1-exec-4"     daemon [_thread_blocked, id=18452, stack(0x00000005c9800000,0x00000005c9900000) (1024K)]
  0x000001fd41b019a0 JavaThread "http-nio-auto-1-exec-5"     daemon [_thread_blocked, id=19424, stack(0x00000005c9900000,0x00000005c9a00000) (1024K)]
  0x000001fd47b8b0f0 JavaThread "http-nio-auto-1-exec-6"     daemon [_thread_blocked, id=8856, stack(0x00000005c9a00000,0x00000005c9b00000) (1024K)]
  0x000001fd47b8ce30 JavaThread "http-nio-auto-1-exec-7"     daemon [_thread_blocked, id=3004, stack(0x00000005c9b00000,0x00000005c9c00000) (1024K)]
  0x000001fd47b8d580 JavaThread "http-nio-auto-1-exec-8"     daemon [_thread_blocked, id=8548, stack(0x00000005c9c00000,0x00000005c9d00000) (1024K)]
  0x000001fd47b8dcd0 JavaThread "http-nio-auto-1-exec-9"     daemon [_thread_blocked, id=5084, stack(0x00000005c9d00000,0x00000005c9e00000) (1024K)]
  0x000001fd47b91000 JavaThread "http-nio-auto-1-exec-10"    daemon [_thread_blocked, id=17840, stack(0x00000005c9e00000,0x00000005c9f00000) (1024K)]
  0x000001fd47b8e420 JavaThread "http-nio-auto-1-Poller"     daemon [_thread_in_native, id=11796, stack(0x00000005c9f00000,0x00000005ca000000) (1024K)]
  0x000001fd47b908b0 JavaThread "http-nio-auto-1-Acceptor"   daemon [_thread_blocked, id=9832, stack(0x00000005ca000000,0x00000005ca100000) (1024K)]
Total: 29

Other Threads:
=>0x000001fd4117cb80 VMThread "VM Thread"                           [id=8264, stack(0x00000005c8000000,0x00000005c8100000) (1024K)]
  0x000001fd4116ebf0 WatcherThread "VM Periodic Task Thread"        [id=8820, stack(0x00000005c7f00000,0x00000005c8000000) (1024K)]
  0x000001fd4ac4b340 WorkerThread "GC Thread#0"                     [id=6800, stack(0x00000005c7a00000,0x00000005c7b00000) (1024K)]
  0x000001fd460290b0 WorkerThread "GC Thread#1"                     [id=1008, stack(0x00000005c8b00000,0x00000005c8c00000) (1024K)]
  0x000001fd46037e60 WorkerThread "GC Thread#2"                     [id=15276, stack(0x00000005c8c00000,0x00000005c8d00000) (1024K)]
  0x000001fd46038210 WorkerThread "GC Thread#3"                     [id=19636, stack(0x00000005c8d00000,0x00000005c8e00000) (1024K)]
  0x000001fd4ac56270 ConcurrentGCThread "G1 Main Marker"            [id=5004, stack(0x00000005c7b00000,0x00000005c7c00000) (1024K)]
  0x000001fd4ac58530 WorkerThread "G1 Conc#0"                       [id=11196, stack(0x00000005c7c00000,0x00000005c7d00000) (1024K)]
  0x000001fd4acb4d20 ConcurrentGCThread "G1 Refine#0"               [id=19004, stack(0x00000005c7d00000,0x00000005c7e00000) (1024K)]
  0x000001fd4acb58a0 ConcurrentGCThread "G1 Service"                [id=5936, stack(0x00000005c7e00000,0x00000005c7f00000) (1024K)]
Total: 10

Threads with active compile tasks:
Total: 0

VM state: at safepoint (normal execution)

VM Mutex/Monitor currently owned by a thread:  ([mutex/lock_event])
[0x00007ffc3c914fc8] Threads_lock - owner thread: 0x000001fd4117cb80
[0x00007ffc3c9150c8] Heap_lock - owner thread: 0x000001fd47b908b0

Heap address: 0x00000000c1600000, size: 1002 MB, Compressed Oops mode: 32-bit

CDS archive(s) mapped at: [0x000001fd00000000-0x000001fd00d40000-0x000001fd00d40000), size 13893632, SharedBaseAddress: 0x000001fd00000000, ArchiveRelocationMode: 1.
Compressed class space mapped at: 0x000001fd01000000-0x000001fd41000000, reserved size: 1073741824
UseCompressedClassPointers 1, UseCompactObjectHeaders 0
Narrow klass pointer bits 32, Max shift 3
Narrow klass base: 0x000001fd00000000, Narrow klass shift: 0
Encoding Range: [0x000001fd00000000 - 0x000001fe00000000), (4294967296 bytes)
Klass Range:    [0x000001fd00000000 - 0x000001fd41000000), (1090519040 bytes)
Klass ID Range:  [8 - 1090519033) (1090519025)

GC Precious Log:
 CardTable entry size: 512
 Card Set container configuration: InlinePtr #cards 5 size 8 Array Of Cards #cards 10 size 36 Howl #buckets 4 coarsen threshold 1843 Howl Bitmap #cards 512 size 80 coarsen threshold 460 Card regions per heap region 1 cards per card region 2048
 CPUs: 4 total, 4 available
 Memory: 4007M
 Large Page Support: Disabled
 NUMA Support: Disabled
 Compressed Oops: Enabled (32-bit)
 Heap Region Size: 1M
 Heap Min Capacity: 8M
 Heap Initial Capacity: 64M
 Heap Max Capacity: 1002M
 Pre-touch: Disabled
 Parallel Workers: 4
 Concurrent Workers: 1
 Concurrent Refinement Workers: 4
 Periodic GC: Disabled

Heap:
 garbage-first heap   total reserved 1026048K, committed 73728K, used 40776K [0x00000000c1600000, 0x0000000100000000)
  region size 1024K, 3 young (3072K), 3 survivors (3072K)
 Metaspace       used 74960K, committed 75584K, reserved 1179648K
  class space    used 9192K, committed 9472K, reserved 1048576K

Heap Regions: E=young(eden), S=young(survivor), O=old, HS=humongous(starts), HC=humongous(continues), CS=collection set, F=free, TAMS=top-at-mark-start, PB=parsable bottom
|   0|0x00000000c1600000, 0x00000000c1700000, 0x00000000c1700000|100%|HS|  |TAMS 0x00000000c1600000| PB 0x00000000c1600000| Complete |  0
|   1|0x00000000c1700000, 0x00000000c1800000, 0x00000000c1800000|100%|HS|  |TAMS 0x00000000c1700000| PB 0x00000000c1700000| Complete |  0
|   2|0x00000000c1800000, 0x00000000c1900000, 0x00000000c1900000|100%| O|  |TAMS 0x00000000c1800000| PB 0x00000000c1800000| Untracked |  0
|   3|0x00000000c1900000, 0x00000000c1a00000, 0x00000000c1a00000|100%| O|  |TAMS 0x00000000c1900000| PB 0x00000000c1900000| Untracked |  0
|   4|0x00000000c1a00000, 0x00000000c1b00000, 0x00000000c1b00000|100%| O|  |TAMS 0x00000000c1a00000| PB 0x00000000c1a00000| Untracked |  0
|   5|0x00000000c1b00000, 0x00000000c1c00000, 0x00000000c1c00000|100%| O|  |TAMS 0x00000000c1b00000| PB 0x00000000c1b00000| Untracked |  0
|   6|0x00000000c1c00000, 0x00000000c1d00000, 0x00000000c1d00000|100%| O|  |TAMS 0x00000000c1c00000| PB 0x00000000c1c00000| Untracked |  0
|   7|0x00000000c1d00000, 0x00000000c1e00000, 0x00000000c1e00000|100%| O|  |TAMS 0x00000000c1d00000| PB 0x00000000c1d00000| Untracked |  0
|   8|0x00000000c1e00000, 0x00000000c1f00000, 0x00000000c1f00000|100%| O|  |TAMS 0x00000000c1e00000| PB 0x00000000c1e00000| Untracked |  0
|   9|0x00000000c1f00000, 0x00000000c2000000, 0x00000000c2000000|100%| O|  |TAMS 0x00000000c1f00000| PB 0x00000000c1f00000| Untracked |  0
|  10|0x00000000c2000000, 0x00000000c2100000, 0x00000000c2100000|100%| O|  |TAMS 0x00000000c2000000| PB 0x00000000c2000000| Untracked |  0
|  11|0x00000000c2100000, 0x00000000c2200000, 0x00000000c2200000|100%| O|  |TAMS 0x00000000c2100000| PB 0x00000000c2100000| Untracked |  0
|  12|0x00000000c2200000, 0x00000000c2300000, 0x00000000c2300000|100%| O|  |TAMS 0x00000000c2200000| PB 0x00000000c2200000| Untracked |  0
|  13|0x00000000c2300000, 0x00000000c2400000, 0x00000000c2400000|100%| O|  |TAMS 0x00000000c2300000| PB 0x00000000c2300000| Untracked |  0
|  14|0x00000000c2400000, 0x00000000c2500000, 0x00000000c2500000|100%| O|  |TAMS 0x00000000c2400000| PB 0x00000000c2400000| Untracked |  0
|  15|0x00000000c2500000, 0x00000000c2600000, 0x00000000c2600000|100%| O|  |TAMS 0x00000000c2500000| PB 0x00000000c2500000| Untracked |  0
|  16|0x00000000c2600000, 0x00000000c2700000, 0x00000000c2700000|100%| O|  |TAMS 0x00000000c2600000| PB 0x00000000c2600000| Untracked |  0
|  17|0x00000000c2700000, 0x00000000c2800000, 0x00000000c2800000|100%| O|  |TAMS 0x00000000c2700000| PB 0x00000000c2700000| Untracked |  0
|  18|0x00000000c2800000, 0x00000000c2900000, 0x00000000c2900000|100%| O|  |TAMS 0x00000000c2800000| PB 0x00000000c2800000| Untracked |  0
|  19|0x00000000c2900000, 0x00000000c2900000, 0x00000000c2a00000|  0%| F|  |TAMS 0x00000000c2900000| PB 0x00000000c2900000| Untracked |  0
|  20|0x00000000c2a00000, 0x00000000c2b00000, 0x00000000c2b00000|100%| O|  |TAMS 0x00000000c2a00000| PB 0x00000000c2a00000| Untracked |  0
|  21|0x00000000c2b00000, 0x00000000c2c00000, 0x00000000c2c00000|100%| O|  |TAMS 0x00000000c2b00000| PB 0x00000000c2b00000| Untracked |  0
|  22|0x00000000c2c00000, 0x00000000c2d00000, 0x00000000c2d00000|100%| O|  |TAMS 0x00000000c2c00000| PB 0x00000000c2c00000| Untracked |  0
|  23|0x00000000c2d00000, 0x00000000c2e00000, 0x00000000c2e00000|100%| O|  |TAMS 0x00000000c2d00000| PB 0x00000000c2d00000| Untracked |  0
|  24|0x00000000c2e00000, 0x00000000c2f00000, 0x00000000c2f00000|100%| O|  |TAMS 0x00000000c2e00000| PB 0x00000000c2e00000| Untracked |  0
|  25|0x00000000c2f00000, 0x00000000c3000000, 0x00000000c3000000|100%| O|  |TAMS 0x00000000c2f00000| PB 0x00000000c2f00000| Untracked |  0
|  26|0x00000000c3000000, 0x00000000c3100000, 0x00000000c3100000|100%| O|  |TAMS 0x00000000c3000000| PB 0x00000000c3000000| Untracked |  0
|  27|0x00000000c3100000, 0x00000000c3200000, 0x00000000c3200000|100%| O|  |TAMS 0x00000000c3100000| PB 0x00000000c3100000| Untracked |  0
|  28|0x00000000c3200000, 0x00000000c3300000, 0x00000000c3300000|100%| O|  |TAMS 0x00000000c3200000| PB 0x00000000c3200000| Untracked |  0
|  29|0x00000000c3300000, 0x00000000c3400000, 0x00000000c3400000|100%| O|  |TAMS 0x00000000c3300000| PB 0x00000000c3300000| Untracked |  0
|  30|0x00000000c3400000, 0x00000000c3500000, 0x00000000c3500000|100%| O|  |TAMS 0x00000000c3400000| PB 0x00000000c3400000| Untracked |  0
|  31|0x00000000c3500000, 0x00000000c3600000, 0x00000000c3600000|100%| O|  |TAMS 0x00000000c3500000| PB 0x00000000c3500000| Untracked |  0
|  32|0x00000000c3600000, 0x00000000c3700000, 0x00000000c3700000|100%| O|  |TAMS 0x00000000c3600000| PB 0x00000000c3600000| Untracked |  0
|  33|0x00000000c3700000, 0x00000000c3800000, 0x00000000c3800000|100%| O|  |TAMS 0x00000000c3700000| PB 0x00000000c3700000| Untracked |  0
|  34|0x00000000c3800000, 0x00000000c3900000, 0x00000000c3900000|100%| O|  |TAMS 0x00000000c3800000| PB 0x00000000c3800000| Untracked |  0
|  35|0x00000000c3900000, 0x00000000c3a00000, 0x00000000c3a00000|100%| O|  |TAMS 0x00000000c3900000| PB 0x00000000c3900000| Untracked |  0
|  36|0x00000000c3a00000, 0x00000000c3b00000, 0x00000000c3b00000|100%| O|  |TAMS 0x00000000c3a00000| PB 0x00000000c3a00000| Untracked |  0
|  37|0x00000000c3b00000, 0x00000000c3b14950, 0x00000000c3c00000|  8%| O|  |TAMS 0x00000000c3b00000| PB 0x00000000c3b00000| Untracked |  0
|  38|0x00000000c3c00000, 0x00000000c3c00000, 0x00000000c3d00000|  0%| F|  |TAMS 0x00000000c3c00000| PB 0x00000000c3c00000| Untracked |  0
|  39|0x00000000c3d00000, 0x00000000c3d00000, 0x00000000c3e00000|  0%| F|  |TAMS 0x00000000c3d00000| PB 0x00000000c3d00000| Untracked |  0
|  40|0x00000000c3e00000, 0x00000000c3e00000, 0x00000000c3f00000|  0%| F|  |TAMS 0x00000000c3e00000| PB 0x00000000c3e00000| Untracked |  0
|  41|0x00000000c3f00000, 0x00000000c3f00000, 0x00000000c4000000|  0%| F|  |TAMS 0x00000000c3f00000| PB 0x00000000c3f00000| Untracked |  0
|  42|0x00000000c4000000, 0x00000000c4000000, 0x00000000c4100000|  0%| F|  |TAMS 0x00000000c4000000| PB 0x00000000c4000000| Untracked |  0
|  43|0x00000000c4100000, 0x00000000c4100000, 0x00000000c4200000|  0%| F|  |TAMS 0x00000000c4100000| PB 0x00000000c4100000| Untracked |  0
|  44|0x00000000c4200000, 0x00000000c42bda80, 0x00000000c4300000| 74%| S|CS|TAMS 0x00000000c4200000| PB 0x00000000c4200000| Complete |  0
|  45|0x00000000c4300000, 0x00000000c4400000, 0x00000000c4400000|100%| S|CS|TAMS 0x00000000c4300000| PB 0x00000000c4300000| Complete |  0
|  46|0x00000000c4400000, 0x00000000c4500000, 0x00000000c4500000|100%| S|CS|TAMS 0x00000000c4400000| PB 0x00000000c4400000| Complete |  0
|  47|0x00000000c4500000, 0x00000000c4500000, 0x00000000c4600000|  0%| F|  |TAMS 0x00000000c4500000| PB 0x00000000c4500000| Untracked |  0
|  48|0x00000000c4600000, 0x00000000c4600000, 0x00000000c4700000|  0%| F|  |TAMS 0x00000000c4600000| PB 0x00000000c4600000| Untracked |  0
|  49|0x00000000c4700000, 0x00000000c4700000, 0x00000000c4800000|  0%| F|  |TAMS 0x00000000c4700000| PB 0x00000000c4700000| Untracked |  0
|  50|0x00000000c4800000, 0x00000000c4800000, 0x00000000c4900000|  0%| F|  |TAMS 0x00000000c4800000| PB 0x00000000c4800000| Untracked |  0
|  51|0x00000000c4900000, 0x00000000c4900000, 0x00000000c4a00000|  0%| F|  |TAMS 0x00000000c4900000| PB 0x00000000c4900000| Untracked |  0
|  52|0x00000000c4a00000, 0x00000000c4a00000, 0x00000000c4b00000|  0%| F|  |TAMS 0x00000000c4a00000| PB 0x00000000c4a00000| Untracked |  0
|  53|0x00000000c4b00000, 0x00000000c4b00000, 0x00000000c4c00000|  0%| F|  |TAMS 0x00000000c4b00000| PB 0x00000000c4b00000| Untracked |  0
|  54|0x00000000c4c00000, 0x00000000c4c00000, 0x00000000c4d00000|  0%| F|  |TAMS 0x00000000c4c00000| PB 0x00000000c4c00000| Untracked |  0
|  55|0x00000000c4d00000, 0x00000000c4d00000, 0x00000000c4e00000|  0%| F|  |TAMS 0x00000000c4d00000| PB 0x00000000c4d00000| Untracked |  0
|  56|0x00000000c4e00000, 0x00000000c4e00000, 0x00000000c4f00000|  0%| F|  |TAMS 0x00000000c4e00000| PB 0x00000000c4e00000| Untracked |  0
|  57|0x00000000c4f00000, 0x00000000c4f00000, 0x00000000c5000000|  0%| F|  |TAMS 0x00000000c4f00000| PB 0x00000000c4f00000| Untracked |  0
|  58|0x00000000c5000000, 0x00000000c5000000, 0x00000000c5100000|  0%| F|  |TAMS 0x00000000c5000000| PB 0x00000000c5000000| Untracked |  0
|  59|0x00000000c5100000, 0x00000000c5100000, 0x00000000c5200000|  0%| F|  |TAMS 0x00000000c5100000| PB 0x00000000c5100000| Untracked |  0
|  60|0x00000000c5200000, 0x00000000c5200000, 0x00000000c5300000|  0%| F|  |TAMS 0x00000000c5200000| PB 0x00000000c5200000| Untracked |  0
|  61|0x00000000c5300000, 0x00000000c5300000, 0x00000000c5400000|  0%| F|  |TAMS 0x00000000c5300000| PB 0x00000000c5300000| Untracked |  0
|  62|0x00000000c5400000, 0x00000000c5400000, 0x00000000c5500000|  0%| F|  |TAMS 0x00000000c5400000| PB 0x00000000c5400000| Untracked |  0
|  63|0x00000000c5500000, 0x00000000c5500000, 0x00000000c5600000|  0%| F|  |TAMS 0x00000000c5500000| PB 0x00000000c5500000| Untracked |  0
|  64|0x00000000c5600000, 0x00000000c5600000, 0x00000000c5700000|  0%| F|  |TAMS 0x00000000c5600000| PB 0x00000000c5600000| Untracked |  0
|  65|0x00000000c5700000, 0x00000000c5700000, 0x00000000c5800000|  0%| F|  |TAMS 0x00000000c5700000| PB 0x00000000c5700000| Untracked |  0
|  66|0x00000000c5800000, 0x00000000c5800000, 0x00000000c5900000|  0%| F|  |TAMS 0x00000000c5800000| PB 0x00000000c5800000| Untracked |  0
|  67|0x00000000c5900000, 0x00000000c5900000, 0x00000000c5a00000|  0%| F|  |TAMS 0x00000000c5900000| PB 0x00000000c5900000| Untracked |  0
|  68|0x00000000c5a00000, 0x00000000c5a00000, 0x00000000c5b00000|  0%| F|  |TAMS 0x00000000c5a00000| PB 0x00000000c5a00000| Untracked |  0
|  69|0x00000000c5b00000, 0x00000000c5b00000, 0x00000000c5c00000|  0%| F|  |TAMS 0x00000000c5b00000| PB 0x00000000c5b00000| Untracked |  0
|1000|0x00000000ffe00000, 0x00000000fff00000, 0x00000000fff00000|100%| O|  |TAMS 0x00000000ffe00000| PB 0x00000000ffe00000| Untracked |  0
|1001|0x00000000fff00000, 0x00000000fff00000, 0x0000000100000000|  0%| F|  |TAMS 0x00000000fff00000| PB 0x00000000fff00000| Untracked |  0

Card table byte_map: [0x000001fd56700000,0x000001fd56900000] _byte_map_base: 0x000001fd560f5000

Marking Bits: (CMBitMap*) 0x000001fd4ac4ba50
 Bits: [0x000001fd56900000, 0x000001fd578a8000)

Polling page: 0x000001fd489e0000

Metaspace:

Usage:
  Non-class:     64.23 MB used.
      Class:      8.98 MB used.
       Both:     73.20 MB used.

Virtual space:
  Non-class space:      128.00 MB reserved,      64.56 MB ( 50%) committed,  2 nodes.
      Class space:        1.00 GB reserved,       9.25 MB ( <1%) committed,  1 nodes.
             Both:        1.12 GB reserved,      73.81 MB (  6%) committed. 

Chunk freelists:
   Non-Class:  15.03 MB
       Class:  6.81 MB
        Both:  21.84 MB

MaxMetaspaceSize: unlimited
CompressedClassSpaceSize: 1.00 GB
Initial GC threshold: 21.00 MB
Current GC threshold: 116.88 MB
CDS: on
 - commit_granule_bytes: 65536.
 - commit_granule_words: 8192.
 - virtual_space_node_default_size: 8388608.
 - enlarge_chunks_in_place: 1.
UseCompressedClassPointers 1, UseCompactObjectHeaders 0
Narrow klass pointer bits 32, Max shift 3
Narrow klass base: 0x000001fd00000000, Narrow klass shift: 0
Encoding Range: [0x000001fd00000000 - 0x000001fe00000000), (4294967296 bytes)
Klass Range:    [0x000001fd00000000 - 0x000001fd41000000), (1090519040 bytes)
Klass ID Range:  [8 - 1090519033) (1090519025)


Internal statistics:

num_allocs_failed_limit: 14.
num_arena_births: 778.
num_arena_deaths: 0.
num_vsnodes_births: 3.
num_vsnodes_deaths: 0.
num_space_committed: 1181.
num_space_uncommitted: 0.
num_chunks_returned_to_freelist: 14.
num_chunks_taken_from_freelist: 3475.
num_chunk_merges: 14.
num_chunk_splits: 2622.
num_chunks_enlarged: 2184.
num_inconsistent_stats: 0.

CodeCache: size=49152Kb used=9699Kb max_used=9699Kb free=39452Kb
 bounds [0x000001fd53700000, 0x000001fd54080000, 0x000001fd56700000]
 total_blobs=7202, nmethods=6501, adapters=626, full_count=0
Compilation: enabled, stopped_count=0, restarted_count=0

Compilation events (20 events):
Event: 10.828 Thread 0x000001fd413a9080 nmethod 6586 0x000001fd54074408 code [0x000001fd54074520, 0x000001fd54074618]
Event: 10.829 Thread 0x000001fd413a9080 6588       1       org.springframework.context.event.EventListenerMethodProcessor$$Lambda/0x000001fd0192b528::inspect (5 bytes)
Event: 10.829 Thread 0x000001fd411bf0d0 nmethod 6587 0x000001fd54074708 code [0x000001fd54074880, 0x000001fd54074b18]
Event: 10.829 Thread 0x000001fd411bf0d0 6589       1       org.springframework.context.event.EventListenerMethodProcessor::lambda$processBean$0 (10 bytes)
Event: 10.829 Thread 0x000001fd413a9080 nmethod 6588 0x000001fd54074b88 code [0x000001fd54074ca0, 0x000001fd54074de0]
Event: 10.829 Thread 0x000001fd411bf0d0 nmethod 6589 0x000001fd54074e88 code [0x000001fd54074fa0, 0x000001fd540750b8]
Event: 10.834 Thread 0x000001fd411bf0d0 6590       1       org.springframework.aop.framework.autoproxy.AutoProxyUtils::determineTargetClass (51 bytes)
Event: 10.834 Thread 0x000001fd413a9080 6591   !   1       org.springframework.context.event.EventListenerMethodProcessor::processBean (356 bytes)
Event: 10.835 Thread 0x000001fd411bf0d0 nmethod 6590 0x000001fd54075188 code [0x000001fd54075320, 0x000001fd54075768]
Event: 10.835 Thread 0x000001fd411bf0d0 6592       1       org.springframework.context.event.EventListenerMethodProcessor::isSpringContainerClass (32 bytes)
Event: 10.835 Thread 0x000001fd411bf0d0 nmethod 6592 0x000001fd54075888 code [0x000001fd540759e0, 0x000001fd54075c08]
Event: 10.835 Thread 0x000001fd411bf0d0 6593       1       org.springframework.core.annotation.AnnotatedElementUtils::isAnnotated (38 bytes)
Event: 10.836 Thread 0x000001fd411bf0d0 nmethod 6593 0x000001fd54075c88 code [0x000001fd54075e00, 0x000001fd54076048]
Event: 10.837 Thread 0x000001fd413a9080 nmethod 6591 0x000001fd54076108 code [0x000001fd540764e0, 0x000001fd54077538]
Event: 10.838 Thread 0x000001fd413a9080 6594       1       org.springframework.beans.factory.config.DependencyDescriptor::getResolvableType (49 bytes)
Event: 10.838 Thread 0x000001fd413a9080 nmethod 6594 0x000001fd54077688 code [0x000001fd540777e0, 0x000001fd54077b18]
Event: 10.842 Thread 0x000001fd413a9080 6598       1       org.apache.catalina.LifecycleState::getLifecycleEvent (5 bytes)
Event: 10.843 Thread 0x000001fd413a9080 nmethod 6598 0x000001fd54078488 code [0x000001fd54078580, 0x000001fd54078648]
Event: 10.863 Thread 0x000001fd413a9080 6599       1       sun.security.provider.ByteArrayAccess::i2bBig4 (10 bytes)
Event: 10.863 Thread 0x000001fd413a9080 nmethod 6599 0x000001fd54078b08 code [0x000001fd54078c20, 0x000001fd54078d60]

GC Heap History (20 events):
Event: 4.429 GC heap after
{Heap after GC invocations=8 (full 0):
 garbage-first heap   total reserved 1026048K, committed 61440K, used 24420K [0x00000000c1600000, 0x0000000100000000)
  region size 1024K, 2 young (2048K), 2 survivors (2048K)
 Metaspace       used 31693K, committed 32064K, reserved 1114112K
  class space    used 3632K, committed 3776K, reserved 1048576K
}
Event: 5.614 GC heap before
{Heap before GC invocations=8 (full 0):
 garbage-first heap   total reserved 1026048K, committed 61440K, used 43876K [0x00000000c1600000, 0x0000000100000000)
  region size 1024K, 22 young (22528K), 2 survivors (2048K)
 Metaspace       used 35889K, committed 36288K, reserved 1114112K
  class space    used 4134K, committed 4288K, reserved 1048576K
}
Event: 5.618 GC heap after
{Heap after GC invocations=9 (full 0):
 garbage-first heap   total reserved 1026048K, committed 73728K, used 25597K [0x00000000c1600000, 0x0000000100000000)
  region size 1024K, 3 young (3072K), 3 survivors (3072K)
 Metaspace       used 35889K, committed 36288K, reserved 1114112K
  class space    used 4134K, committed 4288K, reserved 1048576K
}
Event: 6.697 GC heap before
{Heap before GC invocations=10 (full 0):
 garbage-first heap   total reserved 1026048K, committed 73728K, used 58365K [0x00000000c1600000, 0x0000000100000000)
  region size 1024K, 36 young (36864K), 3 survivors (3072K)
 Metaspace       used 45233K, committed 45696K, reserved 1114112K
  class space    used 5184K, committed 5376K, reserved 1048576K
}
Event: 6.706 GC heap after
{Heap after GC invocations=11 (full 0):
 garbage-first heap   total reserved 1026048K, committed 73728K, used 29036K [0x00000000c1600000, 0x0000000100000000)
  region size 1024K, 5 young (5120K), 5 survivors (5120K)
 Metaspace       used 45233K, committed 45696K, reserved 1114112K
  class space    used 5184K, committed 5376K, reserved 1048576K
}
Event: 7.540 GC heap before
{Heap before GC invocations=11 (full 0):
 garbage-first heap   total reserved 1026048K, committed 73728K, used 59756K [0x00000000c1600000, 0x0000000100000000)
  region size 1024K, 35 young (35840K), 5 survivors (5120K)
 Metaspace       used 54395K, committed 54912K, reserved 1114112K
  class space    used 6127K, committed 6336K, reserved 1048576K
}
Event: 7.548 GC heap after
{Heap after GC invocations=12 (full 0):
 garbage-first heap   total reserved 1026048K, committed 73728K, used 30952K [0x00000000c1600000, 0x0000000100000000)
  region size 1024K, 2 young (2048K), 2 survivors (2048K)
 Metaspace       used 54395K, committed 54912K, reserved 1114112K
  class space    used 6127K, committed 6336K, reserved 1048576K
}
Event: 8.361 GC heap before
{Heap before GC invocations=12 (full 0):
 garbage-first heap   total reserved 1026048K, committed 73728K, used 59624K [0x00000000c1600000, 0x0000000100000000)
  region size 1024K, 31 young (31744K), 2 survivors (2048K)
 Metaspace       used 60606K, committed 61120K, reserved 1114112K
  class space    used 6940K, committed 7168K, reserved 1048576K
}
Event: 8.366 GC heap after
{Heap after GC invocations=13 (full 0):
 garbage-first heap   total reserved 1026048K, committed 73728K, used 31862K [0x00000000c1600000, 0x0000000100000000)
  region size 1024K, 3 young (3072K), 3 survivors (3072K)
 Metaspace       used 60606K, committed 61120K, reserved 1114112K
  class space    used 6940K, committed 7168K, reserved 1048576K
}
Event: 8.908 GC heap before
{Heap before GC invocations=14 (full 0):
 garbage-first heap   total reserved 1026048K, committed 73728K, used 63606K [0x00000000c1600000, 0x0000000100000000)
  region size 1024K, 34 young (34816K), 3 survivors (3072K)
 Metaspace       used 63567K, committed 64064K, reserved 1114112K
  class space    used 7269K, committed 7488K, reserved 1048576K
}
Event: 8.915 GC heap after
{Heap after GC invocations=15 (full 0):
 garbage-first heap   total reserved 1026048K, committed 73728K, used 33840K [0x00000000c1600000, 0x0000000100000000)
  region size 1024K, 4 young (4096K), 4 survivors (4096K)
 Metaspace       used 63567K, committed 64064K, reserved 1114112K
  class space    used 7269K, committed 7488K, reserved 1048576K
}
Event: 9.343 GC heap before
{Heap before GC invocations=15 (full 0):
 garbage-first heap   total reserved 1026048K, committed 73728K, used 63536K [0x00000000c1600000, 0x0000000100000000)
  region size 1024K, 33 young (33792K), 4 survivors (4096K)
 Metaspace       used 66123K, committed 66624K, reserved 1114112K
  class space    used 7786K, committed 8000K, reserved 1048576K
}
Event: 9.350 GC heap after
{Heap after GC invocations=16 (full 0):
 garbage-first heap   total reserved 1026048K, committed 73728K, used 35572K [0x00000000c1600000, 0x0000000100000000)
  region size 1024K, 4 young (4096K), 4 survivors (4096K)
 Metaspace       used 66123K, committed 66624K, reserved 1114112K
  class space    used 7786K, committed 8000K, reserved 1048576K
}
Event: 9.644 GC heap before
{Heap before GC invocations=16 (full 0):
 garbage-first heap   total reserved 1026048K, committed 73728K, used 63220K [0x00000000c1600000, 0x0000000100000000)
  region size 1024K, 32 young (32768K), 4 survivors (4096K)
 Metaspace       used 68110K, committed 68608K, reserved 1114112K
  class space    used 8232K, committed 8448K, reserved 1048576K
}
Event: 9.651 GC heap after
{Heap after GC invocations=17 (full 0):
 garbage-first heap   total reserved 1026048K, committed 73728K, used 37595K [0x00000000c1600000, 0x0000000100000000)
  region size 1024K, 4 young (4096K), 4 survivors (4096K)
 Metaspace       used 68110K, committed 68608K, reserved 1114112K
  class space    used 8232K, committed 8448K, reserved 1048576K
}
Event: 10.008 GC heap before
{Heap before GC invocations=17 (full 0):
 garbage-first heap   total reserved 1026048K, committed 73728K, used 63195K [0x00000000c1600000, 0x0000000100000000)
  region size 1024K, 30 young (30720K), 4 survivors (4096K)
 Metaspace       used 70831K, committed 71424K, reserved 1114112K
  class space    used 8644K, committed 8896K, reserved 1048576K
}
Event: 10.014 GC heap after
{Heap after GC invocations=18 (full 0):
 garbage-first heap   total reserved 1026048K, committed 73728K, used 38654K [0x00000000c1600000, 0x0000000100000000)
  region size 1024K, 3 young (3072K), 3 survivors (3072K)
 Metaspace       used 70831K, committed 71424K, reserved 1114112K
  class space    used 8644K, committed 8896K, reserved 1048576K
}
Event: 10.473 GC heap before
{Heap before GC invocations=19 (full 0):
 garbage-first heap   total reserved 1026048K, committed 73728K, used 65278K [0x00000000c1600000, 0x0000000100000000)
  region size 1024K, 29 young (29696K), 3 survivors (3072K)
 Metaspace       used 73009K, committed 73600K, reserved 1114112K
  class space    used 8956K, committed 9216K, reserved 1048576K
}
Event: 10.479 GC heap after
{Heap after GC invocations=20 (full 0):
 garbage-first heap   total reserved 1026048K, committed 73728K, used 40158K [0x00000000c1600000, 0x0000000100000000)
  region size 1024K, 3 young (3072K), 3 survivors (3072K)
 Metaspace       used 73009K, committed 73600K, reserved 1114112K
  class space    used 8956K, committed 9216K, reserved 1048576K
}
Event: 10.867 GC heap before
{Heap before GC invocations=20 (full 0):
 garbage-first heap   total reserved 1026048K, committed 73728K, used 64734K [0x00000000c1600000, 0x0000000100000000)
  region size 1024K, 27 young (27648K), 3 survivors (3072K)
 Metaspace       used 74960K, committed 75584K, reserved 1179648K
  class space    used 9192K, committed 9472K, reserved 1048576K
}

Dll operation events (9 events):
Event: 0.011 Loaded shared library C:\Program Files\Apache NetBeans\jdk\bin\java.dll
Event: 0.114 Loaded shared library C:\Program Files\Apache NetBeans\jdk\bin\net.dll
Event: 0.116 Loaded shared library C:\Program Files\Apache NetBeans\jdk\bin\nio.dll
Event: 0.121 Loaded shared library C:\Program Files\Apache NetBeans\jdk\bin\zip.dll
Event: 0.298 Loaded shared library C:\Program Files\Apache NetBeans\jdk\bin\jimage.dll
Event: 1.743 Loaded shared library C:\Program Files\Apache NetBeans\jdk\bin\sunmscapi.dll
Event: 4.131 Loaded shared library C:\Program Files\Apache NetBeans\jdk\bin\management.dll
Event: 4.134 Loaded shared library C:\Program Files\Apache NetBeans\jdk\bin\management_ext.dll
Event: 6.293 Loaded shared library C:\Program Files\Apache NetBeans\jdk\bin\extnet.dll

Deoptimization events (8 events):
Event: 1.672 Thread 0x000001fd48a5bf30 DEOPT PACKING pc=0x000001fd53a1452c sp=0x00000005c79fcf40
Event: 1.672 Thread 0x000001fd48a5bf30 DEOPT UNPACKING pc=0x000001fd53755722 sp=0x00000005c79fc438 mode 0
Event: 4.328 Thread 0x000001fd46adc590 DEOPT PACKING pc=0x000001fd539f95b1 sp=0x00000005c8fff090
Event: 4.328 Thread 0x000001fd46adc590 DEOPT UNPACKING pc=0x000001fd53755722 sp=0x00000005c8ffe4e8 mode 3
Event: 4.328 Thread 0x000001fd46ad3e40 DEOPT PACKING pc=0x000001fd539fa896 sp=0x00000005c8efed60
Event: 4.328 Thread 0x000001fd46ad3e40 DEOPT UNPACKING pc=0x000001fd53755722 sp=0x00000005c8efe1f0 mode 3
Event: 8.614 Thread 0x000001fd48a5bf30 DEOPT PACKING pc=0x000001fd53b1c1a4 sp=0x00000005c79fc8f0
Event: 8.614 Thread 0x000001fd48a5bf30 DEOPT UNPACKING pc=0x000001fd53755722 sp=0x00000005c79fbe20 mode 0

Classes loaded (20 events):
Event: 10.855 Loading class sun/nio/ch/PipeImpl$Initializer
Event: 10.855 Loading class sun/nio/ch/PipeImpl$Initializer done
Event: 10.855 Loading class sun/nio/ch/PipeImpl$Initializer$LoopbackConnector
Event: 10.855 Loading class sun/nio/ch/PipeImpl$Initializer$LoopbackConnector done
Event: 10.855 Loading class sun/nio/ch/UnixDomainSockets
Event: 10.855 Loading class sun/nio/ch/UnixDomainSockets done
Event: 10.855 Loading class sun/nio/ch/UnixDomainSocketsUtil
Event: 10.855 Loading class sun/nio/ch/UnixDomainSocketsUtil done
Event: 10.856 Loading class java/net/NetPermission
Event: 10.856 Loading class java/net/NetPermission done
Event: 10.863 Loading class java/nio/BufferMismatch
Event: 10.863 Loading class java/nio/BufferMismatch done
Event: 10.863 Loading class sun/nio/ch/SourceChannelImpl
Event: 10.864 Loading class java/nio/channels/Pipe$SourceChannel
Event: 10.864 Loading class java/nio/channels/Pipe$SourceChannel done
Event: 10.864 Loading class sun/nio/ch/SourceChannelImpl done
Event: 10.864 Loading class sun/nio/ch/SinkChannelImpl
Event: 10.864 Loading class java/nio/channels/Pipe$SinkChannel
Event: 10.864 Loading class java/nio/channels/Pipe$SinkChannel done
Event: 10.864 Loading class sun/nio/ch/SinkChannelImpl done

Classes unloaded (0 events):
No events

Classes redefined (0 events):
No events

Internal exceptions (20 events):
Event: 8.052 Thread 0x000001fd48a5bf30 Exception <a 'java/lang/NoSuchMethodError'{0x00000000c4724670}: 'java.lang.Object java.lang.invoke.DirectMethodHandle$Holder.invokeSpecial(java.lang.Object, java.lang.Object, java.lang.Object, java.lang.Object, java.lang.Object, java.lang.Object, java.lang.Object, java.lang.Object, int)'> (0x00000000c4724670) 
thrown [s\src\hotspot\share\interpreter\linkResolver.cpp, line 805]
Event: 8.052 Thread 0x000001fd48a5bf30 Exception <a 'java/lang/NoSuchMethodError'{0x00000000c472d1e0}: 'java.lang.Object java.lang.invoke.Invokers$Holder.linkToTargetMethod(java.lang.Object, java.lang.Object, java.lang.Object, java.lang.Object, java.lang.Object, java.lang.Object, int, java.lang.Object)'> (0x00000000c472d1e0) 
thrown [s\src\hotspot\share\interpreter\linkResolver.cpp, line 805]
Event: 8.358 Thread 0x000001fd48a5bf30 Exception <a 'java/lang/NoSuchMethodError'{0x00000000c41acf00}: 'java.lang.Object java.lang.invoke.DirectMethodHandle$Holder.invokeSpecial(java.lang.Object, java.lang.Object, int, java.lang.Object, int)'> (0x00000000c41acf00) 
thrown [s\src\hotspot\share\interpreter\linkResolver.cpp, line 805]
Event: 8.358 Thread 0x000001fd48a5bf30 Exception <a 'java/lang/NoSuchMethodError'{0x00000000c41b59c0}: 'java.lang.Object java.lang.invoke.DirectMethodHandle$Holder.invokeSpecial(java.lang.Object, java.lang.Object, java.lang.Object, int, java.lang.Object, int)'> (0x00000000c41b59c0) 
thrown [s\src\hotspot\share\interpreter\linkResolver.cpp, line 805]
Event: 8.358 Thread 0x000001fd48a5bf30 Exception <a 'java/lang/NoSuchMethodError'{0x00000000c41bdea8}: 'java.lang.Object java.lang.invoke.DelegatingMethodHandle$Holder.reinvoke_L(java.lang.Object, java.lang.Object, int, java.lang.Object, int)'> (0x00000000c41bdea8) 
thrown [s\src\hotspot\share\interpreter\linkResolver.cpp, line 805]
Event: 8.534 Thread 0x000001fd48a5bf30 Exception <a 'java/lang/IncompatibleClassChangeError'{0x00000000c56d4f20}: Found class java.lang.Object, but interface was expected> (0x00000000c56d4f20) 
thrown [s\src\hotspot\share\interpreter\linkResolver.cpp, line 872]
Event: 8.574 Thread 0x000001fd48a5bf30 Exception <a 'java/lang/IncompatibleClassChangeError'{0x00000000c54d1410}: Found class java.lang.Object, but interface was expected> (0x00000000c54d1410) 
thrown [s\src\hotspot\share\interpreter\linkResolver.cpp, line 872]
Event: 8.789 Thread 0x000001fd48a5bf30 Exception <a 'java/lang/IncompatibleClassChangeError'{0x00000000c48ab6b8}: Found class java.lang.Object, but interface was expected> (0x00000000c48ab6b8) 
thrown [s\src\hotspot\share\interpreter\linkResolver.cpp, line 872]
Event: 8.925 Thread 0x000001fd48a5bf30 Exception <a 'java/lang/NoSuchMethodError'{0x00000000c5b90ae0}: 'void java.lang.invoke.Invokers$Holder.invokeExact_MT(java.lang.Object, java.lang.Object, java.lang.Object, java.lang.Object)'> (0x00000000c5b90ae0) 
thrown [s\src\hotspot\share\interpreter\linkResolver.cpp, line 805]
Event: 8.938 Thread 0x000001fd48a5bf30 Exception <a 'java/lang/NoSuchMethodError'{0x00000000c5a6dc30}: 'int java.lang.invoke.DirectMethodHandle$Holder.invokeStaticInit(java.lang.Object, int, java.lang.Object, java.lang.Object, java.lang.Object, java.lang.Object)'> (0x00000000c5a6dc30) 
thrown [s\src\hotspot\share\interpreter\linkResolver.cpp, line 805]
Event: 8.988 Thread 0x000001fd48a5bf30 Exception <a 'java/lang/IncompatibleClassChangeError'{0x00000000c58e0ab8}: Found class java.lang.Object, but interface was expected> (0x00000000c58e0ab8) 
thrown [s\src\hotspot\share\interpreter\linkResolver.cpp, line 872]
Event: 9.916 Thread 0x000001fd48a5bf30 Exception <a 'java/lang/NoSuchMethodError'{0x00000000c4a7a598}: 'java.lang.Object java.lang.invoke.DirectMethodHandle$Holder.newInvokeSpecial(java.lang.Object, java.lang.Object, java.lang.Object, java.lang.Object, java.lang.Object, java.lang.Object, java.lang.Object, java.lang.Object, java.lang.Object, java.lang.Object, java.lang.Object)'> (0x00000000c4a7a598) 
thrown [s\src\hotspot\share\interpreter\linkResolver.cpp, line 805]
Event: 10.008 Thread 0x000001fd48a5bf30 Exception <a 'java/lang/NoSuchMethodError'{0x00000000c43f8f50}: 'java.lang.Object java.lang.invoke.DirectMethodHandle$Holder.invokeVirtual(java.lang.Object, java.lang.Object, java.lang.Object, int)'> (0x00000000c43f8f50) 
thrown [s\src\hotspot\share\interpreter\linkResolver.cpp, line 805]
Event: 10.338 Thread 0x000001fd48a5bf30 Exception <a 'java/lang/NoSuchMethodError'{0x00000000c4a24740}: 'java.lang.Object java.lang.invoke.DirectMethodHandle$Holder.invokeInterface(java.lang.Object, java.lang.Object, java.lang.Object, java.lang.Object)'> (0x00000000c4a24740) 
thrown [s\src\hotspot\share\interpreter\linkResolver.cpp, line 805]
Event: 10.370 Thread 0x000001fd48a5bf30 Exception <a 'java/io/IOException'{0x00000000c4873238}> (0x00000000c4873238) 
thrown [s\src\hotspot\share\prims\jni.cpp, line 518]
Event: 10.411 Thread 0x000001fd48a5bf30 Exception <a 'java/lang/NoSuchMethodError'{0x00000000c469b000}: 'java.lang.Object java.lang.invoke.DirectMethodHandle$Holder.invokeVirtual(java.lang.Object, java.lang.Object, int)'> (0x00000000c469b000) 
thrown [s\src\hotspot\share\interpreter\linkResolver.cpp, line 805]
Event: 10.512 Thread 0x000001fd48a5bf30 Exception <a 'java/lang/IncompatibleClassChangeError'{0x00000000c5a3af68}: Found class java.lang.Object, but interface was expected> (0x00000000c5a3af68) 
thrown [s\src\hotspot\share\interpreter\linkResolver.cpp, line 872]
Event: 10.599 Thread 0x000001fd48a5bf30 Exception <a 'java/lang/NoSuchMethodError'{0x00000000c5517478}: 'int java.lang.invoke.DirectMethodHandle$Holder.invokeStaticInit(java.lang.Object, java.lang.Object, java.lang.Object, java.lang.Object)'> (0x00000000c5517478) 
thrown [s\src\hotspot\share\interpreter\linkResolver.cpp, line 805]
Event: 10.718 Thread 0x000001fd48a5bf30 Exception <a 'java/lang/IncompatibleClassChangeError'{0x00000000c4fc2ba0}: Found class java.lang.Object, but interface was expected> (0x00000000c4fc2ba0) 
thrown [s\src\hotspot\share\interpreter\linkResolver.cpp, line 872]
Event: 10.841 Thread 0x000001fd48a5bf30 Exception <a 'java/lang/NoSuchMethodError'{0x00000000c47e4f58}: 'java.lang.Object java.lang.invoke.DirectMethodHandle$Holder.newInvokeSpecial(java.lang.Object, java.lang.Object, int, java.lang.Object, java.lang.Object)'> (0x00000000c47e4f58) 
thrown [s\src\hotspot\share\interpreter\linkResolver.cpp, line 805]

VM Operations (20 events):
Event: 10.014 Executing VM operation: G1CollectForAllocation (G1 Evacuation Pause) done
Event: 10.085 Executing VM operation: G1PauseRemark
Event: 10.088 Executing VM operation: G1PauseRemark done
Event: 10.117 Executing VM operation: G1PauseCleanup
Event: 10.117 Executing VM operation: G1PauseCleanup done
Event: 10.445 Executing VM operation: HandshakeAllThreads (Deoptimize)
Event: 10.446 Executing VM operation: HandshakeAllThreads (Deoptimize) done
Event: 10.450 Executing VM operation: HandshakeAllThreads (Deoptimize)
Event: 10.450 Executing VM operation: HandshakeAllThreads (Deoptimize) done
Event: 10.451 Executing VM operation: HandshakeAllThreads (Deoptimize)
Event: 10.451 Executing VM operation: HandshakeAllThreads (Deoptimize) done
Event: 10.473 Executing VM operation: G1CollectForAllocation (G1 Evacuation Pause)
Event: 10.479 Executing VM operation: G1CollectForAllocation (G1 Evacuation Pause) done
Event: 10.524 Executing VM operation: HandshakeAllThreads (Deoptimize)
Event: 10.525 Executing VM operation: HandshakeAllThreads (Deoptimize) done
Event: 10.575 Executing VM operation: HandshakeAllThreads (Deoptimize)
Event: 10.575 Executing VM operation: HandshakeAllThreads (Deoptimize) done
Event: 10.786 Executing VM operation: HandshakeAllThreads (Deoptimize)
Event: 10.786 Executing VM operation: HandshakeAllThreads (Deoptimize) done
Event: 10.867 Executing VM operation: G1CollectForAllocation (G1 Evacuation Pause)

Memory protections (0 events):
No events

Nmethod flushes (20 events):
Event: 8.426 Thread 0x000001fd4117cb80 flushing  nmethod 0x000001fd53b9e488
Event: 8.426 Thread 0x000001fd4117cb80 flushing  nmethod 0x000001fd53bce288
Event: 8.426 Thread 0x000001fd4117cb80 flushing  nmethod 0x000001fd53bf6f88
Event: 8.426 Thread 0x000001fd4117cb80 flushing  nmethod 0x000001fd53c21708
Event: 8.426 Thread 0x000001fd4117cb80 flushing  nmethod 0x000001fd53c59b08
Event: 8.426 Thread 0x000001fd4117cb80 flushing  nmethod 0x000001fd53cfed08
Event: 8.426 Thread 0x000001fd4117cb80 flushing  nmethod 0x000001fd53d9ae08
Event: 10.088 Thread 0x000001fd4117cb80 flushing  nmethod 0x000001fd538d2d08
Event: 10.088 Thread 0x000001fd4117cb80 flushing  nmethod 0x000001fd53e10c08
Event: 10.088 Thread 0x000001fd4117cb80 flushing  nmethod 0x000001fd539c3c08
Event: 10.088 Thread 0x000001fd4117cb80 flushing  nmethod 0x000001fd53e41b08
Event: 10.088 Thread 0x000001fd4117cb80 flushing  nmethod 0x000001fd53e8e908
Event: 10.088 Thread 0x000001fd4117cb80 flushing  nmethod 0x000001fd538df288
Event: 10.088 Thread 0x000001fd4117cb80 flushing  nmethod 0x000001fd53d9bf08
Event: 10.088 Thread 0x000001fd4117cb80 flushing  nmethod 0x000001fd53d9c208
Event: 10.088 Thread 0x000001fd4117cb80 flushing  nmethod 0x000001fd53e16708
Event: 10.088 Thread 0x000001fd4117cb80 flushing  nmethod 0x000001fd53e16b08
Event: 10.088 Thread 0x000001fd4117cb80 flushing  nmethod 0x000001fd53e43588
Event: 10.088 Thread 0x000001fd4117cb80 flushing  nmethod 0x000001fd53e8b688
Event: 10.088 Thread 0x000001fd4117cb80 flushing  nmethod 0x000001fd53ecbd08

Events (20 events):
Event: 1.916 Thread 0x000001fd464ab4a0 Thread exited: 0x000001fd464ab4a0
Event: 2.245 Thread 0x000001fd460d1750 Thread exited: 0x000001fd460d1750
Event: 4.322 Thread 0x000001fd48a5bf30 Thread added: 0x000001fd46ad3e40
Event: 4.324 Thread 0x000001fd48a5bf30 Thread added: 0x000001fd46adc590
Event: 4.331 Thread 0x000001fd48a5bf30 Thread added: 0x000001fd46ae75a0
Event: 4.393 Thread 0x000001fd48a5bf30 Thread added: 0x000001fd46b05010
Event: 6.437 Thread 0x000001fd48a5bf30 Thread added: 0x000001fd46bb8db0
Event: 6.542 Thread 0x000001fd46bb8db0 Thread added: 0x000001fd41b02840
Event: 10.850 Thread 0x000001fd48a5bf30 Thread added: 0x000001fd41b036e0
Event: 10.850 Thread 0x000001fd48a5bf30 Thread added: 0x000001fd41b003b0
Event: 10.850 Thread 0x000001fd48a5bf30 Thread added: 0x000001fd41b00b00
Event: 10.850 Thread 0x000001fd48a5bf30 Thread added: 0x000001fd41b01250
Event: 10.850 Thread 0x000001fd48a5bf30 Thread added: 0x000001fd41b019a0
Event: 10.850 Thread 0x000001fd48a5bf30 Thread added: 0x000001fd47b8b0f0
Event: 10.851 Thread 0x000001fd48a5bf30 Thread added: 0x000001fd47b8ce30
Event: 10.851 Thread 0x000001fd48a5bf30 Thread added: 0x000001fd47b8d580
Event: 10.851 Thread 0x000001fd48a5bf30 Thread added: 0x000001fd47b8dcd0
Event: 10.851 Thread 0x000001fd48a5bf30 Thread added: 0x000001fd47b91000
Event: 10.865 Thread 0x000001fd48a5bf30 Thread added: 0x000001fd47b8e420
Event: 10.867 Thread 0x000001fd48a5bf30 Thread added: 0x000001fd47b908b0


Dynamic libraries:
0x00007ff633350000 - 0x00007ff63335e000 	C:\Program Files\Apache NetBeans\jdk\bin\java.exe
0x00007ffc82950000 - 0x00007ffc82b48000 	C:\WINDOWS\SYSTEM32\ntdll.dll
0x00007ffc694f0000 - 0x00007ffc69510000 	C:\Program Files\Avast Software\Avast\aswhook.dll
0x00007ffc827d0000 - 0x00007ffc82892000 	C:\WINDOWS\System32\KERNEL32.DLL
0x00007ffc80200000 - 0x00007ffc804f6000 	C:\WINDOWS\System32\KERNELBASE.dll
0x00007ffc80030000 - 0x00007ffc80130000 	C:\WINDOWS\System32\ucrtbase.dll
0x00007ffc3bb60000 - 0x00007ffc3bb7e000 	C:\Program Files\Apache NetBeans\jdk\bin\VCRUNTIME140.dll
0x00007ffc3aba0000 - 0x00007ffc3abb6000 	C:\Program Files\Apache NetBeans\jdk\bin\jli.dll
0x00007ffc81cd0000 - 0x00007ffc81e71000 	C:\WINDOWS\System32\USER32.dll
0x00007ffc801d0000 - 0x00007ffc801f2000 	C:\WINDOWS\System32\win32u.dll
0x00007ffc62f50000 - 0x00007ffc631eb000 	C:\WINDOWS\WinSxS\amd64_microsoft.windows.common-controls_6595b64144ccf1df_6.0.19041.6456_none_60b8a6cb71f64256\COMCTL32.dll
0x00007ffc812b0000 - 0x00007ffc812db000 	C:\WINDOWS\System32\GDI32.dll
0x00007ffc80970000 - 0x00007ffc80a0e000 	C:\WINDOWS\System32\msvcrt.dll
0x00007ffc80500000 - 0x00007ffc80619000 	C:\WINDOWS\System32\gdi32full.dll
0x00007ffc80130000 - 0x00007ffc801cd000 	C:\WINDOWS\System32\msvcp_win.dll
0x00007ffc81840000 - 0x00007ffc8186f000 	C:\WINDOWS\System32\IMM32.DLL
0x00007ffc59950000 - 0x00007ffc5995c000 	C:\Program Files\Apache NetBeans\jdk\bin\vcruntime140_1.dll
0x00007ffc371d0000 - 0x00007ffc3725d000 	C:\Program Files\Apache NetBeans\jdk\bin\msvcp140.dll
0x00007ffc3bb80000 - 0x00007ffc3c9fc000 	C:\Program Files\Apache NetBeans\jdk\bin\server\jvm.dll
0x00007ffc825f0000 - 0x00007ffc826a1000 	C:\WINDOWS\System32\ADVAPI32.dll
0x00007ffc80a10000 - 0x00007ffc80aaf000 	C:\WINDOWS\System32\sechost.dll
0x00007ffc81bb0000 - 0x00007ffc81cd0000 	C:\WINDOWS\System32\RPCRT4.dll
0x00007ffc80620000 - 0x00007ffc80647000 	C:\WINDOWS\System32\bcrypt.dll
0x00007ffc828a0000 - 0x00007ffc8290b000 	C:\WINDOWS\System32\WS2_32.dll
0x00007ffc7fe40000 - 0x00007ffc7fe8b000 	C:\WINDOWS\SYSTEM32\POWRPROF.dll
0x00007ffc63ea0000 - 0x00007ffc63ec7000 	C:\WINDOWS\SYSTEM32\WINMM.dll
0x00007ffc7a310000 - 0x00007ffc7a31a000 	C:\WINDOWS\SYSTEM32\VERSION.dll
0x00007ffc7fe20000 - 0x00007ffc7fe32000 	C:\WINDOWS\SYSTEM32\UMPDC.dll
0x00007ffc7e7f0000 - 0x00007ffc7e802000 	C:\WINDOWS\SYSTEM32\kernel.appcore.dll
0x00007ffc58d70000 - 0x00007ffc58d7a000 	C:\Program Files\Apache NetBeans\jdk\bin\jimage.dll
0x00007ffc7e4f0000 - 0x00007ffc7e6f1000 	C:\WINDOWS\SYSTEM32\DBGHELP.DLL
0x00007ffc76c60000 - 0x00007ffc76c94000 	C:\WINDOWS\SYSTEM32\dbgcore.DLL
0x00007ffc808e0000 - 0x00007ffc80962000 	C:\WINDOWS\System32\bcryptPrimitives.dll
0x00007ffc3abc0000 - 0x00007ffc3abde000 	C:\Program Files\Apache NetBeans\jdk\bin\java.dll
0x00007ffc81890000 - 0x00007ffc819bb000 	C:\WINDOWS\System32\ole32.dll
0x00007ffc80b40000 - 0x00007ffc80e94000 	C:\WINDOWS\System32\combase.dll
0x00007ffc81e80000 - 0x00007ffc825f0000 	C:\WINDOWS\System32\SHELL32.dll
0x00007ffc7dc70000 - 0x00007ffc7e415000 	C:\WINDOWS\SYSTEM32\windows.storage.dll
0x00007ffc7f930000 - 0x00007ffc7f95b000 	C:\WINDOWS\SYSTEM32\Wldp.dll
0x00007ffc811e0000 - 0x00007ffc812ad000 	C:\WINDOWS\System32\OLEAUT32.dll
0x00007ffc826c0000 - 0x00007ffc8276d000 	C:\WINDOWS\System32\SHCORE.dll
0x00007ffc819c0000 - 0x00007ffc81a1b000 	C:\WINDOWS\System32\shlwapi.dll
0x00007ffc7ff10000 - 0x00007ffc7ff34000 	C:\WINDOWS\SYSTEM32\profapi.dll
0x00007ffc54e80000 - 0x00007ffc54e90000 	C:\Program Files\Apache NetBeans\jdk\bin\net.dll
0x00007ffc7f690000 - 0x00007ffc7f6fa000 	C:\WINDOWS\system32\mswsock.dll
0x00007ffc3aa20000 - 0x00007ffc3aa36000 	C:\Program Files\Apache NetBeans\jdk\bin\nio.dll
0x00007ffc3aa60000 - 0x00007ffc3aa77000 	C:\Program Files\Apache NetBeans\jdk\bin\zip.dll
0x00007ffc47db0000 - 0x00007ffc47dbe000 	C:\Program Files\Apache NetBeans\jdk\bin\sunmscapi.dll
0x00007ffc80700000 - 0x00007ffc8085d000 	C:\WINDOWS\System32\CRYPT32.dll
0x00007ffc7f9a0000 - 0x00007ffc7f9c7000 	C:\WINDOWS\SYSTEM32\ncrypt.dll
0x00007ffc7f960000 - 0x00007ffc7f99b000 	C:\WINDOWS\SYSTEM32\NTASN1.dll
0x00007ffc7f880000 - 0x00007ffc7f898000 	C:\WINDOWS\SYSTEM32\CRYPTSP.dll
0x00007ffc7efb0000 - 0x00007ffc7efe8000 	C:\WINDOWS\system32\rsaenh.dll
0x00007ffc7fed0000 - 0x00007ffc7fefe000 	C:\WINDOWS\SYSTEM32\USERENV.dll
0x00007ffc7f8a0000 - 0x00007ffc7f8ac000 	C:\WINDOWS\SYSTEM32\CRYPTBASE.dll
0x00007ffc7f370000 - 0x00007ffc7f3ab000 	C:\WINDOWS\SYSTEM32\IPHLPAPI.DLL
0x00007ffc826b0000 - 0x00007ffc826b8000 	C:\WINDOWS\System32\NSI.dll
0x00007ffc43680000 - 0x00007ffc4368a000 	C:\Program Files\Apache NetBeans\jdk\bin\management.dll
0x00007ffc3e480000 - 0x00007ffc3e48b000 	C:\Program Files\Apache NetBeans\jdk\bin\management_ext.dll
0x00007ffc817d0000 - 0x00007ffc817d8000 	C:\WINDOWS\System32\PSAPI.DLL
0x00007ffc7f3c0000 - 0x00007ffc7f48a000 	C:\WINDOWS\SYSTEM32\DNSAPI.dll
0x00007ffc71ce0000 - 0x00007ffc71cea000 	C:\Windows\System32\rasadhlp.dll
0x00007ffc6eb20000 - 0x00007ffc6eba0000 	C:\WINDOWS\System32\fwpuclnt.dll
0x00007ffc4d1c0000 - 0x00007ffc4d1c9000 	C:\Program Files\Apache NetBeans\jdk\bin\extnet.dll
0x00007ffc35670000 - 0x00007ffc35677000 	C:\WINDOWS\system32\wshunix.dll

JVMTI agents: none

dbghelp: loaded successfully - version: 4.0.5 - missing functions: none
symbol engine: initialized successfully - sym options: 0x614 - pdb path: .;C:\Program Files\Apache NetBeans\jdk\bin;C:\WINDOWS\SYSTEM32;C:\Program Files\Avast Software\Avast;C:\WINDOWS\WinSxS\amd64_microsoft.windows.common-controls_6595b64144ccf1df_6.0.19041.6456_none_60b8a6cb71f64256;C:\Program Files\Apache NetBeans\jdk\bin\server

VM Arguments:
jvm_args: -XX:TieredStopAtLevel=1 
java_command: institution_gestion_notes.InstitutionGestionNotesApplication
java_class_path (initial): C:\Users\agent\Documents\NetBeansProjects\institution_gestion_notes\target\classes;C:\Users\agent\.m2\repository\org\springframework\boot\spring-boot-jackson\4.0.0\spring-boot-jackson-4.0.0.jar;C:\Users\agent\.m2\repository\tools\jackson\core\jackson-databind\3.0.2\jackson-databind-3.0.2.jar;C:\Users\agent\.m2\repository\com\fasterxml\jackson\core\jackson-annotations\2.20\jackson-annotations-2.20.jar;C:\Users\agent\.m2\repository\tools\jackson\core\jackson-core\3.0.2\jackson-core-3.0.2.jar;C:\Users\agent\.m2\repository\org\springframework\boot\spring-boot-web-server\4.0.0\spring-boot-web-server-4.0.0.jar;C:\Users\agent\.m2\repository\org\apache\tomcat\embed\tomcat-embed-core\11.0.14\tomcat-embed-core-11.0.14.jar;C:\Users\agent\.m2\repository\org\apache\tomcat\embed\tomcat-embed-websocket\11.0.14\tomcat-embed-websocket-11.0.14.jar;C:\Users\agent\.m2\repository\org\springframework\boot\spring-boot-tomcat\4.0.0\spring-boot-tomcat-4.0.0.jar;C:\Users\agent\.m2\repository\org\springframework\boot\spring-boot-http-converter\4.0.0\spring-boot-http-converter-4.0.0.jar;C:\Users\agent\.m2\repository\org\springframework\boot\spring-boot\4.0.0\spring-boot-4.0.0.jar;C:\Users\agent\.m2\repository\org\springframework\spring-context\7.0.1\spring-context-7.0.1.jar;C:\Users\agent\.m2\repository\org\springframework\spring-web\7.0.1\spring-web-7.0.1.jar;C:\Users\agent\.m2\repository\io\micrometer\micrometer-observation\1.16.0\micrometer-observation-1.16.0.jar;C:\Users\agent\.m2\repository\io\micrometer\micrometer-commons\1.16.0\micrometer-commons-1.16.0.jar;C:\Users\agent\.m2\repository\org\springframework\boot\spring-boot-webmvc\4.0.0\spring-boot-webmvc-4.0.0.jar;C:\Users\agent\.m2\repository\org\springframework\boot\spring-boot-servlet\4.0.0\spring-boot-servlet-4.0.0.jar;C:\Users\agent\.m2\repository\org\springframework\spring-webmvc\7.0.1\spring-webmvc-7.0.1.jar;C:\Users\agent\.m2\repository\org\springframework\spring-expression\7.0.1\spring-expression-7.0.1.jar;C:\Users\agent\.m2\repository\ch\qos\logback\logback-classic\1.5.21\logback-classic-1.5.21.jar;C:\Users\agent\.m2\repository\ch\qos\logback\logback-core\1.5.21\logback-core-1.5.21.jar;C:\Users\agent\.m2\repository\org\apache\logging\log4j\log4j-to-slf4j\2.25.2\log4j-to-slf4j-2.25.2.jar;C:\Users\agent\.m2\repository\org\apache\logging\log4j\log4j-api\2.25.2\log4j-api-2.25.2.jar;C:\Users\agent\.m2\repository\org\slf4j\jul-to-slf4j\2.0.17\jul-to-slf4j-2.0.17.jar;C:\Users\agent\.m2\repository\org\springframework\boot\spring-boot-autoconfigure\4.0.0\spring-boot-autoconfigure-4.0.0.jar;C:\Users\agent\.m2\repository\jakarta\annotation\jakarta.annotation-api\3.0.0\jakarta.annotation-api-3.0.0.jar;C:\Users\agent\.m2\repository\org\yaml\snakeyaml\2.5\snakeyaml-2.5.jar;C:\Users\agent\.m2\repository\com\zaxxer\HikariCP\7.0.2\HikariCP-7.0.2.jar;C:\Users\agent\.m2\repository\org\springframework\boot\spring-boot-data-jpa\4.0.0\spring-boot-data-jpa-4.0.0.jar;C:\Users\agent\.m2\repository\org\springframework\boot\spring-boot-data-commons\4.0.0\spring-boot-data-commons-4.0.0.jar;C:\Users\agent\.m2\repository\org\springframework\boot\spring-boot-persistence\4.0.0\spring-boot-persistence-4.0.0.jar;C:\Users\agent\.m2\repository\org\springframework\data\spring-data-commons\4.0.0\spring-data-commons-4.0.0.jar;C:\Users\agent\.m2\repository\org\springframework\boot\spring-boot-hibernate\4.0.0\spring-boot-hibernate-4.0.0.jar;C:\Users\agent\.m2\repository\org\springframework\boot\spring-boot-jpa\4.0.0\spring-boot-jpa-4.0.0.jar;C:\Users\agent\.m2\repository\jakarta\persistence\jakarta.persistence-api\3.2.0\jakarta.persistence-api-3.2.0.jar;C:\Users\agent\.m2\repository\org\hibernate\orm\hibernate-core\7.1.8.Final\hibernate-core-7.1.8.Final.jar;C:\Users\agent\.m2\repository\jakarta\transaction\jakarta.transaction-api\2.0.1\jakarta.transaction-api-2.0.1.jar;C:\Users\agent\.m2\repository\org\hibernate\models\hibernate-models\1.0.1\hibernate-models-1.0.1.jar;C:\Users\agent\.m2\repository\org\glassfish\jaxb\jaxb-runtime\4.0.6\jaxb-runtime-4.0.6.jar;C:\Users\agent\.m2\repository\org\glassfish\jaxb\jaxb-core\4.0.6\jaxb-core-4.0.6.jar;C:\Users\agent\.m2\repository\org\eclipse\angus\angus-activation\2.0.3\angus-activation-2.0.3.jar;C:\Users\agent\.m2\repository\org\glassfish\jaxb\txw2\4.0.6\txw2-4.0.6.jar;C:\Users\agent\.m2\repository\com\sun\istack\istack-commons-runtime\4.1.2\istack-commons-runtime-4.1.2.jar;C:\Users\agent\.m2\repository\jakarta\inject\jakarta.inject-api\2.0.1\jakarta.inject-api-2.0.1.jar;C:\Users\agent\.m2\repository\org\springframework\spring-orm\7.0.1\spring-orm-7.0.1.jar;C:\Users\agent\.m2\repository\org\springframework\data\spring-data-jpa\4.0.0\spring-data-jpa-4.0.0.jar;C:\Users\agent\.m2\repository\org\springframework\spring-tx\7.0.1\spring-tx-7.0.1.jar;C:\Users\agent\.m2\repository\org\antlr\antlr4-runtime\4.13.2\antlr4-runtime-4.13.2.jar;C:\Users\agent\.m2\repository\org\springframework\spring-aspects\7.0.1\spring-aspects-7.0.1.jar;C:\Users\agent\.m2\repository\org\aspectj\aspectjweaver\1.9.25\aspectjweaver-1.9.25.jar;C:\Users\agent\.m2\repository\org\springframework\boot\spring-boot-jdbc\4.0.0\spring-boot-jdbc-4.0.0.jar;C:\Users\agent\.m2\repository\org\springframework\boot\spring-boot-sql\4.0.0\spring-boot-sql-4.0.0.jar;C:\Users\agent\.m2\repository\org\springframework\boot\spring-boot-transaction\4.0.0\spring-boot-transaction-4.0.0.jar;C:\Users\agent\.m2\repository\org\springframework\spring-jdbc\7.0.1\spring-jdbc-7.0.1.jar;C:\Users\agent\.m2\repository\org\springframework\boot\spring-boot-security\4.0.0\spring-boot-security-4.0.0.jar;C:\Users\agent\.m2\repository\org\springframework\security\spring-security-config\7.0.0\spring-security-config-7.0.0.jar;C:\Users\agent\.m2\repository\org\springframework\security\spring-security-core\7.0.0\spring-security-core-7.0.0.jar;C:\Users\agent\.m2\repository\org\springframework\security\spring-security-crypto\7.0.0\spring-security-crypto-7.0.0.jar;C:\Users\agent\.m2\repository\org\springframework\security\spring-security-web\7.0.0\spring-security-web-7.0.0.jar;C:\Users\agent\.m2\repository\org\springframework\spring-aop\7.0.1\spring-aop-7.0.1.jar;C:\Users\agent\.m2\repository\org\springframework\spring-beans\7.0.1\spring-beans-7.0.1.jar;C:\Users\agent\.m2\repository\org\springframework\boot\spring-boot-validation\4.0.0\spring-boot-validation-4.0.0.jar;C:\Users\agent\.m2\repository\org\apache\tomcat\embed\tomcat-embed-el\11.0.14\tomcat-embed-el-11.0.14.jar;C:\Users\agent\.m2\repository\org\hibernate\validator\hibernate-validator\9.0.1.Final\hibernate-validator-9.0.1.Final.jar;C:\Users\agent\.m2\repository\jakarta\validation\jakarta.validation-api\3.1.1\jakarta.validation-api-3.1.1.jar;C:\Users\agent\.m2\repository\org\jboss\logging\jboss-logging\3.6.1.Final\jboss-logging-3.6.1.Final.jar;C:\Users\agent\.m2\repository\com\fasterxml\classmate\1.7.1\classmate-1.7.1.jar;C:\Users\agent\.m2\repository\com\mysql\mysql-connector-j\9.5.0\mysql-connector-j-9.5.0.jar;C:\Users\agent\.m2\repository\org\springframework\boot\spring-boot-thymeleaf\4.0.0\spring-boot-thymeleaf-4.0.0.jar;C:\Users\agent\.m2\repository\org\thymeleaf\thymeleaf-spring6\3.1.3.RELEASE\thymeleaf-spring6-3.1.3.RELEASE.jar;C:\Users\agent\.m2\repository\org\thymeleaf\thymeleaf\3.1.3.RELEASE\thymeleaf-3.1.3.RELEASE.jar;C:\Users\agent\.m2\repository\org\attoparser\attoparser\2.0.7.RELEASE\attoparser-2.0.7.RELEASE.jar;C:\Users\agent\.m2\repository\org\unbescape\unbescape\1.1.6.RELEASE\unbescape-1.1.6.RELEASE.jar;C:\Users\agent\.m2\repository\com\h2database\h2\2.4.240\h2-2.4.240.jar;C:\Users\agent\.m2\repository\org\slf4j\slf4j-api\2.0.17\slf4j-api-2.0.17.jar;C:\Users\agent\.m2\repository\jakarta\xml\bind\jakarta.xml.bind-api\4.0.4\jakarta.xml.bind-api-4.0.4.jar;C:\Users\agent\.m2\repository\jakarta\activation\jakarta.activation-api\2.1.4\jakarta.activation-api-2.1.4.jar;C:\Users\agent\.m2\repository\net\bytebuddy\byte-buddy\1.17.8\byte-buddy-1.17.8.jar;C:\Users\agent\.m2\repository\org\springframework\spring-core\7.0.1\spring-core-7.0.1.jar;C:\Users\agent\.m2\repository\commons-logging\commons-logging\1.3.5\commons-logging-1.3.5.jar;C:\Users\agent\.m2\repository\org\jspecify\jspecify\1.0.0\jspecify-1.0.0.jar
Launcher Type: SUN_STANDARD

[Global flags]
     intx CICompilerCount                          = 3                                         {product} {ergonomic}
     uint ConcGCThreads                            = 1                                         {product} {ergonomic}
     uint G1ConcRefinementThreads                  = 4                                         {product} {ergonomic}
   size_t G1HeapRegionSize                         = 1048576                                   {product} {ergonomic}
   size_t InitialHeapSize                          = 67108864                                  {product} {ergonomic}
   size_t MarkStackSize                            = 4194304                                   {product} {ergonomic}
   size_t MarkStackSizeMax                         = 536870912                                 {product} {ergonomic}
   size_t MaxHeapSize                              = 1050673152                                {product} {ergonomic}
   size_t MaxNewSize                               = 630194176                                 {product} {ergonomic}
   size_t MinHeapDeltaBytes                        = 1048576                                   {product} {ergonomic}
   size_t MinHeapSize                              = 8388608                                   {product} {ergonomic}
    uintx NonNMethodCodeHeapSize                   = 4096                                   {pd product} {ergonomic}
    uintx NonProfiledCodeHeapSize                  = 0                                      {pd product} {ergonomic}
     bool ProfileInterpreter                       = false                                  {pd product} {command line}
    uintx ProfiledCodeHeapSize                     = 0                                      {pd product} {ergonomic}
   size_t SoftMaxHeapSize                          = 1050673152                             {manageable} {ergonomic}
     intx TieredStopAtLevel                        = 1                                         {product} {command line}
     bool UseCompressedOops                        = true                           {product lp64_product} {ergonomic}
     bool UseG1GC                                  = true                                      {product} {ergonomic}
     bool UseLargePagesIndividualAllocation        = false                                  {pd product} {ergonomic}

Logging:
Log output configuration:
 #0: stdout all=warning uptime,level,tags foldmultilines=false
 #1: stderr all=off uptime,level,tags foldmultilines=false

Environment Variables:
JAVA_HOME=C:\Program Files\Apache NetBeans\jdk
PATH=C:\oracle\product\10.2.0\db_1\bin;C:\Program Files\Common Files\Oracle\Java\javapath;C:\Program Files (x86)\Common Files\Oracle\Java\javapath;C:\WINDOWS\system32;C:\WINDOWS;C:\WINDOWS\System32\Wbem;C:\WINDOWS\System32\WindowsPowerShell\v1.0\;C:\WINDOWS\System32\OpenSSH\;C:\Program Files (x86)\Intel\Intel(R) Management Engine Components\DAL;C:\Program Files\Intel\Intel(R) Management Engine Components\DAL;C:\Program Files (x86)\Intel\Intel(R) Management Engine Components\IPT;C:\Program Files\Intel\Intel(R) Management Engine Components\IPT;C:\Users\agent\AppData\Local\Microsoft\WindowsApps;
USERNAME=agent
OS=Windows_NT
PROCESSOR_IDENTIFIER=Intel64 Family 6 Model 142 Stepping 10, GenuineIntel
TMP=C:\Users\agent\AppData\Local\Temp
TEMP=C:\Users\agent\AppData\Local\Temp




Periodic native trim disabled

---------------  S Y S T E M  ---------------

OS:
 Windows 10 , 64 bit Build 19041 (10.0.19041.5915)
OS uptime: 2 days 4:47 hours

CPU: total 4 (initial active 4) (2 cores per cpu, 2 threads per core) family 6 model 142 stepping 10 microcode 0xe0, cx8, cmov, fxsr, ht, mmx, 3dnowpref, sse, sse2, sse3, ssse3, sse4.1, sse4.2, popcnt, lzcnt, tsc, tscinvbit, avx, avx2, aes, erms, clmul, bmi1, bmi2, adx, fma, vzeroupper, clflush, clflushopt, rdtscp, f16c
Processor Information for the first 4 processors :
  Max Mhz: 2201, Current Mhz: 2201, Mhz Limit: 2201

Memory: 4k page, system-wide physical 4007M (276M free)
TotalPageFile size 16295M (AvailPageFile size 8M)
current process WorkingSet (physical memory assigned to process): 225M, peak: 225M
current process commit charge ("private bytes"): 256M, peak: 271M

vm_info: OpenJDK 64-Bit Server VM (24.0.1+9) for windows-amd64 JRE (24.0.1+9) (Zulu24.30+11-CA), built on 2025-03-21T13:52:34Z with MS VC++ 17.1 (VS2022)

END.
