#
# There is insufficient memory for the Java Runtime Environment to continue.
# Native memory allocation (malloc) failed to allocate 16862160 bytes. Error detail: Chunk::new
# Possible reasons:
#   The system is out of physical RAM or swap space
#   This process is running with CompressedOops enabled, and the Java Heap may be blocking the growth of the native heap
# Possible solutions:
#   Reduce memory load on the system
#   Increase physical memory or swap space
#   Check if swap backing store is full
#   Decrease Java heap size (-Xmx/-Xms)
#   Decrease number of Java threads
#   Decrease Java thread stack sizes (-Xss)
#   Set larger code cache with -XX:ReservedCodeCacheSize=
#   JVM is running with Unscaled Compressed Oops mode in which the Java heap is
#     placed in the first 4GB address space. The Java Heap base address is the
#     maximum limit for the native heap growth. Please use -XX:HeapBaseMinAddress
#     to set the Java Heap base and to place the Java Heap above 4GB virtual address.
# This output file may be truncated or incomplete.
#
#  Out of Memory Error (arena.cpp:162), pid=9932, tid=17496
#
# JRE version: OpenJDK Runtime Environment Zulu24.30+11-CA (24.0.1+9) (build 24.0.1+9)
# Java VM: OpenJDK 64-Bit Server VM Zulu24.30+11-CA (24.0.1+9, mixed mode, sharing, tiered, compressed oops, compressed class ptrs, g1 gc, windows-amd64)
# No core dump will be written. Minidumps are not enabled by default on client versions of Windows
#

---------------  S U M M A R Y ------------

Command Line: -Dclassworlds.conf=C:\Program Files\Apache NetBeans\java\maven\bin\m2.conf -Dmaven.home=C:\Program Files\Apache NetBeans\java\maven -Dlibrary.jansi.path=C:\Program Files\Apache NetBeans\java\maven\lib\jansi-native -Dmaven.multiModuleProjectDirectory=C:\Users\agent\Documents\NetBeansProjects\institution_gestion_notes org.codehaus.plexus.classworlds.launcher.Launcher -Dmaven.ext.class.path=C:\Program Files\Apache NetBeans\java\maven-nblib\netbeans-eventspy.jar --no-transfer-progress clean install

Host: Intel(R) Core(TM) i3-8130U CPU @ 2.20GHz, 4 cores, 3G,  Windows 10 , 64 bit Build 19041 (10.0.19041.5915)
Time: Mon Mar  2 19:12:35 2026 Eastern Standard Time elapsed time: 7.516169 seconds (0d 0h 0m 7s)

---------------  T H R E A D  ---------------

Current thread (0x000002845634c620):  JavaThread "C2 CompilerThread0" daemon [_thread_in_native, id=17496, stack(0x0000008bde700000,0x0000008bde800000) (1024K)]


Current CompileTask:
C2:7516 5374       4       java.lang.invoke.MethodType::makeImpl (155 bytes)

Stack: [0x0000008bde700000,0x0000008bde800000]
Native frames: (J=compiled Java code, j=interpreted, Vv=VM code, C=native code)
V  [jvm.dll+0x7410c9]  (no source info available)
V  [jvm.dll+0x97def3]  (no source info available)
V  [jvm.dll+0x98021d]  (no source info available)
V  [jvm.dll+0x980893]  (no source info available)
V  [jvm.dll+0x2b5b16]  (no source info available)
V  [jvm.dll+0xd019f]  (no source info available)
V  [jvm.dll+0xd03ff]  (no source info available)
V  [jvm.dll+0x15b8bf]  (no source info available)
V  [jvm.dll+0x74698f]  (no source info available)
V  [jvm.dll+0x27a528]  (no source info available)
V  [jvm.dll+0x279641]  (no source info available)
V  [jvm.dll+0x1f313a]  (no source info available)
V  [jvm.dll+0x288e35]  (no source info available)
V  [jvm.dll+0x2870ca]  (no source info available)
V  [jvm.dll+0x43df56]  (no source info available)
V  [jvm.dll+0x920928]  (no source info available)
V  [jvm.dll+0x73f855]  (no source info available)
C  [ucrtbase.dll+0x21bb2]  (no source info available)
C  [KERNEL32.DLL+0x17374]  (no source info available)
C  [ntdll.dll+0x4cc91]  (no source info available)

Lock stack of current Java thread (top to bottom):


---------------  P R O C E S S  ---------------

Threads class SMR info:
_java_thread_list=0x000002849c251850, length=11, elements={
0x0000028438e6f420, 0x000002845633cbe0, 0x000002845633ea80, 0x0000028456340970,
0x00000284563435b0, 0x0000028456344880, 0x0000028456349010, 0x000002845634c620,
0x000002845634f950, 0x00000284563dcce0, 0x00000284563dd430
}

Java Threads: ( => current thread )
  0x0000028438e6f420 JavaThread "main"                              [_thread_in_native, id=5928, stack(0x0000008bdd900000,0x0000008bdda00000) (1024K)]
  0x000002845633cbe0 JavaThread "Reference Handler"          daemon [_thread_blocked, id=19736, stack(0x0000008bde100000,0x0000008bde200000) (1024K)]
  0x000002845633ea80 JavaThread "Finalizer"                  daemon [_thread_blocked, id=4840, stack(0x0000008bde200000,0x0000008bde300000) (1024K)]
  0x0000028456340970 JavaThread "Signal Dispatcher"          daemon [_thread_blocked, id=20696, stack(0x0000008bde300000,0x0000008bde400000) (1024K)]
  0x00000284563435b0 JavaThread "Attach Listener"            daemon [_thread_blocked, id=20960, stack(0x0000008bde400000,0x0000008bde500000) (1024K)]
  0x0000028456344880 JavaThread "Service Thread"             daemon [_thread_blocked, id=21960, stack(0x0000008bde500000,0x0000008bde600000) (1024K)]
  0x0000028456349010 JavaThread "Monitor Deflation Thread"   daemon [_thread_blocked, id=7920, stack(0x0000008bde600000,0x0000008bde700000) (1024K)]
=>0x000002845634c620 JavaThread "C2 CompilerThread0"         daemon [_thread_in_native, id=17496, stack(0x0000008bde700000,0x0000008bde800000) (1024K)]
  0x000002845634f950 JavaThread "C1 CompilerThread0"         daemon [_thread_blocked, id=11548, stack(0x0000008bde800000,0x0000008bde900000) (1024K)]
  0x00000284563dcce0 JavaThread "Notification Thread"        daemon [_thread_blocked, id=3580, stack(0x0000008bde900000,0x0000008bdea00000) (1024K)]
  0x00000284563dd430 JavaThread "Common-Cleaner"             daemon [_thread_blocked, id=16764, stack(0x0000008bdea00000,0x0000008bdeb00000) (1024K)]
Total: 11

Other Threads:
  0x000002843b0dd110 VMThread "VM Thread"                           [id=11488, stack(0x0000008bde000000,0x0000008bde100000) (1024K)]
  0x000002845632ba10 WatcherThread "VM Periodic Task Thread"        [id=4224, stack(0x0000008bddf00000,0x0000008bde000000) (1024K)]
  0x000002843b04da10 WorkerThread "GC Thread#0"                     [id=21120, stack(0x0000008bdda00000,0x0000008bddb00000) (1024K)]
  0x000002849c7e9680 WorkerThread "GC Thread#1"                     [id=6764, stack(0x0000008bdeb00000,0x0000008bdec00000) (1024K)]
  0x000002849c7e9a30 WorkerThread "GC Thread#2"                     [id=21072, stack(0x0000008bdec00000,0x0000008bded00000) (1024K)]
  0x000002849c6ff7a0 WorkerThread "GC Thread#3"                     [id=18516, stack(0x0000008bded00000,0x0000008bdee00000) (1024K)]
  0x000002843b058940 ConcurrentGCThread "G1 Main Marker"            [id=16632, stack(0x0000008bddb00000,0x0000008bddc00000) (1024K)]
  0x000002843b05ac00 WorkerThread "G1 Conc#0"                       [id=10932, stack(0x0000008bddc00000,0x0000008bddd00000) (1024K)]
  0x000002843b0b8350 ConcurrentGCThread "G1 Refine#0"               [id=19876, stack(0x0000008bddd00000,0x0000008bdde00000) (1024K)]
  0x000002843b0b8ed0 ConcurrentGCThread "G1 Service"                [id=21332, stack(0x0000008bdde00000,0x0000008bddf00000) (1024K)]
Total: 10

Threads with active compile tasks:
C2 CompilerThread0  7761 5374       4       java.lang.invoke.MethodType::makeImpl (155 bytes)
Total: 1

VM state: not at safepoint (normal execution)

VM Mutex/Monitor currently owned by a thread: None

Heap address: 0x00000000c1600000, size: 1002 MB, Compressed Oops mode: 32-bit

CDS archive(s) mapped at: [0x0000028457000000-0x0000028457d40000-0x0000028457d40000), size 13893632, SharedBaseAddress: 0x0000028457000000, ArchiveRelocationMode: 1.
Compressed class space mapped at: 0x0000028458000000-0x0000028498000000, reserved size: 1073741824
UseCompressedClassPointers 1, UseCompactObjectHeaders 0
Narrow klass pointer bits 32, Max shift 3
Narrow klass base: 0x0000028457000000, Narrow klass shift: 0
Encoding Range: [0x0000028457000000 - 0x0000028557000000), (4294967296 bytes)
Klass Range:    [0x0000028457000000 - 0x0000028498000000), (1090519040 bytes)
Klass ID Range:  [8 - 1090519033) (1090519025)

GC Precious Log:
 CardTable entry size: 512
 Card Set container configuration: InlinePtr #cards 5 size 8 Array Of Cards #cards 10 size 36 Howl #buckets 4 coarsen threshold 1843 Howl Bitmap #cards 512 size 80 coarsen threshold 460 Card regions per heap region 1 cards per card region 2048
 CPUs: 4 total, 4 available
 Memory: 4007M
 Large Page Support: Disabled
 NUMA Support: Disabled
 Compressed Oops: Enabled (32-bit)
 Heap Region Size: 1M
 Heap Min Capacity: 8M
 Heap Initial Capacity: 64M
 Heap Max Capacity: 1002M
 Pre-touch: Disabled
 Parallel Workers: 4
 Concurrent Workers: 1
 Concurrent Refinement Workers: 4
 Periodic GC: Disabled

Heap:
 garbage-first heap   total reserved 1026048K, committed 81920K, used 40444K [0x00000000c1600000, 0x0000000100000000)
  region size 1024K, 20 young (20480K), 6 survivors (6144K)
 Metaspace       used 26159K, committed 26496K, reserved 1114112K
  class space    used 2535K, committed 2688K, reserved 1048576K

Heap Regions: E=young(eden), S=young(survivor), O=old, HS=humongous(starts), HC=humongous(continues), CS=collection set, F=free, TAMS=top-at-mark-start, PB=parsable bottom
|   0|0x00000000c1600000, 0x00000000c1700000, 0x00000000c1700000|100%| O|  |TAMS 0x00000000c1600000| PB 0x00000000c1600000| Untracked |  0
|   1|0x00000000c1700000, 0x00000000c1800000, 0x00000000c1800000|100%| O|  |TAMS 0x00000000c1700000| PB 0x00000000c1700000| Untracked |  0
|   2|0x00000000c1800000, 0x00000000c1900000, 0x00000000c1900000|100%| O|  |TAMS 0x00000000c1800000| PB 0x00000000c1800000| Untracked |  0
|   3|0x00000000c1900000, 0x00000000c1a00000, 0x00000000c1a00000|100%| O|  |TAMS 0x00000000c1900000| PB 0x00000000c1900000| Untracked |  0
|   4|0x00000000c1a00000, 0x00000000c1b00000, 0x00000000c1b00000|100%| O|  |TAMS 0x00000000c1a00000| PB 0x00000000c1a00000| Untracked |  0
|   5|0x00000000c1b00000, 0x00000000c1c00000, 0x00000000c1c00000|100%| O|  |TAMS 0x00000000c1b00000| PB 0x00000000c1b00000| Untracked |  0
|   6|0x00000000c1c00000, 0x00000000c1d00000, 0x00000000c1d00000|100%| O|  |TAMS 0x00000000c1c00000| PB 0x00000000c1c00000| Untracked |  0
|   7|0x00000000c1d00000, 0x00000000c1e00000, 0x00000000c1e00000|100%| O|  |TAMS 0x00000000c1d00000| PB 0x00000000c1d00000| Untracked |  0
|   8|0x00000000c1e00000, 0x00000000c1f00000, 0x00000000c1f00000|100%| O|  |TAMS 0x00000000c1e00000| PB 0x00000000c1e00000| Untracked |  0
|   9|0x00000000c1f00000, 0x00000000c2000000, 0x00000000c2000000|100%| O|  |TAMS 0x00000000c1f00000| PB 0x00000000c1f00000| Untracked |  0
|  10|0x00000000c2000000, 0x00000000c2100000, 0x00000000c2100000|100%| O|  |TAMS 0x00000000c2000000| PB 0x00000000c2000000| Untracked |  0
|  11|0x00000000c2100000, 0x00000000c2200000, 0x00000000c2200000|100%| O|  |TAMS 0x00000000c2100000| PB 0x00000000c2100000| Untracked |  0
|  12|0x00000000c2200000, 0x00000000c2300000, 0x00000000c2300000|100%| O|  |TAMS 0x00000000c2200000| PB 0x00000000c2200000| Untracked |  0
|  13|0x00000000c2300000, 0x00000000c2400000, 0x00000000c2400000|100%|HS|  |TAMS 0x00000000c2300000| PB 0x00000000c2300000| Complete |  0
|  14|0x00000000c2400000, 0x00000000c2500000, 0x00000000c2500000|100%|HS|  |TAMS 0x00000000c2400000| PB 0x00000000c2400000| Complete |  0
|  15|0x00000000c2500000, 0x00000000c2600000, 0x00000000c2600000|100%|HC|  |TAMS 0x00000000c2500000| PB 0x00000000c2500000| Complete |  0
|  16|0x00000000c2600000, 0x00000000c2700000, 0x00000000c2700000|100%|HS|  |TAMS 0x00000000c2600000| PB 0x00000000c2600000| Complete |  0
|  17|0x00000000c2700000, 0x00000000c2800000, 0x00000000c2800000|100%|HC|  |TAMS 0x00000000c2700000| PB 0x00000000c2700000| Complete |  0
|  18|0x00000000c2800000, 0x00000000c2900000, 0x00000000c2900000|100%| O|  |TAMS 0x00000000c2800000| PB 0x00000000c2800000| Untracked |  0
|  19|0x00000000c2900000, 0x00000000c2962ee0, 0x00000000c2a00000| 38%| O|  |TAMS 0x00000000c2900000| PB 0x00000000c2900000| Untracked |  0
|  20|0x00000000c2a00000, 0x00000000c2a00000, 0x00000000c2b00000|  0%| F|  |TAMS 0x00000000c2a00000| PB 0x00000000c2a00000| Untracked |  0
|  21|0x00000000c2b00000, 0x00000000c2b00000, 0x00000000c2c00000|  0%| F|  |TAMS 0x00000000c2b00000| PB 0x00000000c2b00000| Untracked |  0
|  22|0x00000000c2c00000, 0x00000000c2c00000, 0x00000000c2d00000|  0%| F|  |TAMS 0x00000000c2c00000| PB 0x00000000c2c00000| Untracked |  0
|  23|0x00000000c2d00000, 0x00000000c2d00000, 0x00000000c2e00000|  0%| F|  |TAMS 0x00000000c2d00000| PB 0x00000000c2d00000| Untracked |  0
|  24|0x00000000c2e00000, 0x00000000c2e00000, 0x00000000c2f00000|  0%| F|  |TAMS 0x00000000c2e00000| PB 0x00000000c2e00000| Untracked |  0
|  25|0x00000000c2f00000, 0x00000000c2f00000, 0x00000000c3000000|  0%| F|  |TAMS 0x00000000c2f00000| PB 0x00000000c2f00000| Untracked |  0
|  26|0x00000000c3000000, 0x00000000c3000000, 0x00000000c3100000|  0%| F|  |TAMS 0x00000000c3000000| PB 0x00000000c3000000| Untracked |  0
|  27|0x00000000c3100000, 0x00000000c3100000, 0x00000000c3200000|  0%| F|  |TAMS 0x00000000c3100000| PB 0x00000000c3100000| Untracked |  0
|  28|0x00000000c3200000, 0x00000000c3200000, 0x00000000c3300000|  0%| F|  |TAMS 0x00000000c3200000| PB 0x00000000c3200000| Untracked |  0
|  29|0x00000000c3300000, 0x00000000c3300000, 0x00000000c3400000|  0%| F|  |TAMS 0x00000000c3300000| PB 0x00000000c3300000| Untracked |  0
|  30|0x00000000c3400000, 0x00000000c3400000, 0x00000000c3500000|  0%| F|  |TAMS 0x00000000c3400000| PB 0x00000000c3400000| Untracked |  0
|  31|0x00000000c3500000, 0x00000000c3500000, 0x00000000c3600000|  0%| F|  |TAMS 0x00000000c3500000| PB 0x00000000c3500000| Untracked |  0
|  32|0x00000000c3600000, 0x00000000c3600000, 0x00000000c3700000|  0%| F|  |TAMS 0x00000000c3600000| PB 0x00000000c3600000| Untracked |  0
|  33|0x00000000c3700000, 0x00000000c3700000, 0x00000000c3800000|  0%| F|  |TAMS 0x00000000c3700000| PB 0x00000000c3700000| Untracked |  0
|  34|0x00000000c3800000, 0x00000000c3800000, 0x00000000c3900000|  0%| F|  |TAMS 0x00000000c3800000| PB 0x00000000c3800000| Untracked |  0
|  35|0x00000000c3900000, 0x00000000c3900000, 0x00000000c3a00000|  0%| F|  |TAMS 0x00000000c3900000| PB 0x00000000c3900000| Untracked |  0
|  36|0x00000000c3a00000, 0x00000000c3a00000, 0x00000000c3b00000|  0%| F|  |TAMS 0x00000000c3a00000| PB 0x00000000c3a00000| Untracked |  0
|  37|0x00000000c3b00000, 0x00000000c3b00000, 0x00000000c3c00000|  0%| F|  |TAMS 0x00000000c3b00000| PB 0x00000000c3b00000| Untracked |  0
|  38|0x00000000c3c00000, 0x00000000c3c00000, 0x00000000c3d00000|  0%| F|  |TAMS 0x00000000c3c00000| PB 0x00000000c3c00000| Untracked |  0
|  39|0x00000000c3d00000, 0x00000000c3d00000, 0x00000000c3e00000|  0%| F|  |TAMS 0x00000000c3d00000| PB 0x00000000c3d00000| Untracked |  0
|  40|0x00000000c3e00000, 0x00000000c3e00000, 0x00000000c3f00000|  0%| F|  |TAMS 0x00000000c3e00000| PB 0x00000000c3e00000| Untracked |  0
|  41|0x00000000c3f00000, 0x00000000c3f00000, 0x00000000c4000000|  0%| F|  |TAMS 0x00000000c3f00000| PB 0x00000000c3f00000| Untracked |  0
|  42|0x00000000c4000000, 0x00000000c4000000, 0x00000000c4100000|  0%| F|  |TAMS 0x00000000c4000000| PB 0x00000000c4000000| Untracked |  0
|  43|0x00000000c4100000, 0x00000000c4100000, 0x00000000c4200000|  0%| F|  |TAMS 0x00000000c4100000| PB 0x00000000c4100000| Untracked |  0
|  44|0x00000000c4200000, 0x00000000c4200000, 0x00000000c4300000|  0%| F|  |TAMS 0x00000000c4200000| PB 0x00000000c4200000| Untracked |  0
|  45|0x00000000c4300000, 0x00000000c4300000, 0x00000000c4400000|  0%| F|  |TAMS 0x00000000c4300000| PB 0x00000000c4300000| Untracked |  0
|  46|0x00000000c4400000, 0x00000000c4400000, 0x00000000c4500000|  0%| F|  |TAMS 0x00000000c4400000| PB 0x00000000c4400000| Untracked |  0
|  47|0x00000000c4500000, 0x00000000c4500000, 0x00000000c4600000|  0%| F|  |TAMS 0x00000000c4500000| PB 0x00000000c4500000| Untracked |  0
|  48|0x00000000c4600000, 0x00000000c4600000, 0x00000000c4700000|  0%| F|  |TAMS 0x00000000c4600000| PB 0x00000000c4600000| Untracked |  0
|  49|0x00000000c4700000, 0x00000000c4700000, 0x00000000c4800000|  0%| F|  |TAMS 0x00000000c4700000| PB 0x00000000c4700000| Untracked |  0
|  50|0x00000000c4800000, 0x00000000c4900000, 0x00000000c4900000|100%| S|CS|TAMS 0x00000000c4800000| PB 0x00000000c4800000| Complete |  0
|  51|0x00000000c4900000, 0x00000000c4a00000, 0x00000000c4a00000|100%| S|CS|TAMS 0x00000000c4900000| PB 0x00000000c4900000| Complete |  0
|  52|0x00000000c4a00000, 0x00000000c4b00000, 0x00000000c4b00000|100%| S|CS|TAMS 0x00000000c4a00000| PB 0x00000000c4a00000| Complete |  0
|  53|0x00000000c4b00000, 0x00000000c4c00000, 0x00000000c4c00000|100%| S|CS|TAMS 0x00000000c4b00000| PB 0x00000000c4b00000| Complete |  0
|  54|0x00000000c4c00000, 0x00000000c4d00000, 0x00000000c4d00000|100%| S|CS|TAMS 0x00000000c4c00000| PB 0x00000000c4c00000| Complete |  0
|  55|0x00000000c4d00000, 0x00000000c4e00000, 0x00000000c4e00000|100%| S|CS|TAMS 0x00000000c4d00000| PB 0x00000000c4d00000| Complete |  0
|  56|0x00000000c4e00000, 0x00000000c4e00000, 0x00000000c4f00000|  0%| F|  |TAMS 0x00000000c4e00000| PB 0x00000000c4e00000| Untracked |  0
|  57|0x00000000c4f00000, 0x00000000c4f00000, 0x00000000c5000000|  0%| F|  |TAMS 0x00000000c4f00000| PB 0x00000000c4f00000| Untracked |  0
|  58|0x00000000c5000000, 0x00000000c5000000, 0x00000000c5100000|  0%| F|  |TAMS 0x00000000c5000000| PB 0x00000000c5000000| Untracked |  0
|  59|0x00000000c5100000, 0x00000000c5100000, 0x00000000c5200000|  0%| F|  |TAMS 0x00000000c5100000| PB 0x00000000c5100000| Untracked |  0
|  60|0x00000000c5200000, 0x00000000c5200000, 0x00000000c5300000|  0%| F|  |TAMS 0x00000000c5200000| PB 0x00000000c5200000| Untracked |  0
|  61|0x00000000c5300000, 0x00000000c5300000, 0x00000000c5400000|  0%| F|  |TAMS 0x00000000c5300000| PB 0x00000000c5300000| Untracked |  0
|  62|0x00000000c5400000, 0x00000000c5400000, 0x00000000c5500000|  0%| F|  |TAMS 0x00000000c5400000| PB 0x00000000c5400000| Untracked |  0
|  63|0x00000000c5500000, 0x00000000c5580000, 0x00000000c5600000| 50%| E|  |TAMS 0x00000000c5500000| PB 0x00000000c5500000| Complete |  0
|  64|0x00000000c5600000, 0x00000000c5700000, 0x00000000c5700000|100%| E|CS|TAMS 0x00000000c5600000| PB 0x00000000c5600000| Complete |  0
|  65|0x00000000c5700000, 0x00000000c5800000, 0x00000000c5800000|100%| E|CS|TAMS 0x00000000c5700000| PB 0x00000000c5700000| Complete |  0
|  66|0x00000000c5800000, 0x00000000c5900000, 0x00000000c5900000|100%| E|CS|TAMS 0x00000000c5800000| PB 0x00000000c5800000| Complete |  0
|  67|0x00000000c5900000, 0x00000000c5a00000, 0x00000000c5a00000|100%| E|CS|TAMS 0x00000000c5900000| PB 0x00000000c5900000| Complete |  0
|  68|0x00000000c5a00000, 0x00000000c5b00000, 0x00000000c5b00000|100%| E|CS|TAMS 0x00000000c5a00000| PB 0x00000000c5a00000| Complete |  0
|  69|0x00000000c5b00000, 0x00000000c5c00000, 0x00000000c5c00000|100%| E|CS|TAMS 0x00000000c5b00000| PB 0x00000000c5b00000| Complete |  0
|  70|0x00000000c5c00000, 0x00000000c5d00000, 0x00000000c5d00000|100%| E|CS|TAMS 0x00000000c5c00000| PB 0x00000000c5c00000| Complete |  0
|  71|0x00000000c5d00000, 0x00000000c5e00000, 0x00000000c5e00000|100%| E|CS|TAMS 0x00000000c5d00000| PB 0x00000000c5d00000| Complete |  0
|  72|0x00000000c5e00000, 0x00000000c5f00000, 0x00000000c5f00000|100%| E|CS|TAMS 0x00000000c5e00000| PB 0x00000000c5e00000| Complete |  0
|  73|0x00000000c5f00000, 0x00000000c6000000, 0x00000000c6000000|100%| E|CS|TAMS 0x00000000c5f00000| PB 0x00000000c5f00000| Complete |  0
|  74|0x00000000c6000000, 0x00000000c6100000, 0x00000000c6100000|100%| E|CS|TAMS 0x00000000c6000000| PB 0x00000000c6000000| Complete |  0
|  75|0x00000000c6100000, 0x00000000c6200000, 0x00000000c6200000|100%| E|CS|TAMS 0x00000000c6100000| PB 0x00000000c6100000| Complete |  0
|  76|0x00000000c6200000, 0x00000000c6300000, 0x00000000c6300000|100%| E|CS|TAMS 0x00000000c6200000| PB 0x00000000c6200000| Complete |  0
|  77|0x00000000c6300000, 0x00000000c6400000, 0x00000000c6400000|100%| E|CS|TAMS 0x00000000c6300000| PB 0x00000000c6300000| Complete |  0
|1000|0x00000000ffe00000, 0x00000000fff00000, 0x00000000fff00000|100%| O|  |TAMS 0x00000000ffe00000| PB 0x00000000ffe00000| Untracked |  0
|1001|0x00000000fff00000, 0x00000000fff1c2f8, 0x0000000100000000| 11%| O|Cm|TAMS 0x00000000fff00000| PB 0x00000000fff00000| Complete |  0

Card table byte_map: [0x0000028452d20000,0x0000028452f20000] _byte_map_base: 0x0000028452715000

Marking Bits: (CMBitMap*) 0x000002843b04e120
 Bits: [0x0000028452f20000, 0x0000028453ec8000)

Polling page: 0x000002843a7e0000

Metaspace:

Usage:
  Non-class:     23.08 MB used.
      Class:      2.48 MB used.
       Both:     25.56 MB used.

Virtual space:
  Non-class space:       64.00 MB reserved,      23.31 MB ( 36%) committed,  1 nodes.
      Class space:        1.00 GB reserved,       2.62 MB ( <1%) committed,  1 nodes.
             Both:        1.06 GB reserved,      25.94 MB (  2%) committed. 

Chunk freelists:
   Non-Class:  8.58 MB
       Class:  13.42 MB
        Both:  22.00 MB

MaxMetaspaceSize: unlimited
CompressedClassSpaceSize: 1.00 GB
Initial GC threshold: 21.00 MB
Current GC threshold: 35.62 MB
CDS: on
 - commit_granule_bytes: 65536.
 - commit_granule_words: 8192.
 - virtual_space_node_default_size: 8388608.
 - enlarge_chunks_in_place: 1.
UseCompressedClassPointers 1, UseCompactObjectHeaders 0
Narrow klass pointer bits 32, Max shift 3
Narrow klass base: 0x0000028457000000, Narrow klass shift: 0
Encoding Range: [0x0000028457000000 - 0x0000028557000000), (4294967296 bytes)
Klass Range:    [0x0000028457000000 - 0x0000028498000000), (1090519040 bytes)
Klass ID Range:  [8 - 1090519033) (1090519025)


Internal statistics:

num_allocs_failed_limit: 6.
num_arena_births: 272.
num_arena_deaths: 0.
num_vsnodes_births: 2.
num_vsnodes_deaths: 0.
num_space_committed: 415.
num_space_uncommitted: 0.
num_chunks_returned_to_freelist: 6.
num_chunks_taken_from_freelist: 1198.
num_chunk_merges: 6.
num_chunk_splits: 846.
num_chunks_enlarged: 670.
num_inconsistent_stats: 0.

CodeHeap 'non-profiled nmethods': size=120064Kb used=1971Kb max_used=1971Kb free=118092Kb
 bounds [0x000002844b5e0000, 0x000002844b850000, 0x0000028452b20000]
CodeHeap 'profiled nmethods': size=120000Kb used=10257Kb max_used=10257Kb free=109742Kb
 bounds [0x0000028443b20000, 0x0000028444530000, 0x000002844b050000]
CodeHeap 'non-nmethods': size=5696Kb used=1385Kb max_used=1405Kb free=4310Kb
 bounds [0x000002844b050000, 0x000002844b2c0000, 0x000002844b5e0000]
CodeCache: size=245760Kb, used=13613Kb, max_used=13633Kb, free=232144Kb
 total_blobs=6336, nmethods=5789, adapters=451, full_count=0
Compilation: enabled, stopped_count=0, restarted_count=0

Compilation events (20 events):
Event: 7.494 Thread 0x000002845634f950 nmethod 5501 0x000002844b7c8108 code [0x000002844b7c8200, 0x000002844b7c82c8]
Event: 7.494 Thread 0x000002845634f950 5502       3       com.sun.tools.javac.parser.UnicodeReader::acceptOneOf (19 bytes)
Event: 7.494 Thread 0x000002845634f950 nmethod 5502 0x000002844448eb88 code [0x000002844448ece0, 0x000002844448f3f8]
Event: 7.494 Thread 0x000002845634f950 5503       3       com.sun.tools.javac.parser.Scanner::token (30 bytes)
Event: 7.494 Thread 0x000002845634f950 nmethod 5503 0x000002844448f488 code [0x000002844448f5c0, 0x000002844448f910]
Event: 7.494 Thread 0x000002845634f950 5504       3       java.lang.StringBuilder::setLength (6 bytes)
Event: 7.494 Thread 0x000002845634f950 nmethod 5504 0x000002844448f988 code [0x000002844448faa0, 0x000002844448fbd8]
Event: 7.495 Thread 0x000002845634f950 5505       3       java.lang.AbstractStringBuilder::setLength (82 bytes)
Event: 7.495 Thread 0x000002845634f950 nmethod 5505 0x000002844448fc88 code [0x000002844448fe40, 0x00000284444906a0]
Event: 7.495 Thread 0x000002845634f950 5506       1       com.sun.tools.javac.util.List$1::isEmpty (2 bytes)
Event: 7.495 Thread 0x000002845634f950 nmethod 5506 0x000002844b7c8408 code [0x000002844b7c8500, 0x000002844b7c85c8]
Event: 7.496 Thread 0x000002845634f950 5508       3       com.sun.tools.javac.parser.JavacParser::isMode (15 bytes)
Event: 7.496 Thread 0x000002845634f950 nmethod 5508 0x0000028444490708 code [0x0000028444490820, 0x0000028444490978]
Event: 7.496 Thread 0x000002845634f950 5509       3       com.sun.tools.javac.parser.JavacParser$SimpleEndPosTable::storeEnd (26 bytes)
Event: 7.497 Thread 0x000002845634f950 nmethod 5509 0x0000028444490a08 code [0x0000028444490b20, 0x0000028444490cc8]
Event: 7.497 Thread 0x000002845634f950 5510       1       com.sun.tools.javac.parser.JavacParser::setMode (6 bytes)
Event: 7.497 Thread 0x000002845634f950 nmethod 5510 0x000002844b7c8708 code [0x000002844b7c8800, 0x000002844b7c88c8]
Event: 7.497 Thread 0x000002845634f950 5511       3       com.sun.tools.javac.tree.JCTree::<init> (5 bytes)
Event: 7.497 Thread 0x000002845634f950 nmethod 5511 0x0000028444490d08 code [0x0000028444490e20, 0x0000028444490f80]
Event: 7.497 Thread 0x000002845634f950 5516   !   3       com.sun.tools.javac.parser.JavaTokenizer::readToken (1839 bytes)

GC Heap History (14 events):
Event: 1.562 GC heap before
{Heap before GC invocations=0 (full 0):
 garbage-first heap   total reserved 1026048K, committed 67584K, used 29808K [0x00000000c1600000, 0x0000000100000000)
  region size 1024K, 28 young (28672K), 0 survivors (0K)
 Metaspace       used 6420K, committed 6656K, reserved 1114112K
  class space    used 574K, committed 704K, reserved 1048576K
}
Event: 1.570 GC heap after
{Heap after GC invocations=1 (full 0):
 garbage-first heap   total reserved 1026048K, committed 67584K, used 4208K [0x00000000c1600000, 0x0000000100000000)
  region size 1024K, 3 young (3072K), 3 survivors (3072K)
 Metaspace       used 6420K, committed 6656K, reserved 1114112K
  class space    used 574K, committed 704K, reserved 1048576K
}
Event: 2.360 GC heap before
{Heap before GC invocations=1 (full 0):
 garbage-first heap   total reserved 1026048K, committed 67584K, used 31856K [0x00000000c1600000, 0x0000000100000000)
  region size 1024K, 30 young (30720K), 3 survivors (3072K)
 Metaspace       used 11307K, committed 11520K, reserved 1114112K
  class space    used 1057K, committed 1152K, reserved 1048576K
}
Event: 2.370 GC heap after
{Heap after GC invocations=2 (full 0):
 garbage-first heap   total reserved 1026048K, committed 67584K, used 6459K [0x00000000c1600000, 0x0000000100000000)
  region size 1024K, 3 young (3072K), 3 survivors (3072K)
 Metaspace       used 11307K, committed 11520K, reserved 1114112K
  class space    used 1057K, committed 1152K, reserved 1048576K
}
Event: 3.479 GC heap before
{Heap before GC invocations=2 (full 0):
 garbage-first heap   total reserved 1026048K, committed 67584K, used 39227K [0x00000000c1600000, 0x0000000100000000)
  region size 1024K, 35 young (35840K), 3 survivors (3072K)
 Metaspace       used 15209K, committed 15488K, reserved 1114112K
  class space    used 1490K, committed 1600K, reserved 1048576K
}
Event: 3.492 GC heap after
{Heap after GC invocations=3 (full 0):
 garbage-first heap   total reserved 1026048K, committed 67584K, used 9828K [0x00000000c1600000, 0x0000000100000000)
  region size 1024K, 5 young (5120K), 5 survivors (5120K)
 Metaspace       used 15209K, committed 15488K, reserved 1114112K
  class space    used 1490K, committed 1600K, reserved 1048576K
}
Event: 4.207 GC heap before
{Heap before GC invocations=3 (full 0):
 garbage-first heap   total reserved 1026048K, committed 67584K, used 42596K [0x00000000c1600000, 0x0000000100000000)
  region size 1024K, 37 young (37888K), 5 survivors (5120K)
 Metaspace       used 15948K, committed 16192K, reserved 1114112K
  class space    used 1557K, committed 1664K, reserved 1048576K
}
Event: 4.226 GC heap after
{Heap after GC invocations=4 (full 0):
 garbage-first heap   total reserved 1026048K, committed 67584K, used 14485K [0x00000000c1600000, 0x0000000100000000)
  region size 1024K, 5 young (5120K), 5 survivors (5120K)
 Metaspace       used 15948K, committed 16192K, reserved 1114112K
  class space    used 1557K, committed 1664K, reserved 1048576K
}
Event: 4.810 GC heap before
{Heap before GC invocations=4 (full 0):
 garbage-first heap   total reserved 1026048K, committed 67584K, used 46229K [0x00000000c1600000, 0x0000000100000000)
  region size 1024K, 36 young (36864K), 5 survivors (5120K)
 Metaspace       used 16264K, committed 16512K, reserved 1114112K
  class space    used 1559K, committed 1664K, reserved 1048576K
}
Event: 4.820 GC heap after
{Heap after GC invocations=5 (full 0):
 garbage-first heap   total reserved 1026048K, committed 67584K, used 15640K [0x00000000c1600000, 0x0000000100000000)
  region size 1024K, 2 young (2048K), 2 survivors (2048K)
 Metaspace       used 16264K, committed 16512K, reserved 1114112K
  class space    used 1559K, committed 1664K, reserved 1048576K
}
Event: 5.942 GC heap before
{Heap before GC invocations=5 (full 0):
 garbage-first heap   total reserved 1026048K, committed 67584K, used 49432K [0x00000000c1600000, 0x0000000100000000)
  region size 1024K, 35 young (35840K), 2 survivors (2048K)
 Metaspace       used 18088K, committed 18368K, reserved 1114112K
  class space    used 1722K, committed 1856K, reserved 1048576K
}
Event: 5.951 GC heap after
{Heap after GC invocations=6 (full 0):
 garbage-first heap   total reserved 1026048K, committed 81920K, used 17684K [0x00000000c1600000, 0x0000000100000000)
  region size 1024K, 4 young (4096K), 4 survivors (4096K)
 Metaspace       used 18088K, committed 18368K, reserved 1114112K
  class space    used 1722K, committed 1856K, reserved 1048576K
}
Event: 6.820 GC heap before
{Heap before GC invocations=6 (full 0):
 garbage-first heap   total reserved 1026048K, committed 81920K, used 44308K [0x00000000c1600000, 0x0000000100000000)
  region size 1024K, 26 young (26624K), 4 survivors (4096K)
 Metaspace       used 21205K, committed 21504K, reserved 1114112K
  class space    used 2052K, committed 2176K, reserved 1048576K
}
Event: 6.839 GC heap after
{Heap after GC invocations=7 (full 0):
 garbage-first heap   total reserved 1026048K, committed 81920K, used 26108K [0x00000000c1600000, 0x0000000100000000)
  region size 1024K, 6 young (6144K), 6 survivors (6144K)
 Metaspace       used 21205K, committed 21504K, reserved 1114112K
  class space    used 2052K, committed 2176K, reserved 1048576K
}

Dll operation events (8 events):
Event: 0.014 Loaded shared library C:\Program Files\Apache NetBeans\jdk\bin\java.dll
Event: 0.052 Loaded shared library C:\Program Files\Apache NetBeans\jdk\bin\jsvml.dll
Event: 0.062 Loaded shared library C:\Program Files\Apache NetBeans\jdk\bin\net.dll
Event: 0.064 Loaded shared library C:\Program Files\Apache NetBeans\jdk\bin\nio.dll
Event: 0.068 Loaded shared library C:\Program Files\Apache NetBeans\jdk\bin\zip.dll
Event: 0.228 Loaded shared library C:\Program Files\Apache NetBeans\jdk\bin\jimage.dll
Event: 0.233 Loaded shared library C:\Program Files\Apache NetBeans\java\maven\lib\jansi-native\Windows\x86_64\jansi.dll
Event: 0.251 Loaded shared library C:\Program Files\Apache NetBeans\jdk\bin\verify.dll

Deoptimization events (20 events):
Event: 6.723 Thread 0x0000028438e6f420 DEOPT PACKING pc=0x000002844b7bb038 sp=0x0000008bdd9fdb20
Event: 6.723 Thread 0x0000028438e6f420 DEOPT UNPACKING pc=0x000002844b165d02 sp=0x0000008bdd9fdab0 mode 2
Event: 7.269 Thread 0x0000028438e6f420 Uncommon trap: trap_request=0xffffff4d fr.pc=0x000002844b7aa9c4 relative=0x0000000000000f64
Event: 7.269 Thread 0x0000028438e6f420 Uncommon trap: reason=unstable_if action=reinterpret pc=0x000002844b7aa9c4 method=sun.nio.fs.WindowsPathParser.isSlash(C)Z @ 9 c2
Event: 7.269 Thread 0x0000028438e6f420 DEOPT PACKING pc=0x000002844b7aa9c4 sp=0x0000008bdd9fd7d0
Event: 7.269 Thread 0x0000028438e6f420 DEOPT UNPACKING pc=0x000002844b165d02 sp=0x0000008bdd9fd740 mode 2
Event: 7.335 Thread 0x0000028438e6f420 Uncommon trap: trap_request=0xffffffde fr.pc=0x000002844b6140f0 relative=0x00000000000007f0
Event: 7.335 Thread 0x0000028438e6f420 Uncommon trap: reason=class_check action=maybe_recompile pc=0x000002844b6140f0 method=jdk.internal.loader.URLClassPath.getLoader(I)Ljdk/internal/loader/URLClassPath$Loader; @ 91 c2
Event: 7.335 Thread 0x0000028438e6f420 DEOPT PACKING pc=0x000002844b6140f0 sp=0x0000008bdd9fdbc0
Event: 7.335 Thread 0x0000028438e6f420 DEOPT UNPACKING pc=0x000002844b165d02 sp=0x0000008bdd9fdb88 mode 2
Event: 7.369 Thread 0x0000028438e6f420 DEOPT PACKING pc=0x000002844447d84d sp=0x0000008bdd9fd270
Event: 7.369 Thread 0x0000028438e6f420 DEOPT UNPACKING pc=0x000002844b0a5722 sp=0x0000008bdd9fc7f0 mode 0
Event: 7.387 Thread 0x0000028438e6f420 Uncommon trap: trap_request=0xffffffde fr.pc=0x000002844b6140f0 relative=0x00000000000007f0
Event: 7.388 Thread 0x0000028438e6f420 Uncommon trap: reason=class_check action=maybe_recompile pc=0x000002844b6140f0 method=jdk.internal.loader.URLClassPath.getLoader(I)Ljdk/internal/loader/URLClassPath$Loader; @ 91 c2
Event: 7.388 Thread 0x0000028438e6f420 DEOPT PACKING pc=0x000002844b6140f0 sp=0x0000008bdd9fdbc0
Event: 7.388 Thread 0x0000028438e6f420 DEOPT UNPACKING pc=0x000002844b165d02 sp=0x0000008bdd9fdb88 mode 2
Event: 7.483 Thread 0x0000028438e6f420 Uncommon trap: trap_request=0xffffff4d fr.pc=0x000002844b7be318 relative=0x0000000000000098
Event: 7.483 Thread 0x0000028438e6f420 Uncommon trap: reason=unstable_if action=reinterpret pc=0x000002844b7be318 method=java.lang.CharacterDataLatin1.digit(II)I @ 7 c2
Event: 7.483 Thread 0x0000028438e6f420 DEOPT PACKING pc=0x000002844b7be318 sp=0x0000008bdd9fd7b0
Event: 7.483 Thread 0x0000028438e6f420 DEOPT UNPACKING pc=0x000002844b165d02 sp=0x0000008bdd9fd730 mode 2

Classes loaded (20 events):
Event: 7.271 Loading class jdk/internal/jrtfs/JrtPath
Event: 7.273 Loading class jdk/internal/jrtfs/JrtPath done
Event: 7.273 Loading class jdk/internal/jrtfs/SystemImage
Event: 7.274 Loading class jdk/internal/jrtfs/SystemImage done
Event: 7.274 Loading class java/lang/Class$Holder
Event: 7.275 Loading class java/lang/Class$Holder done
Event: 7.275 Loading class java/security/AllPermissionCollection
Event: 7.275 Loading class java/security/AllPermissionCollection done
Event: 7.275 Loading class java/security/UnresolvedPermission
Event: 7.275 Loading class java/security/UnresolvedPermission done
Event: 7.275 Loading class jdk/internal/jrtfs/SystemImage$2
Event: 7.276 Loading class jdk/internal/jrtfs/SystemImage$2 done
Event: 7.276 Loading class jdk/internal/jimage/ImageReader$Directory
Event: 7.276 Loading class jdk/internal/jimage/ImageReader$Node
Event: 7.276 Loading class jdk/internal/jimage/ImageReader$Node done
Event: 7.276 Loading class jdk/internal/jimage/ImageReader$Directory done
Event: 7.276 Loading class jdk/internal/jrtfs/SystemImage$1
Event: 7.277 Loading class jdk/internal/jrtfs/SystemImage$1 done
Event: 7.389 Loading class java/lang/UnsupportedClassVersionError
Event: 7.390 Loading class java/lang/UnsupportedClassVersionError done

Classes unloaded (0 events):
No events

Classes redefined (0 events):
No events

Internal exceptions (20 events):
Event: 6.072 Thread 0x0000028438e6f420 Exception <a 'sun/nio/fs/WindowsException'{0x00000000c616b678}> (0x00000000c616b678) 
thrown [s\src\hotspot\share\prims\jni.cpp, line 518]
Event: 6.085 Thread 0x0000028438e6f420 Exception <a 'java/lang/IncompatibleClassChangeError'{0x00000000c61dc788}: Found class java.lang.Object, but interface was expected> (0x00000000c61dc788) 
thrown [s\src\hotspot\share\interpreter\linkResolver.cpp, line 872]
Event: 6.087 Thread 0x0000028438e6f420 Exception <a 'java/lang/NoSuchMethodError'{0x00000000c61ebde0}: 'void java.lang.invoke.DirectMethodHandle$Holder.invokeInterface(java.lang.Object, java.lang.Object, java.lang.Object)'> (0x00000000c61ebde0) 
thrown [s\src\hotspot\share\interpreter\linkResolver.cpp, line 805]
Event: 6.237 Thread 0x0000028438e6f420 Exception <a 'java/lang/NoSuchMethodError'{0x00000000c5fb8718}: 'int java.lang.invoke.DirectMethodHandle$Holder.invokeInterface(java.lang.Object, java.lang.Object)'> (0x00000000c5fb8718) 
thrown [s\src\hotspot\share\interpreter\linkResolver.cpp, line 805]
Event: 6.514 Thread 0x0000028438e6f420 Exception <a 'java/lang/NoSuchMethodError'{0x00000000c58359d8}: 'int java.lang.invoke.DirectMethodHandle$Holder.invokeVirtual(java.lang.Object, java.lang.Object, java.lang.Object)'> (0x00000000c58359d8) 
thrown [s\src\hotspot\share\interpreter\linkResolver.cpp, line 805]
Event: 6.525 Thread 0x0000028438e6f420 Exception <a 'java/lang/NoSuchMethodError'{0x00000000c5856a70}: 'int java.lang.invoke.DirectMethodHandle$Holder.invokeStaticInit(java.lang.Object, java.lang.Object, java.lang.Object)'> (0x00000000c5856a70) 
thrown [s\src\hotspot\share\interpreter\linkResolver.cpp, line 805]
Event: 6.745 Thread 0x0000028438e6f420 Exception <a 'java/lang/NoSuchMethodError'{0x00000000c4f97480}: 'java.lang.Object java.lang.invoke.DirectMethodHandle$Holder.invokeStatic(java.lang.Object, int, java.lang.Object)'> (0x00000000c4f97480) 
thrown [s\src\hotspot\share\interpreter\linkResolver.cpp, line 805]
Event: 6.769 Thread 0x0000028438e6f420 Exception <a 'sun/nio/fs/WindowsException'{0x00000000c4fe7f50}> (0x00000000c4fe7f50) 
thrown [s\src\hotspot\share\prims\jni.cpp, line 518]
Event: 7.082 Thread 0x0000028438e6f420 Exception <a 'java/lang/NoSuchMethodError'{0x00000000c63d8c70}: 'java.lang.Object java.lang.invoke.DirectMethodHandle$Holder.invokeSpecial(java.lang.Object, java.lang.Object, int, java.lang.Object, java.lang.Object)'> (0x00000000c63d8c70) 
thrown [s\src\hotspot\share\interpreter\linkResolver.cpp, line 805]
Event: 7.083 Thread 0x0000028438e6f420 Exception <a 'java/lang/NoSuchMethodError'{0x00000000c63e8e50}: 'java.lang.Object java.lang.invoke.DirectMethodHandle$Holder.newInvokeSpecial(java.lang.Object, java.lang.Object, int)'> (0x00000000c63e8e50) 
thrown [s\src\hotspot\share\interpreter\linkResolver.cpp, line 805]
Event: 7.208 Thread 0x0000028438e6f420 Exception <a 'java/lang/NoSuchMethodError'{0x00000000c62e8e28}: 'java.lang.Object java.lang.invoke.DirectMethodHandle$Holder.newInvokeSpecial(java.lang.Object, java.lang.Object, java.lang.Object, java.lang.Object, java.lang.Object, java.lang.Object)'> (0x00000000c62e8e28) 
thrown [s\src\hotspot\share\interpreter\linkResolver.cpp, line 805]
Event: 7.221 Thread 0x0000028438e6f420 Exception <a 'java/lang/NoSuchMethodError'{0x00000000c6113008}: 'java.lang.Object java.lang.invoke.DirectMethodHandle$Holder.invokeStaticInit(java.lang.Object, java.lang.Object, java.lang.Object, java.lang.Object, java.lang.Object, java.lang.Object, java.lang.Object)'> (0x00000000c6113008) 
thrown [s\src\hotspot\share\interpreter\linkResolver.cpp, line 805]
Event: 7.223 Thread 0x0000028438e6f420 Exception <a 'java/lang/NoSuchMethodError'{0x00000000c61255c0}: 'int java.lang.invoke.DirectMethodHandle$Holder.invokeStaticInit(java.lang.Object, int, int)'> (0x00000000c61255c0) 
thrown [s\src\hotspot\share\interpreter\linkResolver.cpp, line 805]
Event: 7.224 Thread 0x0000028438e6f420 Exception <a 'java/lang/NoSuchMethodError'{0x00000000c6135f98}: 'int java.lang.invoke.DirectMethodHandle$Holder.invokeStaticInit(java.lang.Object, long, long)'> (0x00000000c6135f98) 
thrown [s\src\hotspot\share\interpreter\linkResolver.cpp, line 805]
Event: 7.225 Thread 0x0000028438e6f420 Exception <a 'java/lang/NoSuchMethodError'{0x00000000c6146240}: 'int java.lang.invoke.DirectMethodHandle$Holder.invokeStaticInit(java.lang.Object, float, float)'> (0x00000000c6146240) 
thrown [s\src\hotspot\share\interpreter\linkResolver.cpp, line 805]
Event: 7.227 Thread 0x0000028438e6f420 Exception <a 'java/lang/NoSuchMethodError'{0x00000000c61564e0}: 'int java.lang.invoke.DirectMethodHandle$Holder.invokeStaticInit(java.lang.Object, double, double)'> (0x00000000c61564e0) 
thrown [s\src\hotspot\share\interpreter\linkResolver.cpp, line 805]
Event: 7.227 Thread 0x0000028438e6f420 Exception <a 'java/lang/NoSuchMethodError'{0x00000000c615f568}: 'int java.lang.invoke.DirectMethodHandle$Holder.invokeStatic(java.lang.Object, long)'> (0x00000000c615f568) 
thrown [s\src\hotspot\share\interpreter\linkResolver.cpp, line 805]
Event: 7.229 Thread 0x0000028438e6f420 Exception <a 'java/lang/NoSuchMethodError'{0x00000000c6178780}: 'java.lang.Object java.lang.invoke.DirectMethodHandle$Holder.invokeStatic(java.lang.Object, float)'> (0x00000000c6178780) 
thrown [s\src\hotspot\share\interpreter\linkResolver.cpp, line 805]
Event: 7.235 Thread 0x0000028438e6f420 Exception <a 'java/lang/NoSuchMethodError'{0x00000000c61b1300}: 'int java.lang.invoke.Invokers$Holder.linkToTargetMethod(java.lang.Object, java.lang.Object)'> (0x00000000c61b1300) 
thrown [s\src\hotspot\share\interpreter\linkResolver.cpp, line 805]
Event: 7.269 Thread 0x0000028438e6f420 Exception <a 'sun/nio/fs/WindowsException'{0x00000000c601edb0}> (0x00000000c601edb0) 
thrown [s\src\hotspot\share\prims\jni.cpp, line 518]

VM Operations (20 events):
Event: 6.131 Executing VM operation: HandshakeAllThreads (Deoptimize)
Event: 6.132 Executing VM operation: HandshakeAllThreads (Deoptimize) done
Event: 6.235 Executing VM operation: HandshakeAllThreads (Deoptimize)
Event: 6.235 Executing VM operation: HandshakeAllThreads (Deoptimize) done
Event: 6.243 Executing VM operation: HandshakeAllThreads (Deoptimize)
Event: 6.243 Executing VM operation: HandshakeAllThreads (Deoptimize) done
Event: 6.544 Executing VM operation: HandshakeAllThreads (Deoptimize)
Event: 6.544 Executing VM operation: HandshakeAllThreads (Deoptimize) done
Event: 6.555 Executing VM operation: HandshakeAllThreads (Deoptimize)
Event: 6.555 Executing VM operation: HandshakeAllThreads (Deoptimize) done
Event: 6.587 Executing VM operation: HandshakeAllThreads (Deoptimize)
Event: 6.587 Executing VM operation: HandshakeAllThreads (Deoptimize) done
Event: 6.820 Executing VM operation: CollectForMetadataAllocation (Metadata GC Threshold)
Event: 6.839 Executing VM operation: CollectForMetadataAllocation (Metadata GC Threshold) done
Event: 6.888 Executing VM operation: CollectForMetadataAllocation (Metadata GC Threshold)
Event: 6.888 Executing VM operation: CollectForMetadataAllocation (Metadata GC Threshold) done
Event: 6.894 Executing VM operation: G1PauseRemark
Event: 6.909 Executing VM operation: G1PauseRemark done
Event: 6.934 Executing VM operation: G1PauseCleanup
Event: 6.934 Executing VM operation: G1PauseCleanup done

Memory protections (0 events):
No events

Nmethod flushes (0 events):
No events

Events (13 events):
Event: 0.032 Thread 0x0000028438e6f420 Thread added: 0x0000028438e6f420
Event: 0.048 Thread 0x0000028438e6f420 Thread added: 0x000002845633cbe0
Event: 0.048 Thread 0x0000028438e6f420 Thread added: 0x000002845633ea80
Event: 0.049 Thread 0x0000028438e6f420 Thread added: 0x0000028456340970
Event: 0.049 Thread 0x0000028438e6f420 Thread added: 0x00000284563435b0
Event: 0.049 Thread 0x0000028438e6f420 Thread added: 0x0000028456344880
Event: 0.049 Thread 0x0000028438e6f420 Thread added: 0x0000028456349010
Event: 0.049 Thread 0x0000028438e6f420 Thread added: 0x000002845634c620
Event: 0.049 Thread 0x0000028438e6f420 Thread added: 0x000002845634f950
Event: 0.055 Thread 0x0000028438e6f420 Thread added: 0x00000284563dcce0
Event: 0.058 Thread 0x0000028438e6f420 Thread added: 0x00000284563dd430
Event: 0.226 Thread 0x0000028438e6f420 Thread added: 0x00000284563dbe40
Event: 0.295 Thread 0x00000284563dbe40 Thread exited: 0x00000284563dbe40


Dynamic libraries:
0x00007ff66d9a0000 - 0x00007ff66d9ae000 	C:\Program Files\Apache NetBeans\jdk\bin\java.exe
0x00007ffc334d0000 - 0x00007ffc336c8000 	C:\WINDOWS\SYSTEM32\ntdll.dll
0x00007ffc2baa0000 - 0x00007ffc2bac0000 	C:\Program Files\Avast Software\Avast\aswhook.dll
0x00007ffc314f0000 - 0x00007ffc315b2000 	C:\WINDOWS\System32\KERNEL32.DLL
0x00007ffc30cf0000 - 0x00007ffc30fe6000 	C:\WINDOWS\System32\KERNELBASE.dll
0x00007ffc30ff0000 - 0x00007ffc310f0000 	C:\WINDOWS\System32\ucrtbase.dll
0x00007ffbbd5f0000 - 0x00007ffbbd60e000 	C:\Program Files\Apache NetBeans\jdk\bin\VCRUNTIME140.dll
0x00007ffbb9b60000 - 0x00007ffbb9b76000 	C:\Program Files\Apache NetBeans\jdk\bin\jli.dll
0x00007ffc329f0000 - 0x00007ffc32b91000 	C:\WINDOWS\System32\USER32.dll
0x00007ffc17b50000 - 0x00007ffc17deb000 	C:\WINDOWS\WinSxS\amd64_microsoft.windows.common-controls_6595b64144ccf1df_6.0.19041.6456_none_60b8a6cb71f64256\COMCTL32.dll
0x00007ffc31490000 - 0x00007ffc314b2000 	C:\WINDOWS\System32\win32u.dll
0x00007ffc32ba0000 - 0x00007ffc32c3e000 	C:\WINDOWS\System32\msvcrt.dll
0x00007ffc31f20000 - 0x00007ffc31f4b000 	C:\WINDOWS\System32\GDI32.dll
0x00007ffc312f0000 - 0x00007ffc31409000 	C:\WINDOWS\System32\gdi32full.dll
0x00007ffc31250000 - 0x00007ffc312ed000 	C:\WINDOWS\System32\msvcp_win.dll
0x00007ffc31d10000 - 0x00007ffc31d3f000 	C:\WINDOWS\System32\IMM32.DLL
0x00007ffbb9c00000 - 0x00007ffbb9c0c000 	C:\Program Files\Apache NetBeans\jdk\bin\vcruntime140_1.dll
0x00007ffbb77b0000 - 0x00007ffbb783d000 	C:\Program Files\Apache NetBeans\jdk\bin\msvcp140.dll
0x00007ffbb9c10000 - 0x00007ffbbaa8c000 	C:\Program Files\Apache NetBeans\jdk\bin\server\jvm.dll
0x00007ffc32890000 - 0x00007ffc32941000 	C:\WINDOWS\System32\ADVAPI32.dll
0x00007ffc32950000 - 0x00007ffc329ef000 	C:\WINDOWS\System32\sechost.dll
0x00007ffc332a0000 - 0x00007ffc333c0000 	C:\WINDOWS\System32\RPCRT4.dll
0x00007ffc314c0000 - 0x00007ffc314e7000 	C:\WINDOWS\System32\bcrypt.dll
0x00007ffc33230000 - 0x00007ffc3329b000 	C:\WINDOWS\System32\WS2_32.dll
0x00007ffc2cca0000 - 0x00007ffc2ccaa000 	C:\WINDOWS\SYSTEM32\VERSION.dll
0x00007ffc14850000 - 0x00007ffc14877000 	C:\WINDOWS\SYSTEM32\WINMM.dll
0x00007ffc30910000 - 0x00007ffc3095b000 	C:\WINDOWS\SYSTEM32\POWRPROF.dll
0x00007ffc308f0000 - 0x00007ffc30902000 	C:\WINDOWS\SYSTEM32\UMPDC.dll
0x00007ffc2f370000 - 0x00007ffc2f382000 	C:\WINDOWS\SYSTEM32\kernel.appcore.dll
0x00007ffbb9b90000 - 0x00007ffbb9b9a000 	C:\Program Files\Apache NetBeans\jdk\bin\jimage.dll
0x00007ffc2f070000 - 0x00007ffc2f271000 	C:\WINDOWS\SYSTEM32\DBGHELP.DLL
0x00007ffc28040000 - 0x00007ffc28074000 	C:\WINDOWS\SYSTEM32\dbgcore.DLL
0x00007ffc30c60000 - 0x00007ffc30ce2000 	C:\WINDOWS\System32\bcryptPrimitives.dll
0x00007ffbb9ba0000 - 0x00007ffbb9bbe000 	C:\Program Files\Apache NetBeans\jdk\bin\java.dll
0x00007ffc31df0000 - 0x00007ffc31f1b000 	C:\WINDOWS\System32\ole32.dll
0x00007ffc32ca0000 - 0x00007ffc32ff4000 	C:\WINDOWS\System32\combase.dll
0x00007ffc31f60000 - 0x00007ffc326d0000 	C:\WINDOWS\System32\SHELL32.dll
0x00007ffc2e7f0000 - 0x00007ffc2ef95000 	C:\WINDOWS\SYSTEM32\windows.storage.dll
0x00007ffc30510000 - 0x00007ffc3053b000 	C:\WINDOWS\SYSTEM32\Wldp.dll
0x00007ffc333c0000 - 0x00007ffc3348d000 	C:\WINDOWS\System32\OLEAUT32.dll
0x00007ffc31d40000 - 0x00007ffc31ded000 	C:\WINDOWS\System32\SHCORE.dll
0x00007ffc315d0000 - 0x00007ffc3162b000 	C:\WINDOWS\System32\shlwapi.dll
0x00007ffc30a90000 - 0x00007ffc30ab4000 	C:\WINDOWS\SYSTEM32\profapi.dll
0x00007ffbb9910000 - 0x00007ffbb99e7000 	C:\Program Files\Apache NetBeans\jdk\bin\jsvml.dll
0x00007ffbb98e0000 - 0x00007ffbb98f0000 	C:\Program Files\Apache NetBeans\jdk\bin\net.dll
0x00007ffc30210000 - 0x00007ffc3027a000 	C:\WINDOWS\system32\mswsock.dll
0x00007ffbb98c0000 - 0x00007ffbb98d6000 	C:\Program Files\Apache NetBeans\jdk\bin\nio.dll
0x00007ffbb98f0000 - 0x00007ffbb9907000 	C:\Program Files\Apache NetBeans\jdk\bin\zip.dll
0x00007ffb8b030000 - 0x00007ffb8b054000 	C:\Program Files\Apache NetBeans\java\maven\lib\jansi-native\Windows\x86_64\jansi.dll
0x00007ffbb98b0000 - 0x00007ffbb98c0000 	C:\Program Files\Apache NetBeans\jdk\bin\verify.dll
0x00007ffc2fd80000 - 0x00007ffc2fdb3000 	C:\WINDOWS\SYSTEM32\ntmarta.dll

JVMTI agents: none

dbghelp: loaded successfully - version: 4.0.5 - missing functions: none
symbol engine: initialized successfully - sym options: 0x614 - pdb path: .;C:\Program Files\Apache NetBeans\jdk\bin;C:\WINDOWS\SYSTEM32;C:\Program Files\Avast Software\Avast;C:\WINDOWS\WinSxS\amd64_microsoft.windows.common-controls_6595b64144ccf1df_6.0.19041.6456_none_60b8a6cb71f64256;C:\Program Files\Apache NetBeans\jdk\bin\server;C:\Program Files\Apache NetBeans\java\maven\lib\jansi-native\Windows\x86_64

VM Arguments:
jvm_args: -Dclassworlds.conf=C:\Program Files\Apache NetBeans\java\maven\bin\m2.conf -Dmaven.home=C:\Program Files\Apache NetBeans\java\maven -Dlibrary.jansi.path=C:\Program Files\Apache NetBeans\java\maven\lib\jansi-native -Dmaven.multiModuleProjectDirectory=C:\Users\agent\Documents\NetBeansProjects\institution_gestion_notes 
java_command: org.codehaus.plexus.classworlds.launcher.Launcher -Dmaven.ext.class.path=C:\Program Files\Apache NetBeans\java\maven-nblib\netbeans-eventspy.jar --no-transfer-progress clean install
java_class_path (initial): C:\Program Files\Apache NetBeans\java\maven\boot\plexus-classworlds-2.8.0.jar
Launcher Type: SUN_STANDARD

[Global flags]
     intx CICompilerCount                          = 3                                         {product} {ergonomic}
     uint ConcGCThreads                            = 1                                         {product} {ergonomic}
     uint G1ConcRefinementThreads                  = 4                                         {product} {ergonomic}
   size_t G1HeapRegionSize                         = 1048576                                   {product} {ergonomic}
   size_t InitialHeapSize                          = 67108864                                  {product} {ergonomic}
   size_t MarkStackSize                            = 4194304                                   {product} {ergonomic}
   size_t MarkStackSizeMax                         = 536870912                                 {product} {ergonomic}
   size_t MaxHeapSize                              = 1050673152                                {product} {ergonomic}
   size_t MaxNewSize                               = 630194176                                 {product} {ergonomic}
   size_t MinHeapDeltaBytes                        = 1048576                                   {product} {ergonomic}
   size_t MinHeapSize                              = 8388608                                   {product} {ergonomic}
    uintx NonNMethodCodeHeapSize                   = 5832704                                {pd product} {ergonomic}
    uintx NonProfiledCodeHeapSize                  = 122945536                              {pd product} {ergonomic}
    uintx ProfiledCodeHeapSize                     = 122880000                              {pd product} {ergonomic}
    uintx ReservedCodeCacheSize                    = 251658240                              {pd product} {ergonomic}
     bool SegmentedCodeCache                       = true                                      {product} {ergonomic}
   size_t SoftMaxHeapSize                          = 1050673152                             {manageable} {ergonomic}
     bool UseCompressedOops                        = true                           {product lp64_product} {ergonomic}
     bool UseG1GC                                  = true                                      {product} {ergonomic}
     bool UseLargePagesIndividualAllocation        = false                                  {pd product} {ergonomic}

Logging:
Log output configuration:
 #0: stdout all=warning uptime,level,tags foldmultilines=false
 #1: stderr all=off uptime,level,tags foldmultilines=false

Environment Variables:
JAVA_HOME=C:\Program Files\Apache NetBeans\jdk
PATH=C:\oracle\product\10.2.0\db_1\bin;C:\Program Files\Common Files\Oracle\Java\javapath;C:\Program Files (x86)\Common Files\Oracle\Java\javapath;C:\WINDOWS\system32;C:\WINDOWS;C:\WINDOWS\System32\Wbem;C:\WINDOWS\System32\WindowsPowerShell\v1.0\;C:\WINDOWS\System32\OpenSSH\;C:\Program Files (x86)\Intel\Intel(R) Management Engine Components\DAL;C:\Program Files\Intel\Intel(R) Management Engine Components\DAL;C:\Program Files (x86)\Intel\Intel(R) Management Engine Components\IPT;C:\Program Files\Intel\Intel(R) Management Engine Components\IPT;C:\Users\agent\AppData\Local\Microsoft\WindowsApps;
USERNAME=agent
OS=Windows_NT
PROCESSOR_IDENTIFIER=Intel64 Family 6 Model 142 Stepping 10, GenuineIntel
TMP=C:\Users\agent\AppData\Local\Temp
TEMP=C:\Users\agent\AppData\Local\Temp




Periodic native trim disabled

---------------  S Y S T E M  ---------------

OS:
 Windows 10 , 64 bit Build 19041 (10.0.19041.5915)
OS uptime: 2 days 7:22 hours

CPU: total 4 (initial active 4) (2 cores per cpu, 2 threads per core) family 6 model 142 stepping 10 microcode 0xe0, cx8, cmov, fxsr, ht, mmx, 3dnowpref, sse, sse2, sse3, ssse3, sse4.1, sse4.2, popcnt, lzcnt, tsc, tscinvbit, avx, avx2, aes, erms, clmul, bmi1, bmi2, adx, fma, vzeroupper, clflush, clflushopt, rdtscp, f16c
Processor Information for the first 4 processors :
  Max Mhz: 2201, Current Mhz: 2201, Mhz Limit: 2201

Memory: 4k page, system-wide physical 4007M (229M free)
TotalPageFile size 16295M (AvailPageFile size 13M)
current process WorkingSet (physical memory assigned to process): 195M, peak: 195M
current process commit charge ("private bytes"): 225M, peak: 239M

vm_info: OpenJDK 64-Bit Server VM (24.0.1+9) for windows-amd64 JRE (24.0.1+9) (Zulu24.30+11-CA), built on 2025-03-21T13:52:34Z with MS VC++ 17.1 (VS2022)

END.
