#
# There is insufficient memory for the Java Runtime Environment to continue.
# Native memory allocation (mmap) failed to map 18874368 bytes. Error detail: G1 virtual space
# Possible reasons:
#   The system is out of physical RAM or swap space
#   This process is running with CompressedOops enabled, and the Java Heap may be blocking the growth of the native heap
# Possible solutions:
#   Reduce memory load on the system
#   Increase physical memory or swap space
#   Check if swap backing store is full
#   Decrease Java heap size (-Xmx/-Xms)
#   Decrease number of Java threads
#   Decrease Java thread stack sizes (-Xss)
#   Set larger code cache with -XX:ReservedCodeCacheSize=
#   JVM is running with Unscaled Compressed Oops mode in which the Java heap is
#     placed in the first 4GB address space. The Java Heap base address is the
#     maximum limit for the native heap growth. Please use -XX:HeapBaseMinAddress
#     to set the Java Heap base and to place the Java Heap above 4GB virtual address.
# This output file may be truncated or incomplete.
#
#  Out of Memory Error (os_windows.cpp:3564), pid=2132, tid=10368
#
# JRE version: OpenJDK Runtime Environment Zulu24.30+11-CA (24.0.1+9) (build 24.0.1+9)
# Java VM: OpenJDK 64-Bit Server VM Zulu24.30+11-CA (24.0.1+9, mixed mode, sharing, tiered, compressed oops, compressed class ptrs, g1 gc, windows-amd64)
# No core dump will be written. Minidumps are not enabled by default on client versions of Windows
#

---------------  S U M M A R Y ------------

Command Line: -Dclassworlds.conf=C:\Program Files\Apache NetBeans\java\maven\bin\m2.conf -Dmaven.home=C:\Program Files\Apache NetBeans\java\maven -Dlibrary.jansi.path=C:\Program Files\Apache NetBeans\java\maven\lib\jansi-native -Dmaven.multiModuleProjectDirectory=C:\Users\agent\Documents\NetBeansProjects\institution_gestion_notes org.codehaus.plexus.classworlds.launcher.Launcher -Drun.jvmArguments=-noverify -XX:TieredStopAtLevel=1 -Drun.mainClass=institution_gestion_notes.Institution_gestion_notesApplication -Dexec.vmArgs= -Dexec.appArgs= -Dmaven.ext.class.path=C:\Program Files\Apache NetBeans\java\maven-nblib\netbeans-eventspy.jar --no-transfer-progress spring-boot:run

Host: Intel(R) Core(TM) i3-8130U CPU @ 2.20GHz, 4 cores, 3G,  Windows 10 , 64 bit Build 19041 (10.0.19041.5915)
Time: Sat Feb 14 00:40:04 2026 Eastern Standard Time elapsed time: 8.371865 seconds (0d 0h 0m 8s)

---------------  T H R E A D  ---------------

Current thread (0x000001255184d960):  VMThread "VM Thread"          [id=10368, stack(0x0000001de4000000,0x0000001de4100000) (1024K)]

Stack: [0x0000001de4000000,0x0000001de4100000]
Native frames: (J=compiled Java code, j=interpreted, Vv=VM code, C=native code)
V  [jvm.dll+0x7410c9]  (no source info available)
V  [jvm.dll+0x97def3]  (no source info available)
V  [jvm.dll+0x98021d]  (no source info available)
V  [jvm.dll+0x980893]  (no source info available)
V  [jvm.dll+0x2b5b16]  (no source info available)
V  [jvm.dll+0x73d535]  (no source info available)
V  [jvm.dll+0x730d0a]  (no source info available)
V  [jvm.dll+0x39ea4a]  (no source info available)
V  [jvm.dll+0x3a6746]  (no source info available)
V  [jvm.dll+0x392fce]  (no source info available)
V  [jvm.dll+0x393288]  (no source info available)
V  [jvm.dll+0x369fcc]  (no source info available)
V  [jvm.dll+0x36cd29]  (no source info available)
V  [jvm.dll+0x3786f1]  (no source info available)
V  [jvm.dll+0x3b5ad5]  (no source info available)
V  [jvm.dll+0x986a9a]  (no source info available)
V  [jvm.dll+0x987ddc]  (no source info available)
V  [jvm.dll+0x988348]  (no source info available)
V  [jvm.dll+0x9885e3]  (no source info available)
V  [jvm.dll+0x920928]  (no source info available)
V  [jvm.dll+0x73f855]  (no source info available)
C  [ucrtbase.dll+0x21bb2]  (no source info available)
C  [KERNEL32.DLL+0x17374]  (no source info available)
C  [ntdll.dll+0x4cc91]  (no source info available)

VM_Operation (0x0000001de3bff600): G1PauseRemark, mode: safepoint, requested by thread 0x00000125517cb220


---------------  P R O C E S S  ---------------

Threads class SMR info:
_java_thread_list=0x0000012541e25140, length=11, elements={
0x000001254f48ea70, 0x000001254112eb90, 0x0000012541131a90, 0x0000012541134070,
0x00000125411373c0, 0x0000012541137ef0, 0x000001254113bee0, 0x000001254113ed50,
0x0000012541142100, 0x00000125411c2a80, 0x00000125411e8fd0
}

Java Threads: ( => current thread )
  0x000001254f48ea70 JavaThread "main"                              [_thread_blocked, id=7768, stack(0x0000001de3900000,0x0000001de3a00000) (1024K)]
  0x000001254112eb90 JavaThread "Reference Handler"          daemon [_thread_blocked, id=17412, stack(0x0000001de4100000,0x0000001de4200000) (1024K)]
  0x0000012541131a90 JavaThread "Finalizer"                  daemon [_thread_blocked, id=2072, stack(0x0000001de4200000,0x0000001de4300000) (1024K)]
  0x0000012541134070 JavaThread "Signal Dispatcher"          daemon [_thread_blocked, id=7612, stack(0x0000001de4300000,0x0000001de4400000) (1024K)]
  0x00000125411373c0 JavaThread "Attach Listener"            daemon [_thread_blocked, id=13740, stack(0x0000001de4400000,0x0000001de4500000) (1024K)]
  0x0000012541137ef0 JavaThread "Service Thread"             daemon [_thread_blocked, id=10988, stack(0x0000001de4500000,0x0000001de4600000) (1024K)]
  0x000001254113bee0 JavaThread "Monitor Deflation Thread"   daemon [_thread_blocked, id=14472, stack(0x0000001de4600000,0x0000001de4700000) (1024K)]
  0x000001254113ed50 JavaThread "C2 CompilerThread0"         daemon [_thread_blocked, id=16488, stack(0x0000001de4700000,0x0000001de4800000) (1024K)]
  0x0000012541142100 JavaThread "C1 CompilerThread0"         daemon [_thread_blocked, id=16132, stack(0x0000001de4800000,0x0000001de4900000) (1024K)]
  0x00000125411c2a80 JavaThread "Notification Thread"        daemon [_thread_blocked, id=9068, stack(0x0000001de4900000,0x0000001de4a00000) (1024K)]
  0x00000125411e8fd0 JavaThread "Common-Cleaner"             daemon [_thread_blocked, id=2744, stack(0x0000001de4a00000,0x0000001de4b00000) (1024K)]
Total: 11

Other Threads:
=>0x000001255184d960 VMThread "VM Thread"                           [id=10368, stack(0x0000001de4000000,0x0000001de4100000) (1024K)]
  0x00000125518463d0 WatcherThread "VM Periodic Task Thread"        [id=13828, stack(0x0000001de3f00000,0x0000001de4000000) (1024K)]
  0x00000125517bf2e0 WorkerThread "GC Thread#0"                     [id=10656, stack(0x0000001de3a00000,0x0000001de3b00000) (1024K)]
  0x0000012546288590 WorkerThread "GC Thread#1"                     [id=11128, stack(0x0000001de4b00000,0x0000001de4c00000) (1024K)]
  0x000001254601f960 WorkerThread "GC Thread#2"                     [id=7468, stack(0x0000001de4c00000,0x0000001de4d00000) (1024K)]
  0x000001254601fd10 WorkerThread "GC Thread#3"                     [id=3660, stack(0x0000001de4d00000,0x0000001de4e00000) (1024K)]
  0x00000125517cb220 ConcurrentGCThread "G1 Main Marker"            [id=7232, stack(0x0000001de3b00000,0x0000001de3c00000) (1024K)]
  0x00000125517cbd30 WorkerThread "G1 Conc#0"                       [id=9928, stack(0x0000001de3c00000,0x0000001de3d00000) (1024K)]
  0x0000012551829080 ConcurrentGCThread "G1 Refine#0"               [id=4788, stack(0x0000001de3d00000,0x0000001de3e00000) (1024K)]
  0x0000012551829c00 ConcurrentGCThread "G1 Service"                [id=4820, stack(0x0000001de3e00000,0x0000001de3f00000) (1024K)]
Total: 10

Threads with active compile tasks:
C2 CompilerThread0  8798 4827       4       java.lang.invoke.MethodType::makeImpl (155 bytes)
Total: 1

VM state: at safepoint (normal execution)

VM Mutex/Monitor currently owned by a thread:  ([mutex/lock_event])
[0x00007ffd7aa94fc8] Threads_lock - owner thread: 0x000001255184d960
[0x00007ffd7aa950c8] Heap_lock - owner thread: 0x00000125517cb220

Heap address: 0x00000000c1600000, size: 1002 MB, Compressed Oops mode: 32-bit

CDS archive(s) mapped at: [0x0000012500000000-0x0000012500d40000-0x0000012500d40000), size 13893632, SharedBaseAddress: 0x0000012500000000, ArchiveRelocationMode: 1.
Compressed class space mapped at: 0x0000012501000000-0x0000012541000000, reserved size: 1073741824
UseCompressedClassPointers 1, UseCompactObjectHeaders 0
Narrow klass pointer bits 32, Max shift 3
Narrow klass base: 0x0000012500000000, Narrow klass shift: 0
Encoding Range: [0x0000012500000000 - 0x0000012600000000), (4294967296 bytes)
Klass Range:    [0x0000012500000000 - 0x0000012541000000), (1090519040 bytes)
Klass ID Range:  [8 - 1090519033) (1090519025)

GC Precious Log:
 CardTable entry size: 512
 Card Set container configuration: InlinePtr #cards 5 size 8 Array Of Cards #cards 10 size 36 Howl #buckets 4 coarsen threshold 1843 Howl Bitmap #cards 512 size 80 coarsen threshold 460 Card regions per heap region 1 cards per card region 2048
 CPUs: 4 total, 4 available
 Memory: 4007M
 Large Page Support: Disabled
 NUMA Support: Disabled
 Compressed Oops: Enabled (32-bit)
 Heap Region Size: 1M
 Heap Min Capacity: 8M
 Heap Initial Capacity: 64M
 Heap Max Capacity: 1002M
 Pre-touch: Disabled
 Parallel Workers: 4
 Concurrent Workers: 1
 Concurrent Refinement Workers: 4
 Periodic GC: Disabled

Heap:
 garbage-first heap   total reserved 1026048K, committed 67584K, used 48707K [0x00000000c1600000, 0x0000000100000000)
  region size 1024K, 3 young (3072K), 2 survivors (2048K)
 Metaspace       used 17573K, committed 17856K, reserved 1114112K
  class space    used 1685K, committed 1792K, reserved 1048576K

Heap Regions: E=young(eden), S=young(survivor), O=old, HS=humongous(starts), HC=humongous(continues), CS=collection set, F=free, TAMS=top-at-mark-start, PB=parsable bottom
|   0|0x00000000c1600000, 0x00000000c1700000, 0x00000000c1700000|100%| O|  |TAMS 0x00000000c1700000| PB 0x00000000c1700000| Untracked |  0
|   1|0x00000000c1700000, 0x00000000c1800000, 0x00000000c1800000|100%| O|  |TAMS 0x00000000c1800000| PB 0x00000000c1800000| Untracked |  0
|   2|0x00000000c1800000, 0x00000000c1900000, 0x00000000c1900000|100%| O|  |TAMS 0x00000000c1900000| PB 0x00000000c1900000| Untracked |  0
|   3|0x00000000c1900000, 0x00000000c1a00000, 0x00000000c1a00000|100%| O|  |TAMS 0x00000000c1a00000| PB 0x00000000c1a00000| Untracked |  0
|   4|0x00000000c1a00000, 0x00000000c1b00000, 0x00000000c1b00000|100%| O|  |TAMS 0x00000000c1b00000| PB 0x00000000c1b00000| Untracked |  0
|   5|0x00000000c1b00000, 0x00000000c1c00000, 0x00000000c1c00000|100%| O|  |TAMS 0x00000000c1c00000| PB 0x00000000c1c00000| Untracked |  0
|   6|0x00000000c1c00000, 0x00000000c1d00000, 0x00000000c1d00000|100%| O|  |TAMS 0x00000000c1d00000| PB 0x00000000c1d00000| Untracked |  0
|   7|0x00000000c1d00000, 0x00000000c1e00000, 0x00000000c1e00000|100%| O|  |TAMS 0x00000000c1e00000| PB 0x00000000c1e00000| Untracked |  0
|   8|0x00000000c1e00000, 0x00000000c1f00000, 0x00000000c1f00000|100%| O|  |TAMS 0x00000000c1f00000| PB 0x00000000c1f00000| Untracked |  0
|   9|0x00000000c1f00000, 0x00000000c2000000, 0x00000000c2000000|100%| O|  |TAMS 0x00000000c2000000| PB 0x00000000c2000000| Untracked |  0
|  10|0x00000000c2000000, 0x00000000c2100000, 0x00000000c2100000|100%| O|  |TAMS 0x00000000c2100000| PB 0x00000000c2100000| Untracked |  0
|  11|0x00000000c2100000, 0x00000000c2200000, 0x00000000c2200000|100%| O|  |TAMS 0x00000000c21c2400| PB 0x00000000c21c2400| Untracked |  0
|  12|0x00000000c2200000, 0x00000000c2300000, 0x00000000c2300000|100%|HS|  |TAMS 0x00000000c2300000| PB 0x00000000c2200000| Complete |  0
|  13|0x00000000c2300000, 0x00000000c2400000, 0x00000000c2400000|100%|HC|  |TAMS 0x00000000c2400000| PB 0x00000000c2300000| Complete |  0
|  14|0x00000000c2400000, 0x00000000c2500000, 0x00000000c2500000|100%|HC|  |TAMS 0x00000000c2500000| PB 0x00000000c2400000| Complete |  0
|  15|0x00000000c2500000, 0x00000000c2600000, 0x00000000c2600000|100%|HC|  |TAMS 0x00000000c2600000| PB 0x00000000c2500000| Complete |  0
|  16|0x00000000c2600000, 0x00000000c2700000, 0x00000000c2700000|100%|HC|  |TAMS 0x00000000c2700000| PB 0x00000000c2600000| Complete |  0
|  17|0x00000000c2700000, 0x00000000c2800000, 0x00000000c2800000|100%|HC|  |TAMS 0x00000000c2800000| PB 0x00000000c2700000| Complete |  0
|  18|0x00000000c2800000, 0x00000000c2900000, 0x00000000c2900000|100%|HC|  |TAMS 0x00000000c2900000| PB 0x00000000c2800000| Complete |  0
|  19|0x00000000c2900000, 0x00000000c2a00000, 0x00000000c2a00000|100%|HC|  |TAMS 0x00000000c2a00000| PB 0x00000000c2900000| Complete |  0
|  20|0x00000000c2a00000, 0x00000000c2b00000, 0x00000000c2b00000|100%|HS|  |TAMS 0x00000000c2b00000| PB 0x00000000c2a00000| Complete |  0
|  21|0x00000000c2b00000, 0x00000000c2c00000, 0x00000000c2c00000|100%|HC|  |TAMS 0x00000000c2c00000| PB 0x00000000c2b00000| Complete |  0
|  22|0x00000000c2c00000, 0x00000000c2d00000, 0x00000000c2d00000|100%|HC|  |TAMS 0x00000000c2d00000| PB 0x00000000c2c00000| Complete |  0
|  23|0x00000000c2d00000, 0x00000000c2e00000, 0x00000000c2e00000|100%|HC|  |TAMS 0x00000000c2e00000| PB 0x00000000c2d00000| Complete |  0
|  24|0x00000000c2e00000, 0x00000000c2f00000, 0x00000000c2f00000|100%|HC|  |TAMS 0x00000000c2f00000| PB 0x00000000c2e00000| Complete |  0
|  25|0x00000000c2f00000, 0x00000000c3000000, 0x00000000c3000000|100%|HC|  |TAMS 0x00000000c3000000| PB 0x00000000c2f00000| Complete |  0
|  26|0x00000000c3000000, 0x00000000c3100000, 0x00000000c3100000|100%|HC|  |TAMS 0x00000000c3100000| PB 0x00000000c3000000| Complete |  0
|  27|0x00000000c3100000, 0x00000000c3200000, 0x00000000c3200000|100%|HC|  |TAMS 0x00000000c3200000| PB 0x00000000c3100000| Complete |  0
|  28|0x00000000c3200000, 0x00000000c3300000, 0x00000000c3300000|100%|HC|  |TAMS 0x00000000c3300000| PB 0x00000000c3200000| Complete |  0
|  29|0x00000000c3300000, 0x00000000c3400000, 0x00000000c3400000|100%|HC|  |TAMS 0x00000000c3400000| PB 0x00000000c3300000| Complete |  0
|  30|0x00000000c3400000, 0x00000000c3500000, 0x00000000c3500000|100%|HC|  |TAMS 0x00000000c3500000| PB 0x00000000c3400000| Complete |  0
|  31|0x00000000c3500000, 0x00000000c3600000, 0x00000000c3600000|100%|HC|  |TAMS 0x00000000c3600000| PB 0x00000000c3500000| Complete |  0
|  32|0x00000000c3600000, 0x00000000c3700000, 0x00000000c3700000|100%| O|  |TAMS 0x00000000c3600000| PB 0x00000000c3600000| Untracked |  0
|  33|0x00000000c3700000, 0x00000000c373a9c8, 0x00000000c3800000| 22%| O|  |TAMS 0x00000000c3700000| PB 0x00000000c3700000| Untracked |  0
|  34|0x00000000c3800000, 0x00000000c3900000, 0x00000000c3900000|100%|HS|  |TAMS 0x00000000c3800000| PB 0x00000000c3800000| Complete |  0
|  35|0x00000000c3900000, 0x00000000c3a00000, 0x00000000c3a00000|100%|HC|  |TAMS 0x00000000c3900000| PB 0x00000000c3900000| Complete |  0
|  36|0x00000000c3a00000, 0x00000000c3b00000, 0x00000000c3b00000|100%|HC|  |TAMS 0x00000000c3a00000| PB 0x00000000c3a00000| Complete |  0
|  37|0x00000000c3b00000, 0x00000000c3c00000, 0x00000000c3c00000|100%|HC|  |TAMS 0x00000000c3b00000| PB 0x00000000c3b00000| Complete |  0
|  38|0x00000000c3c00000, 0x00000000c3d00000, 0x00000000c3d00000|100%|HC|  |TAMS 0x00000000c3c00000| PB 0x00000000c3c00000| Complete |  0
|  39|0x00000000c3d00000, 0x00000000c3e00000, 0x00000000c3e00000|100%|HC|  |TAMS 0x00000000c3d00000| PB 0x00000000c3d00000| Complete |  0
|  40|0x00000000c3e00000, 0x00000000c3f00000, 0x00000000c3f00000|100%|HC|  |TAMS 0x00000000c3e00000| PB 0x00000000c3e00000| Complete |  0
|  41|0x00000000c3f00000, 0x00000000c4000000, 0x00000000c4000000|100%|HC|  |TAMS 0x00000000c3f00000| PB 0x00000000c3f00000| Complete |  0
|  42|0x00000000c4000000, 0x00000000c4100000, 0x00000000c4100000|100%|HC|  |TAMS 0x00000000c4000000| PB 0x00000000c4000000| Complete |  0
|  43|0x00000000c4100000, 0x00000000c4200000, 0x00000000c4200000|100%|HC|  |TAMS 0x00000000c4100000| PB 0x00000000c4100000| Complete |  0
|  44|0x00000000c4200000, 0x00000000c4300000, 0x00000000c4300000|100%|HC|  |TAMS 0x00000000c4200000| PB 0x00000000c4200000| Complete |  0
|  45|0x00000000c4300000, 0x00000000c4400000, 0x00000000c4400000|100%|HC|  |TAMS 0x00000000c4300000| PB 0x00000000c4300000| Complete |  0
|  46|0x00000000c4400000, 0x00000000c4400000, 0x00000000c4500000|  0%| F|  |TAMS 0x00000000c4400000| PB 0x00000000c4400000| Untracked |  0
|  47|0x00000000c4500000, 0x00000000c4500000, 0x00000000c4600000|  0%| F|  |TAMS 0x00000000c4500000| PB 0x00000000c4500000| Untracked |  0
|  48|0x00000000c4600000, 0x00000000c4600000, 0x00000000c4700000|  0%| F|  |TAMS 0x00000000c4600000| PB 0x00000000c4600000| Untracked |  0
|  49|0x00000000c4700000, 0x00000000c4700000, 0x00000000c4800000|  0%| F|  |TAMS 0x00000000c4700000| PB 0x00000000c4700000| Untracked |  0
|  50|0x00000000c4800000, 0x00000000c4800000, 0x00000000c4900000|  0%| F|  |TAMS 0x00000000c4800000| PB 0x00000000c4800000| Untracked |  0
|  51|0x00000000c4900000, 0x00000000c4900000, 0x00000000c4a00000|  0%| F|  |TAMS 0x00000000c4900000| PB 0x00000000c4900000| Untracked |  0
|  52|0x00000000c4a00000, 0x00000000c4a00000, 0x00000000c4b00000|  0%| F|  |TAMS 0x00000000c4a00000| PB 0x00000000c4a00000| Untracked |  0
|  53|0x00000000c4b00000, 0x00000000c4b00000, 0x00000000c4c00000|  0%| F|  |TAMS 0x00000000c4b00000| PB 0x00000000c4b00000| Untracked |  0
|  54|0x00000000c4c00000, 0x00000000c4c00000, 0x00000000c4d00000|  0%| F|  |TAMS 0x00000000c4c00000| PB 0x00000000c4c00000| Untracked |  0
|  55|0x00000000c4d00000, 0x00000000c4d00000, 0x00000000c4e00000|  0%| F|  |TAMS 0x00000000c4d00000| PB 0x00000000c4d00000| Untracked |  0
|  56|0x00000000c4e00000, 0x00000000c4e00000, 0x00000000c4f00000|  0%| F|  |TAMS 0x00000000c4e00000| PB 0x00000000c4e00000| Untracked |  0
|  57|0x00000000c4f00000, 0x00000000c4f00000, 0x00000000c5000000|  0%| F|  |TAMS 0x00000000c4f00000| PB 0x00000000c4f00000| Untracked |  0
|  58|0x00000000c5000000, 0x00000000c5000000, 0x00000000c5100000|  0%| F|  |TAMS 0x00000000c5000000| PB 0x00000000c5000000| Untracked |  0
|  59|0x00000000c5100000, 0x00000000c5100000, 0x00000000c5200000|  0%| F|  |TAMS 0x00000000c5100000| PB 0x00000000c5100000| Untracked |  0
|  60|0x00000000c5200000, 0x00000000c5200000, 0x00000000c5300000|  0%| F|  |TAMS 0x00000000c5200000| PB 0x00000000c5200000| Untracked |  0
|  61|0x00000000c5300000, 0x00000000c5339f78, 0x00000000c5400000| 22%| S|CS|TAMS 0x00000000c5300000| PB 0x00000000c5300000| Complete |  0
|  62|0x00000000c5400000, 0x00000000c5500000, 0x00000000c5500000|100%| S|CS|TAMS 0x00000000c5400000| PB 0x00000000c5400000| Complete |  0
|  63|0x00000000c5500000, 0x00000000c558c408, 0x00000000c5600000| 54%| E|  |TAMS 0x00000000c5500000| PB 0x00000000c5500000| Complete |  0
|1000|0x00000000ffe00000, 0x00000000fff00000, 0x00000000fff00000|100%| O|  |TAMS 0x00000000fff00000| PB 0x00000000fff00000| Untracked |  0
|1001|0x00000000fff00000, 0x00000000fff1c2f8, 0x0000000100000000| 11%| O|Cm|TAMS 0x00000000fff1c2f8| PB 0x00000000fff1c2f8| Updating |  0

Card table byte_map: [0x0000012569490000,0x0000012569690000] _byte_map_base: 0x0000012568e85000

Marking Bits: (CMBitMap*) 0x00000125517c0a00
 Bits: [0x0000012569690000, 0x000001256a638000)

Polling page: 0x000001254f760000

Metaspace:

Usage:
  Non-class:     15.52 MB used.
      Class:      1.65 MB used.
       Both:     17.16 MB used.

Virtual space:
  Non-class space:       64.00 MB reserved,      15.69 MB ( 25%) committed,  1 nodes.
      Class space:        1.00 GB reserved,       1.75 MB ( <1%) committed,  1 nodes.
             Both:        1.06 GB reserved,      17.44 MB (  2%) committed. 

Chunk freelists:
   Non-Class:  15.58 MB
       Class:  14.20 MB
        Both:  29.78 MB

MaxMetaspaceSize: unlimited
CompressedClassSpaceSize: 1.00 GB
Initial GC threshold: 21.00 MB
Current GC threshold: 21.00 MB
CDS: on
 - commit_granule_bytes: 65536.
 - commit_granule_words: 8192.
 - virtual_space_node_default_size: 8388608.
 - enlarge_chunks_in_place: 1.
UseCompressedClassPointers 1, UseCompactObjectHeaders 0
Narrow klass pointer bits 32, Max shift 3
Narrow klass base: 0x0000012500000000, Narrow klass shift: 0
Encoding Range: [0x0000012500000000 - 0x0000012600000000), (4294967296 bytes)
Klass Range:    [0x0000012500000000 - 0x0000012541000000), (1090519040 bytes)
Klass ID Range:  [8 - 1090519033) (1090519025)


Internal statistics:

num_allocs_failed_limit: 0.
num_arena_births: 206.
num_arena_deaths: 0.
num_vsnodes_births: 2.
num_vsnodes_deaths: 0.
num_space_committed: 279.
num_space_uncommitted: 0.
num_chunks_returned_to_freelist: 0.
num_chunks_taken_from_freelist: 816.
num_chunk_merges: 0.
num_chunk_splits: 552.
num_chunks_enlarged: 434.
num_inconsistent_stats: 0.

CodeHeap 'non-profiled nmethods': size=120064Kb used=1814Kb max_used=1814Kb free=118249Kb
 bounds [0x0000012561d50000, 0x0000012561fc0000, 0x0000012569290000]
CodeHeap 'profiled nmethods': size=120000Kb used=8636Kb max_used=8636Kb free=111363Kb
 bounds [0x000001255a290000, 0x000001255ab00000, 0x00000125617c0000]
CodeHeap 'non-nmethods': size=5696Kb used=1350Kb max_used=1404Kb free=4345Kb
 bounds [0x00000125617c0000, 0x0000012561a30000, 0x0000012561d50000]
CodeCache: size=245760Kb, used=11800Kb, max_used=11854Kb, free=233957Kb
 total_blobs=5366, nmethods=4846, adapters=424, full_count=0
Compilation: enabled, stopped_count=0, restarted_count=0

Compilation events (20 events):
Event: 8.338 Thread 0x0000012541142100 4849       3       org.codehaus.plexus.util.SelectorUtils::matchAntPathPattern (423 bytes)
Event: 8.339 Thread 0x0000012541142100 nmethod 4849 0x000001255aafa888 code [0x000001255aafab60, 0x000001255aafc348]
Event: 8.339 Thread 0x0000012541142100 4846       3       org.codehaus.plexus.util.SelectorUtils::isDoubleStar (32 bytes)
Event: 8.340 Thread 0x0000012541142100 nmethod 4846 0x000001255aafc388 code [0x000001255aafc4a0, 0x000001255aafc6a0]
Event: 8.340 Thread 0x0000012541142100 4839       3       org.apache.maven.shared.filtering.BoundedReader::reset (13 bytes)
Event: 8.340 Thread 0x0000012541142100 nmethod 4839 0x000001255aafc708 code [0x000001255aafc820, 0x000001255aafc9f8]
Event: 8.340 Thread 0x0000012541142100 4840   !   3       java.io.BufferedReader::reset (69 bytes)
Event: 8.340 Thread 0x0000012541142100 nmethod 4840 0x000001255aafca88 code [0x000001255aafcc00, 0x000001255aafd160]
Event: 8.340 Thread 0x0000012541142100 4845       1       org.codehaus.plexus.util.MatchPattern::getTokenizedPathChars (5 bytes)
Event: 8.340 Thread 0x0000012541142100 nmethod 4845 0x0000012561f15388 code [0x0000012561f15480, 0x0000012561f15548]
Event: 8.340 Thread 0x0000012541142100 4838       1       org.codehaus.plexus.interpolation.multi.DelimiterSpecification::getBegin (5 bytes)
Event: 8.340 Thread 0x0000012541142100 nmethod 4838 0x0000012561f15688 code [0x0000012561f15780, 0x0000012561f15848]
Event: 8.340 Thread 0x0000012541142100 4848       3       org.codehaus.plexus.util.MatchPattern::matchPath (26 bytes)
Event: 8.341 Thread 0x0000012541142100 nmethod 4848 0x000001255aafd188 code [0x000001255aafd300, 0x000001255aafd980]
Event: 8.341 Thread 0x0000012541142100 4842       3       org.apache.maven.shared.filtering.BoundedReader::<init> (25 bytes)
Event: 8.341 Thread 0x0000012541142100 nmethod 4842 0x000001255aafda08 code [0x000001255aafdb40, 0x000001255aafdee8]
Event: 8.341 Thread 0x0000012541142100 4843   !   3       java.io.BufferedReader::mark (57 bytes)
Event: 8.341 Thread 0x0000012541142100 nmethod 4843 0x000001255aafdf88 code [0x000001255aafe0e0, 0x000001255aafe5f8]
Event: 8.341 Thread 0x0000012541142100 4844   !   3       java.io.Reader::skip (122 bytes)
Event: 8.342 Thread 0x0000012541142100 nmethod 4844 0x000001255aafe688 code [0x000001255aafe800, 0x000001255aaff038]

GC Heap History (14 events):
Event: 2.955 GC heap before
{Heap before GC invocations=0 (full 0):
 garbage-first heap   total reserved 1026048K, committed 67584K, used 29808K [0x00000000c1600000, 0x0000000100000000)
  region size 1024K, 28 young (28672K), 0 survivors (0K)
 Metaspace       used 6436K, committed 6656K, reserved 1114112K
  class space    used 570K, committed 704K, reserved 1048576K
}
Event: 2.964 GC heap after
{Heap after GC invocations=1 (full 0):
 garbage-first heap   total reserved 1026048K, committed 67584K, used 4592K [0x00000000c1600000, 0x0000000100000000)
  region size 1024K, 4 young (4096K), 4 survivors (4096K)
 Metaspace       used 6436K, committed 6656K, reserved 1114112K
  class space    used 570K, committed 704K, reserved 1048576K
}
Event: 4.417 GC heap before
{Heap before GC invocations=1 (full 0):
 garbage-first heap   total reserved 1026048K, committed 67584K, used 32240K [0x00000000c1600000, 0x0000000100000000)
  region size 1024K, 31 young (31744K), 4 survivors (4096K)
 Metaspace       used 11386K, committed 11584K, reserved 1114112K
  class space    used 1061K, committed 1152K, reserved 1048576K
}
Event: 4.428 GC heap after
{Heap after GC invocations=2 (full 0):
 garbage-first heap   total reserved 1026048K, committed 67584K, used 6233K [0x00000000c1600000, 0x0000000100000000)
  region size 1024K, 2 young (2048K), 2 survivors (2048K)
 Metaspace       used 11386K, committed 11584K, reserved 1114112K
  class space    used 1061K, committed 1152K, reserved 1048576K
}
Event: 6.183 GC heap before
{Heap before GC invocations=2 (full 0):
 garbage-first heap   total reserved 1026048K, committed 67584K, used 39001K [0x00000000c1600000, 0x0000000100000000)
  region size 1024K, 34 young (34816K), 2 survivors (2048K)
 Metaspace       used 15214K, committed 15488K, reserved 1114112K
  class space    used 1488K, committed 1600K, reserved 1048576K
}
Event: 6.200 GC heap after
{Heap after GC invocations=3 (full 0):
 garbage-first heap   total reserved 1026048K, committed 67584K, used 10005K [0x00000000c1600000, 0x0000000100000000)
  region size 1024K, 5 young (5120K), 5 survivors (5120K)
 Metaspace       used 15214K, committed 15488K, reserved 1114112K
  class space    used 1488K, committed 1600K, reserved 1048576K
}
Event: 6.908 GC heap before
{Heap before GC invocations=3 (full 0):
 garbage-first heap   total reserved 1026048K, committed 67584K, used 42773K [0x00000000c1600000, 0x0000000100000000)
  region size 1024K, 37 young (37888K), 5 survivors (5120K)
 Metaspace       used 15988K, committed 16256K, reserved 1114112K
  class space    used 1557K, committed 1664K, reserved 1048576K
}
Event: 6.927 GC heap after
{Heap after GC invocations=4 (full 0):
 garbage-first heap   total reserved 1026048K, committed 67584K, used 14063K [0x00000000c1600000, 0x0000000100000000)
  region size 1024K, 4 young (4096K), 4 survivors (4096K)
 Metaspace       used 15988K, committed 16256K, reserved 1114112K
  class space    used 1557K, committed 1664K, reserved 1048576K
}
Event: 7.997 GC heap before
{Heap before GC invocations=4 (full 0):
 garbage-first heap   total reserved 1026048K, committed 67584K, used 46831K [0x00000000c1600000, 0x0000000100000000)
  region size 1024K, 36 young (36864K), 4 survivors (4096K)
 Metaspace       used 16516K, committed 16832K, reserved 1114112K
  class space    used 1576K, committed 1728K, reserved 1048576K
}
Event: 8.006 GC heap after
{Heap after GC invocations=5 (full 0):
 garbage-first heap   total reserved 1026048K, committed 67584K, used 14979K [0x00000000c1600000, 0x0000000100000000)
  region size 1024K, 2 young (2048K), 2 survivors (2048K)
 Metaspace       used 16516K, committed 16832K, reserved 1114112K
  class space    used 1576K, committed 1728K, reserved 1048576K
}
Event: 8.310 GC heap before
{Heap before GC invocations=5 (full 0):
 garbage-first heap   total reserved 1026048K, committed 67584K, used 34435K [0x00000000c1600000, 0x0000000100000000)
  region size 1024K, 14 young (14336K), 2 survivors (2048K)
 Metaspace       used 17524K, committed 17792K, reserved 1114112K
  class space    used 1682K, committed 1792K, reserved 1048576K
}
Event: 8.316 GC heap after
{Heap after GC invocations=6 (full 0):
 garbage-first heap   total reserved 1026048K, committed 67584K, used 24235K [0x00000000c1600000, 0x0000000100000000)
  region size 1024K, 3 young (3072K), 3 survivors (3072K)
 Metaspace       used 17524K, committed 17792K, reserved 1114112K
  class space    used 1682K, committed 1792K, reserved 1048576K
}
Event: 8.319 GC heap before
{Heap before GC invocations=6 (full 0):
 garbage-first heap   total reserved 1026048K, committed 67584K, used 36523K [0x00000000c1600000, 0x0000000100000000)
  region size 1024K, 4 young (4096K), 3 survivors (3072K)
 Metaspace       used 17524K, committed 17792K, reserved 1114112K
  class space    used 1682K, committed 1792K, reserved 1048576K
}
Event: 8.323 GC heap after
{Heap after GC invocations=7 (full 0):
 garbage-first heap   total reserved 1026048K, committed 67584K, used 36419K [0x00000000c1600000, 0x0000000100000000)
  region size 1024K, 2 young (2048K), 2 survivors (2048K)
 Metaspace       used 17524K, committed 17792K, reserved 1114112K
  class space    used 1682K, committed 1792K, reserved 1048576K
}

Dll operation events (8 events):
Event: 0.038 Loaded shared library C:\Program Files\Apache NetBeans\jdk\bin\java.dll
Event: 0.359 Loaded shared library C:\Program Files\Apache NetBeans\jdk\bin\jsvml.dll
Event: 0.422 Loaded shared library C:\Program Files\Apache NetBeans\jdk\bin\net.dll
Event: 0.447 Loaded shared library C:\Program Files\Apache NetBeans\jdk\bin\nio.dll
Event: 0.549 Loaded shared library C:\Program Files\Apache NetBeans\jdk\bin\zip.dll
Event: 1.234 Loaded shared library C:\Program Files\Apache NetBeans\jdk\bin\jimage.dll
Event: 1.253 Loaded shared library C:\Program Files\Apache NetBeans\java\maven\lib\jansi-native\Windows\x86_64\jansi.dll
Event: 1.269 Loaded shared library C:\Program Files\Apache NetBeans\jdk\bin\verify.dll

Deoptimization events (20 events):
Event: 8.182 Thread 0x000001254f48ea70 Uncommon trap: trap_request=0xffffffc6 fr.pc=0x0000012561e26724 relative=0x0000000000000084
Event: 8.182 Thread 0x000001254f48ea70 Uncommon trap: reason=bimorphic_or_optimized_type_check action=maybe_recompile pc=0x0000012561e26724 method=com.google.inject.internal.LinkedBindingImpl.acceptTargetVisitor(Lcom/google/inject/spi/BindingTargetVisitor;)Ljava/lang/Object; @ 2 c2
Event: 8.182 Thread 0x000001254f48ea70 DEOPT PACKING pc=0x0000012561e26724 sp=0x0000001de39fd050
Event: 8.182 Thread 0x000001254f48ea70 DEOPT UNPACKING pc=0x00000125618d6482 sp=0x0000001de39fcfd8 mode 2
Event: 8.192 Thread 0x000001254f48ea70 Uncommon trap: trap_request=0xffffffc6 fr.pc=0x0000012561e26724 relative=0x0000000000000084
Event: 8.192 Thread 0x000001254f48ea70 Uncommon trap: reason=bimorphic_or_optimized_type_check action=maybe_recompile pc=0x0000012561e26724 method=com.google.inject.internal.LinkedBindingImpl.acceptTargetVisitor(Lcom/google/inject/spi/BindingTargetVisitor;)Ljava/lang/Object; @ 2 c2
Event: 8.192 Thread 0x000001254f48ea70 DEOPT PACKING pc=0x0000012561e26724 sp=0x0000001de39fd050
Event: 8.192 Thread 0x000001254f48ea70 DEOPT UNPACKING pc=0x00000125618d6482 sp=0x0000001de39fcfd8 mode 2
Event: 8.193 Thread 0x000001254f48ea70 Uncommon trap: trap_request=0xffffffc6 fr.pc=0x0000012561e26724 relative=0x0000000000000084
Event: 8.193 Thread 0x000001254f48ea70 Uncommon trap: reason=bimorphic_or_optimized_type_check action=maybe_recompile pc=0x0000012561e26724 method=com.google.inject.internal.LinkedBindingImpl.acceptTargetVisitor(Lcom/google/inject/spi/BindingTargetVisitor;)Ljava/lang/Object; @ 2 c2
Event: 8.193 Thread 0x000001254f48ea70 DEOPT PACKING pc=0x0000012561e26724 sp=0x0000001de39fd050
Event: 8.193 Thread 0x000001254f48ea70 DEOPT UNPACKING pc=0x00000125618d6482 sp=0x0000001de39fcfd8 mode 2
Event: 8.209 Thread 0x000001254f48ea70 Uncommon trap: trap_request=0xffffff4d fr.pc=0x0000012561ed4080 relative=0x0000000000000c60
Event: 8.209 Thread 0x000001254f48ea70 Uncommon trap: reason=unstable_if action=reinterpret pc=0x0000012561ed4080 method=org.eclipse.sisu.inject.LocatedBeans$Itr.hasNext()Z @ 81 c2
Event: 8.209 Thread 0x000001254f48ea70 DEOPT PACKING pc=0x0000012561ed4080 sp=0x0000001de39fd8a0
Event: 8.209 Thread 0x000001254f48ea70 DEOPT UNPACKING pc=0x00000125618d6482 sp=0x0000001de39fd860 mode 2
Event: 8.238 Thread 0x000001254f48ea70 DEOPT PACKING pc=0x000001255aac0cfe sp=0x0000001de39fbb30
Event: 8.238 Thread 0x000001254f48ea70 DEOPT UNPACKING pc=0x0000012561815722 sp=0x0000001de39fafc8 mode 0
Event: 8.257 Thread 0x000001254f48ea70 DEOPT PACKING pc=0x000001255a735c74 sp=0x0000001de39fd840
Event: 8.258 Thread 0x000001254f48ea70 DEOPT UNPACKING pc=0x0000012561815722 sp=0x0000001de39fcc98 mode 0

Classes loaded (20 events):
Event: 8.250 Loading class java/time/DayOfWeek
Event: 8.250 Loading class java/time/DayOfWeek done
Event: 8.250 Loading class java/time/zone/ZoneOffsetTransitionRule$TimeDefinition
Event: 8.251 Loading class java/time/zone/ZoneOffsetTransitionRule$TimeDefinition done
Event: 8.251 Loading class java/time/zone/ZoneOffsetTransition
Event: 8.251 Loading class java/time/zone/ZoneOffsetTransition done
Event: 8.256 Loading class jdk/internal/reflect/MethodHandleBooleanFieldAccessorImpl
Event: 8.256 Loading class jdk/internal/reflect/MethodHandleBooleanFieldAccessorImpl done
Event: 8.272 Loading class java/lang/Character$UnicodeBlock
Event: 8.272 Loading class java/lang/Character$Subset
Event: 8.272 Loading class java/lang/Character$Subset done
Event: 8.273 Loading class java/lang/Character$UnicodeBlock done
Event: 8.329 Loading class java/nio/BufferMismatch
Event: 8.329 Loading class java/nio/BufferMismatch done
Event: 8.330 Loading class java/nio/file/attribute/PosixFileAttributes
Event: 8.330 Loading class java/nio/file/attribute/PosixFileAttributes done
Event: 8.337 Loading class java/nio/file/StandardCopyOption
Event: 8.337 Loading class java/nio/file/StandardCopyOption done
Event: 8.337 Loading class sun/nio/fs/WindowsFileCopy
Event: 8.337 Loading class sun/nio/fs/WindowsFileCopy done

Classes unloaded (0 events):
No events

Classes redefined (0 events):
No events

Internal exceptions (20 events):
Event: 4.357 Thread 0x000001254f48ea70 Exception <a 'java/lang/NoSuchMethodError'{0x00000000c3c9f180}: 'java.lang.Object java.lang.invoke.Invokers$Holder.invokeExact_MT(java.lang.Object, int, java.lang.Object)'> (0x00000000c3c9f180) 
thrown [s\src\hotspot\share\interpreter\linkResolver.cpp, line 805]
Event: 4.758 Thread 0x000001254f48ea70 Exception <a 'java/lang/NoSuchMethodError'{0x00000000c4f88960}: 'void java.lang.invoke.Invokers$Holder.invokeExact_MT(java.lang.Object, java.lang.Object, java.lang.Object, java.lang.Object)'> (0x00000000c4f88960) 
thrown [s\src\hotspot\share\interpreter\linkResolver.cpp, line 805]
Event: 4.791 Thread 0x000001254f48ea70 Exception <a 'java/lang/NoClassDefFoundError'{0x00000000c4e27b30}: com/google/inject/servlet/ServletModuleTargetVisitor> (0x00000000c4e27b30) 
thrown [s\src\hotspot\share\classfile\systemDictionary.cpp, line 316]
Event: 4.907 Thread 0x000001254f48ea70 Exception <a 'java/lang/NoSuchMethodError'{0x00000000c4cc4d58}: 'void java.lang.invoke.DirectMethodHandle$Holder.invokeVirtual(java.lang.Object, java.lang.Object)'> (0x00000000c4cc4d58) 
thrown [s\src\hotspot\share\interpreter\linkResolver.cpp, line 805]
Event: 4.984 Thread 0x000001254f48ea70 Exception <a 'java/lang/NoSuchMethodError'{0x00000000c4b71ac8}: 'java.lang.Object java.lang.invoke.DirectMethodHandle$Holder.invokeStaticInit(java.lang.Object, int, int, int, int)'> (0x00000000c4b71ac8) 
thrown [s\src\hotspot\share\interpreter\linkResolver.cpp, line 805]
Event: 5.178 Thread 0x000001254f48ea70 Implicit null exception at 0x0000012561dd8814 to 0x0000012561dd8dec
Event: 5.178 Thread 0x000001254f48ea70 Implicit null exception at 0x0000012561d8a910 to 0x0000012561d8aedc
Event: 5.231 Thread 0x000001254f48ea70 Exception <a 'java/lang/NoSuchMethodError'{0x00000000c4515a28}: 'void java.lang.invoke.DirectMethodHandle$Holder.invokeSpecial(java.lang.Object, java.lang.Object, java.lang.Object, java.lang.Object, java.lang.Object)'> (0x00000000c4515a28) 
thrown [s\src\hotspot\share\interpreter\linkResolver.cpp, line 805]
Event: 5.235 Thread 0x000001254f48ea70 Exception <a 'java/lang/NoSuchMethodError'{0x00000000c454dbd0}: 'void java.lang.invoke.DirectMethodHandle$Holder.invokeSpecial(java.lang.Object, java.lang.Object, java.lang.Object, java.lang.Object, java.lang.Object, java.lang.Object)'> (0x00000000c454dbd0) 
thrown [s\src\hotspot\share\interpreter\linkResolver.cpp, line 805]
Event: 5.263 Thread 0x000001254f48ea70 Exception <a 'java/lang/NoSuchMethodError'{0x00000000c44935a8}: 'java.lang.Object java.lang.invoke.DirectMethodHandle$Holder.invokeVirtual(java.lang.Object, java.lang.Object, java.lang.Object)'> (0x00000000c44935a8) 
thrown [s\src\hotspot\share\interpreter\linkResolver.cpp, line 805]
Event: 5.329 Thread 0x000001254f48ea70 Exception <a 'java/lang/NoSuchMethodError'{0x00000000c4214990}: 'void java.lang.invoke.DirectMethodHandle$Holder.invokeVirtual(java.lang.Object, java.lang.Object, int)'> (0x00000000c4214990) 
thrown [s\src\hotspot\share\interpreter\linkResolver.cpp, line 805]
Event: 5.330 Thread 0x000001254f48ea70 Exception <a 'java/lang/NoSuchMethodError'{0x00000000c421d148}: 'void java.lang.invoke.DirectMethodHandle$Holder.invokeSpecial(java.lang.Object, java.lang.Object, java.lang.Object, int)'> (0x00000000c421d148) 
thrown [s\src\hotspot\share\interpreter\linkResolver.cpp, line 805]
Event: 5.331 Thread 0x000001254f48ea70 Exception <a 'java/lang/NoSuchMethodError'{0x00000000c42254a8}: 'void java.lang.invoke.DelegatingMethodHandle$Holder.reinvoke_L(java.lang.Object, java.lang.Object, int)'> (0x00000000c42254a8) 
thrown [s\src\hotspot\share\interpreter\linkResolver.cpp, line 805]
Event: 6.465 Thread 0x000001254f48ea70 Implicit null exception at 0x0000012561e607d3 to 0x0000012561e612a4
Event: 6.465 Thread 0x000001254f48ea70 Implicit null exception at 0x0000012561dee76f to 0x0000012561dee960
Event: 6.465 Thread 0x000001254f48ea70 Implicit null exception at 0x0000012561e58759 to 0x0000012561e58d1c
Event: 6.471 Thread 0x000001254f48ea70 Exception <a 'java/lang/NoSuchMethodError'{0x00000000c49fbde0}: 'int java.lang.invoke.DirectMethodHandle$Holder.invokeSpecialIFC(java.lang.Object, java.lang.Object, java.lang.Object, java.lang.Object)'> (0x00000000c49fbde0) 
thrown [s\src\hotspot\share\interpreter\linkResolver.cpp, line 805]
Event: 7.980 Thread 0x000001254f48ea70 Exception <a 'java/lang/NoSuchMethodError'{0x00000000c37ee4d0}: 'java.lang.Object java.lang.invoke.DirectMethodHandle$Holder.newInvokeSpecial(java.lang.Object, java.lang.Object, java.lang.Object, java.lang.Object, java.lang.Object, java.lang.Object, java.lang.Object)'> (0x00000000c37ee4d0) 
thrown [s\src\hotspot\share\interpreter\linkResolver.cpp, line 805]
Event: 8.224 Thread 0x000001254f48ea70 Exception <a 'java/lang/NoSuchMethodError'{0x00000000c4dd23a8}: 'int java.lang.invoke.DirectMethodHandle$Holder.invokeVirtual(java.lang.Object, java.lang.Object)'> (0x00000000c4dd23a8) 
thrown [s\src\hotspot\share\interpreter\linkResolver.cpp, line 805]
Event: 8.258 Thread 0x000001254f48ea70 Exception <a 'java/lang/NoSuchMethodError'{0x00000000c4b12df8}: 'void java.lang.invoke.Invokers$Holder.invokeExact_MT(java.lang.Object, java.lang.Object, int, java.lang.Object)'> (0x00000000c4b12df8) 
thrown [s\src\hotspot\share\interpreter\linkResolver.cpp, line 805]

VM Operations (20 events):
Event: 5.005 Executing VM operation: HandshakeAllThreads (Deoptimize) done
Event: 5.057 Executing VM operation: HandshakeAllThreads (Deoptimize)
Event: 5.057 Executing VM operation: HandshakeAllThreads (Deoptimize) done
Event: 5.131 Executing VM operation: HandshakeAllThreads (Deoptimize)
Event: 5.131 Executing VM operation: HandshakeAllThreads (Deoptimize) done
Event: 5.132 Executing VM operation: HandshakeAllThreads (Deoptimize)
Event: 5.132 Executing VM operation: HandshakeAllThreads (Deoptimize) done
Event: 6.183 Executing VM operation: G1CollectForAllocation (G1 Evacuation Pause)
Event: 6.200 Executing VM operation: G1CollectForAllocation (G1 Evacuation Pause) done
Event: 6.908 Executing VM operation: G1CollectForAllocation (G1 Evacuation Pause)
Event: 6.927 Executing VM operation: G1CollectForAllocation (G1 Evacuation Pause) done
Event: 7.997 Executing VM operation: G1CollectForAllocation (G1 Evacuation Pause)
Event: 8.006 Executing VM operation: G1CollectForAllocation (G1 Evacuation Pause) done
Event: 8.257 Executing VM operation: HandshakeAllThreads (Deoptimize)
Event: 8.257 Executing VM operation: HandshakeAllThreads (Deoptimize) done
Event: 8.310 Executing VM operation: G1TryInitiateConcMark (G1 Humongous Allocation)
Event: 8.316 Executing VM operation: G1TryInitiateConcMark (G1 Humongous Allocation) done
Event: 8.319 Executing VM operation: G1TryInitiateConcMark (G1 Humongous Allocation)
Event: 8.323 Executing VM operation: G1TryInitiateConcMark (G1 Humongous Allocation) done
Event: 8.362 Executing VM operation: G1PauseRemark

Memory protections (0 events):
No events

Nmethod flushes (0 events):
No events

Events (13 events):
Event: 0.072 Thread 0x000001254f48ea70 Thread added: 0x000001254f48ea70
Event: 0.101 Thread 0x000001254f48ea70 Thread added: 0x000001254112eb90
Event: 0.102 Thread 0x000001254f48ea70 Thread added: 0x0000012541131a90
Event: 0.102 Thread 0x000001254f48ea70 Thread added: 0x0000012541134070
Event: 0.102 Thread 0x000001254f48ea70 Thread added: 0x00000125411373c0
Event: 0.102 Thread 0x000001254f48ea70 Thread added: 0x0000012541137ef0
Event: 0.102 Thread 0x000001254f48ea70 Thread added: 0x000001254113bee0
Event: 0.103 Thread 0x000001254f48ea70 Thread added: 0x000001254113ed50
Event: 0.103 Thread 0x000001254f48ea70 Thread added: 0x0000012541142100
Event: 0.372 Thread 0x000001254f48ea70 Thread added: 0x00000125411c2a80
Event: 0.389 Thread 0x000001254f48ea70 Thread added: 0x00000125411e8fd0
Event: 1.228 Thread 0x000001254f48ea70 Thread added: 0x000001254192a350
Event: 2.504 Thread 0x000001254192a350 Thread exited: 0x000001254192a350


Dynamic libraries:
0x00007ff66e5d0000 - 0x00007ff66e5de000 	C:\Program Files\Apache NetBeans\jdk\bin\java.exe
0x00007ffde1d70000 - 0x00007ffde1f68000 	C:\WINDOWS\SYSTEM32\ntdll.dll
0x00007ffdc2b90000 - 0x00007ffdc2bb0000 	C:\Program Files\Avast Software\Avast\aswhook.dll
0x00007ffde1150000 - 0x00007ffde1212000 	C:\WINDOWS\System32\KERNEL32.DLL
0x00007ffddf480000 - 0x00007ffddf776000 	C:\WINDOWS\System32\KERNELBASE.dll
0x00007ffddfb10000 - 0x00007ffddfc10000 	C:\WINDOWS\System32\ucrtbase.dll
0x00007ffd90cf0000 - 0x00007ffd90d06000 	C:\Program Files\Apache NetBeans\jdk\bin\jli.dll
0x00007ffdb4e30000 - 0x00007ffdb4e4e000 	C:\Program Files\Apache NetBeans\jdk\bin\VCRUNTIME140.dll
0x00007ffde0c30000 - 0x00007ffde0dd1000 	C:\WINDOWS\System32\USER32.dll
0x00007ffddfd60000 - 0x00007ffddfd82000 	C:\WINDOWS\System32\win32u.dll
0x00007ffde1540000 - 0x00007ffde156b000 	C:\WINDOWS\System32\GDI32.dll
0x00007ffddf910000 - 0x00007ffddfa29000 	C:\WINDOWS\System32\gdi32full.dll
0x00007ffddfcc0000 - 0x00007ffddfd5d000 	C:\WINDOWS\System32\msvcp_win.dll
0x00007ffdb8980000 - 0x00007ffdb8c1b000 	C:\WINDOWS\WinSxS\amd64_microsoft.windows.common-controls_6595b64144ccf1df_6.0.19041.6456_none_60b8a6cb71f64256\COMCTL32.dll
0x00007ffddfed0000 - 0x00007ffddff6e000 	C:\WINDOWS\System32\msvcrt.dll
0x00007ffde1d00000 - 0x00007ffde1d2f000 	C:\WINDOWS\System32\IMM32.DLL
0x00007ffdb4e20000 - 0x00007ffdb4e2c000 	C:\Program Files\Apache NetBeans\jdk\bin\vcruntime140_1.dll
0x00007ffdc2cd0000 - 0x00007ffdc2d5d000 	C:\Program Files\Apache NetBeans\jdk\bin\msvcp140.dll
0x00007ffd79d00000 - 0x00007ffd7ab7c000 	C:\Program Files\Apache NetBeans\jdk\bin\server\jvm.dll
0x00007ffde18d0000 - 0x00007ffde1981000 	C:\WINDOWS\System32\ADVAPI32.dll
0x00007ffde1990000 - 0x00007ffde1a2f000 	C:\WINDOWS\System32\sechost.dll
0x00007ffde1b10000 - 0x00007ffde1c30000 	C:\WINDOWS\System32\RPCRT4.dll
0x00007ffddf780000 - 0x00007ffddf7a7000 	C:\WINDOWS\System32\bcrypt.dll
0x00007ffde1c30000 - 0x00007ffde1c9b000 	C:\WINDOWS\System32\WS2_32.dll
0x00007ffdc6e20000 - 0x00007ffdc6e47000 	C:\WINDOWS\SYSTEM32\WINMM.dll
0x00007ffdd9570000 - 0x00007ffdd957a000 	C:\WINDOWS\SYSTEM32\VERSION.dll
0x00007ffddf310000 - 0x00007ffddf35b000 	C:\WINDOWS\SYSTEM32\POWRPROF.dll
0x00007ffddf2c0000 - 0x00007ffddf2d2000 	C:\WINDOWS\SYSTEM32\UMPDC.dll
0x00007ffdddc60000 - 0x00007ffdddc72000 	C:\WINDOWS\SYSTEM32\kernel.appcore.dll
0x00007ffdaaa70000 - 0x00007ffdaaa7a000 	C:\Program Files\Apache NetBeans\jdk\bin\jimage.dll
0x00007ffddd150000 - 0x00007ffddd351000 	C:\WINDOWS\SYSTEM32\DBGHELP.DLL
0x00007ffdd7b50000 - 0x00007ffdd7b84000 	C:\WINDOWS\SYSTEM32\dbgcore.DLL
0x00007ffddfa80000 - 0x00007ffddfb02000 	C:\WINDOWS\System32\bcryptPrimitives.dll
0x00007ffd90d10000 - 0x00007ffd90d2e000 	C:\Program Files\Apache NetBeans\jdk\bin\java.dll
0x00007ffddfd90000 - 0x00007ffddfebb000 	C:\WINDOWS\System32\ole32.dll
0x00007ffde0df0000 - 0x00007ffde1144000 	C:\WINDOWS\System32\combase.dll
0x00007ffde04c0000 - 0x00007ffde0c30000 	C:\WINDOWS\System32\SHELL32.dll
0x00007ffddd450000 - 0x00007ffdddbf5000 	C:\WINDOWS\SYSTEM32\windows.storage.dll
0x00007ffdded50000 - 0x00007ffdded7b000 	C:\WINDOWS\SYSTEM32\Wldp.dll
0x00007ffde13c0000 - 0x00007ffde148d000 	C:\WINDOWS\System32\OLEAUT32.dll
0x00007ffde1490000 - 0x00007ffde153d000 	C:\WINDOWS\System32\SHCORE.dll
0x00007ffde1220000 - 0x00007ffde127b000 	C:\WINDOWS\System32\shlwapi.dll
0x00007ffddf2e0000 - 0x00007ffddf304000 	C:\WINDOWS\SYSTEM32\profapi.dll
0x00007ffd90c10000 - 0x00007ffd90ce7000 	C:\Program Files\Apache NetBeans\jdk\bin\jsvml.dll
0x00007ffda9d70000 - 0x00007ffda9d80000 	C:\Program Files\Apache NetBeans\jdk\bin\net.dll
0x00007ffddeab0000 - 0x00007ffddeb1a000 	C:\WINDOWS\system32\mswsock.dll
0x00007ffd90bd0000 - 0x00007ffd90be6000 	C:\Program Files\Apache NetBeans\jdk\bin\nio.dll
0x00007ffd90bf0000 - 0x00007ffd90c07000 	C:\Program Files\Apache NetBeans\jdk\bin\zip.dll
0x00007ffd9b2c0000 - 0x00007ffd9b2e4000 	C:\Program Files\Apache NetBeans\java\maven\lib\jansi-native\Windows\x86_64\jansi.dll
0x00007ffda9c60000 - 0x00007ffda9c70000 	C:\Program Files\Apache NetBeans\jdk\bin\verify.dll
0x00007ffdde620000 - 0x00007ffdde653000 	C:\WINDOWS\SYSTEM32\ntmarta.dll

JVMTI agents: none

dbghelp: loaded successfully - version: 4.0.5 - missing functions: none
symbol engine: initialized successfully - sym options: 0x614 - pdb path: .;C:\Program Files\Apache NetBeans\jdk\bin;C:\WINDOWS\SYSTEM32;C:\Program Files\Avast Software\Avast;C:\WINDOWS\WinSxS\amd64_microsoft.windows.common-controls_6595b64144ccf1df_6.0.19041.6456_none_60b8a6cb71f64256;C:\Program Files\Apache NetBeans\jdk\bin\server;C:\Program Files\Apache NetBeans\java\maven\lib\jansi-native\Windows\x86_64

VM Arguments:
jvm_args: -Dclassworlds.conf=C:\Program Files\Apache NetBeans\java\maven\bin\m2.conf -Dmaven.home=C:\Program Files\Apache NetBeans\java\maven -Dlibrary.jansi.path=C:\Program Files\Apache NetBeans\java\maven\lib\jansi-native -Dmaven.multiModuleProjectDirectory=C:\Users\agent\Documents\NetBeansProjects\institution_gestion_notes 
java_command: org.codehaus.plexus.classworlds.launcher.Launcher -Drun.jvmArguments=-noverify -XX:TieredStopAtLevel=1 -Drun.mainClass=institution_gestion_notes.Institution_gestion_notesApplication -Dexec.vmArgs= -Dexec.appArgs= -Dmaven.ext.class.path=C:\Program Files\Apache NetBeans\java\maven-nblib\netbeans-eventspy.jar --no-transfer-progress spring-boot:run
java_class_path (initial): C:\Program Files\Apache NetBeans\java\maven\boot\plexus-classworlds-2.8.0.jar
Launcher Type: SUN_STANDARD

[Global flags]
     intx CICompilerCount                          = 3                                         {product} {ergonomic}
     uint ConcGCThreads                            = 1                                         {product} {ergonomic}
     uint G1ConcRefinementThreads                  = 4                                         {product} {ergonomic}
   size_t G1HeapRegionSize                         = 1048576                                   {product} {ergonomic}
   size_t InitialHeapSize                          = 67108864                                  {product} {ergonomic}
   size_t MarkStackSize                            = 4194304                                   {product} {ergonomic}
   size_t MarkStackSizeMax                         = 536870912                                 {product} {ergonomic}
   size_t MaxHeapSize                              = 1050673152                                {product} {ergonomic}
   size_t MaxNewSize                               = 630194176                                 {product} {ergonomic}
   size_t MinHeapDeltaBytes                        = 1048576                                   {product} {ergonomic}
   size_t MinHeapSize                              = 8388608                                   {product} {ergonomic}
    uintx NonNMethodCodeHeapSize                   = 5832704                                {pd product} {ergonomic}
    uintx NonProfiledCodeHeapSize                  = 122945536                              {pd product} {ergonomic}
    uintx ProfiledCodeHeapSize                     = 122880000                              {pd product} {ergonomic}
    uintx ReservedCodeCacheSize                    = 251658240                              {pd product} {ergonomic}
     bool SegmentedCodeCache                       = true                                      {product} {ergonomic}
   size_t SoftMaxHeapSize                          = 1050673152                             {manageable} {ergonomic}
     bool UseCompressedOops                        = true                           {product lp64_product} {ergonomic}
     bool UseG1GC                                  = true                                      {product} {ergonomic}
     bool UseLargePagesIndividualAllocation        = false                                  {pd product} {ergonomic}

Logging:
Log output configuration:
 #0: stdout all=warning uptime,level,tags foldmultilines=false
 #1: stderr all=off uptime,level,tags foldmultilines=false

Environment Variables:
JAVA_HOME=C:\Program Files\Apache NetBeans\jdk
PATH=C:\oracle\product\10.2.0\db_1\bin;C:\Program Files\Common Files\Oracle\Java\javapath;C:\Program Files (x86)\Common Files\Oracle\Java\javapath;C:\WINDOWS\system32;C:\WINDOWS;C:\WINDOWS\System32\Wbem;C:\WINDOWS\System32\WindowsPowerShell\v1.0\;C:\WINDOWS\System32\OpenSSH\;C:\Program Files (x86)\Intel\Intel(R) Management Engine Components\DAL;C:\Program Files\Intel\Intel(R) Management Engine Components\DAL;C:\Program Files (x86)\Intel\Intel(R) Management Engine Components\IPT;C:\Program Files\Intel\Intel(R) Management Engine Components\IPT;C:\Users\agent\AppData\Local\Microsoft\WindowsApps;
USERNAME=agent
OS=Windows_NT
PROCESSOR_IDENTIFIER=Intel64 Family 6 Model 142 Stepping 10, GenuineIntel
TMP=C:\Users\agent\AppData\Local\Temp
TEMP=C:\Users\agent\AppData\Local\Temp




Periodic native trim disabled

---------------  S Y S T E M  ---------------

OS:
 Windows 10 , 64 bit Build 19041 (10.0.19041.5915)
OS uptime: 0 days 3:13 hours

CPU: total 4 (initial active 4) (2 cores per cpu, 2 threads per core) family 6 model 142 stepping 10 microcode 0xe0, cx8, cmov, fxsr, ht, mmx, 3dnowpref, sse, sse2, sse3, ssse3, sse4.1, sse4.2, popcnt, lzcnt, tsc, tscinvbit, avx, avx2, aes, erms, clmul, bmi1, bmi2, adx, fma, vzeroupper, clflush, clflushopt, rdtscp, f16c
Processor Information for processor 0
  Max Mhz: 2201, Current Mhz: 2100, Mhz Limit: 2178
Processor Information for processor 1
  Max Mhz: 2201, Current Mhz: 1500, Mhz Limit: 2178
Processor Information for processor 2
  Max Mhz: 2201, Current Mhz: 1500, Mhz Limit: 2178
Processor Information for processor 3
  Max Mhz: 2201, Current Mhz: 1500, Mhz Limit: 2178

Memory: 4k page, system-wide physical 4007M (102M free)
TotalPageFile size 16295M (AvailPageFile size 21M)
current process WorkingSet (physical memory assigned to process): 159M, peak: 159M
current process commit charge ("private bytes"): 191M, peak: 209M

vm_info: OpenJDK 64-Bit Server VM (24.0.1+9) for windows-amd64 JRE (24.0.1+9) (Zulu24.30+11-CA), built on 2025-03-21T13:52:34Z with MS VC++ 17.1 (VS2022)

END.
