#
# There is insufficient memory for the Java Runtime Environment to continue.
# Native memory allocation (malloc) failed to allocate 1624496 bytes. Error detail: Chunk::new
# Possible reasons:
#   The system is out of physical RAM or swap space
#   This process is running with CompressedOops enabled, and the Java Heap may be blocking the growth of the native heap
# Possible solutions:
#   Reduce memory load on the system
#   Increase physical memory or swap space
#   Check if swap backing store is full
#   Decrease Java heap size (-Xmx/-Xms)
#   Decrease number of Java threads
#   Decrease Java thread stack sizes (-Xss)
#   Set larger code cache with -XX:ReservedCodeCacheSize=
#   JVM is running with Unscaled Compressed Oops mode in which the Java heap is
#     placed in the first 4GB address space. The Java Heap base address is the
#     maximum limit for the native heap growth. Please use -XX:HeapBaseMinAddress
#     to set the Java Heap base and to place the Java Heap above 4GB virtual address.
# This output file may be truncated or incomplete.
#
#  Out of Memory Error (arena.cpp:162), pid=15612, tid=16732
#
# JRE version: OpenJDK Runtime Environment Zulu24.30+11-CA (24.0.1+9) (build 24.0.1+9)
# Java VM: OpenJDK 64-Bit Server VM Zulu24.30+11-CA (24.0.1+9, mixed mode, sharing, tiered, compressed oops, compressed class ptrs, g1 gc, windows-amd64)
# No core dump will be written. Minidumps are not enabled by default on client versions of Windows
#

---------------  S U M M A R Y ------------

Command Line: -Dclassworlds.conf=C:\Program Files\Apache NetBeans\java\maven\bin\m2.conf -Dmaven.home=C:\Program Files\Apache NetBeans\java\maven -Dlibrary.jansi.path=C:\Program Files\Apache NetBeans\java\maven\lib\jansi-native -Dmaven.multiModuleProjectDirectory=C:\Users\agent\Documents\NetBeansProjects\institution_gestion_notes org.codehaus.plexus.classworlds.launcher.Launcher -Drun.jvmArguments=-noverify -XX:TieredStopAtLevel=1 -Drun.mainClass=institution_gestion_notes.Institution_gestion_notesApplication -Dexec.vmArgs= -Dexec.appArgs= -Dmaven.ext.class.path=C:\Program Files\Apache NetBeans\java\maven-nblib\netbeans-eventspy.jar --no-transfer-progress spring-boot:run

Host: Intel(R) Core(TM) i3-8130U CPU @ 2.20GHz, 4 cores, 3G,  Windows 10 , 64 bit Build 19041 (10.0.19041.5915)
Time: Sun Feb 15 16:29:39 2026 Eastern Standard Time elapsed time: 8.813683 seconds (0d 0h 0m 8s)

---------------  T H R E A D  ---------------

Current thread (0x00000241c8334d90):  JavaThread "C2 CompilerThread0" daemon [_thread_in_native, id=16732, stack(0x000000f676a00000,0x000000f676b00000) (1024K)]


Current CompileTask:
C2:8813 7297   !   4       java.nio.file.FileTreeWalker::visit (176 bytes)

Stack: [0x000000f676a00000,0x000000f676b00000]
Native frames: (J=compiled Java code, j=interpreted, Vv=VM code, C=native code)
V  [jvm.dll+0x7410c9]  (no source info available)
V  [jvm.dll+0x97def3]  (no source info available)
V  [jvm.dll+0x98021d]  (no source info available)
V  [jvm.dll+0x980893]  (no source info available)
V  [jvm.dll+0x2b5b16]  (no source info available)
V  [jvm.dll+0xd019f]  (no source info available)
V  [jvm.dll+0xd03ff]  (no source info available)
V  [jvm.dll+0x4011e2]  (no source info available)
V  [jvm.dll+0x3ccf50]  (no source info available)
V  [jvm.dll+0x3cc3da]  (no source info available)
V  [jvm.dll+0x27a39f]  (no source info available)
V  [jvm.dll+0x279641]  (no source info available)
V  [jvm.dll+0x1f313a]  (no source info available)
V  [jvm.dll+0x288e35]  (no source info available)
V  [jvm.dll+0x2870ca]  (no source info available)
V  [jvm.dll+0x43df56]  (no source info available)
V  [jvm.dll+0x920928]  (no source info available)
V  [jvm.dll+0x73f855]  (no source info available)
C  [ucrtbase.dll+0x21bb2]  (no source info available)
C  [KERNEL32.DLL+0x17374]  (no source info available)
C  [ntdll.dll+0x4cc91]  (no source info available)

Lock stack of current Java thread (top to bottom):


---------------  P R O C E S S  ---------------

Threads class SMR info:
_java_thread_list=0x000002420e7a3200, length=11, elements={
0x00000241aad2f120, 0x00000241c832d390, 0x00000241c832e250, 0x00000241c832fd90,
0x00000241c83308c0, 0x00000241c8333400, 0x00000241c8333f30, 0x00000241c8334d90,
0x00000241c83384e0, 0x00000241c83d7610, 0x00000241c83d9d80
}

Java Threads: ( => current thread )
  0x00000241aad2f120 JavaThread "main"                              [_thread_in_Java, id=17528, stack(0x000000f675c00000,0x000000f675d00000) (1024K)]
  0x00000241c832d390 JavaThread "Reference Handler"          daemon [_thread_blocked, id=18788, stack(0x000000f676400000,0x000000f676500000) (1024K)]
  0x00000241c832e250 JavaThread "Finalizer"                  daemon [_thread_blocked, id=16760, stack(0x000000f676500000,0x000000f676600000) (1024K)]
  0x00000241c832fd90 JavaThread "Signal Dispatcher"          daemon [_thread_blocked, id=3500, stack(0x000000f676600000,0x000000f676700000) (1024K)]
  0x00000241c83308c0 JavaThread "Attach Listener"            daemon [_thread_blocked, id=16512, stack(0x000000f676700000,0x000000f676800000) (1024K)]
  0x00000241c8333400 JavaThread "Service Thread"             daemon [_thread_blocked, id=18104, stack(0x000000f676800000,0x000000f676900000) (1024K)]
  0x00000241c8333f30 JavaThread "Monitor Deflation Thread"   daemon [_thread_blocked, id=15608, stack(0x000000f676900000,0x000000f676a00000) (1024K)]
=>0x00000241c8334d90 JavaThread "C2 CompilerThread0"         daemon [_thread_in_native, id=16732, stack(0x000000f676a00000,0x000000f676b00000) (1024K)]
  0x00000241c83384e0 JavaThread "C1 CompilerThread0"         daemon [_thread_in_vm, id=15824, stack(0x000000f676b00000,0x000000f676c00000) (1024K)]
  0x00000241c83d7610 JavaThread "Notification Thread"        daemon [_thread_blocked, id=14420, stack(0x000000f676c00000,0x000000f676d00000) (1024K)]
  0x00000241c83d9d80 JavaThread "Common-Cleaner"             daemon [_thread_blocked, id=14592, stack(0x000000f676d00000,0x000000f676e00000) (1024K)]
Total: 11

Other Threads:
  0x00000241ad0ddf20 VMThread "VM Thread"                           [id=19056, stack(0x000000f676300000,0x000000f676400000) (1024K)]
  0x00000241ad0d88d0 WatcherThread "VM Periodic Task Thread"        [id=16636, stack(0x000000f676200000,0x000000f676300000) (1024K)]
  0x00000241ad04f520 WorkerThread "GC Thread#0"                     [id=15200, stack(0x000000f675d00000,0x000000f675e00000) (1024K)]
  0x000002420e74aa60 WorkerThread "GC Thread#1"                     [id=18740, stack(0x000000f676f00000,0x000000f677000000) (1024K)]
  0x000002420e9a06d0 WorkerThread "GC Thread#2"                     [id=15032, stack(0x000000f677000000,0x000000f677100000) (1024K)]
  0x000002420e9a0a80 WorkerThread "GC Thread#3"                     [id=16328, stack(0x000000f677100000,0x000000f677200000) (1024K)]
  0x00000241ad05b6e0 ConcurrentGCThread "G1 Main Marker"            [id=19164, stack(0x000000f675e00000,0x000000f675f00000) (1024K)]
  0x00000241ad05c990 WorkerThread "G1 Conc#0"                       [id=4352, stack(0x000000f675f00000,0x000000f676000000) (1024K)]
  0x00000241ad0ba470 ConcurrentGCThread "G1 Refine#0"               [id=11488, stack(0x000000f676000000,0x000000f676100000) (1024K)]
  0x00000241ad0bbf10 ConcurrentGCThread "G1 Service"                [id=9436, stack(0x000000f676100000,0x000000f676200000) (1024K)]
Total: 10

Threads with active compile tasks:
C2 CompilerThread0  8963 7297   !   4       java.nio.file.FileTreeWalker::visit (176 bytes)
C1 CompilerThread0  8963 7429       2       java.util.AbstractList::subListRangeCheck (110 bytes)
Total: 2

VM state: not at safepoint (normal execution)

VM Mutex/Monitor currently owned by a thread: None

Heap address: 0x00000000c1600000, size: 1002 MB, Compressed Oops mode: 32-bit

CDS archive(s) mapped at: [0x00000241c9000000-0x00000241c9d40000-0x00000241c9d40000), size 13893632, SharedBaseAddress: 0x00000241c9000000, ArchiveRelocationMode: 1.
Compressed class space mapped at: 0x00000241ca000000-0x000002420a000000, reserved size: 1073741824
UseCompressedClassPointers 1, UseCompactObjectHeaders 0
Narrow klass pointer bits 32, Max shift 3
Narrow klass base: 0x00000241c9000000, Narrow klass shift: 0
Encoding Range: [0x00000241c9000000 - 0x00000242c9000000), (4294967296 bytes)
Klass Range:    [0x00000241c9000000 - 0x000002420a000000), (1090519040 bytes)
Klass ID Range:  [8 - 1090519033) (1090519025)

GC Precious Log:
 CardTable entry size: 512
 Card Set container configuration: InlinePtr #cards 5 size 8 Array Of Cards #cards 10 size 36 Howl #buckets 4 coarsen threshold 1843 Howl Bitmap #cards 512 size 80 coarsen threshold 460 Card regions per heap region 1 cards per card region 2048
 CPUs: 4 total, 4 available
 Memory: 4007M
 Large Page Support: Disabled
 NUMA Support: Disabled
 Compressed Oops: Enabled (32-bit)
 Heap Region Size: 1M
 Heap Min Capacity: 8M
 Heap Initial Capacity: 64M
 Heap Max Capacity: 1002M
 Pre-touch: Disabled
 Parallel Workers: 4
 Concurrent Workers: 1
 Concurrent Refinement Workers: 4
 Periodic GC: Disabled

Heap:
 garbage-first heap   total reserved 1026048K, committed 208896K, used 66560K [0x00000000c1600000, 0x0000000100000000)
  region size 1024K, 11 young (11264K), 3 survivors (3072K)
 Metaspace       used 28771K, committed 29184K, reserved 1114112K
  class space    used 2836K, committed 3008K, reserved 1048576K

Heap Regions: E=young(eden), S=young(survivor), O=old, HS=humongous(starts), HC=humongous(continues), CS=collection set, F=free, TAMS=top-at-mark-start, PB=parsable bottom
|   0|0x00000000c1600000, 0x00000000c1700000, 0x00000000c1700000|100%| O|  |TAMS 0x00000000c1600000| PB 0x00000000c1600000| Untracked |  0
|   1|0x00000000c1700000, 0x00000000c1800000, 0x00000000c1800000|100%| O|  |TAMS 0x00000000c1700000| PB 0x00000000c1700000| Untracked |  0
|   2|0x00000000c1800000, 0x00000000c1900000, 0x00000000c1900000|100%| O|  |TAMS 0x00000000c1800000| PB 0x00000000c1800000| Untracked |  0
|   3|0x00000000c1900000, 0x00000000c1a00000, 0x00000000c1a00000|100%| O|  |TAMS 0x00000000c1900000| PB 0x00000000c1900000| Untracked |  0
|   4|0x00000000c1a00000, 0x00000000c1b00000, 0x00000000c1b00000|100%| O|  |TAMS 0x00000000c1a00000| PB 0x00000000c1a00000| Untracked |  0
|   5|0x00000000c1b00000, 0x00000000c1c00000, 0x00000000c1c00000|100%| O|  |TAMS 0x00000000c1b00000| PB 0x00000000c1b00000| Untracked |  0
|   6|0x00000000c1c00000, 0x00000000c1d00000, 0x00000000c1d00000|100%| O|  |TAMS 0x00000000c1c00000| PB 0x00000000c1c00000| Untracked |  0
|   7|0x00000000c1d00000, 0x00000000c1e00000, 0x00000000c1e00000|100%| O|  |TAMS 0x00000000c1d00000| PB 0x00000000c1d00000| Untracked |  0
|   8|0x00000000c1e00000, 0x00000000c1f00000, 0x00000000c1f00000|100%| O|  |TAMS 0x00000000c1e00000| PB 0x00000000c1e00000| Untracked |  0
|   9|0x00000000c1f00000, 0x00000000c2000000, 0x00000000c2000000|100%| O|  |TAMS 0x00000000c1f00000| PB 0x00000000c1f00000| Untracked |  0
|  10|0x00000000c2000000, 0x00000000c2100000, 0x00000000c2100000|100%| O|  |TAMS 0x00000000c2000000| PB 0x00000000c2000000| Untracked |  0
|  11|0x00000000c2100000, 0x00000000c2200000, 0x00000000c2200000|100%| O|  |TAMS 0x00000000c2100000| PB 0x00000000c2100000| Untracked |  0
|  12|0x00000000c2200000, 0x00000000c2300000, 0x00000000c2300000|100%|HS|  |TAMS 0x00000000c2200000| PB 0x00000000c2200000| Complete |  0
|  13|0x00000000c2300000, 0x00000000c2400000, 0x00000000c2400000|100%| O|  |TAMS 0x00000000c2300000| PB 0x00000000c2300000| Untracked |  0
|  14|0x00000000c2400000, 0x00000000c2400000, 0x00000000c2500000|  0%| F|  |TAMS 0x00000000c2400000| PB 0x00000000c2400000| Untracked |  0
|  15|0x00000000c2500000, 0x00000000c2600000, 0x00000000c2600000|100%|HS|  |TAMS 0x00000000c2500000| PB 0x00000000c2500000| Complete |  0
|  16|0x00000000c2600000, 0x00000000c2700000, 0x00000000c2700000|100%|HC|  |TAMS 0x00000000c2600000| PB 0x00000000c2600000| Complete |  0
|  17|0x00000000c2700000, 0x00000000c2700000, 0x00000000c2800000|  0%| F|  |TAMS 0x00000000c2700000| PB 0x00000000c2700000| Untracked |  0
|  18|0x00000000c2800000, 0x00000000c2800000, 0x00000000c2900000|  0%| F|  |TAMS 0x00000000c2800000| PB 0x00000000c2800000| Untracked |  0
|  19|0x00000000c2900000, 0x00000000c2900000, 0x00000000c2a00000|  0%| F|  |TAMS 0x00000000c2900000| PB 0x00000000c2900000| Untracked |  0
|  20|0x00000000c2a00000, 0x00000000c2a00000, 0x00000000c2b00000|  0%| F|  |TAMS 0x00000000c2a00000| PB 0x00000000c2a00000| Untracked |  0
|  21|0x00000000c2b00000, 0x00000000c2b00000, 0x00000000c2c00000|  0%| F|  |TAMS 0x00000000c2b00000| PB 0x00000000c2b00000| Untracked |  0
|  22|0x00000000c2c00000, 0x00000000c2d00000, 0x00000000c2d00000|100%| O|  |TAMS 0x00000000c2c00000| PB 0x00000000c2c00000| Untracked |  0
|  23|0x00000000c2d00000, 0x00000000c2e00000, 0x00000000c2e00000|100%|HS|  |TAMS 0x00000000c2d00000| PB 0x00000000c2d00000| Complete |  0
|  24|0x00000000c2e00000, 0x00000000c2f00000, 0x00000000c2f00000|100%|HS|  |TAMS 0x00000000c2e00000| PB 0x00000000c2e00000| Complete |  0
|  25|0x00000000c2f00000, 0x00000000c3000000, 0x00000000c3000000|100%|HC|  |TAMS 0x00000000c2f00000| PB 0x00000000c2f00000| Complete |  0
|  26|0x00000000c3000000, 0x00000000c3100000, 0x00000000c3100000|100%| O|  |TAMS 0x00000000c3000000| PB 0x00000000c3000000| Untracked |  0
|  27|0x00000000c3100000, 0x00000000c3200000, 0x00000000c3200000|100%| O|  |TAMS 0x00000000c3100000| PB 0x00000000c3100000| Untracked |  0
|  28|0x00000000c3200000, 0x00000000c3300000, 0x00000000c3300000|100%| O|  |TAMS 0x00000000c3200000| PB 0x00000000c3200000| Untracked |  0
|  29|0x00000000c3300000, 0x00000000c3300000, 0x00000000c3400000|  0%| F|  |TAMS 0x00000000c3300000| PB 0x00000000c3300000| Untracked |  0
|  30|0x00000000c3400000, 0x00000000c3500000, 0x00000000c3500000|100%| O|  |TAMS 0x00000000c3400000| PB 0x00000000c3400000| Untracked |  0
|  31|0x00000000c3500000, 0x00000000c3600000, 0x00000000c3600000|100%| O|  |TAMS 0x00000000c3500000| PB 0x00000000c3500000| Untracked |  0
|  32|0x00000000c3600000, 0x00000000c3700000, 0x00000000c3700000|100%| O|  |TAMS 0x00000000c3600000| PB 0x00000000c3600000| Untracked |  0
|  33|0x00000000c3700000, 0x00000000c3700000, 0x00000000c3800000|  0%| F|  |TAMS 0x00000000c3700000| PB 0x00000000c3700000| Untracked |  0
|  34|0x00000000c3800000, 0x00000000c3900000, 0x00000000c3900000|100%|HS|  |TAMS 0x00000000c3800000| PB 0x00000000c3800000| Complete |  0
|  35|0x00000000c3900000, 0x00000000c3a00000, 0x00000000c3a00000|100%| O|  |TAMS 0x00000000c3900000| PB 0x00000000c3900000| Untracked |  0
|  36|0x00000000c3a00000, 0x00000000c3b00000, 0x00000000c3b00000|100%| O|  |TAMS 0x00000000c3a00000| PB 0x00000000c3a00000| Untracked |  0
|  37|0x00000000c3b00000, 0x00000000c3c00000, 0x00000000c3c00000|100%| O|  |TAMS 0x00000000c3b00000| PB 0x00000000c3b00000| Untracked |  0
|  38|0x00000000c3c00000, 0x00000000c3d00000, 0x00000000c3d00000|100%| O|  |TAMS 0x00000000c3c00000| PB 0x00000000c3c00000| Untracked |  0
|  39|0x00000000c3d00000, 0x00000000c3e00000, 0x00000000c3e00000|100%| O|  |TAMS 0x00000000c3d00000| PB 0x00000000c3d00000| Untracked |  0
|  40|0x00000000c3e00000, 0x00000000c3f00000, 0x00000000c3f00000|100%| O|  |TAMS 0x00000000c3e00000| PB 0x00000000c3e00000| Untracked |  0
|  41|0x00000000c3f00000, 0x00000000c4000000, 0x00000000c4000000|100%| O|  |TAMS 0x00000000c3f00000| PB 0x00000000c3f00000| Untracked |  0
|  42|0x00000000c4000000, 0x00000000c4100000, 0x00000000c4100000|100%| O|  |TAMS 0x00000000c4000000| PB 0x00000000c4000000| Untracked |  0
|  43|0x00000000c4100000, 0x00000000c4100000, 0x00000000c4200000|  0%| F|  |TAMS 0x00000000c4100000| PB 0x00000000c4100000| Untracked |  0
|  44|0x00000000c4200000, 0x00000000c4200000, 0x00000000c4300000|  0%| F|  |TAMS 0x00000000c4200000| PB 0x00000000c4200000| Untracked |  0
|  45|0x00000000c4300000, 0x00000000c4300000, 0x00000000c4400000|  0%| F|  |TAMS 0x00000000c4300000| PB 0x00000000c4300000| Untracked |  0
|  46|0x00000000c4400000, 0x00000000c4400000, 0x00000000c4500000|  0%| F|  |TAMS 0x00000000c4400000| PB 0x00000000c4400000| Untracked |  0
|  47|0x00000000c4500000, 0x00000000c4600000, 0x00000000c4600000|100%|HS|  |TAMS 0x00000000c4500000| PB 0x00000000c4500000| Complete |  0
|  48|0x00000000c4600000, 0x00000000c4700000, 0x00000000c4700000|100%| O|  |TAMS 0x00000000c4600000| PB 0x00000000c4600000| Untracked |  0
|  49|0x00000000c4700000, 0x00000000c4800000, 0x00000000c4800000|100%| O|  |TAMS 0x00000000c4700000| PB 0x00000000c4700000| Untracked |  0
|  50|0x00000000c4800000, 0x00000000c4900000, 0x00000000c4900000|100%| O|  |TAMS 0x00000000c4800000| PB 0x00000000c4800000| Untracked |  0
|  51|0x00000000c4900000, 0x00000000c4a00000, 0x00000000c4a00000|100%| O|  |TAMS 0x00000000c4900000| PB 0x00000000c4900000| Untracked |  0
|  52|0x00000000c4a00000, 0x00000000c4b00000, 0x00000000c4b00000|100%| O|  |TAMS 0x00000000c4a00000| PB 0x00000000c4a00000| Untracked |  0
|  53|0x00000000c4b00000, 0x00000000c4c00000, 0x00000000c4c00000|100%| O|  |TAMS 0x00000000c4b00000| PB 0x00000000c4b00000| Untracked |  0
|  54|0x00000000c4c00000, 0x00000000c4d00000, 0x00000000c4d00000|100%| O|  |TAMS 0x00000000c4c00000| PB 0x00000000c4c00000| Untracked |  0
|  55|0x00000000c4d00000, 0x00000000c4e00000, 0x00000000c4e00000|100%| O|  |TAMS 0x00000000c4d00000| PB 0x00000000c4d00000| Untracked |  0
|  56|0x00000000c4e00000, 0x00000000c4f00000, 0x00000000c4f00000|100%| O|  |TAMS 0x00000000c4e00000| PB 0x00000000c4e00000| Untracked |  0
|  57|0x00000000c4f00000, 0x00000000c4f00000, 0x00000000c5000000|  0%| F|  |TAMS 0x00000000c4f00000| PB 0x00000000c4f00000| Untracked |  0
|  58|0x00000000c5000000, 0x00000000c5100000, 0x00000000c5100000|100%| S|CS|TAMS 0x00000000c5000000| PB 0x00000000c5000000| Complete |  0
|  59|0x00000000c5100000, 0x00000000c5200000, 0x00000000c5200000|100%| S|CS|TAMS 0x00000000c5100000| PB 0x00000000c5100000| Complete |  0
|  60|0x00000000c5200000, 0x00000000c5300000, 0x00000000c5300000|100%| S|CS|TAMS 0x00000000c5200000| PB 0x00000000c5200000| Complete |  0
|  61|0x00000000c5300000, 0x00000000c5300000, 0x00000000c5400000|  0%| F|  |TAMS 0x00000000c5300000| PB 0x00000000c5300000| Untracked |  0
|  62|0x00000000c5400000, 0x00000000c5400000, 0x00000000c5500000|  0%| F|  |TAMS 0x00000000c5400000| PB 0x00000000c5400000| Untracked |  0
|  63|0x00000000c5500000, 0x00000000c5500000, 0x00000000c5600000|  0%| F|  |TAMS 0x00000000c5500000| PB 0x00000000c5500000| Untracked |  0
|  64|0x00000000c5600000, 0x00000000c5600000, 0x00000000c5700000|  0%| F|  |TAMS 0x00000000c5600000| PB 0x00000000c5600000| Untracked |  0
|  65|0x00000000c5700000, 0x00000000c5700000, 0x00000000c5800000|  0%| F|  |TAMS 0x00000000c5700000| PB 0x00000000c5700000| Untracked |  0
|  66|0x00000000c5800000, 0x00000000c5800000, 0x00000000c5900000|  0%| F|  |TAMS 0x00000000c5800000| PB 0x00000000c5800000| Untracked |  0
|  67|0x00000000c5900000, 0x00000000c5900000, 0x00000000c5a00000|  0%| F|  |TAMS 0x00000000c5900000| PB 0x00000000c5900000| Untracked |  0
|  68|0x00000000c5a00000, 0x00000000c5a00000, 0x00000000c5b00000|  0%| F|  |TAMS 0x00000000c5a00000| PB 0x00000000c5a00000| Untracked |  0
|  69|0x00000000c5b00000, 0x00000000c5b00000, 0x00000000c5c00000|  0%| F|  |TAMS 0x00000000c5b00000| PB 0x00000000c5b00000| Untracked |  0
|  70|0x00000000c5c00000, 0x00000000c5c00000, 0x00000000c5d00000|  0%| F|  |TAMS 0x00000000c5c00000| PB 0x00000000c5c00000| Untracked |  0
|  71|0x00000000c5d00000, 0x00000000c5d00000, 0x00000000c5e00000|  0%| F|  |TAMS 0x00000000c5d00000| PB 0x00000000c5d00000| Untracked |  0
|  72|0x00000000c5e00000, 0x00000000c5e00000, 0x00000000c5f00000|  0%| F|  |TAMS 0x00000000c5e00000| PB 0x00000000c5e00000| Untracked |  0
|  73|0x00000000c5f00000, 0x00000000c5f00000, 0x00000000c6000000|  0%| F|  |TAMS 0x00000000c5f00000| PB 0x00000000c5f00000| Untracked |  0
|  74|0x00000000c6000000, 0x00000000c6000000, 0x00000000c6100000|  0%| F|  |TAMS 0x00000000c6000000| PB 0x00000000c6000000| Untracked |  0
|  75|0x00000000c6100000, 0x00000000c6100000, 0x00000000c6200000|  0%| F|  |TAMS 0x00000000c6100000| PB 0x00000000c6100000| Untracked |  0
|  76|0x00000000c6200000, 0x00000000c6200000, 0x00000000c6300000|  0%| F|  |TAMS 0x00000000c6200000| PB 0x00000000c6200000| Untracked |  0
|  77|0x00000000c6300000, 0x00000000c6300000, 0x00000000c6400000|  0%| F|  |TAMS 0x00000000c6300000| PB 0x00000000c6300000| Untracked |  0
|  78|0x00000000c6400000, 0x00000000c6400000, 0x00000000c6500000|  0%| F|  |TAMS 0x00000000c6400000| PB 0x00000000c6400000| Untracked |  0
|  79|0x00000000c6500000, 0x00000000c6500000, 0x00000000c6600000|  0%| F|  |TAMS 0x00000000c6500000| PB 0x00000000c6500000| Untracked |  0
|  80|0x00000000c6600000, 0x00000000c6600000, 0x00000000c6700000|  0%| F|  |TAMS 0x00000000c6600000| PB 0x00000000c6600000| Untracked |  0
|  81|0x00000000c6700000, 0x00000000c6700000, 0x00000000c6800000|  0%| F|  |TAMS 0x00000000c6700000| PB 0x00000000c6700000| Untracked |  0
|  82|0x00000000c6800000, 0x00000000c6800000, 0x00000000c6900000|  0%| F|  |TAMS 0x00000000c6800000| PB 0x00000000c6800000| Untracked |  0
|  83|0x00000000c6900000, 0x00000000c6900000, 0x00000000c6a00000|  0%| F|  |TAMS 0x00000000c6900000| PB 0x00000000c6900000| Untracked |  0
|  84|0x00000000c6a00000, 0x00000000c6a00000, 0x00000000c6b00000|  0%| F|  |TAMS 0x00000000c6a00000| PB 0x00000000c6a00000| Untracked |  0
|  85|0x00000000c6b00000, 0x00000000c6b00000, 0x00000000c6c00000|  0%| F|  |TAMS 0x00000000c6b00000| PB 0x00000000c6b00000| Untracked |  0
|  86|0x00000000c6c00000, 0x00000000c6c00000, 0x00000000c6d00000|  0%| F|  |TAMS 0x00000000c6c00000| PB 0x00000000c6c00000| Untracked |  0
|  87|0x00000000c6d00000, 0x00000000c6d00000, 0x00000000c6e00000|  0%| F|  |TAMS 0x00000000c6d00000| PB 0x00000000c6d00000| Untracked |  0
|  88|0x00000000c6e00000, 0x00000000c6e00000, 0x00000000c6f00000|  0%| F|  |TAMS 0x00000000c6e00000| PB 0x00000000c6e00000| Untracked |  0
|  89|0x00000000c6f00000, 0x00000000c6f00000, 0x00000000c7000000|  0%| F|  |TAMS 0x00000000c6f00000| PB 0x00000000c6f00000| Untracked |  0
|  90|0x00000000c7000000, 0x00000000c7000000, 0x00000000c7100000|  0%| F|  |TAMS 0x00000000c7000000| PB 0x00000000c7000000| Untracked |  0
|  91|0x00000000c7100000, 0x00000000c7100000, 0x00000000c7200000|  0%| F|  |TAMS 0x00000000c7100000| PB 0x00000000c7100000| Untracked |  0
|  92|0x00000000c7200000, 0x00000000c7200000, 0x00000000c7300000|  0%| F|  |TAMS 0x00000000c7200000| PB 0x00000000c7200000| Untracked |  0
|  93|0x00000000c7300000, 0x00000000c7300000, 0x00000000c7400000|  0%| F|  |TAMS 0x00000000c7300000| PB 0x00000000c7300000| Untracked |  0
|  94|0x00000000c7400000, 0x00000000c7400000, 0x00000000c7500000|  0%| F|  |TAMS 0x00000000c7400000| PB 0x00000000c7400000| Untracked |  0
|  95|0x00000000c7500000, 0x00000000c7500000, 0x00000000c7600000|  0%| F|  |TAMS 0x00000000c7500000| PB 0x00000000c7500000| Untracked |  0
|  96|0x00000000c7600000, 0x00000000c7600000, 0x00000000c7700000|  0%| F|  |TAMS 0x00000000c7600000| PB 0x00000000c7600000| Untracked |  0
|  97|0x00000000c7700000, 0x00000000c7700000, 0x00000000c7800000|  0%| F|  |TAMS 0x00000000c7700000| PB 0x00000000c7700000| Untracked |  0
|  98|0x00000000c7800000, 0x00000000c7800000, 0x00000000c7900000|  0%| F|  |TAMS 0x00000000c7800000| PB 0x00000000c7800000| Untracked |  0
|  99|0x00000000c7900000, 0x00000000c7900000, 0x00000000c7a00000|  0%| F|  |TAMS 0x00000000c7900000| PB 0x00000000c7900000| Untracked |  0
| 100|0x00000000c7a00000, 0x00000000c7a00000, 0x00000000c7b00000|  0%| F|  |TAMS 0x00000000c7a00000| PB 0x00000000c7a00000| Untracked |  0
| 101|0x00000000c7b00000, 0x00000000c7b00000, 0x00000000c7c00000|  0%| F|  |TAMS 0x00000000c7b00000| PB 0x00000000c7b00000| Untracked |  0
| 102|0x00000000c7c00000, 0x00000000c7c00000, 0x00000000c7d00000|  0%| F|  |TAMS 0x00000000c7c00000| PB 0x00000000c7c00000| Untracked |  0
| 103|0x00000000c7d00000, 0x00000000c7d00000, 0x00000000c7e00000|  0%| F|  |TAMS 0x00000000c7d00000| PB 0x00000000c7d00000| Untracked |  0
| 104|0x00000000c7e00000, 0x00000000c7e00000, 0x00000000c7f00000|  0%| F|  |TAMS 0x00000000c7e00000| PB 0x00000000c7e00000| Untracked |  0
| 105|0x00000000c7f00000, 0x00000000c7f00000, 0x00000000c8000000|  0%| F|  |TAMS 0x00000000c7f00000| PB 0x00000000c7f00000| Untracked |  0
| 106|0x00000000c8000000, 0x00000000c8000000, 0x00000000c8100000|  0%| F|  |TAMS 0x00000000c8000000| PB 0x00000000c8000000| Untracked |  0
| 107|0x00000000c8100000, 0x00000000c8100000, 0x00000000c8200000|  0%| F|  |TAMS 0x00000000c8100000| PB 0x00000000c8100000| Untracked |  0
| 108|0x00000000c8200000, 0x00000000c8200000, 0x00000000c8300000|  0%| F|  |TAMS 0x00000000c8200000| PB 0x00000000c8200000| Untracked |  0
| 109|0x00000000c8300000, 0x00000000c8300000, 0x00000000c8400000|  0%| F|  |TAMS 0x00000000c8300000| PB 0x00000000c8300000| Untracked |  0
| 110|0x00000000c8400000, 0x00000000c8400000, 0x00000000c8500000|  0%| F|  |TAMS 0x00000000c8400000| PB 0x00000000c8400000| Untracked |  0
| 111|0x00000000c8500000, 0x00000000c8500000, 0x00000000c8600000|  0%| F|  |TAMS 0x00000000c8500000| PB 0x00000000c8500000| Untracked |  0
| 112|0x00000000c8600000, 0x00000000c8600000, 0x00000000c8700000|  0%| F|  |TAMS 0x00000000c8600000| PB 0x00000000c8600000| Untracked |  0
| 113|0x00000000c8700000, 0x00000000c8700000, 0x00000000c8800000|  0%| F|  |TAMS 0x00000000c8700000| PB 0x00000000c8700000| Untracked |  0
| 114|0x00000000c8800000, 0x00000000c8800000, 0x00000000c8900000|  0%| F|  |TAMS 0x00000000c8800000| PB 0x00000000c8800000| Untracked |  0
| 115|0x00000000c8900000, 0x00000000c8900000, 0x00000000c8a00000|  0%| F|  |TAMS 0x00000000c8900000| PB 0x00000000c8900000| Untracked |  0
| 116|0x00000000c8a00000, 0x00000000c8a00000, 0x00000000c8b00000|  0%| F|  |TAMS 0x00000000c8a00000| PB 0x00000000c8a00000| Untracked |  0
| 117|0x00000000c8b00000, 0x00000000c8b00000, 0x00000000c8c00000|  0%| F|  |TAMS 0x00000000c8b00000| PB 0x00000000c8b00000| Untracked |  0
| 118|0x00000000c8c00000, 0x00000000c8c00000, 0x00000000c8d00000|  0%| F|  |TAMS 0x00000000c8c00000| PB 0x00000000c8c00000| Untracked |  0
| 119|0x00000000c8d00000, 0x00000000c8d00000, 0x00000000c8e00000|  0%| F|  |TAMS 0x00000000c8d00000| PB 0x00000000c8d00000| Untracked |  0
| 120|0x00000000c8e00000, 0x00000000c8e00000, 0x00000000c8f00000|  0%| F|  |TAMS 0x00000000c8e00000| PB 0x00000000c8e00000| Untracked |  0
| 121|0x00000000c8f00000, 0x00000000c8f00000, 0x00000000c9000000|  0%| F|  |TAMS 0x00000000c8f00000| PB 0x00000000c8f00000| Untracked |  0
| 122|0x00000000c9000000, 0x00000000c9000000, 0x00000000c9100000|  0%| F|  |TAMS 0x00000000c9000000| PB 0x00000000c9000000| Untracked |  0
| 123|0x00000000c9100000, 0x00000000c9100000, 0x00000000c9200000|  0%| F|  |TAMS 0x00000000c9100000| PB 0x00000000c9100000| Untracked |  0
| 124|0x00000000c9200000, 0x00000000c9200000, 0x00000000c9300000|  0%| F|  |TAMS 0x00000000c9200000| PB 0x00000000c9200000| Untracked |  0
| 125|0x00000000c9300000, 0x00000000c9300000, 0x00000000c9400000|  0%| F|  |TAMS 0x00000000c9300000| PB 0x00000000c9300000| Untracked |  0
| 126|0x00000000c9400000, 0x00000000c9400000, 0x00000000c9500000|  0%| F|  |TAMS 0x00000000c9400000| PB 0x00000000c9400000| Untracked |  0
| 127|0x00000000c9500000, 0x00000000c9500000, 0x00000000c9600000|  0%| F|  |TAMS 0x00000000c9500000| PB 0x00000000c9500000| Untracked |  0
| 128|0x00000000c9600000, 0x00000000c9600000, 0x00000000c9700000|  0%| F|  |TAMS 0x00000000c9600000| PB 0x00000000c9600000| Untracked |  0
| 129|0x00000000c9700000, 0x00000000c9700000, 0x00000000c9800000|  0%| F|  |TAMS 0x00000000c9700000| PB 0x00000000c9700000| Untracked |  0
| 130|0x00000000c9800000, 0x00000000c9800000, 0x00000000c9900000|  0%| F|  |TAMS 0x00000000c9800000| PB 0x00000000c9800000| Untracked |  0
| 131|0x00000000c9900000, 0x00000000c9900000, 0x00000000c9a00000|  0%| F|  |TAMS 0x00000000c9900000| PB 0x00000000c9900000| Untracked |  0
| 132|0x00000000c9a00000, 0x00000000c9a00000, 0x00000000c9b00000|  0%| F|  |TAMS 0x00000000c9a00000| PB 0x00000000c9a00000| Untracked |  0
| 133|0x00000000c9b00000, 0x00000000c9b00000, 0x00000000c9c00000|  0%| F|  |TAMS 0x00000000c9b00000| PB 0x00000000c9b00000| Untracked |  0
| 134|0x00000000c9c00000, 0x00000000c9c00000, 0x00000000c9d00000|  0%| F|  |TAMS 0x00000000c9c00000| PB 0x00000000c9c00000| Untracked |  0
| 135|0x00000000c9d00000, 0x00000000c9d00000, 0x00000000c9e00000|  0%| F|  |TAMS 0x00000000c9d00000| PB 0x00000000c9d00000| Untracked |  0
| 136|0x00000000c9e00000, 0x00000000c9e00000, 0x00000000c9f00000|  0%| F|  |TAMS 0x00000000c9e00000| PB 0x00000000c9e00000| Untracked |  0
| 137|0x00000000c9f00000, 0x00000000c9f00000, 0x00000000ca000000|  0%| F|  |TAMS 0x00000000c9f00000| PB 0x00000000c9f00000| Untracked |  0
| 138|0x00000000ca000000, 0x00000000ca000000, 0x00000000ca100000|  0%| F|  |TAMS 0x00000000ca000000| PB 0x00000000ca000000| Untracked |  0
| 139|0x00000000ca100000, 0x00000000ca100000, 0x00000000ca200000|  0%| F|  |TAMS 0x00000000ca100000| PB 0x00000000ca100000| Untracked |  0
| 140|0x00000000ca200000, 0x00000000ca200000, 0x00000000ca300000|  0%| F|  |TAMS 0x00000000ca200000| PB 0x00000000ca200000| Untracked |  0
| 141|0x00000000ca300000, 0x00000000ca300000, 0x00000000ca400000|  0%| F|  |TAMS 0x00000000ca300000| PB 0x00000000ca300000| Untracked |  0
| 142|0x00000000ca400000, 0x00000000ca400000, 0x00000000ca500000|  0%| F|  |TAMS 0x00000000ca400000| PB 0x00000000ca400000| Untracked |  0
| 143|0x00000000ca500000, 0x00000000ca500000, 0x00000000ca600000|  0%| F|  |TAMS 0x00000000ca500000| PB 0x00000000ca500000| Untracked |  0
| 144|0x00000000ca600000, 0x00000000ca600000, 0x00000000ca700000|  0%| F|  |TAMS 0x00000000ca600000| PB 0x00000000ca600000| Untracked |  0
| 145|0x00000000ca700000, 0x00000000ca700000, 0x00000000ca800000|  0%| F|  |TAMS 0x00000000ca700000| PB 0x00000000ca700000| Untracked |  0
| 146|0x00000000ca800000, 0x00000000ca800000, 0x00000000ca900000|  0%| F|  |TAMS 0x00000000ca800000| PB 0x00000000ca800000| Untracked |  0
| 147|0x00000000ca900000, 0x00000000ca900000, 0x00000000caa00000|  0%| F|  |TAMS 0x00000000ca900000| PB 0x00000000ca900000| Untracked |  0
| 148|0x00000000caa00000, 0x00000000caa00000, 0x00000000cab00000|  0%| F|  |TAMS 0x00000000caa00000| PB 0x00000000caa00000| Untracked |  0
| 149|0x00000000cab00000, 0x00000000cab00000, 0x00000000cac00000|  0%| F|  |TAMS 0x00000000cab00000| PB 0x00000000cab00000| Untracked |  0
| 150|0x00000000cac00000, 0x00000000cac00000, 0x00000000cad00000|  0%| F|  |TAMS 0x00000000cac00000| PB 0x00000000cac00000| Untracked |  0
| 151|0x00000000cad00000, 0x00000000cad00000, 0x00000000cae00000|  0%| F|  |TAMS 0x00000000cad00000| PB 0x00000000cad00000| Untracked |  0
| 152|0x00000000cae00000, 0x00000000cae00000, 0x00000000caf00000|  0%| F|  |TAMS 0x00000000cae00000| PB 0x00000000cae00000| Untracked |  0
| 153|0x00000000caf00000, 0x00000000caf00000, 0x00000000cb000000|  0%| F|  |TAMS 0x00000000caf00000| PB 0x00000000caf00000| Untracked |  0
| 154|0x00000000cb000000, 0x00000000cb000000, 0x00000000cb100000|  0%| F|  |TAMS 0x00000000cb000000| PB 0x00000000cb000000| Untracked |  0
| 155|0x00000000cb100000, 0x00000000cb100000, 0x00000000cb200000|  0%| F|  |TAMS 0x00000000cb100000| PB 0x00000000cb100000| Untracked |  0
| 156|0x00000000cb200000, 0x00000000cb200000, 0x00000000cb300000|  0%| F|  |TAMS 0x00000000cb200000| PB 0x00000000cb200000| Untracked |  0
| 157|0x00000000cb300000, 0x00000000cb300000, 0x00000000cb400000|  0%| F|  |TAMS 0x00000000cb300000| PB 0x00000000cb300000| Untracked |  0
| 158|0x00000000cb400000, 0x00000000cb400000, 0x00000000cb500000|  0%| F|  |TAMS 0x00000000cb400000| PB 0x00000000cb400000| Untracked |  0
| 159|0x00000000cb500000, 0x00000000cb500000, 0x00000000cb600000|  0%| F|  |TAMS 0x00000000cb500000| PB 0x00000000cb500000| Untracked |  0
| 160|0x00000000cb600000, 0x00000000cb600000, 0x00000000cb700000|  0%| F|  |TAMS 0x00000000cb600000| PB 0x00000000cb600000| Untracked |  0
| 161|0x00000000cb700000, 0x00000000cb700000, 0x00000000cb800000|  0%| F|  |TAMS 0x00000000cb700000| PB 0x00000000cb700000| Untracked |  0
| 162|0x00000000cb800000, 0x00000000cb800000, 0x00000000cb900000|  0%| F|  |TAMS 0x00000000cb800000| PB 0x00000000cb800000| Untracked |  0
| 163|0x00000000cb900000, 0x00000000cb900000, 0x00000000cba00000|  0%| F|  |TAMS 0x00000000cb900000| PB 0x00000000cb900000| Untracked |  0
| 164|0x00000000cba00000, 0x00000000cba00000, 0x00000000cbb00000|  0%| F|  |TAMS 0x00000000cba00000| PB 0x00000000cba00000| Untracked |  0
| 165|0x00000000cbb00000, 0x00000000cbb00000, 0x00000000cbc00000|  0%| F|  |TAMS 0x00000000cbb00000| PB 0x00000000cbb00000| Untracked |  0
| 166|0x00000000cbc00000, 0x00000000cbc00000, 0x00000000cbd00000|  0%| F|  |TAMS 0x00000000cbc00000| PB 0x00000000cbc00000| Untracked |  0
| 167|0x00000000cbd00000, 0x00000000cbd00000, 0x00000000cbe00000|  0%| F|  |TAMS 0x00000000cbd00000| PB 0x00000000cbd00000| Untracked |  0
| 168|0x00000000cbe00000, 0x00000000cbe00000, 0x00000000cbf00000|  0%| F|  |TAMS 0x00000000cbe00000| PB 0x00000000cbe00000| Untracked |  0
| 169|0x00000000cbf00000, 0x00000000cbf00000, 0x00000000cc000000|  0%| F|  |TAMS 0x00000000cbf00000| PB 0x00000000cbf00000| Untracked |  0
| 170|0x00000000cc000000, 0x00000000cc000000, 0x00000000cc100000|  0%| F|  |TAMS 0x00000000cc000000| PB 0x00000000cc000000| Untracked |  0
| 171|0x00000000cc100000, 0x00000000cc100000, 0x00000000cc200000|  0%| F|  |TAMS 0x00000000cc100000| PB 0x00000000cc100000| Untracked |  0
| 172|0x00000000cc200000, 0x00000000cc200000, 0x00000000cc300000|  0%| F|  |TAMS 0x00000000cc200000| PB 0x00000000cc200000| Untracked |  0
| 173|0x00000000cc300000, 0x00000000cc300000, 0x00000000cc400000|  0%| F|  |TAMS 0x00000000cc300000| PB 0x00000000cc300000| Untracked |  0
| 174|0x00000000cc400000, 0x00000000cc400000, 0x00000000cc500000|  0%| F|  |TAMS 0x00000000cc400000| PB 0x00000000cc400000| Untracked |  0
| 175|0x00000000cc500000, 0x00000000cc500000, 0x00000000cc600000|  0%| F|  |TAMS 0x00000000cc500000| PB 0x00000000cc500000| Untracked |  0
| 176|0x00000000cc600000, 0x00000000cc600000, 0x00000000cc700000|  0%| F|  |TAMS 0x00000000cc600000| PB 0x00000000cc600000| Untracked |  0
| 177|0x00000000cc700000, 0x00000000cc700000, 0x00000000cc800000|  0%| F|  |TAMS 0x00000000cc700000| PB 0x00000000cc700000| Untracked |  0
| 178|0x00000000cc800000, 0x00000000cc800000, 0x00000000cc900000|  0%| F|  |TAMS 0x00000000cc800000| PB 0x00000000cc800000| Untracked |  0
| 179|0x00000000cc900000, 0x00000000cc900000, 0x00000000cca00000|  0%| F|  |TAMS 0x00000000cc900000| PB 0x00000000cc900000| Untracked |  0
| 180|0x00000000cca00000, 0x00000000cca00000, 0x00000000ccb00000|  0%| F|  |TAMS 0x00000000cca00000| PB 0x00000000cca00000| Untracked |  0
| 181|0x00000000ccb00000, 0x00000000ccb00000, 0x00000000ccc00000|  0%| F|  |TAMS 0x00000000ccb00000| PB 0x00000000ccb00000| Untracked |  0
| 182|0x00000000ccc00000, 0x00000000ccc00000, 0x00000000ccd00000|  0%| F|  |TAMS 0x00000000ccc00000| PB 0x00000000ccc00000| Untracked |  0
| 183|0x00000000ccd00000, 0x00000000ccd00000, 0x00000000cce00000|  0%| F|  |TAMS 0x00000000ccd00000| PB 0x00000000ccd00000| Untracked |  0
| 184|0x00000000cce00000, 0x00000000cce00000, 0x00000000ccf00000|  0%| F|  |TAMS 0x00000000cce00000| PB 0x00000000cce00000| Untracked |  0
| 185|0x00000000ccf00000, 0x00000000cd000000, 0x00000000cd000000|100%| E|  |TAMS 0x00000000ccf00000| PB 0x00000000ccf00000| Complete |  0
| 186|0x00000000cd000000, 0x00000000cd100000, 0x00000000cd100000|100%| E|CS|TAMS 0x00000000cd000000| PB 0x00000000cd000000| Complete |  0
| 187|0x00000000cd100000, 0x00000000cd200000, 0x00000000cd200000|100%| E|CS|TAMS 0x00000000cd100000| PB 0x00000000cd100000| Complete |  0
| 188|0x00000000cd200000, 0x00000000cd300000, 0x00000000cd300000|100%| E|CS|TAMS 0x00000000cd200000| PB 0x00000000cd200000| Complete |  0
| 189|0x00000000cd300000, 0x00000000cd400000, 0x00000000cd400000|100%| E|CS|TAMS 0x00000000cd300000| PB 0x00000000cd300000| Complete |  0
| 190|0x00000000cd400000, 0x00000000cd500000, 0x00000000cd500000|100%| E|CS|TAMS 0x00000000cd400000| PB 0x00000000cd400000| Complete |  0
| 989|0x00000000ff300000, 0x00000000ff400000, 0x00000000ff400000|100%| O|  |TAMS 0x00000000ff300000| PB 0x00000000ff300000| Untracked |  0
| 990|0x00000000ff400000, 0x00000000ff500000, 0x00000000ff500000|100%| O|  |TAMS 0x00000000ff400000| PB 0x00000000ff400000| Untracked |  0
| 991|0x00000000ff500000, 0x00000000ff600000, 0x00000000ff600000|100%| O|  |TAMS 0x00000000ff500000| PB 0x00000000ff500000| Untracked |  0
| 992|0x00000000ff600000, 0x00000000ff700000, 0x00000000ff700000|100%| E|CS|TAMS 0x00000000ff600000| PB 0x00000000ff600000| Complete |  0
| 993|0x00000000ff700000, 0x00000000ff800000, 0x00000000ff800000|100%| E|CS|TAMS 0x00000000ff700000| PB 0x00000000ff700000| Complete |  1
| 994|0x00000000ff800000, 0x00000000ff900000, 0x00000000ff900000|100%| O|  |TAMS 0x00000000ff800000| PB 0x00000000ff800000| Untracked |  0
| 995|0x00000000ff900000, 0x00000000ffa00000, 0x00000000ffa00000|100%| O|  |TAMS 0x00000000ff900000| PB 0x00000000ff900000| Untracked |  0
| 996|0x00000000ffa00000, 0x00000000ffb00000, 0x00000000ffb00000|100%| O|  |TAMS 0x00000000ffa00000| PB 0x00000000ffa00000| Untracked |  0
| 997|0x00000000ffb00000, 0x00000000ffc00000, 0x00000000ffc00000|100%| O|  |TAMS 0x00000000ffb00000| PB 0x00000000ffb00000| Untracked |  0
| 998|0x00000000ffc00000, 0x00000000ffd00000, 0x00000000ffd00000|100%| O|  |TAMS 0x00000000ffc00000| PB 0x00000000ffc00000| Untracked |  0
| 999|0x00000000ffd00000, 0x00000000ffe00000, 0x00000000ffe00000|100%| O|  |TAMS 0x00000000ffd00000| PB 0x00000000ffd00000| Untracked |  0
|1000|0x00000000ffe00000, 0x00000000fff00000, 0x00000000fff00000|100%| O|  |TAMS 0x00000000ffe00000| PB 0x00000000ffe00000| Untracked |  0
|1001|0x00000000fff00000, 0x0000000100000000, 0x0000000100000000|100%| E|CS|TAMS 0x00000000fff00000| PB 0x00000000fff00000| Complete |  0

Card table byte_map: [0x00000241c4d20000,0x00000241c4f20000] _byte_map_base: 0x00000241c4715000

Marking Bits: (CMBitMap*) 0x00000241ad051040
 Bits: [0x00000241c4f20000, 0x00000241c5ec8000)

Polling page: 0x00000241aafd0000

Metaspace:

Usage:
  Non-class:     25.33 MB used.
      Class:      2.77 MB used.
       Both:     28.10 MB used.

Virtual space:
  Non-class space:       64.00 MB reserved,      25.56 MB ( 40%) committed,  1 nodes.
      Class space:        1.00 GB reserved,       2.94 MB ( <1%) committed,  1 nodes.
             Both:        1.06 GB reserved,      28.50 MB (  3%) committed. 

Chunk freelists:
   Non-Class:  6.11 MB
       Class:  13.02 MB
        Both:  19.12 MB

MaxMetaspaceSize: unlimited
CompressedClassSpaceSize: 1.00 GB
Initial GC threshold: 21.00 MB
Current GC threshold: 47.44 MB
CDS: on
 - commit_granule_bytes: 65536.
 - commit_granule_words: 8192.
 - virtual_space_node_default_size: 8388608.
 - enlarge_chunks_in_place: 1.
UseCompressedClassPointers 1, UseCompactObjectHeaders 0
Narrow klass pointer bits 32, Max shift 3
Narrow klass base: 0x00000241c9000000, Narrow klass shift: 0
Encoding Range: [0x00000241c9000000 - 0x00000242c9000000), (4294967296 bytes)
Klass Range:    [0x00000241c9000000 - 0x000002420a000000), (1090519040 bytes)
Klass ID Range:  [8 - 1090519033) (1090519025)


Internal statistics:

num_allocs_failed_limit: 6.
num_arena_births: 302.
num_arena_deaths: 0.
num_vsnodes_births: 2.
num_vsnodes_deaths: 0.
num_space_committed: 456.
num_space_uncommitted: 0.
num_chunks_returned_to_freelist: 6.
num_chunks_taken_from_freelist: 1324.
num_chunk_merges: 6.
num_chunk_splits: 926.
num_chunks_enlarged: 735.
num_inconsistent_stats: 0.

CodeHeap 'non-profiled nmethods': size=120064Kb used=2243Kb max_used=2347Kb free=117820Kb
 bounds [0x00000241bd5e0000, 0x00000241bd850000, 0x00000241c4b20000]
CodeHeap 'profiled nmethods': size=120000Kb used=11650Kb max_used=12609Kb free=108349Kb
 bounds [0x00000241b5b20000, 0x00000241b6780000, 0x00000241bd050000]
CodeHeap 'non-nmethods': size=5696Kb used=1382Kb max_used=1458Kb free=4313Kb
 bounds [0x00000241bd050000, 0x00000241bd2c0000, 0x00000241bd5e0000]
CodeCache: size=245760Kb, used=15275Kb, max_used=16414Kb, free=230482Kb
 total_blobs=7411, nmethods=6861, adapters=454, full_count=0
Compilation: enabled, stopped_count=0, restarted_count=0

Compilation events (20 events):
Event: 8.772 Thread 0x00000241c83384e0 7386   !   2       com.sun.tools.javac.comp.Annotate::flush (147 bytes)
Event: 8.773 Thread 0x00000241c83384e0 nmethod 7386 0x00000241b5b4e388 code [0x00000241b5b4e560, 0x00000241b5b4eba8]
Event: 8.777 Thread 0x00000241c83384e0 7387       2       com.sun.tools.javac.code.Symbol::annotationsPendingCompletion (19 bytes)
Event: 8.777 Thread 0x00000241c83384e0 nmethod 7387 0x00000241b5e29608 code [0x00000241b5e29720, 0x00000241b5e29860]
Event: 8.777 Thread 0x00000241c83384e0 7388       2       com.sun.tools.javac.jvm.ClassReader$AnnotationDeproxy::deproxyCompound (115 bytes)
Event: 8.778 Thread 0x00000241c83384e0 nmethod 7388 0x00000241b5d79688 code [0x00000241b5d79820, 0x00000241b5d79f20]
Event: 8.778 Thread 0x00000241c83384e0 7391       2       com.sun.tools.javac.jvm.ClassReader::sigToTypeParams (111 bytes)
Event: 8.779 Thread 0x00000241c83384e0 nmethod 7391 0x00000241b5cec888 code [0x00000241b5cec9e0, 0x00000241b5cece48]
Event: 8.779 Thread 0x00000241c83384e0 7392   !   2       com.sun.tools.javac.file.JavacFileManager::caseMapCheck (178 bytes)
Event: 8.780 Thread 0x00000241c83384e0 nmethod 7392 0x00000241b5b65808 code [0x00000241b5b659e0, 0x00000241b5b66258]
Event: 8.780 Thread 0x00000241c83384e0 7390   !   2       com.sun.tools.javac.jvm.ClassReader$AnnotationDeproxy::findAccessMethod (241 bytes)
Event: 8.781 Thread 0x00000241c83384e0 nmethod 7390 0x00000241b630ef88 code [0x00000241b630f200, 0x00000241b630fde0]
Event: 8.781 Thread 0x00000241c83384e0 7395       3       com.sun.tools.javac.jvm.ClassReader::setParameters (324 bytes)
Event: 8.784 Thread 0x00000241c83384e0 nmethod 7395 0x00000241b5ff1208 code [0x00000241b5ff1640, 0x00000241b5ff4158]
Event: 8.785 Thread 0x00000241c83384e0 7396       3       com.sun.tools.javac.jvm.ClassReader::initParameterNames (50 bytes)
Event: 8.785 Thread 0x00000241c83384e0 nmethod 7396 0x00000241b5e3e108 code [0x00000241b5e3e2a0, 0x00000241b5e3ea78]
Event: 8.785 Thread 0x00000241c83384e0 7398       3       com.sun.tools.javac.util.Bits::<init> (72 bytes)
Event: 8.786 Thread 0x00000241c83384e0 nmethod 7398 0x00000241b5f46308 code [0x00000241b5f46460, 0x00000241b5f469f0]
Event: 8.786 Thread 0x00000241c83384e0 7397       3       com.sun.tools.javac.jvm.ClassReader::parameter (291 bytes)
Event: 8.787 Thread 0x00000241c83384e0 nmethod 7397 0x00000241b5b26d88 code [0x00000241b5b27160, 0x00000241b5b29840]

GC Heap History (20 events):
Event: 4.945 GC heap before
{Heap before GC invocations=4 (full 0):
 garbage-first heap   total reserved 1026048K, committed 67584K, used 46711K [0x00000000c1600000, 0x0000000100000000)
  region size 1024K, 36 young (36864K), 4 survivors (4096K)
 Metaspace       used 16510K, committed 16832K, reserved 1114112K
  class space    used 1581K, committed 1728K, reserved 1048576K
}
Event: 4.953 GC heap after
{Heap after GC invocations=5 (full 0):
 garbage-first heap   total reserved 1026048K, committed 67584K, used 14962K [0x00000000c1600000, 0x0000000100000000)
  region size 1024K, 2 young (2048K), 2 survivors (2048K)
 Metaspace       used 16510K, committed 16832K, reserved 1114112K
  class space    used 1581K, committed 1728K, reserved 1048576K
}
Event: 5.207 GC heap before
{Heap before GC invocations=5 (full 0):
 garbage-first heap   total reserved 1026048K, committed 67584K, used 34418K [0x00000000c1600000, 0x0000000100000000)
  region size 1024K, 14 young (14336K), 2 survivors (2048K)
 Metaspace       used 17516K, committed 17792K, reserved 1114112K
  class space    used 1685K, committed 1792K, reserved 1048576K
}
Event: 5.213 GC heap after
{Heap after GC invocations=6 (full 0):
 garbage-first heap   total reserved 1026048K, committed 67584K, used 24210K [0x00000000c1600000, 0x0000000100000000)
  region size 1024K, 3 young (3072K), 3 survivors (3072K)
 Metaspace       used 17516K, committed 17792K, reserved 1114112K
  class space    used 1685K, committed 1792K, reserved 1048576K
}
Event: 5.216 GC heap before
{Heap before GC invocations=6 (full 0):
 garbage-first heap   total reserved 1026048K, committed 67584K, used 36498K [0x00000000c1600000, 0x0000000100000000)
  region size 1024K, 4 young (4096K), 3 survivors (3072K)
 Metaspace       used 17516K, committed 17792K, reserved 1114112K
  class space    used 1685K, committed 1792K, reserved 1048576K
}
Event: 5.221 GC heap after
{Heap after GC invocations=7 (full 0):
 garbage-first heap   total reserved 1026048K, committed 81920K, used 36339K [0x00000000c1600000, 0x0000000100000000)
  region size 1024K, 2 young (2048K), 2 survivors (2048K)
 Metaspace       used 17516K, committed 17792K, reserved 1114112K
  class space    used 1685K, committed 1792K, reserved 1048576K
}
Event: 5.809 GC heap before
{Heap before GC invocations=7 (full 0):
 garbage-first heap   total reserved 1026048K, committed 81920K, used 66035K [0x00000000c1600000, 0x0000000100000000)
  region size 1024K, 20 young (20480K), 2 survivors (2048K)
 Metaspace       used 19954K, committed 20288K, reserved 1114112K
  class space    used 1916K, committed 2048K, reserved 1048576K
}
Event: 5.814 GC heap after
{Heap after GC invocations=8 (full 0):
 garbage-first heap   total reserved 1026048K, committed 81920K, used 17221K [0x00000000c1600000, 0x0000000100000000)
  region size 1024K, 3 young (3072K), 3 survivors (3072K)
 Metaspace       used 19954K, committed 20288K, reserved 1114112K
  class space    used 1916K, committed 2048K, reserved 1048576K
}
Event: 6.039 GC heap before
{Heap before GC invocations=8 (full 0):
 garbage-first heap   total reserved 1026048K, committed 81920K, used 34629K [0x00000000c1600000, 0x0000000100000000)
  region size 1024K, 17 young (17408K), 3 survivors (3072K)
 Metaspace       used 21239K, committed 21504K, reserved 1114112K
  class space    used 2059K, committed 2176K, reserved 1048576K
}
Event: 6.048 GC heap after
{Heap after GC invocations=9 (full 0):
 garbage-first heap   total reserved 1026048K, committed 81920K, used 24873K [0x00000000c1600000, 0x0000000100000000)
  region size 1024K, 6 young (6144K), 6 survivors (6144K)
 Metaspace       used 21239K, committed 21504K, reserved 1114112K
  class space    used 2059K, committed 2176K, reserved 1048576K
}
Event: 7.013 GC heap before
{Heap before GC invocations=10 (full 0):
 garbage-first heap   total reserved 1026048K, committed 81920K, used 68905K [0x00000000c1600000, 0x0000000100000000)
  region size 1024K, 47 young (48128K), 6 survivors (6144K)
 Metaspace       used 26172K, committed 26496K, reserved 1114112K
  class space    used 2560K, committed 2688K, reserved 1048576K
}
Event: 7.036 GC heap after
{Heap after GC invocations=11 (full 0):
 garbage-first heap   total reserved 1026048K, committed 90112K, used 39024K [0x00000000c1600000, 0x0000000100000000)
  region size 1024K, 6 young (6144K), 6 survivors (6144K)
 Metaspace       used 26172K, committed 26496K, reserved 1114112K
  class space    used 2560K, committed 2688K, reserved 1048576K
}
Event: 7.872 GC heap before
{Heap before GC invocations=11 (full 0):
 garbage-first heap   total reserved 1026048K, committed 90112K, used 71792K [0x00000000c1600000, 0x0000000100000000)
  region size 1024K, 38 young (38912K), 6 survivors (6144K)
 Metaspace       used 28644K, committed 28992K, reserved 1114112K
  class space    used 2832K, committed 2944K, reserved 1048576K
}
Event: 7.884 GC heap after
{Heap after GC invocations=12 (full 0):
 garbage-first heap   total reserved 1026048K, committed 90112K, used 38912K [0x00000000c1600000, 0x0000000100000000)
  region size 1024K, 4 young (4096K), 4 survivors (4096K)
 Metaspace       used 28644K, committed 28992K, reserved 1114112K
  class space    used 2832K, committed 2944K, reserved 1048576K
}
Event: 8.156 GC heap before
{Heap before GC invocations=12 (full 0):
 garbage-first heap   total reserved 1026048K, committed 90112K, used 60416K [0x00000000c1600000, 0x0000000100000000)
  region size 1024K, 22 young (22528K), 4 survivors (4096K)
 Metaspace       used 28692K, committed 29056K, reserved 1114112K
  class space    used 2836K, committed 3008K, reserved 1048576K
}
Event: 8.172 GC heap after
{Heap after GC invocations=13 (full 0):
 garbage-first heap   total reserved 1026048K, committed 90112K, used 47036K [0x00000000c1600000, 0x0000000100000000)
  region size 1024K, 5 young (5120K), 5 survivors (5120K)
 Metaspace       used 28692K, committed 29056K, reserved 1114112K
  class space    used 2836K, committed 3008K, reserved 1048576K
}
Event: 8.484 GC heap before
{Heap before GC invocations=14 (full 0):
 garbage-first heap   total reserved 1026048K, committed 90112K, used 77756K [0x00000000c1600000, 0x0000000100000000)
  region size 1024K, 32 young (32768K), 5 survivors (5120K)
 Metaspace       used 28733K, committed 29120K, reserved 1114112K
  class space    used 2836K, committed 3008K, reserved 1048576K
}
Event: 8.502 GC heap after
{Heap after GC invocations=15 (full 0):
 garbage-first heap   total reserved 1026048K, committed 93184K, used 60416K [0x00000000c1600000, 0x0000000100000000)
  region size 1024K, 4 young (4096K), 4 survivors (4096K)
 Metaspace       used 28733K, committed 29120K, reserved 1114112K
  class space    used 2836K, committed 3008K, reserved 1048576K
}
Event: 8.751 GC heap before
{Heap before GC invocations=15 (full 0):
 garbage-first heap   total reserved 1026048K, committed 93184K, used 79872K [0x00000000c1600000, 0x0000000100000000)
  region size 1024K, 22 young (22528K), 4 survivors (4096K)
 Metaspace       used 28753K, committed 29120K, reserved 1114112K
  class space    used 2836K, committed 3008K, reserved 1048576K
}
Event: 8.769 GC heap after
{Heap after GC invocations=16 (full 0):
 garbage-first heap   total reserved 1026048K, committed 208896K, used 59392K [0x00000000c1600000, 0x0000000100000000)
  region size 1024K, 3 young (3072K), 3 survivors (3072K)
 Metaspace       used 28753K, committed 29120K, reserved 1114112K
  class space    used 2836K, committed 3008K, reserved 1048576K
}

Dll operation events (8 events):
Event: 0.014 Loaded shared library C:\Program Files\Apache NetBeans\jdk\bin\java.dll
Event: 0.058 Loaded shared library C:\Program Files\Apache NetBeans\jdk\bin\jsvml.dll
Event: 0.075 Loaded shared library C:\Program Files\Apache NetBeans\jdk\bin\net.dll
Event: 0.079 Loaded shared library C:\Program Files\Apache NetBeans\jdk\bin\nio.dll
Event: 0.089 Loaded shared library C:\Program Files\Apache NetBeans\jdk\bin\zip.dll
Event: 0.362 Loaded shared library C:\Program Files\Apache NetBeans\java\maven\lib\jansi-native\Windows\x86_64\jansi.dll
Event: 0.387 Loaded shared library C:\Program Files\Apache NetBeans\jdk\bin\verify.dll
Event: 0.393 Loaded shared library C:\Program Files\Apache NetBeans\jdk\bin\jimage.dll

Deoptimization events (20 events):
Event: 8.068 Thread 0x00000241aad2f120 DEOPT PACKING pc=0x00000241bd61db08 sp=0x000000f675cfcdc0
Event: 8.068 Thread 0x00000241aad2f120 DEOPT UNPACKING pc=0x00000241bd163e02 sp=0x000000f675cfcd50 mode 2
Event: 8.068 Thread 0x00000241aad2f120 Uncommon trap: trap_request=0xffffff4d fr.pc=0x00000241bd604bbc relative=0x000000000000053c
Event: 8.068 Thread 0x00000241aad2f120 Uncommon trap: reason=unstable_if action=reinterpret pc=0x00000241bd604bbc method=java.util.jar.Manifest$FastInputStream.readLine([BII)I @ 106 c2
Event: 8.068 Thread 0x00000241aad2f120 DEOPT PACKING pc=0x00000241bd604bbc sp=0x000000f675cfcdb0
Event: 8.068 Thread 0x00000241aad2f120 DEOPT UNPACKING pc=0x00000241bd163e02 sp=0x000000f675cfcd50 mode 2
Event: 8.096 Thread 0x00000241aad2f120 DEOPT PACKING pc=0x00000241b6429ccd sp=0x000000f675cfcad0
Event: 8.096 Thread 0x00000241aad2f120 DEOPT UNPACKING pc=0x00000241bd0a5722 sp=0x000000f675cfc050 mode 0
Event: 8.143 Thread 0x00000241aad2f120 Uncommon trap: trap_request=0xffffffde fr.pc=0x00000241bd615470 relative=0x00000000000007f0
Event: 8.143 Thread 0x00000241aad2f120 Uncommon trap: reason=class_check action=maybe_recompile pc=0x00000241bd615470 method=jdk.internal.loader.URLClassPath.getLoader(I)Ljdk/internal/loader/URLClassPath$Loader; @ 91 c2
Event: 8.143 Thread 0x00000241aad2f120 DEOPT PACKING pc=0x00000241bd615470 sp=0x000000f675cfd630
Event: 8.143 Thread 0x00000241aad2f120 DEOPT UNPACKING pc=0x00000241bd163e02 sp=0x000000f675cfd5f8 mode 2
Event: 8.143 Thread 0x00000241aad2f120 Uncommon trap: trap_request=0xffffffde fr.pc=0x00000241bd615470 relative=0x00000000000007f0
Event: 8.143 Thread 0x00000241aad2f120 Uncommon trap: reason=class_check action=maybe_recompile pc=0x00000241bd615470 method=jdk.internal.loader.URLClassPath.getLoader(I)Ljdk/internal/loader/URLClassPath$Loader; @ 91 c2
Event: 8.143 Thread 0x00000241aad2f120 DEOPT PACKING pc=0x00000241bd615470 sp=0x000000f675cfd630
Event: 8.143 Thread 0x00000241aad2f120 DEOPT UNPACKING pc=0x00000241bd163e02 sp=0x000000f675cfd5f8 mode 2
Event: 8.184 Thread 0x00000241aad2f120 DEOPT PACKING pc=0x00000241b6429ccd sp=0x000000f675cfccb0
Event: 8.184 Thread 0x00000241aad2f120 DEOPT UNPACKING pc=0x00000241bd0a5722 sp=0x000000f675cfc230 mode 0
Event: 8.408 Thread 0x00000241aad2f120 DEOPT PACKING pc=0x00000241b653f2e3 sp=0x000000f675cfccf0
Event: 8.408 Thread 0x00000241aad2f120 DEOPT UNPACKING pc=0x00000241bd0a5722 sp=0x000000f675cfc230 mode 0

Classes loaded (20 events):
Event: 7.400 Loading class java/util/EnumMap$EntryIterator$Entry
Event: 7.400 Loading class java/util/EnumMap$EntryIterator$Entry done
Event: 7.436 Loading class java/util/function/ToIntBiFunction
Event: 7.436 Loading class java/util/function/ToIntBiFunction done
Event: 7.623 Loading class java/util/stream/ReduceOps$2
Event: 7.623 Loading class java/util/stream/ReduceOps$2 done
Event: 7.623 Loading class java/util/stream/ReduceOps$2ReducingSink
Event: 7.624 Loading class java/util/stream/ReduceOps$2ReducingSink done
Event: 7.683 Loading class java/lang/MatchException
Event: 7.683 Loading class java/lang/MatchException done
Event: 7.700 Loading class java/io/DataOutputStream
Event: 7.700 Loading class java/io/DataOutputStream done
Event: 7.848 Loading class java/util/EnumMap$Values
Event: 7.849 Loading class java/util/EnumMap$Values done
Event: 7.849 Loading class java/util/EnumMap$ValueIterator
Event: 7.849 Loading class java/util/EnumMap$ValueIterator done
Event: 7.852 Loading class java/util/WeakHashMap$KeyIterator
Event: 7.852 Loading class java/util/WeakHashMap$HashIterator
Event: 7.853 Loading class java/util/WeakHashMap$HashIterator done
Event: 7.853 Loading class java/util/WeakHashMap$KeyIterator done

Classes unloaded (0 events):
No events

Classes redefined (0 events):
No events

Internal exceptions (20 events):
Event: 8.749 Thread 0x00000241aad2f120 Exception <a 'sun/nio/fs/WindowsException'{0x00000000c53d26a0}> (0x00000000c53d26a0) 
thrown [s\src\hotspot\share\prims\jni.cpp, line 518]
Event: 8.750 Thread 0x00000241aad2f120 Exception <a 'sun/nio/fs/WindowsException'{0x00000000c53d47a0}> (0x00000000c53d47a0) 
thrown [s\src\hotspot\share\prims\jni.cpp, line 518]
Event: 8.750 Thread 0x00000241aad2f120 Exception <a 'sun/nio/fs/WindowsException'{0x00000000c53d5678}> (0x00000000c53d5678) 
thrown [s\src\hotspot\share\prims\jni.cpp, line 518]
Event: 8.750 Thread 0x00000241aad2f120 Exception <a 'sun/nio/fs/WindowsException'{0x00000000c53d7810}> (0x00000000c53d7810) 
thrown [s\src\hotspot\share\prims\jni.cpp, line 518]
Event: 8.750 Thread 0x00000241aad2f120 Exception <a 'sun/nio/fs/WindowsException'{0x00000000c53d8500}> (0x00000000c53d8500) 
thrown [s\src\hotspot\share\prims\jni.cpp, line 518]
Event: 8.750 Thread 0x00000241aad2f120 Exception <a 'sun/nio/fs/WindowsException'{0x00000000c53e30b0}> (0x00000000c53e30b0) 
thrown [s\src\hotspot\share\prims\jni.cpp, line 518]
Event: 8.769 Thread 0x00000241aad2f120 Exception <a 'sun/nio/fs/WindowsException'{0x00000000fff01038}> (0x00000000fff01038) 
thrown [s\src\hotspot\share\prims\jni.cpp, line 518]
Event: 8.773 Thread 0x00000241aad2f120 Exception <a 'sun/nio/fs/WindowsException'{0x00000000fff365f8}> (0x00000000fff365f8) 
thrown [s\src\hotspot\share\prims\jni.cpp, line 518]
Event: 8.773 Thread 0x00000241aad2f120 Exception <a 'sun/nio/fs/WindowsException'{0x00000000fff372d8}> (0x00000000fff372d8) 
thrown [s\src\hotspot\share\prims\jni.cpp, line 518]
Event: 8.773 Thread 0x00000241aad2f120 Exception <a 'sun/nio/fs/WindowsException'{0x00000000fff42ef0}> (0x00000000fff42ef0) 
thrown [s\src\hotspot\share\prims\jni.cpp, line 518]
Event: 8.774 Thread 0x00000241aad2f120 Exception <a 'sun/nio/fs/WindowsException'{0x00000000fff5dd38}> (0x00000000fff5dd38) 
thrown [s\src\hotspot\share\prims\jni.cpp, line 518]
Event: 8.774 Thread 0x00000241aad2f120 Exception <a 'sun/nio/fs/WindowsException'{0x00000000fff61b78}> (0x00000000fff61b78) 
thrown [s\src\hotspot\share\prims\jni.cpp, line 518]
Event: 8.774 Thread 0x00000241aad2f120 Exception <a 'sun/nio/fs/WindowsException'{0x00000000fff62848}> (0x00000000fff62848) 
thrown [s\src\hotspot\share\prims\jni.cpp, line 518]
Event: 8.774 Thread 0x00000241aad2f120 Exception <a 'sun/nio/fs/WindowsException'{0x00000000fff6fef0}> (0x00000000fff6fef0) 
thrown [s\src\hotspot\share\prims\jni.cpp, line 518]
Event: 8.775 Thread 0x00000241aad2f120 Exception <a 'sun/nio/fs/WindowsException'{0x00000000fff94330}> (0x00000000fff94330) 
thrown [s\src\hotspot\share\prims\jni.cpp, line 518]
Event: 8.775 Thread 0x00000241aad2f120 Exception <a 'sun/nio/fs/WindowsException'{0x00000000fff992f0}> (0x00000000fff992f0) 
thrown [s\src\hotspot\share\prims\jni.cpp, line 518]
Event: 8.775 Thread 0x00000241aad2f120 Exception <a 'sun/nio/fs/WindowsException'{0x00000000fff99fe0}> (0x00000000fff99fe0) 
thrown [s\src\hotspot\share\prims\jni.cpp, line 518]
Event: 8.775 Thread 0x00000241aad2f120 Exception <a 'sun/nio/fs/WindowsException'{0x00000000fffa99e0}> (0x00000000fffa99e0) 
thrown [s\src\hotspot\share\prims\jni.cpp, line 518]
Event: 8.776 Thread 0x00000241aad2f120 Exception <a 'sun/nio/fs/WindowsException'{0x00000000fffd58a0}> (0x00000000fffd58a0) 
thrown [s\src\hotspot\share\prims\jni.cpp, line 518]
Event: 8.786 Thread 0x00000241aad2f120 Exception <a 'sun/nio/fs/WindowsException'{0x00000000ff7d0540}> (0x00000000ff7d0540) 
thrown [s\src\hotspot\share\prims\jni.cpp, line 518]

VM Operations (20 events):
Event: 7.319 Executing VM operation: HandshakeAllThreads (Deoptimize)
Event: 7.319 Executing VM operation: HandshakeAllThreads (Deoptimize) done
Event: 7.410 Executing VM operation: HandshakeAllThreads (Deoptimize)
Event: 7.410 Executing VM operation: HandshakeAllThreads (Deoptimize) done
Event: 7.411 Executing VM operation: HandshakeAllThreads (Deoptimize)
Event: 7.411 Executing VM operation: HandshakeAllThreads (Deoptimize) done
Event: 7.778 Executing VM operation: HandshakeAllThreads (Deoptimize)
Event: 7.778 Executing VM operation: HandshakeAllThreads (Deoptimize) done
Event: 7.872 Executing VM operation: G1CollectForAllocation (G1 Evacuation Pause)
Event: 7.884 Executing VM operation: G1CollectForAllocation (G1 Evacuation Pause) done
Event: 8.156 Executing VM operation: G1TryInitiateConcMark (G1 Humongous Allocation)
Event: 8.172 Executing VM operation: G1TryInitiateConcMark (G1 Humongous Allocation) done
Event: 8.223 Executing VM operation: G1PauseRemark
Event: 8.231 Executing VM operation: G1PauseRemark done
Event: 8.256 Executing VM operation: G1PauseCleanup
Event: 8.256 Executing VM operation: G1PauseCleanup done
Event: 8.484 Executing VM operation: G1CollectForAllocation (G1 Evacuation Pause)
Event: 8.502 Executing VM operation: G1CollectForAllocation (G1 Evacuation Pause) done
Event: 8.751 Executing VM operation: G1CollectForAllocation (G1 Evacuation Pause)
Event: 8.769 Executing VM operation: G1CollectForAllocation (G1 Evacuation Pause) done

Memory protections (0 events):
No events

Nmethod flushes (20 events):
Event: 8.230 Thread 0x00000241ad0ddf20 flushing  nmethod 0x00000241b6039908
Event: 8.230 Thread 0x00000241ad0ddf20 flushing  nmethod 0x00000241b6052888
Event: 8.230 Thread 0x00000241ad0ddf20 flushing  nmethod 0x00000241b6054308
Event: 8.230 Thread 0x00000241ad0ddf20 flushing  nmethod 0x00000241b6056288
Event: 8.230 Thread 0x00000241ad0ddf20 flushing  nmethod 0x00000241b6063108
Event: 8.230 Thread 0x00000241ad0ddf20 flushing  nmethod 0x00000241b606fb88
Event: 8.230 Thread 0x00000241ad0ddf20 flushing  nmethod 0x00000241b6098888
Event: 8.230 Thread 0x00000241ad0ddf20 flushing  nmethod 0x00000241b60d8808
Event: 8.230 Thread 0x00000241ad0ddf20 flushing  nmethod 0x00000241b60d9108
Event: 8.230 Thread 0x00000241ad0ddf20 flushing  nmethod 0x00000241b60df088
Event: 8.230 Thread 0x00000241ad0ddf20 flushing  nmethod 0x00000241b60f8a88
Event: 8.230 Thread 0x00000241ad0ddf20 flushing  nmethod 0x00000241b60f9308
Event: 8.230 Thread 0x00000241ad0ddf20 flushing  nmethod 0x00000241b60f9608
Event: 8.230 Thread 0x00000241ad0ddf20 flushing  nmethod 0x00000241b60f9908
Event: 8.230 Thread 0x00000241ad0ddf20 flushing  nmethod 0x00000241b610e708
Event: 8.230 Thread 0x00000241ad0ddf20 flushing  nmethod 0x00000241b6148b88
Event: 8.230 Thread 0x00000241ad0ddf20 flushing  nmethod 0x00000241b6157208
Event: 8.230 Thread 0x00000241ad0ddf20 flushing  nmethod 0x00000241b6157588
Event: 8.230 Thread 0x00000241ad0ddf20 flushing  nmethod 0x00000241b6157908
Event: 8.230 Thread 0x00000241ad0ddf20 flushing  nmethod 0x00000241b630ef88

Events (15 events):
Event: 0.033 Thread 0x00000241aad2f120 Thread added: 0x00000241aad2f120
Event: 0.053 Thread 0x00000241aad2f120 Thread added: 0x00000241c832d390
Event: 0.053 Thread 0x00000241aad2f120 Thread added: 0x00000241c832e250
Event: 0.053 Thread 0x00000241aad2f120 Thread added: 0x00000241c832fd90
Event: 0.054 Thread 0x00000241aad2f120 Thread added: 0x00000241c83308c0
Event: 0.054 Thread 0x00000241aad2f120 Thread added: 0x00000241c8333400
Event: 0.054 Thread 0x00000241aad2f120 Thread added: 0x00000241c8333f30
Event: 0.054 Thread 0x00000241aad2f120 Thread added: 0x00000241c8334d90
Event: 0.055 Thread 0x00000241aad2f120 Thread added: 0x00000241c83384e0
Event: 0.065 Thread 0x00000241aad2f120 Thread added: 0x00000241c83d7610
Event: 0.069 Thread 0x00000241aad2f120 Thread added: 0x00000241c83d9d80
Event: 0.212 Thread 0x00000241c8334d90 Thread added: 0x00000241c8652490
Event: 0.352 Thread 0x00000241aad2f120 Thread added: 0x00000241c8809480
Event: 0.575 Thread 0x00000241c8809480 Thread exited: 0x00000241c8809480
Event: 2.243 Thread 0x00000241c8652490 Thread exited: 0x00000241c8652490


Dynamic libraries:
0x00007ff64a850000 - 0x00007ff64a85e000 	C:\Program Files\Apache NetBeans\jdk\bin\java.exe
0x00007ffcf35d0000 - 0x00007ffcf37c8000 	C:\WINDOWS\SYSTEM32\ntdll.dll
0x00007ffcea270000 - 0x00007ffcea290000 	C:\Program Files\Avast Software\Avast\aswhook.dll
0x00007ffcf2310000 - 0x00007ffcf23d2000 	C:\WINDOWS\System32\KERNEL32.DLL
0x00007ffcf11c0000 - 0x00007ffcf14b6000 	C:\WINDOWS\System32\KERNELBASE.dll
0x00007ffcf0cf0000 - 0x00007ffcf0df0000 	C:\WINDOWS\System32\ucrtbase.dll
0x00007ffcde030000 - 0x00007ffcde046000 	C:\Program Files\Apache NetBeans\jdk\bin\jli.dll
0x00007ffcde210000 - 0x00007ffcde22e000 	C:\Program Files\Apache NetBeans\jdk\bin\VCRUNTIME140.dll
0x00007ffcf16d0000 - 0x00007ffcf1871000 	C:\WINDOWS\System32\USER32.dll
0x00007ffcf0ee0000 - 0x00007ffcf0f02000 	C:\WINDOWS\System32\win32u.dll
0x00007ffcf3560000 - 0x00007ffcf358b000 	C:\WINDOWS\System32\GDI32.dll
0x00007ffcefc70000 - 0x00007ffceff0b000 	C:\WINDOWS\WinSxS\amd64_microsoft.windows.common-controls_6595b64144ccf1df_6.0.19041.6456_none_60b8a6cb71f64256\COMCTL32.dll
0x00007ffcf21c0000 - 0x00007ffcf225e000 	C:\WINDOWS\System32\msvcrt.dll
0x00007ffcf10a0000 - 0x00007ffcf11b9000 	C:\WINDOWS\System32\gdi32full.dll
0x00007ffcf0e40000 - 0x00007ffcf0edd000 	C:\WINDOWS\System32\msvcp_win.dll
0x00007ffcf2d90000 - 0x00007ffcf2dbf000 	C:\WINDOWS\System32\IMM32.DLL
0x00007ffcde200000 - 0x00007ffcde20c000 	C:\Program Files\Apache NetBeans\jdk\bin\vcruntime140_1.dll
0x00007ffc70590000 - 0x00007ffc7061d000 	C:\Program Files\Apache NetBeans\jdk\bin\msvcp140.dll
0x00007ffc7cc20000 - 0x00007ffc7da9c000 	C:\Program Files\Apache NetBeans\jdk\bin\server\jvm.dll
0x00007ffcf2030000 - 0x00007ffcf20e1000 	C:\WINDOWS\System32\ADVAPI32.dll
0x00007ffcf1910000 - 0x00007ffcf19af000 	C:\WINDOWS\System32\sechost.dll
0x00007ffcf2dc0000 - 0x00007ffcf2ee0000 	C:\WINDOWS\System32\RPCRT4.dll
0x00007ffcf0f10000 - 0x00007ffcf0f37000 	C:\WINDOWS\System32\bcrypt.dll
0x00007ffcf2d20000 - 0x00007ffcf2d8b000 	C:\WINDOWS\System32\WS2_32.dll
0x00007ffcf0b40000 - 0x00007ffcf0b8b000 	C:\WINDOWS\SYSTEM32\POWRPROF.dll
0x00007ffcd2b30000 - 0x00007ffcd2b57000 	C:\WINDOWS\SYSTEM32\WINMM.dll
0x00007ffced3c0000 - 0x00007ffced3ca000 	C:\WINDOWS\SYSTEM32\VERSION.dll
0x00007ffcf0b20000 - 0x00007ffcf0b32000 	C:\WINDOWS\SYSTEM32\UMPDC.dll
0x00007ffceee20000 - 0x00007ffceee32000 	C:\WINDOWS\SYSTEM32\kernel.appcore.dll
0x00007ffcde060000 - 0x00007ffcde06a000 	C:\Program Files\Apache NetBeans\jdk\bin\jimage.dll
0x00007ffcf05a0000 - 0x00007ffcf07a1000 	C:\WINDOWS\SYSTEM32\DBGHELP.DLL
0x00007ffcf0200000 - 0x00007ffcf0234000 	C:\WINDOWS\SYSTEM32\dbgcore.DLL
0x00007ffcf0c60000 - 0x00007ffcf0ce2000 	C:\WINDOWS\System32\bcryptPrimitives.dll
0x00007ffcde070000 - 0x00007ffcde08e000 	C:\Program Files\Apache NetBeans\jdk\bin\java.dll
0x00007ffcf19b0000 - 0x00007ffcf1adb000 	C:\WINDOWS\System32\ole32.dll
0x00007ffcf30c0000 - 0x00007ffcf3414000 	C:\WINDOWS\System32\combase.dll
0x00007ffcf25b0000 - 0x00007ffcf2d20000 	C:\WINDOWS\System32\SHELL32.dll
0x00007ffceddd0000 - 0x00007ffcee575000 	C:\WINDOWS\SYSTEM32\windows.storage.dll
0x00007ffcf0240000 - 0x00007ffcf026b000 	C:\WINDOWS\SYSTEM32\Wldp.dll
0x00007ffcf20f0000 - 0x00007ffcf21bd000 	C:\WINDOWS\System32\OLEAUT32.dll
0x00007ffcf34a0000 - 0x00007ffcf354d000 	C:\WINDOWS\System32\SHCORE.dll
0x00007ffcf2ee0000 - 0x00007ffcf2f3b000 	C:\WINDOWS\System32\shlwapi.dll
0x00007ffcf0b90000 - 0x00007ffcf0bb4000 	C:\WINDOWS\SYSTEM32\profapi.dll
0x00007ffcc9010000 - 0x00007ffcc90e7000 	C:\Program Files\Apache NetBeans\jdk\bin\jsvml.dll
0x00007ffcde020000 - 0x00007ffcde030000 	C:\Program Files\Apache NetBeans\jdk\bin\net.dll
0x00007ffceff10000 - 0x00007ffceff7a000 	C:\WINDOWS\system32\mswsock.dll
0x00007ffcc8fd0000 - 0x00007ffcc8fe6000 	C:\Program Files\Apache NetBeans\jdk\bin\nio.dll
0x00007ffcc8ff0000 - 0x00007ffcc9007000 	C:\Program Files\Apache NetBeans\jdk\bin\zip.dll
0x00007ffcd06c0000 - 0x00007ffcd06e4000 	C:\Program Files\Apache NetBeans\java\maven\lib\jansi-native\Windows\x86_64\jansi.dll
0x00007ffcc8fc0000 - 0x00007ffcc8fd0000 	C:\Program Files\Apache NetBeans\jdk\bin\verify.dll

JVMTI agents: none

dbghelp: loaded successfully - version: 4.0.5 - missing functions: none
symbol engine: initialized successfully - sym options: 0x614 - pdb path: .;C:\Program Files\Apache NetBeans\jdk\bin;C:\WINDOWS\SYSTEM32;C:\Program Files\Avast Software\Avast;C:\WINDOWS\WinSxS\amd64_microsoft.windows.common-controls_6595b64144ccf1df_6.0.19041.6456_none_60b8a6cb71f64256;C:\Program Files\Apache NetBeans\jdk\bin\server;C:\Program Files\Apache NetBeans\java\maven\lib\jansi-native\Windows\x86_64

VM Arguments:
jvm_args: -Dclassworlds.conf=C:\Program Files\Apache NetBeans\java\maven\bin\m2.conf -Dmaven.home=C:\Program Files\Apache NetBeans\java\maven -Dlibrary.jansi.path=C:\Program Files\Apache NetBeans\java\maven\lib\jansi-native -Dmaven.multiModuleProjectDirectory=C:\Users\agent\Documents\NetBeansProjects\institution_gestion_notes 
java_command: org.codehaus.plexus.classworlds.launcher.Launcher -Drun.jvmArguments=-noverify -XX:TieredStopAtLevel=1 -Drun.mainClass=institution_gestion_notes.Institution_gestion_notesApplication -Dexec.vmArgs= -Dexec.appArgs= -Dmaven.ext.class.path=C:\Program Files\Apache NetBeans\java\maven-nblib\netbeans-eventspy.jar --no-transfer-progress spring-boot:run
java_class_path (initial): C:\Program Files\Apache NetBeans\java\maven\boot\plexus-classworlds-2.8.0.jar
Launcher Type: SUN_STANDARD

[Global flags]
     intx CICompilerCount                          = 3                                         {product} {ergonomic}
     uint ConcGCThreads                            = 1                                         {product} {ergonomic}
     uint G1ConcRefinementThreads                  = 4                                         {product} {ergonomic}
   size_t G1HeapRegionSize                         = 1048576                                   {product} {ergonomic}
   size_t InitialHeapSize                          = 67108864                                  {product} {ergonomic}
   size_t MarkStackSize                            = 4194304                                   {product} {ergonomic}
   size_t MarkStackSizeMax                         = 536870912                                 {product} {ergonomic}
   size_t MaxHeapSize                              = 1050673152                                {product} {ergonomic}
   size_t MaxNewSize                               = 630194176                                 {product} {ergonomic}
   size_t MinHeapDeltaBytes                        = 1048576                                   {product} {ergonomic}
   size_t MinHeapSize                              = 8388608                                   {product} {ergonomic}
    uintx NonNMethodCodeHeapSize                   = 5832704                                {pd product} {ergonomic}
    uintx NonProfiledCodeHeapSize                  = 122945536                              {pd product} {ergonomic}
    uintx ProfiledCodeHeapSize                     = 122880000                              {pd product} {ergonomic}
    uintx ReservedCodeCacheSize                    = 251658240                              {pd product} {ergonomic}
     bool SegmentedCodeCache                       = true                                      {product} {ergonomic}
   size_t SoftMaxHeapSize                          = 1050673152                             {manageable} {ergonomic}
     bool UseCompressedOops                        = true                           {product lp64_product} {ergonomic}
     bool UseG1GC                                  = true                                      {product} {ergonomic}
     bool UseLargePagesIndividualAllocation        = false                                  {pd product} {ergonomic}

Logging:
Log output configuration:
 #0: stdout all=warning uptime,level,tags foldmultilines=false
 #1: stderr all=off uptime,level,tags foldmultilines=false

Environment Variables:
JAVA_HOME=C:\Program Files\Apache NetBeans\jdk
PATH=C:\oracle\product\10.2.0\db_1\bin;C:\Program Files\Common Files\Oracle\Java\javapath;C:\Program Files (x86)\Common Files\Oracle\Java\javapath;C:\WINDOWS\system32;C:\WINDOWS;C:\WINDOWS\System32\Wbem;C:\WINDOWS\System32\WindowsPowerShell\v1.0\;C:\WINDOWS\System32\OpenSSH\;C:\Program Files (x86)\Intel\Intel(R) Management Engine Components\DAL;C:\Program Files\Intel\Intel(R) Management Engine Components\DAL;C:\Program Files (x86)\Intel\Intel(R) Management Engine Components\IPT;C:\Program Files\Intel\Intel(R) Management Engine Components\IPT;C:\Users\agent\AppData\Local\Microsoft\WindowsApps;
USERNAME=agent
OS=Windows_NT
PROCESSOR_IDENTIFIER=Intel64 Family 6 Model 142 Stepping 10, GenuineIntel
TMP=C:\Users\agent\AppData\Local\Temp
TEMP=C:\Users\agent\AppData\Local\Temp




Periodic native trim disabled

---------------  S Y S T E M  ---------------

OS:
 Windows 10 , 64 bit Build 19041 (10.0.19041.5915)
OS uptime: 0 days 18:47 hours

CPU: total 4 (initial active 4) (2 cores per cpu, 2 threads per core) family 6 model 142 stepping 10 microcode 0xe0, cx8, cmov, fxsr, ht, mmx, 3dnowpref, sse, sse2, sse3, ssse3, sse4.1, sse4.2, popcnt, lzcnt, tsc, tscinvbit, avx, avx2, aes, erms, clmul, bmi1, bmi2, adx, fma, vzeroupper, clflush, clflushopt, rdtscp, f16c
Processor Information for the first 4 processors :
  Max Mhz: 2201, Current Mhz: 2201, Mhz Limit: 2201

Memory: 4k page, system-wide physical 4007M (340M free)
TotalPageFile size 16294M (AvailPageFile size 10M)
current process WorkingSet (physical memory assigned to process): 233M, peak: 233M
current process commit charge ("private bytes"): 367M, peak: 373M

vm_info: OpenJDK 64-Bit Server VM (24.0.1+9) for windows-amd64 JRE (24.0.1+9) (Zulu24.30+11-CA), built on 2025-03-21T13:52:34Z with MS VC++ 17.1 (VS2022)

END.
