#
# There is insufficient memory for the Java Runtime Environment to continue.
# Native memory allocation (malloc) failed to allocate 408 bytes. Error detail: nmethod: no space for immutable data
# Possible reasons:
#   The system is out of physical RAM or swap space
#   This process is running with CompressedOops enabled, and the Java Heap may be blocking the growth of the native heap
# Possible solutions:
#   Reduce memory load on the system
#   Increase physical memory or swap space
#   Check if swap backing store is full
#   Decrease Java heap size (-Xmx/-Xms)
#   Decrease number of Java threads
#   Decrease Java thread stack sizes (-Xss)
#   Set larger code cache with -XX:ReservedCodeCacheSize=
#   JVM is running with Unscaled Compressed Oops mode in which the Java heap is
#     placed in the first 4GB address space. The Java Heap base address is the
#     maximum limit for the native heap growth. Please use -XX:HeapBaseMinAddress
#     to set the Java Heap base and to place the Java Heap above 4GB virtual address.
# This output file may be truncated or incomplete.
#
#  Out of Memory Error (nmethod.cpp:1169), pid=7988, tid=4860
#
# JRE version: OpenJDK Runtime Environment Zulu24.30+11-CA (24.0.1+9) (build 24.0.1+9)
# Java VM: OpenJDK 64-Bit Server VM Zulu24.30+11-CA (24.0.1+9, mixed mode, tiered, compressed oops, compressed class ptrs, g1 gc, windows-amd64)
# No core dump will be written. Minidumps are not enabled by default on client versions of Windows
#

---------------  S U M M A R Y ------------

Command Line: -Dclassworlds.conf=C:\Program Files\Apache NetBeans\java\maven\bin\m2.conf -Dmaven.home=C:\Program Files\Apache NetBeans\java\maven -Dlibrary.jansi.path=C:\Program Files\Apache NetBeans\java\maven\lib\jansi-native -Dmaven.multiModuleProjectDirectory=C:\Users\agent\Documents\NetBeansProjects\institution_gestion_notes org.codehaus.plexus.classworlds.launcher.Launcher -Drun.jvmArguments=-noverify -XX:TieredStopAtLevel=1 -Drun.mainClass=institution_gestion_notes.Institution_gestion_notesApplication -Dexec.vmArgs= -Dexec.appArgs= -Dmaven.ext.class.path=C:\Program Files\Apache NetBeans\java\maven-nblib\netbeans-eventspy.jar --no-transfer-progress spring-boot:run

Host: Intel(R) Core(TM) i3-8130U CPU @ 2.20GHz, 4 cores, 3G,  Windows 10 , 64 bit Build 19041 (10.0.19041.5915)
Time: Thu Feb 12 20:22:26 2026 Eastern Standard Time elapsed time: 2.152461 seconds (0d 0h 0m 2s)

---------------  T H R E A D  ---------------

Current thread (0x0000022844964da0):  JavaThread "C1 CompilerThread0" daemon [_thread_in_vm, id=4860, stack(0x0000009653100000,0x0000009653200000) (1024K)]


Current CompileTask:
C1:2153  192       3       java.util.zip.ZipCoder$UTF8ZipCoder::checkedHash (78 bytes)

Stack: [0x0000009653100000,0x0000009653200000]
Native frames: (J=compiled Java code, j=interpreted, Vv=VM code, C=native code)
V  [jvm.dll+0x7410c9]  (no source info available)
V  [jvm.dll+0x97def3]  (no source info available)
V  [jvm.dll+0x98021d]  (no source info available)
V  [jvm.dll+0x980893]  (no source info available)
V  [jvm.dll+0x2b5b16]  (no source info available)
V  [jvm.dll+0x712de4]  (no source info available)
V  [jvm.dll+0x219881]  (no source info available)
V  [jvm.dll+0x1792cf]  (no source info available)
V  [jvm.dll+0x17858c]  (no source info available)
V  [jvm.dll+0x17a37d]  (no source info available)
V  [jvm.dll+0x288e35]  (no source info available)
V  [jvm.dll+0x2870ca]  (no source info available)
V  [jvm.dll+0x43df56]  (no source info available)
V  [jvm.dll+0x920928]  (no source info available)
V  [jvm.dll+0x73f855]  (no source info available)
C  [ucrtbase.dll+0x21bb2]  (no source info available)
C  [KERNEL32.DLL+0x17374]  (no source info available)
C  [ntdll.dll+0x4cc91]  (no source info available)

Lock stack of current Java thread (top to bottom):


---------------  P R O C E S S  ---------------

Threads class SMR info:
_java_thread_list=0x0000022844aaafb0, length=11, elements={
0x000002282743fc60, 0x0000022844930fe0, 0x0000022844944f80, 0x0000022844953ba0,
0x00000228449546d0, 0x000002284495d210, 0x0000022844950e60, 0x0000022844962210,
0x0000022844964da0, 0x000002284494db30, 0x000002284494ffc0
}

Java Threads: ( => current thread )
  0x000002282743fc60 JavaThread "main"                              [_thread_blocked, id=6136, stack(0x0000009652200000,0x0000009652300000) (1024K)]
  0x0000022844930fe0 JavaThread "Reference Handler"          daemon [_thread_blocked, id=16916, stack(0x0000009652a00000,0x0000009652b00000) (1024K)]
  0x0000022844944f80 JavaThread "Finalizer"                  daemon [_thread_blocked, id=16736, stack(0x0000009652b00000,0x0000009652c00000) (1024K)]
  0x0000022844953ba0 JavaThread "Signal Dispatcher"          daemon [_thread_blocked, id=4248, stack(0x0000009652c00000,0x0000009652d00000) (1024K)]
  0x00000228449546d0 JavaThread "Attach Listener"            daemon [_thread_blocked, id=6400, stack(0x0000009652d00000,0x0000009652e00000) (1024K)]
  0x000002284495d210 JavaThread "Service Thread"             daemon [_thread_blocked, id=16140, stack(0x0000009652e00000,0x0000009652f00000) (1024K)]
  0x0000022844950e60 JavaThread "Monitor Deflation Thread"   daemon [_thread_blocked, id=11840, stack(0x0000009652f00000,0x0000009653000000) (1024K)]
  0x0000022844962210 JavaThread "C2 CompilerThread0"         daemon [_thread_blocked, id=4884, stack(0x0000009653000000,0x0000009653100000) (1024K)]
=>0x0000022844964da0 JavaThread "C1 CompilerThread0"         daemon [_thread_in_vm, id=4860, stack(0x0000009653100000,0x0000009653200000) (1024K)]
  0x000002284494db30 JavaThread "Notification Thread"        daemon [_thread_blocked, id=19732, stack(0x0000009653200000,0x0000009653300000) (1024K)]
  0x000002284494ffc0 JavaThread "Common-Cleaner"             daemon [_thread_blocked, id=10048, stack(0x0000009653300000,0x0000009653400000) (1024K)]
Total: 11

Other Threads:
  0x0000022844903a60 VMThread "VM Thread"                           [id=21304, stack(0x0000009652900000,0x0000009652a00000) (1024K)]
  0x0000022829695310 WatcherThread "VM Periodic Task Thread"        [id=4788, stack(0x0000009652800000,0x0000009652900000) (1024K)]
  0x000002282961b570 WorkerThread "GC Thread#0"                     [id=19016, stack(0x0000009652300000,0x0000009652400000) (1024K)]
  0x0000022829626160 ConcurrentGCThread "G1 Main Marker"            [id=21012, stack(0x0000009652400000,0x0000009652500000) (1024K)]
  0x0000022829628330 WorkerThread "G1 Conc#0"                       [id=19560, stack(0x0000009652500000,0x0000009652600000) (1024K)]
  0x0000022829687330 ConcurrentGCThread "G1 Refine#0"               [id=18576, stack(0x0000009652600000,0x0000009652700000) (1024K)]
  0x0000022829687dc0 ConcurrentGCThread "G1 Service"                [id=14708, stack(0x0000009652700000,0x0000009652800000) (1024K)]
Total: 7

Threads with active compile tasks:
C1 CompilerThread0  2597  192       3       java.util.zip.ZipCoder$UTF8ZipCoder::checkedHash (78 bytes)
Total: 1

VM state: not at safepoint (normal execution)

VM Mutex/Monitor currently owned by a thread:  ([mutex/lock_event])
[0x00007ffbcd0f3b48] MethodCompileQueue_lock - owner thread: 0x0000022844964da0
[0x00007ffbcd0f5048] Compile_lock - owner thread: 0x0000022844964da0

Heap address: 0x00000000c1600000, size: 1002 MB, Compressed Oops mode: 32-bit

CDS archive(s) not mapped
Compressed class space mapped at: 0x000000003f000000-0x000000007f000000, reserved size: 1073741824
UseCompressedClassPointers 1, UseCompactObjectHeaders 0
Narrow klass pointer bits 32, Max shift 3
Narrow klass base: 0x0000000000000000, Narrow klass shift: 0
Encoding Range: [0x0000000000000000 - 0x0000000100000000), (4294967296 bytes)
Klass Range:    [0x000000003f000000 - 0x000000007f000000), (1073741824 bytes)
Klass ID Range:  [1056964608 - 2130706425) (1073741817)

GC Precious Log:
 CardTable entry size: 512
 Card Set container configuration: InlinePtr #cards 5 size 8 Array Of Cards #cards 10 size 36 Howl #buckets 4 coarsen threshold 1843 Howl Bitmap #cards 512 size 80 coarsen threshold 460 Card regions per heap region 1 cards per card region 2048
 CPUs: 4 total, 4 available
 Memory: 4007M
 Large Page Support: Disabled
 NUMA Support: Disabled
 Compressed Oops: Enabled (32-bit)
 Heap Region Size: 1M
 Heap Min Capacity: 8M
 Heap Initial Capacity: 64M
 Heap Max Capacity: 1002M
 Pre-touch: Disabled
 Parallel Workers: 4
 Concurrent Workers: 1
 Concurrent Refinement Workers: 4
 Periodic GC: Disabled

Heap:
 garbage-first heap   total reserved 1026048K, committed 65536K, used 2048K [0x00000000c1600000, 0x0000000100000000)
  region size 1024K, 3 young (3072K), 0 survivors (0K)
 Metaspace       used 7271K, committed 7360K, reserved 1114112K
  class space    used 496K, committed 512K, reserved 1048576K

Heap Regions: E=young(eden), S=young(survivor), O=old, HS=humongous(starts), HC=humongous(continues), CS=collection set, F=free, TAMS=top-at-mark-start, PB=parsable bottom
|   0|0x00000000c1600000, 0x00000000c1600000, 0x00000000c1700000|  0%| F|  |TAMS 0x00000000c1600000| PB 0x00000000c1600000| Untracked |  0
|   1|0x00000000c1700000, 0x00000000c1700000, 0x00000000c1800000|  0%| F|  |TAMS 0x00000000c1700000| PB 0x00000000c1700000| Untracked |  0
|   2|0x00000000c1800000, 0x00000000c1800000, 0x00000000c1900000|  0%| F|  |TAMS 0x00000000c1800000| PB 0x00000000c1800000| Untracked |  0
|   3|0x00000000c1900000, 0x00000000c1900000, 0x00000000c1a00000|  0%| F|  |TAMS 0x00000000c1900000| PB 0x00000000c1900000| Untracked |  0
|   4|0x00000000c1a00000, 0x00000000c1a00000, 0x00000000c1b00000|  0%| F|  |TAMS 0x00000000c1a00000| PB 0x00000000c1a00000| Untracked |  0
|   5|0x00000000c1b00000, 0x00000000c1b00000, 0x00000000c1c00000|  0%| F|  |TAMS 0x00000000c1b00000| PB 0x00000000c1b00000| Untracked |  0
|   6|0x00000000c1c00000, 0x00000000c1c00000, 0x00000000c1d00000|  0%| F|  |TAMS 0x00000000c1c00000| PB 0x00000000c1c00000| Untracked |  0
|   7|0x00000000c1d00000, 0x00000000c1d00000, 0x00000000c1e00000|  0%| F|  |TAMS 0x00000000c1d00000| PB 0x00000000c1d00000| Untracked |  0
|   8|0x00000000c1e00000, 0x00000000c1e00000, 0x00000000c1f00000|  0%| F|  |TAMS 0x00000000c1e00000| PB 0x00000000c1e00000| Untracked |  0
|   9|0x00000000c1f00000, 0x00000000c1f00000, 0x00000000c2000000|  0%| F|  |TAMS 0x00000000c1f00000| PB 0x00000000c1f00000| Untracked |  0
|  10|0x00000000c2000000, 0x00000000c2000000, 0x00000000c2100000|  0%| F|  |TAMS 0x00000000c2000000| PB 0x00000000c2000000| Untracked |  0
|  11|0x00000000c2100000, 0x00000000c2100000, 0x00000000c2200000|  0%| F|  |TAMS 0x00000000c2100000| PB 0x00000000c2100000| Untracked |  0
|  12|0x00000000c2200000, 0x00000000c2200000, 0x00000000c2300000|  0%| F|  |TAMS 0x00000000c2200000| PB 0x00000000c2200000| Untracked |  0
|  13|0x00000000c2300000, 0x00000000c2300000, 0x00000000c2400000|  0%| F|  |TAMS 0x00000000c2300000| PB 0x00000000c2300000| Untracked |  0
|  14|0x00000000c2400000, 0x00000000c2400000, 0x00000000c2500000|  0%| F|  |TAMS 0x00000000c2400000| PB 0x00000000c2400000| Untracked |  0
|  15|0x00000000c2500000, 0x00000000c2500000, 0x00000000c2600000|  0%| F|  |TAMS 0x00000000c2500000| PB 0x00000000c2500000| Untracked |  0
|  16|0x00000000c2600000, 0x00000000c2600000, 0x00000000c2700000|  0%| F|  |TAMS 0x00000000c2600000| PB 0x00000000c2600000| Untracked |  0
|  17|0x00000000c2700000, 0x00000000c2700000, 0x00000000c2800000|  0%| F|  |TAMS 0x00000000c2700000| PB 0x00000000c2700000| Untracked |  0
|  18|0x00000000c2800000, 0x00000000c2800000, 0x00000000c2900000|  0%| F|  |TAMS 0x00000000c2800000| PB 0x00000000c2800000| Untracked |  0
|  19|0x00000000c2900000, 0x00000000c2900000, 0x00000000c2a00000|  0%| F|  |TAMS 0x00000000c2900000| PB 0x00000000c2900000| Untracked |  0
|  20|0x00000000c2a00000, 0x00000000c2a00000, 0x00000000c2b00000|  0%| F|  |TAMS 0x00000000c2a00000| PB 0x00000000c2a00000| Untracked |  0
|  21|0x00000000c2b00000, 0x00000000c2b00000, 0x00000000c2c00000|  0%| F|  |TAMS 0x00000000c2b00000| PB 0x00000000c2b00000| Untracked |  0
|  22|0x00000000c2c00000, 0x00000000c2c00000, 0x00000000c2d00000|  0%| F|  |TAMS 0x00000000c2c00000| PB 0x00000000c2c00000| Untracked |  0
|  23|0x00000000c2d00000, 0x00000000c2d00000, 0x00000000c2e00000|  0%| F|  |TAMS 0x00000000c2d00000| PB 0x00000000c2d00000| Untracked |  0
|  24|0x00000000c2e00000, 0x00000000c2e00000, 0x00000000c2f00000|  0%| F|  |TAMS 0x00000000c2e00000| PB 0x00000000c2e00000| Untracked |  0
|  25|0x00000000c2f00000, 0x00000000c2f00000, 0x00000000c3000000|  0%| F|  |TAMS 0x00000000c2f00000| PB 0x00000000c2f00000| Untracked |  0
|  26|0x00000000c3000000, 0x00000000c3000000, 0x00000000c3100000|  0%| F|  |TAMS 0x00000000c3000000| PB 0x00000000c3000000| Untracked |  0
|  27|0x00000000c3100000, 0x00000000c3100000, 0x00000000c3200000|  0%| F|  |TAMS 0x00000000c3100000| PB 0x00000000c3100000| Untracked |  0
|  28|0x00000000c3200000, 0x00000000c3200000, 0x00000000c3300000|  0%| F|  |TAMS 0x00000000c3200000| PB 0x00000000c3200000| Untracked |  0
|  29|0x00000000c3300000, 0x00000000c3300000, 0x00000000c3400000|  0%| F|  |TAMS 0x00000000c3300000| PB 0x00000000c3300000| Untracked |  0
|  30|0x00000000c3400000, 0x00000000c3400000, 0x00000000c3500000|  0%| F|  |TAMS 0x00000000c3400000| PB 0x00000000c3400000| Untracked |  0
|  31|0x00000000c3500000, 0x00000000c3500000, 0x00000000c3600000|  0%| F|  |TAMS 0x00000000c3500000| PB 0x00000000c3500000| Untracked |  0
|  32|0x00000000c3600000, 0x00000000c3600000, 0x00000000c3700000|  0%| F|  |TAMS 0x00000000c3600000| PB 0x00000000c3600000| Untracked |  0
|  33|0x00000000c3700000, 0x00000000c3700000, 0x00000000c3800000|  0%| F|  |TAMS 0x00000000c3700000| PB 0x00000000c3700000| Untracked |  0
|  34|0x00000000c3800000, 0x00000000c3800000, 0x00000000c3900000|  0%| F|  |TAMS 0x00000000c3800000| PB 0x00000000c3800000| Untracked |  0
|  35|0x00000000c3900000, 0x00000000c3900000, 0x00000000c3a00000|  0%| F|  |TAMS 0x00000000c3900000| PB 0x00000000c3900000| Untracked |  0
|  36|0x00000000c3a00000, 0x00000000c3a00000, 0x00000000c3b00000|  0%| F|  |TAMS 0x00000000c3a00000| PB 0x00000000c3a00000| Untracked |  0
|  37|0x00000000c3b00000, 0x00000000c3b00000, 0x00000000c3c00000|  0%| F|  |TAMS 0x00000000c3b00000| PB 0x00000000c3b00000| Untracked |  0
|  38|0x00000000c3c00000, 0x00000000c3c00000, 0x00000000c3d00000|  0%| F|  |TAMS 0x00000000c3c00000| PB 0x00000000c3c00000| Untracked |  0
|  39|0x00000000c3d00000, 0x00000000c3d00000, 0x00000000c3e00000|  0%| F|  |TAMS 0x00000000c3d00000| PB 0x00000000c3d00000| Untracked |  0
|  40|0x00000000c3e00000, 0x00000000c3e00000, 0x00000000c3f00000|  0%| F|  |TAMS 0x00000000c3e00000| PB 0x00000000c3e00000| Untracked |  0
|  41|0x00000000c3f00000, 0x00000000c3f00000, 0x00000000c4000000|  0%| F|  |TAMS 0x00000000c3f00000| PB 0x00000000c3f00000| Untracked |  0
|  42|0x00000000c4000000, 0x00000000c4000000, 0x00000000c4100000|  0%| F|  |TAMS 0x00000000c4000000| PB 0x00000000c4000000| Untracked |  0
|  43|0x00000000c4100000, 0x00000000c4100000, 0x00000000c4200000|  0%| F|  |TAMS 0x00000000c4100000| PB 0x00000000c4100000| Untracked |  0
|  44|0x00000000c4200000, 0x00000000c4200000, 0x00000000c4300000|  0%| F|  |TAMS 0x00000000c4200000| PB 0x00000000c4200000| Untracked |  0
|  45|0x00000000c4300000, 0x00000000c4300000, 0x00000000c4400000|  0%| F|  |TAMS 0x00000000c4300000| PB 0x00000000c4300000| Untracked |  0
|  46|0x00000000c4400000, 0x00000000c4400000, 0x00000000c4500000|  0%| F|  |TAMS 0x00000000c4400000| PB 0x00000000c4400000| Untracked |  0
|  47|0x00000000c4500000, 0x00000000c4500000, 0x00000000c4600000|  0%| F|  |TAMS 0x00000000c4500000| PB 0x00000000c4500000| Untracked |  0
|  48|0x00000000c4600000, 0x00000000c4600000, 0x00000000c4700000|  0%| F|  |TAMS 0x00000000c4600000| PB 0x00000000c4600000| Untracked |  0
|  49|0x00000000c4700000, 0x00000000c4700000, 0x00000000c4800000|  0%| F|  |TAMS 0x00000000c4700000| PB 0x00000000c4700000| Untracked |  0
|  50|0x00000000c4800000, 0x00000000c4800000, 0x00000000c4900000|  0%| F|  |TAMS 0x00000000c4800000| PB 0x00000000c4800000| Untracked |  0
|  51|0x00000000c4900000, 0x00000000c4900000, 0x00000000c4a00000|  0%| F|  |TAMS 0x00000000c4900000| PB 0x00000000c4900000| Untracked |  0
|  52|0x00000000c4a00000, 0x00000000c4a00000, 0x00000000c4b00000|  0%| F|  |TAMS 0x00000000c4a00000| PB 0x00000000c4a00000| Untracked |  0
|  53|0x00000000c4b00000, 0x00000000c4b00000, 0x00000000c4c00000|  0%| F|  |TAMS 0x00000000c4b00000| PB 0x00000000c4b00000| Untracked |  0
|  54|0x00000000c4c00000, 0x00000000c4c00000, 0x00000000c4d00000|  0%| F|  |TAMS 0x00000000c4c00000| PB 0x00000000c4c00000| Untracked |  0
|  55|0x00000000c4d00000, 0x00000000c4d00000, 0x00000000c4e00000|  0%| F|  |TAMS 0x00000000c4d00000| PB 0x00000000c4d00000| Untracked |  0
|  56|0x00000000c4e00000, 0x00000000c4e00000, 0x00000000c4f00000|  0%| F|  |TAMS 0x00000000c4e00000| PB 0x00000000c4e00000| Untracked |  0
|  57|0x00000000c4f00000, 0x00000000c4f00000, 0x00000000c5000000|  0%| F|  |TAMS 0x00000000c4f00000| PB 0x00000000c4f00000| Untracked |  0
|  58|0x00000000c5000000, 0x00000000c5000000, 0x00000000c5100000|  0%| F|  |TAMS 0x00000000c5000000| PB 0x00000000c5000000| Untracked |  0
|  59|0x00000000c5100000, 0x00000000c5100000, 0x00000000c5200000|  0%| F|  |TAMS 0x00000000c5100000| PB 0x00000000c5100000| Untracked |  0
|  60|0x00000000c5200000, 0x00000000c5200000, 0x00000000c5300000|  0%| F|  |TAMS 0x00000000c5200000| PB 0x00000000c5200000| Untracked |  0
|  61|0x00000000c5300000, 0x00000000c5400000, 0x00000000c5400000|100%| E|  |TAMS 0x00000000c5300000| PB 0x00000000c5300000| Complete |  0
|  62|0x00000000c5400000, 0x00000000c5500000, 0x00000000c5500000|100%| E|CS|TAMS 0x00000000c5400000| PB 0x00000000c5400000| Complete |  0
|  63|0x00000000c5500000, 0x00000000c5600000, 0x00000000c5600000|100%| E|CS|TAMS 0x00000000c5500000| PB 0x00000000c5500000| Complete |  0

Card table byte_map: [0x00000228412f0000,0x00000228414f0000] _byte_map_base: 0x0000022840ce5000

Marking Bits: (CMBitMap*) 0x000002282961bb90
 Bits: [0x00000228414f0000, 0x0000022842498000)

Polling page: 0x0000022827400000

Metaspace:

Usage:
  Non-class:      6.62 MB used.
      Class:    496.29 KB used.
       Both:      7.10 MB used.

Virtual space:
  Non-class space:       64.00 MB reserved,       6.69 MB ( 10%) committed,  1 nodes.
      Class space:        1.00 GB reserved,     512.00 KB ( <1%) committed,  1 nodes.
             Both:        1.06 GB reserved,       7.19 MB ( <1%) committed. 

Chunk freelists:
   Non-Class:  8.99 MB
       Class:  15.50 MB
        Both:  24.50 MB

MaxMetaspaceSize: unlimited
CompressedClassSpaceSize: 1.00 GB
Initial GC threshold: 21.00 MB
Current GC threshold: 21.00 MB
CDS: off
 - commit_granule_bytes: 65536.
 - commit_granule_words: 8192.
 - virtual_space_node_default_size: 8388608.
 - enlarge_chunks_in_place: 1.
UseCompressedClassPointers 1, UseCompactObjectHeaders 0
Narrow klass pointer bits 32, Max shift 3
Narrow klass base: 0x0000000000000000, Narrow klass shift: 0
Encoding Range: [0x0000000000000000 - 0x0000000100000000), (4294967296 bytes)
Klass Range:    [0x000000003f000000 - 0x000000007f000000), (1073741824 bytes)
Klass ID Range:  [1056964608 - 2130706425) (1073741817)


Internal statistics:

num_allocs_failed_limit: 0.
num_arena_births: 10.
num_arena_deaths: 0.
num_vsnodes_births: 2.
num_vsnodes_deaths: 0.
num_space_committed: 115.
num_space_uncommitted: 0.
num_chunks_returned_to_freelist: 0.
num_chunks_taken_from_freelist: 27.
num_chunk_merges: 0.
num_chunk_splits: 13.
num_chunks_enlarged: 9.
num_inconsistent_stats: 0.

CodeHeap 'non-profiled nmethods': size=120064Kb used=53Kb max_used=53Kb free=120010Kb
 bounds [0x0000022839bb0000, 0x0000022839e20000, 0x00000228410f0000]
CodeHeap 'profiled nmethods': size=120000Kb used=171Kb max_used=171Kb free=119828Kb
 bounds [0x00000228320f0000, 0x0000022832360000, 0x0000022839620000]
CodeHeap 'non-nmethods': size=5696Kb used=1227Kb max_used=1242Kb free=4468Kb
 bounds [0x0000022839620000, 0x0000022839890000, 0x0000022839bb0000]
CodeCache: size=245760Kb, used=1451Kb, max_used=1466Kb, free=244306Kb
 total_blobs=587, nmethods=191, adapters=302, full_count=0
Compilation: enabled, stopped_count=0, restarted_count=0

Compilation events (20 events):
Event: 1.937 Thread 0x0000022844964da0 nmethod 181 0x0000022832117c08 code [0x0000022832117d20, 0x0000022832117f68]
Event: 2.078 Thread 0x0000022844964da0  182       1       java.util.zip.ZipCoder$UTF8ZipCoder::isUTF8 (2 bytes)
Event: 2.079 Thread 0x0000022844964da0 nmethod 182 0x0000022839bbc808 code [0x0000022839bbc900, 0x0000022839bbc9c8]
Event: 2.081 Thread 0x0000022844964da0  184       3       jdk.internal.misc.Unsafe::allocateUninitializedArray0 (90 bytes)
Event: 2.082 Thread 0x0000022844964da0 nmethod 184 0x0000022832117f88 code [0x0000022832118120, 0x0000022832118948]
Event: 2.085 Thread 0x0000022844964da0  185       3       java.util.HashMap::putVal (300 bytes)
Event: 2.086 Thread 0x0000022844962210  186       4       java.lang.AbstractStringBuilder::ensureCapacityInternal (39 bytes)
Event: 2.090 Thread 0x0000022844964da0 nmethod 185 0x0000022832118988 code [0x0000022832118bc0, 0x0000022832119d38]
Event: 2.102 Thread 0x0000022844962210 nmethod 186 0x0000022839bbce08 code [0x0000022839bbcf40, 0x0000022839bbd498]
Event: 2.139 Thread 0x0000022844964da0  187       3       java.util.zip.ZipUtils::CENCOM (9 bytes)
Event: 2.140 Thread 0x0000022844964da0 nmethod 187 0x0000022832119d88 code [0x0000022832119ea0, 0x0000022832119fb8]
Event: 2.140 Thread 0x0000022844964da0  188       3       java.util.zip.ZipUtils::CENEXT (9 bytes)
Event: 2.141 Thread 0x0000022844964da0 nmethod 188 0x000002283211a088 code [0x000002283211a1a0, 0x000002283211a2b8]
Event: 2.142 Thread 0x0000022844964da0  189       3       java.util.zip.ZipUtils::CENSIZ (9 bytes)
Event: 2.142 Thread 0x0000022844964da0 nmethod 189 0x000002283211a388 code [0x000002283211a4a0, 0x000002283211a5b8]
Event: 2.142 Thread 0x0000022844964da0  190       3       java.util.zip.ZipUtils::CENNAM (9 bytes)
Event: 2.143 Thread 0x0000022844964da0 nmethod 190 0x000002283211a688 code [0x000002283211a7a0, 0x000002283211a8b8]
Event: 2.143 Thread 0x0000022844964da0  191       3       java.util.zip.ZipUtils::CENHOW (9 bytes)
Event: 2.143 Thread 0x0000022844964da0 nmethod 191 0x000002283211a988 code [0x000002283211aaa0, 0x000002283211abb8]
Event: 2.143 Thread 0x0000022844964da0  192       3       java.util.zip.ZipCoder$UTF8ZipCoder::checkedHash (78 bytes)

GC Heap History (0 events):
No events

Dll operation events (5 events):
Event: 0.161 Loaded shared library C:\Program Files\Apache NetBeans\jdk\bin\java.dll
Event: 0.955 Loaded shared library C:\Program Files\Apache NetBeans\jdk\bin\jsvml.dll
Event: 1.249 Loaded shared library C:\Program Files\Apache NetBeans\jdk\bin\net.dll
Event: 1.261 Loaded shared library C:\Program Files\Apache NetBeans\jdk\bin\nio.dll
Event: 1.301 Loaded shared library C:\Program Files\Apache NetBeans\jdk\bin\zip.dll

Deoptimization events (4 events):
Event: 1.854 Thread 0x000002282743fc60 Uncommon trap: trap_request=0xffffff4d fr.pc=0x0000022839bb5618 relative=0x0000000000000278
Event: 1.854 Thread 0x000002282743fc60 Uncommon trap: reason=unstable_if action=reinterpret pc=0x0000022839bb5618 method=jdk.internal.util.ArraysSupport.hashCodeOfUnsigned([BIII)I @ 1 c2
Event: 1.854 Thread 0x000002282743fc60 DEOPT PACKING pc=0x0000022839bb5618 sp=0x00000096522fd560
Event: 1.854 Thread 0x000002282743fc60 DEOPT UNPACKING pc=0x0000022839731b82 sp=0x00000096522fd420 mode 2

Classes loaded (20 events):
Event: 1.861 Loading class java/lang/invoke/LambdaFormEditor
Event: 1.862 Loading class java/lang/invoke/LambdaFormEditor done
Event: 1.862 Loading class java/lang/invoke/LambdaFormEditor$TransformKey
Event: 1.864 Loading class java/lang/invoke/LambdaFormEditor$TransformKey done
Event: 1.864 Loading class java/lang/invoke/LambdaFormBuffer
Event: 1.865 Loading class java/lang/invoke/LambdaFormBuffer done
Event: 1.865 Loading class java/lang/invoke/LambdaFormEditor$Transform
Event: 1.865 Loading class java/lang/invoke/LambdaFormEditor$Transform done
Event: 1.867 Loading class java/util/Arrays$LegacyMergeSort
Event: 1.868 Loading class java/util/Arrays$LegacyMergeSort done
Event: 1.868 Loading class java/util/TimSort
Event: 1.868 Loading class java/util/TimSort done
Event: 1.868 Loading class java/util/TreeMap$KeySet
Event: 1.869 Loading class java/util/TreeMap$KeySet done
Event: 1.869 Loading class java/util/TreeMap$KeyIterator
Event: 1.869 Loading class java/util/TreeMap$PrivateEntryIterator
Event: 1.870 Loading class java/util/TreeMap$PrivateEntryIterator done
Event: 1.870 Loading class java/util/TreeMap$KeyIterator done
Event: 1.870 Loading class jdk/internal/loader/URLClassPath$FileLoader
Event: 1.915 Loading class jdk/internal/loader/URLClassPath$FileLoader done

Classes unloaded (0 events):
No events

Classes redefined (0 events):
No events

Internal exceptions (1 events):
Event: 1.848 Thread 0x000002282743fc60 Exception <a 'java/lang/NoSuchMethodError'{0x00000000c53aaa10}: 'int java.lang.invoke.DirectMethodHandle$Holder.invokeSpecial(java.lang.Object, java.lang.Object, java.lang.Object)'> (0x00000000c53aaa10) 
thrown [s\src\hotspot\share\interpreter\linkResolver.cpp, line 805]

VM Operations (2 events):
Event: 1.310 Executing VM operation: HandshakeAllThreads (Deoptimize)
Event: 1.310 Executing VM operation: HandshakeAllThreads (Deoptimize) done

Memory protections (0 events):
No events

Nmethod flushes (0 events):
No events

Events (11 events):
Event: 0.221 Thread 0x000002282743fc60 Thread added: 0x000002282743fc60
Event: 0.936 Thread 0x000002282743fc60 Thread added: 0x0000022844930fe0
Event: 0.937 Thread 0x000002282743fc60 Thread added: 0x0000022844944f80
Event: 0.943 Thread 0x000002282743fc60 Thread added: 0x0000022844953ba0
Event: 0.943 Thread 0x000002282743fc60 Thread added: 0x00000228449546d0
Event: 0.943 Thread 0x000002282743fc60 Thread added: 0x000002284495d210
Event: 0.944 Thread 0x000002282743fc60 Thread added: 0x0000022844950e60
Event: 0.944 Thread 0x000002282743fc60 Thread added: 0x0000022844962210
Event: 0.944 Thread 0x000002282743fc60 Thread added: 0x0000022844964da0
Event: 1.180 Thread 0x000002282743fc60 Thread added: 0x000002284494db30
Event: 1.209 Thread 0x000002282743fc60 Thread added: 0x000002284494ffc0


Dynamic libraries:
0x00007ff7792c0000 - 0x00007ff7792ce000 	C:\Program Files\Apache NetBeans\jdk\bin\java.exe
0x00007ffc4d9d0000 - 0x00007ffc4dbc8000 	C:\WINDOWS\SYSTEM32\ntdll.dll
0x00007ffc4c530000 - 0x00007ffc4c5f2000 	C:\WINDOWS\System32\KERNEL32.DLL
0x00007ffc4b440000 - 0x00007ffc4b736000 	C:\WINDOWS\System32\KERNELBASE.dll
0x00007ffc4b860000 - 0x00007ffc4b960000 	C:\WINDOWS\System32\ucrtbase.dll
0x00007ffc14fd0000 - 0x00007ffc14fee000 	C:\Program Files\Apache NetBeans\jdk\bin\VCRUNTIME140.dll
0x00007ffbcd2c0000 - 0x00007ffbcd2d6000 	C:\Program Files\Apache NetBeans\jdk\bin\jli.dll
0x00007ffc4d7b0000 - 0x00007ffc4d951000 	C:\WINDOWS\System32\USER32.dll
0x00007ffc4b410000 - 0x00007ffc4b432000 	C:\WINDOWS\System32\win32u.dll
0x00007ffc28aa0000 - 0x00007ffc28d3b000 	C:\WINDOWS\WinSxS\amd64_microsoft.windows.common-controls_6595b64144ccf1df_6.0.19041.6456_none_60b8a6cb71f64256\COMCTL32.dll
0x00007ffc4bd30000 - 0x00007ffc4bd5b000 	C:\WINDOWS\System32\GDI32.dll
0x00007ffc4bdc0000 - 0x00007ffc4be5e000 	C:\WINDOWS\System32\msvcrt.dll
0x00007ffc4b740000 - 0x00007ffc4b859000 	C:\WINDOWS\System32\gdi32full.dll
0x00007ffc4b370000 - 0x00007ffc4b40d000 	C:\WINDOWS\System32\msvcp_win.dll
0x00007ffc4d960000 - 0x00007ffc4d98f000 	C:\WINDOWS\System32\IMM32.DLL
0x00007ffc265c0000 - 0x00007ffc265cc000 	C:\Program Files\Apache NetBeans\jdk\bin\vcruntime140_1.dll
0x00007ffbcbbb0000 - 0x00007ffbcbc3d000 	C:\Program Files\Apache NetBeans\jdk\bin\msvcp140.dll
0x00007ffbcc360000 - 0x00007ffbcd1dc000 	C:\Program Files\Apache NetBeans\jdk\bin\server\jvm.dll
0x00007ffc4bec0000 - 0x00007ffc4bf71000 	C:\WINDOWS\System32\ADVAPI32.dll
0x00007ffc4bfa0000 - 0x00007ffc4c03f000 	C:\WINDOWS\System32\sechost.dll
0x00007ffc4c040000 - 0x00007ffc4c160000 	C:\WINDOWS\System32\RPCRT4.dll
0x00007ffc4b060000 - 0x00007ffc4b087000 	C:\WINDOWS\System32\bcrypt.dll
0x00007ffc4c160000 - 0x00007ffc4c1cb000 	C:\WINDOWS\System32\WS2_32.dll
0x00007ffc4af70000 - 0x00007ffc4afbb000 	C:\WINDOWS\SYSTEM32\POWRPROF.dll
0x00007ffc34f30000 - 0x00007ffc34f57000 	C:\WINDOWS\SYSTEM32\WINMM.dll
0x00007ffc47170000 - 0x00007ffc4717a000 	C:\WINDOWS\SYSTEM32\VERSION.dll
0x00007ffc4af50000 - 0x00007ffc4af62000 	C:\WINDOWS\SYSTEM32\UMPDC.dll
0x00007ffc48ed0000 - 0x00007ffc48ee2000 	C:\WINDOWS\SYSTEM32\kernel.appcore.dll
0x00007ffc14fc0000 - 0x00007ffc14fca000 	C:\Program Files\Apache NetBeans\jdk\bin\jimage.dll
0x00007ffc486e0000 - 0x00007ffc488e1000 	C:\WINDOWS\SYSTEM32\DBGHELP.DLL
0x00007ffc40660000 - 0x00007ffc40694000 	C:\WINDOWS\SYSTEM32\dbgcore.DLL
0x00007ffc4b960000 - 0x00007ffc4b9e2000 	C:\WINDOWS\System32\bcryptPrimitives.dll
0x00007ffbcd970000 - 0x00007ffbcd98e000 	C:\Program Files\Apache NetBeans\jdk\bin\java.dll
0x00007ffc4d1b0000 - 0x00007ffc4d2db000 	C:\WINDOWS\System32\ole32.dll
0x00007ffc4c1d0000 - 0x00007ffc4c524000 	C:\WINDOWS\System32\combase.dll
0x00007ffc4c830000 - 0x00007ffc4cfa0000 	C:\WINDOWS\System32\SHELL32.dll
0x00007ffc490d0000 - 0x00007ffc49875000 	C:\WINDOWS\SYSTEM32\windows.storage.dll
0x00007ffc4a9b0000 - 0x00007ffc4a9db000 	C:\WINDOWS\SYSTEM32\Wldp.dll
0x00007ffc4c600000 - 0x00007ffc4c6cd000 	C:\WINDOWS\System32\OLEAUT32.dll
0x00007ffc4bc80000 - 0x00007ffc4bd2d000 	C:\WINDOWS\System32\SHCORE.dll
0x00007ffc4be60000 - 0x00007ffc4bebb000 	C:\WINDOWS\System32\shlwapi.dll
0x00007ffc4af20000 - 0x00007ffc4af44000 	C:\WINDOWS\SYSTEM32\profapi.dll
0x00007ffbcd1e0000 - 0x00007ffbcd2b7000 	C:\Program Files\Apache NetBeans\jdk\bin\jsvml.dll
0x00007ffbcd960000 - 0x00007ffbcd970000 	C:\Program Files\Apache NetBeans\jdk\bin\net.dll
0x00007ffc4a710000 - 0x00007ffc4a77a000 	C:\WINDOWS\system32\mswsock.dll
0x00007ffbcab50000 - 0x00007ffbcab66000 	C:\Program Files\Apache NetBeans\jdk\bin\nio.dll
0x00007ffbcab70000 - 0x00007ffbcab87000 	C:\Program Files\Apache NetBeans\jdk\bin\zip.dll

JVMTI agents: none

dbghelp: loaded successfully - version: 4.0.5 - missing functions: none
symbol engine: initialized successfully - sym options: 0x614 - pdb path: .;C:\Program Files\Apache NetBeans\jdk\bin;C:\WINDOWS\SYSTEM32;C:\WINDOWS\WinSxS\amd64_microsoft.windows.common-controls_6595b64144ccf1df_6.0.19041.6456_none_60b8a6cb71f64256;C:\Program Files\Apache NetBeans\jdk\bin\server

VM Arguments:
jvm_args: -Dclassworlds.conf=C:\Program Files\Apache NetBeans\java\maven\bin\m2.conf -Dmaven.home=C:\Program Files\Apache NetBeans\java\maven -Dlibrary.jansi.path=C:\Program Files\Apache NetBeans\java\maven\lib\jansi-native -Dmaven.multiModuleProjectDirectory=C:\Users\agent\Documents\NetBeansProjects\institution_gestion_notes 
java_command: org.codehaus.plexus.classworlds.launcher.Launcher -Drun.jvmArguments=-noverify -XX:TieredStopAtLevel=1 -Drun.mainClass=institution_gestion_notes.Institution_gestion_notesApplication -Dexec.vmArgs= -Dexec.appArgs= -Dmaven.ext.class.path=C:\Program Files\Apache NetBeans\java\maven-nblib\netbeans-eventspy.jar --no-transfer-progress spring-boot:run
java_class_path (initial): C:\Program Files\Apache NetBeans\java\maven\boot\plexus-classworlds-2.8.0.jar
Launcher Type: SUN_STANDARD

[Global flags]
     intx CICompilerCount                          = 3                                         {product} {ergonomic}
     uint ConcGCThreads                            = 1                                         {product} {ergonomic}
     uint G1ConcRefinementThreads                  = 4                                         {product} {ergonomic}
   size_t G1HeapRegionSize                         = 1048576                                   {product} {ergonomic}
   size_t InitialHeapSize                          = 67108864                                  {product} {ergonomic}
   size_t MarkStackSize                            = 4194304                                   {product} {ergonomic}
   size_t MarkStackSizeMax                         = 536870912                                 {product} {ergonomic}
   size_t MaxHeapSize                              = 1050673152                                {product} {ergonomic}
   size_t MaxNewSize                               = 630194176                                 {product} {ergonomic}
   size_t MinHeapDeltaBytes                        = 1048576                                   {product} {ergonomic}
   size_t MinHeapSize                              = 8388608                                   {product} {ergonomic}
    uintx NonNMethodCodeHeapSize                   = 5832704                                {pd product} {ergonomic}
    uintx NonProfiledCodeHeapSize                  = 122945536                              {pd product} {ergonomic}
    uintx ProfiledCodeHeapSize                     = 122880000                              {pd product} {ergonomic}
    uintx ReservedCodeCacheSize                    = 251658240                              {pd product} {ergonomic}
     bool SegmentedCodeCache                       = true                                      {product} {ergonomic}
   size_t SoftMaxHeapSize                          = 1050673152                             {manageable} {ergonomic}
     bool UseCompressedOops                        = true                           {product lp64_product} {ergonomic}
     bool UseG1GC                                  = true                                      {product} {ergonomic}
     bool UseLargePagesIndividualAllocation        = false                                  {pd product} {ergonomic}

Logging:
Log output configuration:
 #0: stdout all=warning uptime,level,tags foldmultilines=false
 #1: stderr all=off uptime,level,tags foldmultilines=false

Environment Variables:
JAVA_HOME=C:\Program Files\Apache NetBeans\jdk
PATH=C:\oracle\product\10.2.0\db_1\bin;C:\Program Files\Common Files\Oracle\Java\javapath;C:\Program Files (x86)\Common Files\Oracle\Java\javapath;C:\WINDOWS\system32;C:\WINDOWS;C:\WINDOWS\System32\Wbem;C:\WINDOWS\System32\WindowsPowerShell\v1.0\;C:\WINDOWS\System32\OpenSSH\;C:\Program Files (x86)\Intel\Intel(R) Management Engine Components\DAL;C:\Program Files\Intel\Intel(R) Management Engine Components\DAL;C:\Program Files (x86)\Intel\Intel(R) Management Engine Components\IPT;C:\Program Files\Intel\Intel(R) Management Engine Components\IPT;C:\Users\agent\AppData\Local\Microsoft\WindowsApps;
USERNAME=agent
OS=Windows_NT
PROCESSOR_IDENTIFIER=Intel64 Family 6 Model 142 Stepping 10, GenuineIntel
TMP=C:\Users\agent\AppData\Local\Temp
TEMP=C:\Users\agent\AppData\Local\Temp




Periodic native trim disabled

---------------  S Y S T E M  ---------------

OS:
 Windows 10 , 64 bit Build 19041 (10.0.19041.5915)
OS uptime: 1 days 0:27 hours

CPU: total 4 (initial active 4) (2 cores per cpu, 2 threads per core) family 6 model 142 stepping 10 microcode 0xe0, cx8, cmov, fxsr, ht, mmx, 3dnowpref, sse, sse2, sse3, ssse3, sse4.1, sse4.2, popcnt, lzcnt, tsc, tscinvbit, avx, avx2, aes, erms, clmul, bmi1, bmi2, adx, fma, vzeroupper, clflush, clflushopt, rdtscp, f16c
Processor Information for processor 0
  Max Mhz: 2201, Current Mhz: 1500, Mhz Limit: 2201
Processor Information for processor 1
  Max Mhz: 2201, Current Mhz: 1500, Mhz Limit: 2201
Processor Information for processor 2
  Max Mhz: 2201, Current Mhz: 1500, Mhz Limit: 2201
Processor Information for processor 3
  Max Mhz: 2201, Current Mhz: 2000, Mhz Limit: 2201

Memory: 4k page, system-wide physical 4007M (191M free)
TotalPageFile size 16295M (AvailPageFile size 0M)
current process WorkingSet (physical memory assigned to process): 32M, peak: 32M
current process commit charge ("private bytes"): 130M, peak: 130M

vm_info: OpenJDK 64-Bit Server VM (24.0.1+9) for windows-amd64 JRE (24.0.1+9) (Zulu24.30+11-CA), built on 2025-03-21T13:52:34Z with MS VC++ 17.1 (VS2022)

END.
