#
# There is insufficient memory for the Java Runtime Environment to continue.
# Native memory allocation (malloc) failed to allocate 32744 bytes. Error detail: Chunk::new
# Possible reasons:
#   The system is out of physical RAM or swap space
#   This process is running with CompressedOops enabled, and the Java Heap may be blocking the growth of the native heap
# Possible solutions:
#   Reduce memory load on the system
#   Increase physical memory or swap space
#   Check if swap backing store is full
#   Decrease Java heap size (-Xmx/-Xms)
#   Decrease number of Java threads
#   Decrease Java thread stack sizes (-Xss)
#   Set larger code cache with -XX:ReservedCodeCacheSize=
#   JVM is running with Unscaled Compressed Oops mode in which the Java heap is
#     placed in the first 4GB address space. The Java Heap base address is the
#     maximum limit for the native heap growth. Please use -XX:HeapBaseMinAddress
#     to set the Java Heap base and to place the Java Heap above 4GB virtual address.
# This output file may be truncated or incomplete.
#
#  Out of Memory Error (arena.cpp:162), pid=18824, tid=17752
#
# JRE version: OpenJDK Runtime Environment Zulu24.30+11-CA (24.0.1+9) (build 24.0.1+9)
# Java VM: OpenJDK 64-Bit Server VM Zulu24.30+11-CA (24.0.1+9, mixed mode, emulated-client, tiered, compressed oops, compressed class ptrs, g1 gc, windows-amd64)
# No core dump will be written. Minidumps are not enabled by default on client versions of Windows
#

---------------  S U M M A R Y ------------

Command Line: -XX:TieredStopAtLevel=1 institution_gestion_notes.InstitutionGestionNotesApplication

Host: Intel(R) Core(TM) i3-8130U CPU @ 2.20GHz, 4 cores, 3G,  Windows 10 , 64 bit Build 19041 (10.0.19041.5915)
Time: Sun Feb 15 16:27:52 2026 Eastern Standard Time elapsed time: 1.530375 seconds (0d 0h 0m 1s)

---------------  T H R E A D  ---------------

Current thread (0x000001a5801b0ae0):  JavaThread "C1 CompilerThread0" daemon [_thread_in_native, id=17752, stack(0x0000007cd7800000,0x0000007cd7900000) (1024K)]


Current CompileTask:
C1:1530  543       1       jdk.internal.classfile.impl.StackMapGenerator::processBlock (2767 bytes)

Stack: [0x0000007cd7800000,0x0000007cd7900000]
Native frames: (J=compiled Java code, j=interpreted, Vv=VM code, C=native code)
V  [jvm.dll+0x7410c9]  (no source info available)
V  [jvm.dll+0x97def3]  (no source info available)
V  [jvm.dll+0x98021d]  (no source info available)
V  [jvm.dll+0x980893]  (no source info available)
V  [jvm.dll+0x2b5b16]  (no source info available)
V  [jvm.dll+0xd019f]  (no source info available)
V  [jvm.dll+0xd03ff]  (no source info available)
V  [jvm.dll+0x17ce9c]  (no source info available)
V  [jvm.dll+0x1895a6]  (no source info available)
V  [jvm.dll+0x18c668]  (no source info available)
V  [jvm.dll+0x18c08b]  (no source info available)
V  [jvm.dll+0x183ae2]  (no source info available)
V  [jvm.dll+0x185d49]  (no source info available)
V  [jvm.dll+0x18437c]  (no source info available)
V  [jvm.dll+0x17d80e]  (no source info available)
V  [jvm.dll+0x18dda1]  (no source info available)
V  [jvm.dll+0x178a5b]  (no source info available)
V  [jvm.dll+0x178e4a]  (no source info available)
V  [jvm.dll+0x1791cb]  (no source info available)
V  [jvm.dll+0x17858c]  (no source info available)
V  [jvm.dll+0x17a37d]  (no source info available)
V  [jvm.dll+0x288e35]  (no source info available)
V  [jvm.dll+0x2870ca]  (no source info available)
V  [jvm.dll+0x43df56]  (no source info available)
V  [jvm.dll+0x920928]  (no source info available)
V  [jvm.dll+0x73f855]  (no source info available)
C  [ucrtbase.dll+0x21bb2]  (no source info available)
C  [KERNEL32.DLL+0x17374]  (no source info available)
C  [ntdll.dll+0x4cc91]  (no source info available)

Lock stack of current Java thread (top to bottom):


---------------  P R O C E S S  ---------------

Threads class SMR info:
_java_thread_list=0x000001a580323030, length=11, elements={
0x000001a5c53ac310, 0x000001a580182410, 0x000001a580195950, 0x000001a5801a13c0,
0x000001a5801a4c20, 0x000001a5801a0310, 0x000001a5801ab380, 0x000001a5801b0ae0,
0x000001a58030ad00, 0x000001a58030f0c0, 0x000001a580321dd0
}

Java Threads: ( => current thread )
  0x000001a5c53ac310 JavaThread "main"                              [_thread_in_vm, id=13804, stack(0x0000007cd6a00000,0x0000007cd6b00000) (1024K)]
  0x000001a580182410 JavaThread "Reference Handler"          daemon [_thread_blocked, id=13020, stack(0x0000007cd7200000,0x0000007cd7300000) (1024K)]
  0x000001a580195950 JavaThread "Finalizer"                  daemon [_thread_blocked, id=17588, stack(0x0000007cd7300000,0x0000007cd7400000) (1024K)]
  0x000001a5801a13c0 JavaThread "Signal Dispatcher"          daemon [_thread_blocked, id=17428, stack(0x0000007cd7400000,0x0000007cd7500000) (1024K)]
  0x000001a5801a4c20 JavaThread "Attach Listener"            daemon [_thread_blocked, id=7020, stack(0x0000007cd7500000,0x0000007cd7600000) (1024K)]
  0x000001a5801a0310 JavaThread "Service Thread"             daemon [_thread_blocked, id=11064, stack(0x0000007cd7600000,0x0000007cd7700000) (1024K)]
  0x000001a5801ab380 JavaThread "Monitor Deflation Thread"   daemon [_thread_blocked, id=12548, stack(0x0000007cd7700000,0x0000007cd7800000) (1024K)]
=>0x000001a5801b0ae0 JavaThread "C1 CompilerThread0"         daemon [_thread_in_native, id=17752, stack(0x0000007cd7800000,0x0000007cd7900000) (1024K)]
  0x000001a58030ad00 JavaThread "Notification Thread"        daemon [_thread_blocked, id=17456, stack(0x0000007cd7900000,0x0000007cd7a00000) (1024K)]
  0x000001a58030f0c0 JavaThread "Common-Cleaner"             daemon [_thread_blocked, id=10936, stack(0x0000007cd7a00000,0x0000007cd7b00000) (1024K)]
  0x000001a580321dd0 JavaThread "C1 CompilerThread1"         daemon [_thread_blocked, id=17432, stack(0x0000007cd7b00000,0x0000007cd7c00000) (1024K)]
Total: 11

Other Threads:
  0x000001a5801548f0 VMThread "VM Thread"                           [id=13896, stack(0x0000007cd7100000,0x0000007cd7200000) (1024K)]
  0x000001a580122a30 WatcherThread "VM Periodic Task Thread"        [id=12200, stack(0x0000007cd7000000,0x0000007cd7100000) (1024K)]
  0x000001a5c7609ef0 WorkerThread "GC Thread#0"                     [id=9164, stack(0x0000007cd6b00000,0x0000007cd6c00000) (1024K)]
  0x000001a5c7614d30 ConcurrentGCThread "G1 Main Marker"            [id=9488, stack(0x0000007cd6c00000,0x0000007cd6d00000) (1024K)]
  0x000001a5c7616f00 WorkerThread "G1 Conc#0"                       [id=18236, stack(0x0000007cd6d00000,0x0000007cd6e00000) (1024K)]
  0x000001a5c7675860 ConcurrentGCThread "G1 Refine#0"               [id=17824, stack(0x0000007cd6e00000,0x0000007cd6f00000) (1024K)]
  0x000001a5c7677f10 ConcurrentGCThread "G1 Service"                [id=17620, stack(0x0000007cd6f00000,0x0000007cd7000000) (1024K)]
Total: 7

Threads with active compile tasks:
C1 CompilerThread0  1597  543       1       jdk.internal.classfile.impl.StackMapGenerator::processBlock (2767 bytes)
Total: 1

VM state: not at safepoint (normal execution)

VM Mutex/Monitor currently owned by a thread:  ([mutex/lock_event])
[0x00007ffc7d9b2fc8] Metaspace_lock - owner thread: 0x000001a5c53ac310

Heap address: 0x00000000c1600000, size: 1002 MB, Compressed Oops mode: 32-bit

CDS archive(s) not mapped
Compressed class space mapped at: 0x0000000020000000-0x0000000060000000, reserved size: 1073741824
UseCompressedClassPointers 1, UseCompactObjectHeaders 0
Narrow klass pointer bits 32, Max shift 3
Narrow klass base: 0x0000000000000000, Narrow klass shift: 0
Encoding Range: [0x0000000000000000 - 0x0000000100000000), (4294967296 bytes)
Klass Range:    [0x0000000020000000 - 0x0000000060000000), (1073741824 bytes)
Klass ID Range:  [536870912 - 1610612729) (1073741817)

GC Precious Log:
 CardTable entry size: 512
 Card Set container configuration: InlinePtr #cards 5 size 8 Array Of Cards #cards 10 size 36 Howl #buckets 4 coarsen threshold 1843 Howl Bitmap #cards 512 size 80 coarsen threshold 460 Card regions per heap region 1 cards per card region 2048
 CPUs: 4 total, 4 available
 Memory: 4007M
 Large Page Support: Disabled
 NUMA Support: Disabled
 Compressed Oops: Enabled (32-bit)
 Heap Region Size: 1M
 Heap Min Capacity: 8M
 Heap Initial Capacity: 64M
 Heap Max Capacity: 1002M
 Pre-touch: Disabled
 Parallel Workers: 4
 Concurrent Workers: 1
 Concurrent Refinement Workers: 4
 Periodic GC: Disabled

Heap:
 garbage-first heap   total reserved 1026048K, committed 65536K, used 12288K [0x00000000c1600000, 0x0000000100000000)
  region size 1024K, 11 young (11264K), 0 survivors (0K)
 Metaspace       used 8704K, committed 8832K, reserved 1114112K
  class space    used 634K, committed 704K, reserved 1048576K

Heap Regions: E=young(eden), S=young(survivor), O=old, HS=humongous(starts), HC=humongous(continues), CS=collection set, F=free, TAMS=top-at-mark-start, PB=parsable bottom
|   0|0x00000000c1600000, 0x00000000c1700000, 0x00000000c1700000|100%|HS|  |TAMS 0x00000000c1600000| PB 0x00000000c1600000| Complete |  0
|   1|0x00000000c1700000, 0x00000000c1800000, 0x00000000c1800000|100%|HS|  |TAMS 0x00000000c1700000| PB 0x00000000c1700000| Complete |  0
|   2|0x00000000c1800000, 0x00000000c1800000, 0x00000000c1900000|  0%| F|  |TAMS 0x00000000c1800000| PB 0x00000000c1800000| Untracked |  0
|   3|0x00000000c1900000, 0x00000000c1900000, 0x00000000c1a00000|  0%| F|  |TAMS 0x00000000c1900000| PB 0x00000000c1900000| Untracked |  0
|   4|0x00000000c1a00000, 0x00000000c1a00000, 0x00000000c1b00000|  0%| F|  |TAMS 0x00000000c1a00000| PB 0x00000000c1a00000| Untracked |  0
|   5|0x00000000c1b00000, 0x00000000c1b00000, 0x00000000c1c00000|  0%| F|  |TAMS 0x00000000c1b00000| PB 0x00000000c1b00000| Untracked |  0
|   6|0x00000000c1c00000, 0x00000000c1c00000, 0x00000000c1d00000|  0%| F|  |TAMS 0x00000000c1c00000| PB 0x00000000c1c00000| Untracked |  0
|   7|0x00000000c1d00000, 0x00000000c1d00000, 0x00000000c1e00000|  0%| F|  |TAMS 0x00000000c1d00000| PB 0x00000000c1d00000| Untracked |  0
|   8|0x00000000c1e00000, 0x00000000c1e00000, 0x00000000c1f00000|  0%| F|  |TAMS 0x00000000c1e00000| PB 0x00000000c1e00000| Untracked |  0
|   9|0x00000000c1f00000, 0x00000000c1f00000, 0x00000000c2000000|  0%| F|  |TAMS 0x00000000c1f00000| PB 0x00000000c1f00000| Untracked |  0
|  10|0x00000000c2000000, 0x00000000c2000000, 0x00000000c2100000|  0%| F|  |TAMS 0x00000000c2000000| PB 0x00000000c2000000| Untracked |  0
|  11|0x00000000c2100000, 0x00000000c2100000, 0x00000000c2200000|  0%| F|  |TAMS 0x00000000c2100000| PB 0x00000000c2100000| Untracked |  0
|  12|0x00000000c2200000, 0x00000000c2200000, 0x00000000c2300000|  0%| F|  |TAMS 0x00000000c2200000| PB 0x00000000c2200000| Untracked |  0
|  13|0x00000000c2300000, 0x00000000c2300000, 0x00000000c2400000|  0%| F|  |TAMS 0x00000000c2300000| PB 0x00000000c2300000| Untracked |  0
|  14|0x00000000c2400000, 0x00000000c2400000, 0x00000000c2500000|  0%| F|  |TAMS 0x00000000c2400000| PB 0x00000000c2400000| Untracked |  0
|  15|0x00000000c2500000, 0x00000000c2500000, 0x00000000c2600000|  0%| F|  |TAMS 0x00000000c2500000| PB 0x00000000c2500000| Untracked |  0
|  16|0x00000000c2600000, 0x00000000c2600000, 0x00000000c2700000|  0%| F|  |TAMS 0x00000000c2600000| PB 0x00000000c2600000| Untracked |  0
|  17|0x00000000c2700000, 0x00000000c2700000, 0x00000000c2800000|  0%| F|  |TAMS 0x00000000c2700000| PB 0x00000000c2700000| Untracked |  0
|  18|0x00000000c2800000, 0x00000000c2800000, 0x00000000c2900000|  0%| F|  |TAMS 0x00000000c2800000| PB 0x00000000c2800000| Untracked |  0
|  19|0x00000000c2900000, 0x00000000c2900000, 0x00000000c2a00000|  0%| F|  |TAMS 0x00000000c2900000| PB 0x00000000c2900000| Untracked |  0
|  20|0x00000000c2a00000, 0x00000000c2a00000, 0x00000000c2b00000|  0%| F|  |TAMS 0x00000000c2a00000| PB 0x00000000c2a00000| Untracked |  0
|  21|0x00000000c2b00000, 0x00000000c2b00000, 0x00000000c2c00000|  0%| F|  |TAMS 0x00000000c2b00000| PB 0x00000000c2b00000| Untracked |  0
|  22|0x00000000c2c00000, 0x00000000c2c00000, 0x00000000c2d00000|  0%| F|  |TAMS 0x00000000c2c00000| PB 0x00000000c2c00000| Untracked |  0
|  23|0x00000000c2d00000, 0x00000000c2d00000, 0x00000000c2e00000|  0%| F|  |TAMS 0x00000000c2d00000| PB 0x00000000c2d00000| Untracked |  0
|  24|0x00000000c2e00000, 0x00000000c2e00000, 0x00000000c2f00000|  0%| F|  |TAMS 0x00000000c2e00000| PB 0x00000000c2e00000| Untracked |  0
|  25|0x00000000c2f00000, 0x00000000c2f00000, 0x00000000c3000000|  0%| F|  |TAMS 0x00000000c2f00000| PB 0x00000000c2f00000| Untracked |  0
|  26|0x00000000c3000000, 0x00000000c3000000, 0x00000000c3100000|  0%| F|  |TAMS 0x00000000c3000000| PB 0x00000000c3000000| Untracked |  0
|  27|0x00000000c3100000, 0x00000000c3100000, 0x00000000c3200000|  0%| F|  |TAMS 0x00000000c3100000| PB 0x00000000c3100000| Untracked |  0
|  28|0x00000000c3200000, 0x00000000c3200000, 0x00000000c3300000|  0%| F|  |TAMS 0x00000000c3200000| PB 0x00000000c3200000| Untracked |  0
|  29|0x00000000c3300000, 0x00000000c3300000, 0x00000000c3400000|  0%| F|  |TAMS 0x00000000c3300000| PB 0x00000000c3300000| Untracked |  0
|  30|0x00000000c3400000, 0x00000000c3400000, 0x00000000c3500000|  0%| F|  |TAMS 0x00000000c3400000| PB 0x00000000c3400000| Untracked |  0
|  31|0x00000000c3500000, 0x00000000c3500000, 0x00000000c3600000|  0%| F|  |TAMS 0x00000000c3500000| PB 0x00000000c3500000| Untracked |  0
|  32|0x00000000c3600000, 0x00000000c3600000, 0x00000000c3700000|  0%| F|  |TAMS 0x00000000c3600000| PB 0x00000000c3600000| Untracked |  0
|  33|0x00000000c3700000, 0x00000000c3700000, 0x00000000c3800000|  0%| F|  |TAMS 0x00000000c3700000| PB 0x00000000c3700000| Untracked |  0
|  34|0x00000000c3800000, 0x00000000c3800000, 0x00000000c3900000|  0%| F|  |TAMS 0x00000000c3800000| PB 0x00000000c3800000| Untracked |  0
|  35|0x00000000c3900000, 0x00000000c3900000, 0x00000000c3a00000|  0%| F|  |TAMS 0x00000000c3900000| PB 0x00000000c3900000| Untracked |  0
|  36|0x00000000c3a00000, 0x00000000c3a00000, 0x00000000c3b00000|  0%| F|  |TAMS 0x00000000c3a00000| PB 0x00000000c3a00000| Untracked |  0
|  37|0x00000000c3b00000, 0x00000000c3b00000, 0x00000000c3c00000|  0%| F|  |TAMS 0x00000000c3b00000| PB 0x00000000c3b00000| Untracked |  0
|  38|0x00000000c3c00000, 0x00000000c3c00000, 0x00000000c3d00000|  0%| F|  |TAMS 0x00000000c3c00000| PB 0x00000000c3c00000| Untracked |  0
|  39|0x00000000c3d00000, 0x00000000c3d00000, 0x00000000c3e00000|  0%| F|  |TAMS 0x00000000c3d00000| PB 0x00000000c3d00000| Untracked |  0
|  40|0x00000000c3e00000, 0x00000000c3e00000, 0x00000000c3f00000|  0%| F|  |TAMS 0x00000000c3e00000| PB 0x00000000c3e00000| Untracked |  0
|  41|0x00000000c3f00000, 0x00000000c3f00000, 0x00000000c4000000|  0%| F|  |TAMS 0x00000000c3f00000| PB 0x00000000c3f00000| Untracked |  0
|  42|0x00000000c4000000, 0x00000000c4000000, 0x00000000c4100000|  0%| F|  |TAMS 0x00000000c4000000| PB 0x00000000c4000000| Untracked |  0
|  43|0x00000000c4100000, 0x00000000c4100000, 0x00000000c4200000|  0%| F|  |TAMS 0x00000000c4100000| PB 0x00000000c4100000| Untracked |  0
|  44|0x00000000c4200000, 0x00000000c4200000, 0x00000000c4300000|  0%| F|  |TAMS 0x00000000c4200000| PB 0x00000000c4200000| Untracked |  0
|  45|0x00000000c4300000, 0x00000000c4300000, 0x00000000c4400000|  0%| F|  |TAMS 0x00000000c4300000| PB 0x00000000c4300000| Untracked |  0
|  46|0x00000000c4400000, 0x00000000c4400000, 0x00000000c4500000|  0%| F|  |TAMS 0x00000000c4400000| PB 0x00000000c4400000| Untracked |  0
|  47|0x00000000c4500000, 0x00000000c4500000, 0x00000000c4600000|  0%| F|  |TAMS 0x00000000c4500000| PB 0x00000000c4500000| Untracked |  0
|  48|0x00000000c4600000, 0x00000000c4600000, 0x00000000c4700000|  0%| F|  |TAMS 0x00000000c4600000| PB 0x00000000c4600000| Untracked |  0
|  49|0x00000000c4700000, 0x00000000c4700000, 0x00000000c4800000|  0%| F|  |TAMS 0x00000000c4700000| PB 0x00000000c4700000| Untracked |  0
|  50|0x00000000c4800000, 0x00000000c4800000, 0x00000000c4900000|  0%| F|  |TAMS 0x00000000c4800000| PB 0x00000000c4800000| Untracked |  0
|  51|0x00000000c4900000, 0x00000000c4900000, 0x00000000c4a00000|  0%| F|  |TAMS 0x00000000c4900000| PB 0x00000000c4900000| Untracked |  0
|  52|0x00000000c4a00000, 0x00000000c4a00000, 0x00000000c4b00000|  0%| F|  |TAMS 0x00000000c4a00000| PB 0x00000000c4a00000| Untracked |  0
|  53|0x00000000c4b00000, 0x00000000c4c00000, 0x00000000c4c00000|100%| E|  |TAMS 0x00000000c4b00000| PB 0x00000000c4b00000| Complete |  0
|  54|0x00000000c4c00000, 0x00000000c4d00000, 0x00000000c4d00000|100%| E|CS|TAMS 0x00000000c4c00000| PB 0x00000000c4c00000| Complete |  0
|  55|0x00000000c4d00000, 0x00000000c4e00000, 0x00000000c4e00000|100%| E|CS|TAMS 0x00000000c4d00000| PB 0x00000000c4d00000| Complete |  0
|  56|0x00000000c4e00000, 0x00000000c4f00000, 0x00000000c4f00000|100%| E|CS|TAMS 0x00000000c4e00000| PB 0x00000000c4e00000| Complete |  0
|  57|0x00000000c4f00000, 0x00000000c5000000, 0x00000000c5000000|100%| E|CS|TAMS 0x00000000c4f00000| PB 0x00000000c4f00000| Complete |  0
|  58|0x00000000c5000000, 0x00000000c5100000, 0x00000000c5100000|100%| E|CS|TAMS 0x00000000c5000000| PB 0x00000000c5000000| Complete |  0
|  59|0x00000000c5100000, 0x00000000c5200000, 0x00000000c5200000|100%| E|CS|TAMS 0x00000000c5100000| PB 0x00000000c5100000| Complete |  0
|  60|0x00000000c5200000, 0x00000000c5300000, 0x00000000c5300000|100%| E|CS|TAMS 0x00000000c5200000| PB 0x00000000c5200000| Complete |  0
|  61|0x00000000c5300000, 0x00000000c5400000, 0x00000000c5400000|100%| E|CS|TAMS 0x00000000c5300000| PB 0x00000000c5300000| Complete |  0
|  62|0x00000000c5400000, 0x00000000c5500000, 0x00000000c5500000|100%| E|CS|TAMS 0x00000000c5400000| PB 0x00000000c5400000| Complete |  0
|  63|0x00000000c5500000, 0x00000000c5600000, 0x00000000c5600000|100%| E|CS|TAMS 0x00000000c5500000| PB 0x00000000c5500000| Complete |  0

Card table byte_map: [0x000001a5d30c0000,0x000001a5d32c0000] _byte_map_base: 0x000001a5d2ab5000

Marking Bits: (CMBitMap*) 0x000001a5c760a510
 Bits: [0x000001a5d32c0000, 0x000001a5d4268000)

Polling page: 0x000001a5c5360000

Metaspace:

Usage:
  Non-class:      7.88 MB used.
      Class:    634.23 KB used.
       Both:      8.50 MB used.

Virtual space:
  Non-class space:       64.00 MB reserved,       7.94 MB ( 12%) committed,  1 nodes.
      Class space:        1.00 GB reserved,     704.00 KB ( <1%) committed,  1 nodes.
             Both:        1.06 GB reserved,       8.62 MB ( <1%) committed. 

Chunk freelists:
   Non-Class:  8.04 MB
       Class:  15.20 MB
        Both:  23.24 MB

MaxMetaspaceSize: unlimited
CompressedClassSpaceSize: 1.00 GB
Initial GC threshold: 21.00 MB
Current GC threshold: 21.00 MB
CDS: off
 - commit_granule_bytes: 65536.
 - commit_granule_words: 8192.
 - virtual_space_node_default_size: 8388608.
 - enlarge_chunks_in_place: 1.
UseCompressedClassPointers 1, UseCompactObjectHeaders 0
Narrow klass pointer bits 32, Max shift 3
Narrow klass base: 0x0000000000000000, Narrow klass shift: 0
Encoding Range: [0x0000000000000000 - 0x0000000100000000), (4294967296 bytes)
Klass Range:    [0x0000000020000000 - 0x0000000060000000), (1073741824 bytes)
Klass ID Range:  [536870912 - 1610612729) (1073741817)


Internal statistics:

num_allocs_failed_limit: 0.
num_arena_births: 28.
num_arena_deaths: 0.
num_vsnodes_births: 2.
num_vsnodes_deaths: 0.
num_space_committed: 138.
num_space_uncommitted: 0.
num_chunks_returned_to_freelist: 0.
num_chunks_taken_from_freelist: 92.
num_chunk_merges: 0.
num_chunk_splits: 47.
num_chunks_enlarged: 31.
num_inconsistent_stats: 0.

CodeCache: size=49152Kb used=2255Kb max_used=2255Kb free=46896Kb
 bounds [0x000001a5d00c0000, 0x000001a5d0330000, 0x000001a5d30c0000]
 total_blobs=956, nmethods=577, adapters=305, full_count=0
Compilation: enabled, stopped_count=0, restarted_count=0

Compilation events (20 events):
Event: 1.521 Thread 0x000001a5801b0ae0  537       1       jdk.internal.jimage.ImageReader::requireOpen (18 bytes)
Event: 1.521 Thread 0x000001a5801b0ae0 nmethod 537 0x000001a5d02e9f88 code [0x000001a5d02ea0a0, 0x000001a5d02ea218]
Event: 1.521 Thread 0x000001a580321dd0 nmethod 536 0x000001a5d02ea288 code [0x000001a5d02ea3c0, 0x000001a5d02ea570]
Event: 1.521 Thread 0x000001a5801b0ae0  538       1       jdk.internal.jimage.BasicImageReader::verifyLocation (39 bytes)
Event: 1.521 Thread 0x000001a580321dd0  539   !   1       java.lang.invoke.MemberName::getMethodType (213 bytes)
Event: 1.522 Thread 0x000001a5801b0ae0 nmethod 538 0x000001a5d02ea888 code [0x000001a5d02eaa00, 0x000001a5d02eade8]
Event: 1.522 Thread 0x000001a5801b0ae0  540       1       jdk.internal.util.WeakReferenceKey::hashCode (5 bytes)
Event: 1.522 Thread 0x000001a5801b0ae0 nmethod 540 0x000001a5d02eae88 code [0x000001a5d02eaf80, 0x000001a5d02eb048]
Event: 1.522 Thread 0x000001a580321dd0 nmethod 539 0x000001a5d02eb188 code [0x000001a5d02eb320, 0x000001a5d02eb9f8]
Event: 1.522 Thread 0x000001a580321dd0  542       1       jdk.internal.constant.MethodTypeDescImpl::parameterCount (6 bytes)
Event: 1.523 Thread 0x000001a5801b0ae0  543       1       jdk.internal.classfile.impl.StackMapGenerator::processBlock (2767 bytes)
Event: 1.523 Thread 0x000001a580321dd0 nmethod 542 0x000001a5d02eba88 code [0x000001a5d02ebba0, 0x000001a5d02ebc70]
Event: 1.523 Thread 0x000001a580321dd0  544       1       jdk.internal.classfile.impl.RawBytecodeHelper::isStoreIntoLocal (18 bytes)
Event: 1.523 Thread 0x000001a580321dd0 nmethod 544 0x000001a5d02ebd88 code [0x000001a5d02ebe80, 0x000001a5d02ebf48]
Event: 1.523 Thread 0x000001a580321dd0  546       1       java.lang.String::toString (2 bytes)
Event: 1.523 Thread 0x000001a580321dd0 nmethod 546 0x000001a5d02ec388 code [0x000001a5d02ec480, 0x000001a5d02ec548]
Event: 1.523 Thread 0x000001a580321dd0  547       1       jdk.internal.classfile.impl.AbstractDirectBuilder::setOriginal (6 bytes)
Event: 1.523 Thread 0x000001a580321dd0 nmethod 547 0x000001a5d02ec688 code [0x000001a5d02ec7a0, 0x000001a5d02ec8b0]
Event: 1.523 Thread 0x000001a580321dd0  548       1       jdk.internal.classfile.impl.SplitConstantPool::utf8Entry (6 bytes)
Event: 1.523 Thread 0x000001a580321dd0 nmethod 548 0x000001a5d02ec988 code [0x000001a5d02ecaa0, 0x000001a5d02ecb80]

GC Heap History (0 events):
No events

Dll operation events (5 events):
Event: 0.011 Loaded shared library C:\Program Files\Apache NetBeans\jdk\bin\java.dll
Event: 0.688 Loaded shared library C:\Program Files\Apache NetBeans\jdk\bin\net.dll
Event: 0.690 Loaded shared library C:\Program Files\Apache NetBeans\jdk\bin\nio.dll
Event: 0.717 Loaded shared library C:\Program Files\Apache NetBeans\jdk\bin\zip.dll
Event: 1.264 Loaded shared library C:\Program Files\Apache NetBeans\jdk\bin\jimage.dll

Deoptimization events (0 events):
No events

Classes loaded (20 events):
Event: 1.517 Loading class java/util/SequencedSet done
Event: 1.517 Loading class java/util/LinkedHashSet done
Event: 1.518 Loading class java/util/LinkedHashMap$LinkedKeySet
Event: 1.518 Loading class java/util/LinkedHashMap$LinkedKeySet done
Event: 1.518 Loading class java/util/LinkedHashMap$LinkedKeyIterator
Event: 1.518 Loading class java/util/LinkedHashMap$LinkedHashIterator
Event: 1.518 Loading class java/util/LinkedHashMap$LinkedHashIterator done
Event: 1.518 Loading class java/util/LinkedHashMap$LinkedKeyIterator done
Event: 1.524 Loading class java/util/Properties$EntrySet
Event: 1.524 Loading class java/util/Properties$EntrySet done
Event: 1.524 Loading class java/util/concurrent/ConcurrentHashMap$EntrySetView
Event: 1.524 Loading class java/util/concurrent/ConcurrentHashMap$EntrySetView done
Event: 1.524 Loading class java/util/Collections$SynchronizedSet
Event: 1.524 Loading class java/util/Collections$SynchronizedCollection
Event: 1.525 Loading class java/util/Collections$SynchronizedCollection done
Event: 1.525 Loading class java/util/Collections$SynchronizedSet done
Event: 1.525 Loading class java/util/concurrent/ConcurrentHashMap$EntryIterator
Event: 1.525 Loading class java/util/concurrent/ConcurrentHashMap$EntryIterator done
Event: 1.527 Loading class java/util/Spliterators$AbstractSpliterator
Event: 1.527 Loading class java/util/Spliterators$AbstractSpliterator done

Classes unloaded (0 events):
No events

Classes redefined (0 events):
No events

Internal exceptions (6 events):
Event: 1.108 Thread 0x000001a5c53ac310 Exception <a 'java/lang/NoSuchMethodError'{0x00000000c4d10a28}: 'java.lang.Object java.lang.invoke.DirectMethodHandle$Holder.invokeStaticInit(java.lang.Object, java.lang.Object, java.lang.Object)'> (0x00000000c4d10a28) 
thrown [s\src\hotspot\share\interpreter\linkResolver.cpp, line 805]
Event: 1.340 Thread 0x000001a5c53ac310 Exception <a 'java/lang/NoSuchMethodError'{0x00000000c4c221c0}: 'java.lang.Object java.lang.invoke.DirectMethodHandle$Holder.invokeStaticInit(java.lang.Object)'> (0x00000000c4c221c0) 
thrown [s\src\hotspot\share\interpreter\linkResolver.cpp, line 805]
Event: 1.378 Thread 0x000001a5c53ac310 Exception <a 'java/lang/NoSuchMethodError'{0x00000000c4c49350}: 'void java.lang.invoke.DirectMethodHandle$Holder.invokeStatic(java.lang.Object, java.lang.Object, java.lang.Object, java.lang.Object)'> (0x00000000c4c49350) 
thrown [s\src\hotspot\share\interpreter\linkResolver.cpp, line 805]
Event: 1.502 Thread 0x000001a5c53ac310 Exception <a 'java/lang/NoSuchMethodError'{0x00000000c4cc44b8}: 'int java.lang.invoke.DirectMethodHandle$Holder.invokeStatic(java.lang.Object)'> (0x00000000c4cc44b8) 
thrown [s\src\hotspot\share\interpreter\linkResolver.cpp, line 805]
Event: 1.503 Thread 0x000001a5c53ac310 Exception <a 'java/lang/NoSuchMethodError'{0x00000000c4ccc170}: 'int java.lang.invoke.DirectMethodHandle$Holder.invokeStaticInit(java.lang.Object)'> (0x00000000c4ccc170) 
thrown [s\src\hotspot\share\interpreter\linkResolver.cpp, line 805]
Event: 1.522 Thread 0x000001a5c53ac310 Exception <a 'java/lang/NoSuchMethodError'{0x00000000c4b1d8b8}: 'void java.lang.invoke.DirectMethodHandle$Holder.invokeStatic(java.lang.Object, java.lang.Object, java.lang.Object)'> (0x00000000c4b1d8b8) 
thrown [s\src\hotspot\share\interpreter\linkResolver.cpp, line 805]

VM Operations (4 events):
Event: 0.957 Executing VM operation: HandshakeAllThreads (Deoptimize)
Event: 0.957 Executing VM operation: HandshakeAllThreads (Deoptimize) done
Event: 1.345 Executing VM operation: HandshakeAllThreads (Deoptimize)
Event: 1.345 Executing VM operation: HandshakeAllThreads (Deoptimize) done

Memory protections (0 events):
No events

Nmethod flushes (0 events):
No events

Events (11 events):
Event: 0.020 Thread 0x000001a5c53ac310 Thread added: 0x000001a5c53ac310
Event: 0.363 Thread 0x000001a5c53ac310 Thread added: 0x000001a580182410
Event: 0.363 Thread 0x000001a5c53ac310 Thread added: 0x000001a580195950
Event: 0.366 Thread 0x000001a5c53ac310 Thread added: 0x000001a5801a13c0
Event: 0.367 Thread 0x000001a5c53ac310 Thread added: 0x000001a5801a4c20
Event: 0.367 Thread 0x000001a5c53ac310 Thread added: 0x000001a5801a0310
Event: 0.367 Thread 0x000001a5c53ac310 Thread added: 0x000001a5801ab380
Event: 0.367 Thread 0x000001a5c53ac310 Thread added: 0x000001a5801b0ae0
Event: 0.661 Thread 0x000001a5c53ac310 Thread added: 0x000001a58030ad00
Event: 0.666 Thread 0x000001a5c53ac310 Thread added: 0x000001a58030f0c0
Event: 0.719 Thread 0x000001a5801b0ae0 Thread added: 0x000001a580321dd0


Dynamic libraries:
0x00007ff64a850000 - 0x00007ff64a85e000 	C:\Program Files\Apache NetBeans\jdk\bin\java.exe
0x00007ffcf35d0000 - 0x00007ffcf37c8000 	C:\WINDOWS\SYSTEM32\ntdll.dll
0x00007ffcea270000 - 0x00007ffcea290000 	C:\Program Files\Avast Software\Avast\aswhook.dll
0x00007ffcf2310000 - 0x00007ffcf23d2000 	C:\WINDOWS\System32\KERNEL32.DLL
0x00007ffcf11c0000 - 0x00007ffcf14b6000 	C:\WINDOWS\System32\KERNELBASE.dll
0x00007ffcf0cf0000 - 0x00007ffcf0df0000 	C:\WINDOWS\System32\ucrtbase.dll
0x00007ffcde210000 - 0x00007ffcde22e000 	C:\Program Files\Apache NetBeans\jdk\bin\VCRUNTIME140.dll
0x00007ffcde030000 - 0x00007ffcde046000 	C:\Program Files\Apache NetBeans\jdk\bin\jli.dll
0x00007ffcf16d0000 - 0x00007ffcf1871000 	C:\WINDOWS\System32\USER32.dll
0x00007ffcf0ee0000 - 0x00007ffcf0f02000 	C:\WINDOWS\System32\win32u.dll
0x00007ffcefc70000 - 0x00007ffceff0b000 	C:\WINDOWS\WinSxS\amd64_microsoft.windows.common-controls_6595b64144ccf1df_6.0.19041.6456_none_60b8a6cb71f64256\COMCTL32.dll
0x00007ffcf3560000 - 0x00007ffcf358b000 	C:\WINDOWS\System32\GDI32.dll
0x00007ffcf21c0000 - 0x00007ffcf225e000 	C:\WINDOWS\System32\msvcrt.dll
0x00007ffcf10a0000 - 0x00007ffcf11b9000 	C:\WINDOWS\System32\gdi32full.dll
0x00007ffcf0e40000 - 0x00007ffcf0edd000 	C:\WINDOWS\System32\msvcp_win.dll
0x00007ffcf2d90000 - 0x00007ffcf2dbf000 	C:\WINDOWS\System32\IMM32.DLL
0x00007ffcde200000 - 0x00007ffcde20c000 	C:\Program Files\Apache NetBeans\jdk\bin\vcruntime140_1.dll
0x00007ffc70590000 - 0x00007ffc7061d000 	C:\Program Files\Apache NetBeans\jdk\bin\msvcp140.dll
0x00007ffc7cc20000 - 0x00007ffc7da9c000 	C:\Program Files\Apache NetBeans\jdk\bin\server\jvm.dll
0x00007ffcf2030000 - 0x00007ffcf20e1000 	C:\WINDOWS\System32\ADVAPI32.dll
0x00007ffcf1910000 - 0x00007ffcf19af000 	C:\WINDOWS\System32\sechost.dll
0x00007ffcf2dc0000 - 0x00007ffcf2ee0000 	C:\WINDOWS\System32\RPCRT4.dll
0x00007ffcf0f10000 - 0x00007ffcf0f37000 	C:\WINDOWS\System32\bcrypt.dll
0x00007ffcf2d20000 - 0x00007ffcf2d8b000 	C:\WINDOWS\System32\WS2_32.dll
0x00007ffcf0b40000 - 0x00007ffcf0b8b000 	C:\WINDOWS\SYSTEM32\POWRPROF.dll
0x00007ffced3c0000 - 0x00007ffced3ca000 	C:\WINDOWS\SYSTEM32\VERSION.dll
0x00007ffcd2b30000 - 0x00007ffcd2b57000 	C:\WINDOWS\SYSTEM32\WINMM.dll
0x00007ffcf0b20000 - 0x00007ffcf0b32000 	C:\WINDOWS\SYSTEM32\UMPDC.dll
0x00007ffceee20000 - 0x00007ffceee32000 	C:\WINDOWS\SYSTEM32\kernel.appcore.dll
0x00007ffcde060000 - 0x00007ffcde06a000 	C:\Program Files\Apache NetBeans\jdk\bin\jimage.dll
0x00007ffcf05a0000 - 0x00007ffcf07a1000 	C:\WINDOWS\SYSTEM32\DBGHELP.DLL
0x00007ffcf0200000 - 0x00007ffcf0234000 	C:\WINDOWS\SYSTEM32\dbgcore.DLL
0x00007ffcf0c60000 - 0x00007ffcf0ce2000 	C:\WINDOWS\System32\bcryptPrimitives.dll
0x00007ffcde070000 - 0x00007ffcde08e000 	C:\Program Files\Apache NetBeans\jdk\bin\java.dll
0x00007ffcf19b0000 - 0x00007ffcf1adb000 	C:\WINDOWS\System32\ole32.dll
0x00007ffcf30c0000 - 0x00007ffcf3414000 	C:\WINDOWS\System32\combase.dll
0x00007ffcf25b0000 - 0x00007ffcf2d20000 	C:\WINDOWS\System32\SHELL32.dll
0x00007ffceddd0000 - 0x00007ffcee575000 	C:\WINDOWS\SYSTEM32\windows.storage.dll
0x00007ffcf0240000 - 0x00007ffcf026b000 	C:\WINDOWS\SYSTEM32\Wldp.dll
0x00007ffcf20f0000 - 0x00007ffcf21bd000 	C:\WINDOWS\System32\OLEAUT32.dll
0x00007ffcf34a0000 - 0x00007ffcf354d000 	C:\WINDOWS\System32\SHCORE.dll
0x00007ffcf2ee0000 - 0x00007ffcf2f3b000 	C:\WINDOWS\System32\shlwapi.dll
0x00007ffcf0b90000 - 0x00007ffcf0bb4000 	C:\WINDOWS\SYSTEM32\profapi.dll
0x00007ffcde020000 - 0x00007ffcde030000 	C:\Program Files\Apache NetBeans\jdk\bin\net.dll
0x00007ffceff10000 - 0x00007ffceff7a000 	C:\WINDOWS\system32\mswsock.dll
0x00007ffcc8fd0000 - 0x00007ffcc8fe6000 	C:\Program Files\Apache NetBeans\jdk\bin\nio.dll
0x00007ffcc8ff0000 - 0x00007ffcc9007000 	C:\Program Files\Apache NetBeans\jdk\bin\zip.dll

JVMTI agents: none

dbghelp: loaded successfully - version: 4.0.5 - missing functions: none
symbol engine: initialized successfully - sym options: 0x614 - pdb path: .;C:\Program Files\Apache NetBeans\jdk\bin;C:\WINDOWS\SYSTEM32;C:\Program Files\Avast Software\Avast;C:\WINDOWS\WinSxS\amd64_microsoft.windows.common-controls_6595b64144ccf1df_6.0.19041.6456_none_60b8a6cb71f64256;C:\Program Files\Apache NetBeans\jdk\bin\server

VM Arguments:
jvm_args: -XX:TieredStopAtLevel=1 
java_command: institution_gestion_notes.InstitutionGestionNotesApplication
java_class_path (initial): C:\Users\agent\Documents\NetBeansProjects\institution_gestion_notes\target\classes;C:\Users\agent\.m2\repository\org\springframework\boot\spring-boot-jackson\4.0.0\spring-boot-jackson-4.0.0.jar;C:\Users\agent\.m2\repository\tools\jackson\core\jackson-databind\3.0.2\jackson-databind-3.0.2.jar;C:\Users\agent\.m2\repository\com\fasterxml\jackson\core\jackson-annotations\2.20\jackson-annotations-2.20.jar;C:\Users\agent\.m2\repository\tools\jackson\core\jackson-core\3.0.2\jackson-core-3.0.2.jar;C:\Users\agent\.m2\repository\org\springframework\boot\spring-boot-web-server\4.0.0\spring-boot-web-server-4.0.0.jar;C:\Users\agent\.m2\repository\org\apache\tomcat\embed\tomcat-embed-core\11.0.14\tomcat-embed-core-11.0.14.jar;C:\Users\agent\.m2\repository\org\apache\tomcat\embed\tomcat-embed-websocket\11.0.14\tomcat-embed-websocket-11.0.14.jar;C:\Users\agent\.m2\repository\org\springframework\boot\spring-boot-tomcat\4.0.0\spring-boot-tomcat-4.0.0.jar;C:\Users\agent\.m2\repository\org\springframework\boot\spring-boot-http-converter\4.0.0\spring-boot-http-converter-4.0.0.jar;C:\Users\agent\.m2\repository\org\springframework\boot\spring-boot\4.0.0\spring-boot-4.0.0.jar;C:\Users\agent\.m2\repository\org\springframework\spring-context\7.0.1\spring-context-7.0.1.jar;C:\Users\agent\.m2\repository\org\springframework\spring-web\7.0.1\spring-web-7.0.1.jar;C:\Users\agent\.m2\repository\io\micrometer\micrometer-observation\1.16.0\micrometer-observation-1.16.0.jar;C:\Users\agent\.m2\repository\io\micrometer\micrometer-commons\1.16.0\micrometer-commons-1.16.0.jar;C:\Users\agent\.m2\repository\org\springframework\boot\spring-boot-webmvc\4.0.0\spring-boot-webmvc-4.0.0.jar;C:\Users\agent\.m2\repository\org\springframework\boot\spring-boot-servlet\4.0.0\spring-boot-servlet-4.0.0.jar;C:\Users\agent\.m2\repository\org\springframework\spring-webmvc\7.0.1\spring-webmvc-7.0.1.jar;C:\Users\agent\.m2\repository\org\springframework\spring-expression\7.0.1\spring-expression-7.0.1.jar;C:\Users\agent\.m2\repository\ch\qos\logback\logback-classic\1.5.21\logback-classic-1.5.21.jar;C:\Users\agent\.m2\repository\ch\qos\logback\logback-core\1.5.21\logback-core-1.5.21.jar;C:\Users\agent\.m2\repository\org\apache\logging\log4j\log4j-to-slf4j\2.25.2\log4j-to-slf4j-2.25.2.jar;C:\Users\agent\.m2\repository\org\apache\logging\log4j\log4j-api\2.25.2\log4j-api-2.25.2.jar;C:\Users\agent\.m2\repository\org\slf4j\jul-to-slf4j\2.0.17\jul-to-slf4j-2.0.17.jar;C:\Users\agent\.m2\repository\org\springframework\boot\spring-boot-autoconfigure\4.0.0\spring-boot-autoconfigure-4.0.0.jar;C:\Users\agent\.m2\repository\jakarta\annotation\jakarta.annotation-api\3.0.0\jakarta.annotation-api-3.0.0.jar;C:\Users\agent\.m2\repository\org\yaml\snakeyaml\2.5\snakeyaml-2.5.jar;C:\Users\agent\.m2\repository\com\zaxxer\HikariCP\7.0.2\HikariCP-7.0.2.jar;C:\Users\agent\.m2\repository\org\springframework\boot\spring-boot-data-jpa\4.0.0\spring-boot-data-jpa-4.0.0.jar;C:\Users\agent\.m2\repository\org\springframework\boot\spring-boot-data-commons\4.0.0\spring-boot-data-commons-4.0.0.jar;C:\Users\agent\.m2\repository\org\springframework\boot\spring-boot-persistence\4.0.0\spring-boot-persistence-4.0.0.jar;C:\Users\agent\.m2\repository\org\springframework\data\spring-data-commons\4.0.0\spring-data-commons-4.0.0.jar;C:\Users\agent\.m2\repository\org\springframework\boot\spring-boot-hibernate\4.0.0\spring-boot-hibernate-4.0.0.jar;C:\Users\agent\.m2\repository\org\springframework\boot\spring-boot-jpa\4.0.0\spring-boot-jpa-4.0.0.jar;C:\Users\agent\.m2\repository\jakarta\persistence\jakarta.persistence-api\3.2.0\jakarta.persistence-api-3.2.0.jar;C:\Users\agent\.m2\repository\org\hibernate\orm\hibernate-core\7.1.8.Final\hibernate-core-7.1.8.Final.jar;C:\Users\agent\.m2\repository\jakarta\transaction\jakarta.transaction-api\2.0.1\jakarta.transaction-api-2.0.1.jar;C:\Users\agent\.m2\repository\org\hibernate\models\hibernate-models\1.0.1\hibernate-models-1.0.1.jar;C:\Users\agent\.m2\repository\org\glassfish\jaxb\jaxb-runtime\4.0.6\jaxb-runtime-4.0.6.jar;C:\Users\agent\.m2\repository\org\glassfish\jaxb\jaxb-core\4.0.6\jaxb-core-4.0.6.jar;C:\Users\agent\.m2\repository\org\eclipse\angus\angus-activation\2.0.3\angus-activation-2.0.3.jar;C:\Users\agent\.m2\repository\org\glassfish\jaxb\txw2\4.0.6\txw2-4.0.6.jar;C:\Users\agent\.m2\repository\com\sun\istack\istack-commons-runtime\4.1.2\istack-commons-runtime-4.1.2.jar;C:\Users\agent\.m2\repository\jakarta\inject\jakarta.inject-api\2.0.1\jakarta.inject-api-2.0.1.jar;C:\Users\agent\.m2\repository\org\springframework\spring-orm\7.0.1\spring-orm-7.0.1.jar;C:\Users\agent\.m2\repository\org\springframework\data\spring-data-jpa\4.0.0\spring-data-jpa-4.0.0.jar;C:\Users\agent\.m2\repository\org\springframework\spring-tx\7.0.1\spring-tx-7.0.1.jar;C:\Users\agent\.m2\repository\org\antlr\antlr4-runtime\4.13.2\antlr4-runtime-4.13.2.jar;C:\Users\agent\.m2\repository\org\springframework\spring-aspects\7.0.1\spring-aspects-7.0.1.jar;C:\Users\agent\.m2\repository\org\aspectj\aspectjweaver\1.9.25\aspectjweaver-1.9.25.jar;C:\Users\agent\.m2\repository\org\springframework\boot\spring-boot-jdbc\4.0.0\spring-boot-jdbc-4.0.0.jar;C:\Users\agent\.m2\repository\org\springframework\boot\spring-boot-sql\4.0.0\spring-boot-sql-4.0.0.jar;C:\Users\agent\.m2\repository\org\springframework\boot\spring-boot-transaction\4.0.0\spring-boot-transaction-4.0.0.jar;C:\Users\agent\.m2\repository\org\springframework\spring-jdbc\7.0.1\spring-jdbc-7.0.1.jar;C:\Users\agent\.m2\repository\org\springframework\boot\spring-boot-security\4.0.0\spring-boot-security-4.0.0.jar;C:\Users\agent\.m2\repository\org\springframework\security\spring-security-config\7.0.0\spring-security-config-7.0.0.jar;C:\Users\agent\.m2\repository\org\springframework\security\spring-security-core\7.0.0\spring-security-core-7.0.0.jar;C:\Users\agent\.m2\repository\org\springframework\security\spring-security-crypto\7.0.0\spring-security-crypto-7.0.0.jar;C:\Users\agent\.m2\repository\org\springframework\security\spring-security-web\7.0.0\spring-security-web-7.0.0.jar;C:\Users\agent\.m2\repository\org\springframework\spring-aop\7.0.1\spring-aop-7.0.1.jar;C:\Users\agent\.m2\repository\org\springframework\spring-beans\7.0.1\spring-beans-7.0.1.jar;C:\Users\agent\.m2\repository\org\springframework\boot\spring-boot-validation\4.0.0\spring-boot-validation-4.0.0.jar;C:\Users\agent\.m2\repository\org\apache\tomcat\embed\tomcat-embed-el\11.0.14\tomcat-embed-el-11.0.14.jar;C:\Users\agent\.m2\repository\org\hibernate\validator\hibernate-validator\9.0.1.Final\hibernate-validator-9.0.1.Final.jar;C:\Users\agent\.m2\repository\jakarta\validation\jakarta.validation-api\3.1.1\jakarta.validation-api-3.1.1.jar;C:\Users\agent\.m2\repository\org\jboss\logging\jboss-logging\3.6.1.Final\jboss-logging-3.6.1.Final.jar;C:\Users\agent\.m2\repository\com\fasterxml\classmate\1.7.1\classmate-1.7.1.jar;C:\Users\agent\.m2\repository\com\mysql\mysql-connector-j\9.5.0\mysql-connector-j-9.5.0.jar;C:\Users\agent\.m2\repository\org\springframework\boot\spring-boot-thymeleaf\4.0.0\spring-boot-thymeleaf-4.0.0.jar;C:\Users\agent\.m2\repository\org\thymeleaf\thymeleaf-spring6\3.1.3.RELEASE\thymeleaf-spring6-3.1.3.RELEASE.jar;C:\Users\agent\.m2\repository\org\thymeleaf\thymeleaf\3.1.3.RELEASE\thymeleaf-3.1.3.RELEASE.jar;C:\Users\agent\.m2\repository\org\attoparser\attoparser\2.0.7.RELEASE\attoparser-2.0.7.RELEASE.jar;C:\Users\agent\.m2\repository\org\unbescape\unbescape\1.1.6.RELEASE\unbescape-1.1.6.RELEASE.jar;C:\Users\agent\.m2\repository\com\h2database\h2\2.4.240\h2-2.4.240.jar;C:\Users\agent\.m2\repository\org\slf4j\slf4j-api\2.0.17\slf4j-api-2.0.17.jar;C:\Users\agent\.m2\repository\jakarta\xml\bind\jakarta.xml.bind-api\4.0.4\jakarta.xml.bind-api-4.0.4.jar;C:\Users\agent\.m2\repository\jakarta\activation\jakarta.activation-api\2.1.4\jakarta.activation-api-2.1.4.jar;C:\Users\agent\.m2\repository\net\bytebuddy\byte-buddy\1.17.8\byte-buddy-1.17.8.jar;C:\Users\agent\.m2\repository\org\springframework\spring-core\7.0.1\spring-core-7.0.1.jar;C:\Users\agent\.m2\repository\commons-logging\commons-logging\1.3.5\commons-logging-1.3.5.jar;C:\Users\agent\.m2\repository\org\jspecify\jspecify\1.0.0\jspecify-1.0.0.jar
Launcher Type: SUN_STANDARD

[Global flags]
     intx CICompilerCount                          = 3                                         {product} {ergonomic}
     uint ConcGCThreads                            = 1                                         {product} {ergonomic}
     uint G1ConcRefinementThreads                  = 4                                         {product} {ergonomic}
   size_t G1HeapRegionSize                         = 1048576                                   {product} {ergonomic}
   size_t InitialHeapSize                          = 67108864                                  {product} {ergonomic}
   size_t MarkStackSize                            = 4194304                                   {product} {ergonomic}
   size_t MarkStackSizeMax                         = 536870912                                 {product} {ergonomic}
   size_t MaxHeapSize                              = 1050673152                                {product} {ergonomic}
   size_t MaxNewSize                               = 630194176                                 {product} {ergonomic}
   size_t MinHeapDeltaBytes                        = 1048576                                   {product} {ergonomic}
   size_t MinHeapSize                              = 8388608                                   {product} {ergonomic}
    uintx NonNMethodCodeHeapSize                   = 4096                                   {pd product} {ergonomic}
    uintx NonProfiledCodeHeapSize                  = 0                                      {pd product} {ergonomic}
     bool ProfileInterpreter                       = false                                  {pd product} {command line}
    uintx ProfiledCodeHeapSize                     = 0                                      {pd product} {ergonomic}
   size_t SoftMaxHeapSize                          = 1050673152                             {manageable} {ergonomic}
     intx TieredStopAtLevel                        = 1                                         {product} {command line}
     bool UseCompressedOops                        = true                           {product lp64_product} {ergonomic}
     bool UseG1GC                                  = true                                      {product} {ergonomic}
     bool UseLargePagesIndividualAllocation        = false                                  {pd product} {ergonomic}

Logging:
Log output configuration:
 #0: stdout all=warning uptime,level,tags foldmultilines=false
 #1: stderr all=off uptime,level,tags foldmultilines=false

Environment Variables:
JAVA_HOME=C:\Program Files\Apache NetBeans\jdk
PATH=C:\oracle\product\10.2.0\db_1\bin;C:\Program Files\Common Files\Oracle\Java\javapath;C:\Program Files (x86)\Common Files\Oracle\Java\javapath;C:\WINDOWS\system32;C:\WINDOWS;C:\WINDOWS\System32\Wbem;C:\WINDOWS\System32\WindowsPowerShell\v1.0\;C:\WINDOWS\System32\OpenSSH\;C:\Program Files (x86)\Intel\Intel(R) Management Engine Components\DAL;C:\Program Files\Intel\Intel(R) Management Engine Components\DAL;C:\Program Files (x86)\Intel\Intel(R) Management Engine Components\IPT;C:\Program Files\Intel\Intel(R) Management Engine Components\IPT;C:\Users\agent\AppData\Local\Microsoft\WindowsApps;
USERNAME=agent
OS=Windows_NT
PROCESSOR_IDENTIFIER=Intel64 Family 6 Model 142 Stepping 10, GenuineIntel
TMP=C:\Users\agent\AppData\Local\Temp
TEMP=C:\Users\agent\AppData\Local\Temp




Periodic native trim disabled

---------------  S Y S T E M  ---------------

OS:
 Windows 10 , 64 bit Build 19041 (10.0.19041.5915)
OS uptime: 0 days 18:45 hours

CPU: total 4 (initial active 4) (2 cores per cpu, 2 threads per core) family 6 model 142 stepping 10 microcode 0xe0, cx8, cmov, fxsr, ht, mmx, 3dnowpref, sse, sse2, sse3, ssse3, sse4.1, sse4.2, popcnt, lzcnt, tsc, tscinvbit, avx, avx2, aes, erms, clmul, bmi1, bmi2, adx, fma, vzeroupper, clflush, clflushopt, rdtscp, f16c
Processor Information for the first 4 processors :
  Max Mhz: 2201, Current Mhz: 2201, Mhz Limit: 2201

Memory: 4k page, system-wide physical 4007M (290M free)
TotalPageFile size 16294M (AvailPageFile size 0M)
current process WorkingSet (physical memory assigned to process): 44M, peak: 44M
current process commit charge ("private bytes"): 131M, peak: 131M

vm_info: OpenJDK 64-Bit Server VM (24.0.1+9) for windows-amd64 JRE (24.0.1+9) (Zulu24.30+11-CA), built on 2025-03-21T13:52:34Z with MS VC++ 17.1 (VS2022)

END.
