#
# There is insufficient memory for the Java Runtime Environment to continue.
# Native memory allocation (malloc) failed to allocate 17662544 bytes. Error detail: Chunk::new
# Possible reasons:
#   The system is out of physical RAM or swap space
#   This process is running with CompressedOops enabled, and the Java Heap may be blocking the growth of the native heap
# Possible solutions:
#   Reduce memory load on the system
#   Increase physical memory or swap space
#   Check if swap backing store is full
#   Decrease Java heap size (-Xmx/-Xms)
#   Decrease number of Java threads
#   Decrease Java thread stack sizes (-Xss)
#   Set larger code cache with -XX:ReservedCodeCacheSize=
#   JVM is running with Unscaled Compressed Oops mode in which the Java heap is
#     placed in the first 4GB address space. The Java Heap base address is the
#     maximum limit for the native heap growth. Please use -XX:HeapBaseMinAddress
#     to set the Java Heap base and to place the Java Heap above 4GB virtual address.
# This output file may be truncated or incomplete.
#
#  Out of Memory Error (arena.cpp:162), pid=1164, tid=2792
#
# JRE version: OpenJDK Runtime Environment Zulu24.30+11-CA (24.0.1+9) (build 24.0.1+9)
# Java VM: OpenJDK 64-Bit Server VM Zulu24.30+11-CA (24.0.1+9, mixed mode, sharing, tiered, compressed oops, compressed class ptrs, g1 gc, windows-amd64)
# No core dump will be written. Minidumps are not enabled by default on client versions of Windows
#

---------------  S U M M A R Y ------------

Command Line: -Dclassworlds.conf=C:\Program Files\Apache NetBeans\java\maven\bin\m2.conf -Dmaven.home=C:\Program Files\Apache NetBeans\java\maven -Dlibrary.jansi.path=C:\Program Files\Apache NetBeans\java\maven\lib\jansi-native -Dmaven.multiModuleProjectDirectory=C:\Users\agent\Documents\NetBeansProjects\institution_gestion_notes org.codehaus.plexus.classworlds.launcher.Launcher -Dmaven.ext.class.path=C:\Program Files\Apache NetBeans\java\maven-nblib\netbeans-eventspy.jar --no-transfer-progress clean install

Host: Intel(R) Core(TM) i3-8130U CPU @ 2.20GHz, 4 cores, 3G,  Windows 10 , 64 bit Build 19041 (10.0.19041.5915)
Time: Sat Feb 14 00:43:11 2026 Eastern Standard Time elapsed time: 18.938441 seconds (0d 0h 0m 18s)

---------------  T H R E A D  ---------------

Current thread (0x0000027db95cccf0):  JavaThread "C2 CompilerThread0" daemon [_thread_in_native, id=2792, stack(0x000000e025700000,0x000000e025800000) (1024K)]


Current CompileTask:
C2:18938 7581   !   4       com.sun.tools.javac.jvm.ClassReader::classSigToType (530 bytes)

Stack: [0x000000e025700000,0x000000e025800000]
Native frames: (J=compiled Java code, j=interpreted, Vv=VM code, C=native code)
V  [jvm.dll+0x7410c9]  (no source info available)
V  [jvm.dll+0x97def3]  (no source info available)
V  [jvm.dll+0x98021d]  (no source info available)
V  [jvm.dll+0x980893]  (no source info available)
V  [jvm.dll+0x2b5b16]  (no source info available)
V  [jvm.dll+0xd019f]  (no source info available)
V  [jvm.dll+0xd03ff]  (no source info available)
V  [jvm.dll+0x15b8bf]  (no source info available)
V  [jvm.dll+0x74698f]  (no source info available)
V  [jvm.dll+0x27a528]  (no source info available)
V  [jvm.dll+0x279641]  (no source info available)
V  [jvm.dll+0x1f313a]  (no source info available)
V  [jvm.dll+0x288e35]  (no source info available)
V  [jvm.dll+0x2870ca]  (no source info available)
V  [jvm.dll+0x43df56]  (no source info available)
V  [jvm.dll+0x920928]  (no source info available)
V  [jvm.dll+0x73f855]  (no source info available)
C  [ucrtbase.dll+0x21bb2]  (no source info available)
C  [KERNEL32.DLL+0x17374]  (no source info available)
C  [ntdll.dll+0x4cc91]  (no source info available)

Lock stack of current Java thread (top to bottom):


---------------  P R O C E S S  ---------------

Threads class SMR info:
_java_thread_list=0x0000027db99519d0, length=11, elements={
0x0000027d9c0fecf0, 0x0000027db95ba1e0, 0x0000027db95bb2a0, 0x0000027db95be340,
0x0000027db95c0f80, 0x0000027db95c2320, 0x0000027db95c9ad0, 0x0000027db95cccf0,
0x0000027db95cfc30, 0x0000027db964cf00, 0x0000027db9655e40
}

Java Threads: ( => current thread )
  0x0000027d9c0fecf0 JavaThread "main"                              [_thread_in_native, id=9088, stack(0x000000e024900000,0x000000e024a00000) (1024K)]
  0x0000027db95ba1e0 JavaThread "Reference Handler"          daemon [_thread_blocked, id=18264, stack(0x000000e025100000,0x000000e025200000) (1024K)]
  0x0000027db95bb2a0 JavaThread "Finalizer"                  daemon [_thread_blocked, id=2616, stack(0x000000e025200000,0x000000e025300000) (1024K)]
  0x0000027db95be340 JavaThread "Signal Dispatcher"          daemon [_thread_blocked, id=6976, stack(0x000000e025300000,0x000000e025400000) (1024K)]
  0x0000027db95c0f80 JavaThread "Attach Listener"            daemon [_thread_blocked, id=14800, stack(0x000000e025400000,0x000000e025500000) (1024K)]
  0x0000027db95c2320 JavaThread "Service Thread"             daemon [_thread_blocked, id=268, stack(0x000000e025500000,0x000000e025600000) (1024K)]
  0x0000027db95c9ad0 JavaThread "Monitor Deflation Thread"   daemon [_thread_blocked, id=10168, stack(0x000000e025600000,0x000000e025700000) (1024K)]
=>0x0000027db95cccf0 JavaThread "C2 CompilerThread0"         daemon [_thread_in_native, id=2792, stack(0x000000e025700000,0x000000e025800000) (1024K)]
  0x0000027db95cfc30 JavaThread "C1 CompilerThread0"         daemon [_thread_blocked, id=14596, stack(0x000000e025800000,0x000000e025900000) (1024K)]
  0x0000027db964cf00 JavaThread "Notification Thread"        daemon [_thread_blocked, id=14308, stack(0x000000e025900000,0x000000e025a00000) (1024K)]
  0x0000027db9655e40 JavaThread "Common-Cleaner"             daemon [_thread_blocked, id=8132, stack(0x000000e025a00000,0x000000e025b00000) (1024K)]
Total: 11

Other Threads:
  0x0000027d9e36b640 VMThread "VM Thread"                           [id=9536, stack(0x000000e025000000,0x000000e025100000) (1024K)]
  0x0000027db95ada20 WatcherThread "VM Periodic Task Thread"        [id=10624, stack(0x000000e024f00000,0x000000e025000000) (1024K)]
  0x0000027d9e2dd360 WorkerThread "GC Thread#0"                     [id=10592, stack(0x000000e024a00000,0x000000e024b00000) (1024K)]
  0x0000027d80153ea0 WorkerThread "GC Thread#1"                     [id=17084, stack(0x000000e025b00000,0x000000e025c00000) (1024K)]
  0x0000027d8019e8f0 WorkerThread "GC Thread#2"                     [id=9272, stack(0x000000e025c00000,0x000000e025d00000) (1024K)]
  0x0000027d8019eca0 WorkerThread "GC Thread#3"                     [id=14020, stack(0x000000e025d00000,0x000000e025e00000) (1024K)]
  0x0000027d9e2e9a40 ConcurrentGCThread "G1 Main Marker"            [id=1708, stack(0x000000e024b00000,0x000000e024c00000) (1024K)]
  0x0000027d9e2ea550 WorkerThread "G1 Conc#0"                       [id=12292, stack(0x000000e024c00000,0x000000e024d00000) (1024K)]
  0x0000027d9e3464f0 ConcurrentGCThread "G1 Refine#0"               [id=11208, stack(0x000000e024d00000,0x000000e024e00000) (1024K)]
  0x0000027d9e347070 ConcurrentGCThread "G1 Service"                [id=9460, stack(0x000000e024e00000,0x000000e024f00000) (1024K)]
Total: 10

Threads with active compile tasks:
C2 CompilerThread0  19081 7581   !   4       com.sun.tools.javac.jvm.ClassReader::classSigToType (530 bytes)
Total: 1

VM state: not at safepoint (normal execution)

VM Mutex/Monitor currently owned by a thread: None

Heap address: 0x00000000c1600000, size: 1002 MB, Compressed Oops mode: 32-bit

CDS archive(s) mapped at: [0x0000027dba000000-0x0000027dbad40000-0x0000027dbad40000), size 13893632, SharedBaseAddress: 0x0000027dba000000, ArchiveRelocationMode: 1.
Compressed class space mapped at: 0x0000027dbb000000-0x0000027dfb000000, reserved size: 1073741824
UseCompressedClassPointers 1, UseCompactObjectHeaders 0
Narrow klass pointer bits 32, Max shift 3
Narrow klass base: 0x0000027dba000000, Narrow klass shift: 0
Encoding Range: [0x0000027dba000000 - 0x0000027eba000000), (4294967296 bytes)
Klass Range:    [0x0000027dba000000 - 0x0000027dfb000000), (1090519040 bytes)
Klass ID Range:  [8 - 1090519033) (1090519025)

GC Precious Log:
 CardTable entry size: 512
 Card Set container configuration: InlinePtr #cards 5 size 8 Array Of Cards #cards 10 size 36 Howl #buckets 4 coarsen threshold 1843 Howl Bitmap #cards 512 size 80 coarsen threshold 460 Card regions per heap region 1 cards per card region 2048
 CPUs: 4 total, 4 available
 Memory: 4007M
 Large Page Support: Disabled
 NUMA Support: Disabled
 Compressed Oops: Enabled (32-bit)
 Heap Region Size: 1M
 Heap Min Capacity: 8M
 Heap Initial Capacity: 64M
 Heap Max Capacity: 1002M
 Pre-touch: Disabled
 Parallel Workers: 4
 Concurrent Workers: 1
 Concurrent Refinement Workers: 4
 Periodic GC: Disabled

Heap:
 garbage-first heap   total reserved 1026048K, committed 107520K, used 76274K [0x00000000c1600000, 0x0000000100000000)
  region size 1024K, 12 young (12288K), 2 survivors (2048K)
 Metaspace       used 29037K, committed 29504K, reserved 1114112K
  class space    used 2836K, committed 3072K, reserved 1048576K

Heap Regions: E=young(eden), S=young(survivor), O=old, HS=humongous(starts), HC=humongous(continues), CS=collection set, F=free, TAMS=top-at-mark-start, PB=parsable bottom
|   0|0x00000000c1600000, 0x00000000c1700000, 0x00000000c1700000|100%| O|  |TAMS 0x00000000c1600000| PB 0x00000000c1600000| Untracked |  0
|   1|0x00000000c1700000, 0x00000000c1800000, 0x00000000c1800000|100%| O|  |TAMS 0x00000000c1700000| PB 0x00000000c1700000| Untracked |  0
|   2|0x00000000c1800000, 0x00000000c1900000, 0x00000000c1900000|100%| O|  |TAMS 0x00000000c1800000| PB 0x00000000c1800000| Untracked |  0
|   3|0x00000000c1900000, 0x00000000c1a00000, 0x00000000c1a00000|100%| O|  |TAMS 0x00000000c1900000| PB 0x00000000c1900000| Untracked |  0
|   4|0x00000000c1a00000, 0x00000000c1b00000, 0x00000000c1b00000|100%| O|  |TAMS 0x00000000c1a00000| PB 0x00000000c1a00000| Untracked |  0
|   5|0x00000000c1b00000, 0x00000000c1c00000, 0x00000000c1c00000|100%| O|  |TAMS 0x00000000c1b00000| PB 0x00000000c1b00000| Untracked |  0
|   6|0x00000000c1c00000, 0x00000000c1d00000, 0x00000000c1d00000|100%| O|  |TAMS 0x00000000c1c00000| PB 0x00000000c1c00000| Untracked |  0
|   7|0x00000000c1d00000, 0x00000000c1e00000, 0x00000000c1e00000|100%| O|  |TAMS 0x00000000c1d00000| PB 0x00000000c1d00000| Untracked |  0
|   8|0x00000000c1e00000, 0x00000000c1f00000, 0x00000000c1f00000|100%| O|  |TAMS 0x00000000c1e00000| PB 0x00000000c1e00000| Untracked |  0
|   9|0x00000000c1f00000, 0x00000000c2000000, 0x00000000c2000000|100%| O|  |TAMS 0x00000000c1f00000| PB 0x00000000c1f00000| Untracked |  0
|  10|0x00000000c2000000, 0x00000000c2100000, 0x00000000c2100000|100%| O|  |TAMS 0x00000000c2000000| PB 0x00000000c2000000| Untracked |  0
|  11|0x00000000c2100000, 0x00000000c2200000, 0x00000000c2200000|100%| O|  |TAMS 0x00000000c2100000| PB 0x00000000c2100000| Untracked |  0
|  12|0x00000000c2200000, 0x00000000c2300000, 0x00000000c2300000|100%| O|  |TAMS 0x00000000c2200000| PB 0x00000000c2200000| Untracked |  0
|  13|0x00000000c2300000, 0x00000000c2400000, 0x00000000c2400000|100%|HS|  |TAMS 0x00000000c2300000| PB 0x00000000c2300000| Complete |  0
|  14|0x00000000c2400000, 0x00000000c2500000, 0x00000000c2500000|100%|HS|  |TAMS 0x00000000c2400000| PB 0x00000000c2400000| Complete |  0
|  15|0x00000000c2500000, 0x00000000c2600000, 0x00000000c2600000|100%| O|  |TAMS 0x00000000c2500000| PB 0x00000000c2500000| Untracked |  0
|  16|0x00000000c2600000, 0x00000000c2700000, 0x00000000c2700000|100%|HS|  |TAMS 0x00000000c2600000| PB 0x00000000c2600000| Complete |  0
|  17|0x00000000c2700000, 0x00000000c2800000, 0x00000000c2800000|100%|HC|  |TAMS 0x00000000c2700000| PB 0x00000000c2700000| Complete |  0
|  18|0x00000000c2800000, 0x00000000c2900000, 0x00000000c2900000|100%| O|  |TAMS 0x00000000c2800000| PB 0x00000000c2800000| Untracked |  0
|  19|0x00000000c2900000, 0x00000000c2a00000, 0x00000000c2a00000|100%| O|  |TAMS 0x00000000c2900000| PB 0x00000000c2900000| Untracked |  0
|  20|0x00000000c2a00000, 0x00000000c2b00000, 0x00000000c2b00000|100%| O|  |TAMS 0x00000000c2a00000| PB 0x00000000c2a00000| Untracked |  0
|  21|0x00000000c2b00000, 0x00000000c2c00000, 0x00000000c2c00000|100%|HS|  |TAMS 0x00000000c2b00000| PB 0x00000000c2b00000| Complete |  0
|  22|0x00000000c2c00000, 0x00000000c2d00000, 0x00000000c2d00000|100%| O|Cm|TAMS 0x00000000c2c00000| PB 0x00000000c2c00000| Complete |  0
|  23|0x00000000c2d00000, 0x00000000c2e00000, 0x00000000c2e00000|100%| O|Cm|TAMS 0x00000000c2d00000| PB 0x00000000c2d00000| Complete |  0
|  24|0x00000000c2e00000, 0x00000000c2f00000, 0x00000000c2f00000|100%| O|  |TAMS 0x00000000c2e00000| PB 0x00000000c2e00000| Untracked |  0
|  25|0x00000000c2f00000, 0x00000000c3000000, 0x00000000c3000000|100%| O|Cm|TAMS 0x00000000c2f00000| PB 0x00000000c2f00000| Complete |  0
|  26|0x00000000c3000000, 0x00000000c3100000, 0x00000000c3100000|100%| O|  |TAMS 0x00000000c3000000| PB 0x00000000c3000000| Untracked |  0
|  27|0x00000000c3100000, 0x00000000c3200000, 0x00000000c3200000|100%| O|Cm|TAMS 0x00000000c3100000| PB 0x00000000c3100000| Complete |  0
|  28|0x00000000c3200000, 0x00000000c3300000, 0x00000000c3300000|100%| O|Cm|TAMS 0x00000000c3200000| PB 0x00000000c3200000| Complete |  0
|  29|0x00000000c3300000, 0x00000000c3400000, 0x00000000c3400000|100%| O|Cm|TAMS 0x00000000c3300000| PB 0x00000000c3300000| Complete |  0
|  30|0x00000000c3400000, 0x00000000c3500000, 0x00000000c3500000|100%| O|Cm|TAMS 0x00000000c3400000| PB 0x00000000c3400000| Complete |  0
|  31|0x00000000c3500000, 0x00000000c3600000, 0x00000000c3600000|100%|HS|  |TAMS 0x00000000c3500000| PB 0x00000000c3500000| Complete |  0
|  32|0x00000000c3600000, 0x00000000c3700000, 0x00000000c3700000|100%| O|Cm|TAMS 0x00000000c3600000| PB 0x00000000c3600000| Complete |  0
|  33|0x00000000c3700000, 0x00000000c3800000, 0x00000000c3800000|100%| O|Cm|TAMS 0x00000000c3700000| PB 0x00000000c3700000| Complete |  0
|  34|0x00000000c3800000, 0x00000000c3900000, 0x00000000c3900000|100%| O|Cm|TAMS 0x00000000c3800000| PB 0x00000000c3800000| Complete |  0
|  35|0x00000000c3900000, 0x00000000c3a00000, 0x00000000c3a00000|100%| O|Cm|TAMS 0x00000000c3900000| PB 0x00000000c3900000| Complete |  0
|  36|0x00000000c3a00000, 0x00000000c3b00000, 0x00000000c3b00000|100%| O|Cm|TAMS 0x00000000c3a00000| PB 0x00000000c3a00000| Complete |  0
|  37|0x00000000c3b00000, 0x00000000c3c00000, 0x00000000c3c00000|100%| O|Cm|TAMS 0x00000000c3b00000| PB 0x00000000c3b00000| Complete |  0
|  38|0x00000000c3c00000, 0x00000000c3d00000, 0x00000000c3d00000|100%|HS|  |TAMS 0x00000000c3c00000| PB 0x00000000c3c00000| Complete |  0
|  39|0x00000000c3d00000, 0x00000000c3e00000, 0x00000000c3e00000|100%|HC|  |TAMS 0x00000000c3d00000| PB 0x00000000c3d00000| Complete |  0
|  40|0x00000000c3e00000, 0x00000000c3f00000, 0x00000000c3f00000|100%| O|  |TAMS 0x00000000c3e00000| PB 0x00000000c3e00000| Untracked |  0
|  41|0x00000000c3f00000, 0x00000000c4000000, 0x00000000c4000000|100%| O|  |TAMS 0x00000000c3f00000| PB 0x00000000c3f00000| Untracked |  0
|  42|0x00000000c4000000, 0x00000000c4100000, 0x00000000c4100000|100%| O|  |TAMS 0x00000000c4000000| PB 0x00000000c4000000| Untracked |  0
|  43|0x00000000c4100000, 0x00000000c4200000, 0x00000000c4200000|100%| O|Cm|TAMS 0x00000000c4100000| PB 0x00000000c4100000| Complete |  0
|  44|0x00000000c4200000, 0x00000000c4300000, 0x00000000c4300000|100%| O|  |TAMS 0x00000000c4200000| PB 0x00000000c4200000| Untracked |  0
|  45|0x00000000c4300000, 0x00000000c4400000, 0x00000000c4400000|100%| O|  |TAMS 0x00000000c4300000| PB 0x00000000c4300000| Untracked |  0
|  46|0x00000000c4400000, 0x00000000c4500000, 0x00000000c4500000|100%| O|  |TAMS 0x00000000c4400000| PB 0x00000000c4400000| Untracked |  0
|  47|0x00000000c4500000, 0x00000000c4600000, 0x00000000c4600000|100%| O|  |TAMS 0x00000000c4500000| PB 0x00000000c4500000| Untracked |  0
|  48|0x00000000c4600000, 0x00000000c4700000, 0x00000000c4700000|100%| O|  |TAMS 0x00000000c4600000| PB 0x00000000c4600000| Untracked |  0
|  49|0x00000000c4700000, 0x00000000c4800000, 0x00000000c4800000|100%| O|  |TAMS 0x00000000c4700000| PB 0x00000000c4700000| Untracked |  0
|  50|0x00000000c4800000, 0x00000000c4900000, 0x00000000c4900000|100%| O|  |TAMS 0x00000000c4800000| PB 0x00000000c4800000| Untracked |  0
|  51|0x00000000c4900000, 0x00000000c4a00000, 0x00000000c4a00000|100%| O|  |TAMS 0x00000000c4900000| PB 0x00000000c4900000| Untracked |  0
|  52|0x00000000c4a00000, 0x00000000c4b00000, 0x00000000c4b00000|100%| O|  |TAMS 0x00000000c4a00000| PB 0x00000000c4a00000| Untracked |  0
|  53|0x00000000c4b00000, 0x00000000c4c00000, 0x00000000c4c00000|100%|HS|  |TAMS 0x00000000c4b00000| PB 0x00000000c4b00000| Complete |  0
|  54|0x00000000c4c00000, 0x00000000c4d00000, 0x00000000c4d00000|100%| O|  |TAMS 0x00000000c4c00000| PB 0x00000000c4c00000| Untracked |  0
|  55|0x00000000c4d00000, 0x00000000c4e00000, 0x00000000c4e00000|100%| O|  |TAMS 0x00000000c4d00000| PB 0x00000000c4d00000| Untracked |  0
|  56|0x00000000c4e00000, 0x00000000c4f00000, 0x00000000c4f00000|100%| O|  |TAMS 0x00000000c4e00000| PB 0x00000000c4e00000| Untracked |  0
|  57|0x00000000c4f00000, 0x00000000c5000000, 0x00000000c5000000|100%| O|  |TAMS 0x00000000c4f00000| PB 0x00000000c4f00000| Untracked |  0
|  58|0x00000000c5000000, 0x00000000c5100000, 0x00000000c5100000|100%| O|  |TAMS 0x00000000c5000000| PB 0x00000000c5000000| Untracked |  0
|  59|0x00000000c5100000, 0x00000000c517cb50, 0x00000000c5200000| 48%| O|  |TAMS 0x00000000c5100000| PB 0x00000000c5100000| Untracked |  0
|  60|0x00000000c5200000, 0x00000000c5200000, 0x00000000c5300000|  0%| F|  |TAMS 0x00000000c5200000| PB 0x00000000c5200000| Untracked |  0
|  61|0x00000000c5300000, 0x00000000c5300000, 0x00000000c5400000|  0%| F|  |TAMS 0x00000000c5300000| PB 0x00000000c5300000| Untracked |  0
|  62|0x00000000c5400000, 0x00000000c5400000, 0x00000000c5500000|  0%| F|  |TAMS 0x00000000c5400000| PB 0x00000000c5400000| Untracked |  0
|  63|0x00000000c5500000, 0x00000000c5500000, 0x00000000c5600000|  0%| F|  |TAMS 0x00000000c5500000| PB 0x00000000c5500000| Untracked |  0
|  64|0x00000000c5600000, 0x00000000c5600000, 0x00000000c5700000|  0%| F|  |TAMS 0x00000000c5600000| PB 0x00000000c5600000| Untracked |  0
|  65|0x00000000c5700000, 0x00000000c5700000, 0x00000000c5800000|  0%| F|  |TAMS 0x00000000c5700000| PB 0x00000000c5700000| Untracked |  0
|  66|0x00000000c5800000, 0x00000000c5800000, 0x00000000c5900000|  0%| F|  |TAMS 0x00000000c5800000| PB 0x00000000c5800000| Untracked |  0
|  67|0x00000000c5900000, 0x00000000c5900000, 0x00000000c5a00000|  0%| F|  |TAMS 0x00000000c5900000| PB 0x00000000c5900000| Untracked |  0
|  68|0x00000000c5a00000, 0x00000000c5a00000, 0x00000000c5b00000|  0%| F|  |TAMS 0x00000000c5a00000| PB 0x00000000c5a00000| Untracked |  0
|  69|0x00000000c5b00000, 0x00000000c5b00000, 0x00000000c5c00000|  0%| F|  |TAMS 0x00000000c5b00000| PB 0x00000000c5b00000| Untracked |  0
|  70|0x00000000c5c00000, 0x00000000c5c00000, 0x00000000c5d00000|  0%| F|  |TAMS 0x00000000c5c00000| PB 0x00000000c5c00000| Untracked |  0
|  71|0x00000000c5d00000, 0x00000000c5d00000, 0x00000000c5e00000|  0%| F|  |TAMS 0x00000000c5d00000| PB 0x00000000c5d00000| Untracked |  0
|  72|0x00000000c5e00000, 0x00000000c5e00000, 0x00000000c5f00000|  0%| F|  |TAMS 0x00000000c5e00000| PB 0x00000000c5e00000| Untracked |  0
|  73|0x00000000c5f00000, 0x00000000c5f00000, 0x00000000c6000000|  0%| F|  |TAMS 0x00000000c5f00000| PB 0x00000000c5f00000| Untracked |  0
|  74|0x00000000c6000000, 0x00000000c6000000, 0x00000000c6100000|  0%| F|  |TAMS 0x00000000c6000000| PB 0x00000000c6000000| Untracked |  0
|  75|0x00000000c6100000, 0x00000000c6100000, 0x00000000c6200000|  0%| F|  |TAMS 0x00000000c6100000| PB 0x00000000c6100000| Untracked |  0
|  76|0x00000000c6200000, 0x00000000c6200000, 0x00000000c6300000|  0%| F|  |TAMS 0x00000000c6200000| PB 0x00000000c6200000| Untracked |  0
|  77|0x00000000c6300000, 0x00000000c6300000, 0x00000000c6400000|  0%| F|  |TAMS 0x00000000c6300000| PB 0x00000000c6300000| Untracked |  0
|  78|0x00000000c6400000, 0x00000000c6400000, 0x00000000c6500000|  0%| F|  |TAMS 0x00000000c6400000| PB 0x00000000c6400000| Untracked |  0
|  79|0x00000000c6500000, 0x00000000c6500000, 0x00000000c6600000|  0%| F|  |TAMS 0x00000000c6500000| PB 0x00000000c6500000| Untracked |  0
|  80|0x00000000c6600000, 0x00000000c6600000, 0x00000000c6700000|  0%| F|  |TAMS 0x00000000c6600000| PB 0x00000000c6600000| Untracked |  0
|  81|0x00000000c6700000, 0x00000000c6700000, 0x00000000c6800000|  0%| F|  |TAMS 0x00000000c6700000| PB 0x00000000c6700000| Untracked |  0
|  82|0x00000000c6800000, 0x00000000c6800000, 0x00000000c6900000|  0%| F|  |TAMS 0x00000000c6800000| PB 0x00000000c6800000| Untracked |  0
|  83|0x00000000c6900000, 0x00000000c6900000, 0x00000000c6a00000|  0%| F|  |TAMS 0x00000000c6900000| PB 0x00000000c6900000| Untracked |  0
|  84|0x00000000c6a00000, 0x00000000c6a00000, 0x00000000c6b00000|  0%| F|  |TAMS 0x00000000c6a00000| PB 0x00000000c6a00000| Untracked |  0
|  85|0x00000000c6b00000, 0x00000000c6b00000, 0x00000000c6c00000|  0%| F|  |TAMS 0x00000000c6b00000| PB 0x00000000c6b00000| Untracked |  0
|  86|0x00000000c6c00000, 0x00000000c6c00000, 0x00000000c6d00000|  0%| F|  |TAMS 0x00000000c6c00000| PB 0x00000000c6c00000| Untracked |  0
|  87|0x00000000c6d00000, 0x00000000c6d00000, 0x00000000c6e00000|  0%| F|  |TAMS 0x00000000c6d00000| PB 0x00000000c6d00000| Untracked |  0
|  88|0x00000000c6e00000, 0x00000000c6eb6fe0, 0x00000000c6f00000| 71%| E|  |TAMS 0x00000000c6e00000| PB 0x00000000c6e00000| Complete |  0
|  89|0x00000000c6f00000, 0x00000000c7000000, 0x00000000c7000000|100%| E|CS|TAMS 0x00000000c6f00000| PB 0x00000000c6f00000| Complete |  0
|  90|0x00000000c7000000, 0x00000000c7100000, 0x00000000c7100000|100%| S|CS|TAMS 0x00000000c7000000| PB 0x00000000c7000000| Complete |  0
|  91|0x00000000c7100000, 0x00000000c7200000, 0x00000000c7200000|100%| S|CS|TAMS 0x00000000c7100000| PB 0x00000000c7100000| Complete |  0
|  92|0x00000000c7200000, 0x00000000c7300000, 0x00000000c7300000|100%| E|CS|TAMS 0x00000000c7200000| PB 0x00000000c7200000| Complete |  0
|  93|0x00000000c7300000, 0x00000000c7400000, 0x00000000c7400000|100%| E|  |TAMS 0x00000000c7300000| PB 0x00000000c7300000| Complete |  0
|  94|0x00000000c7400000, 0x00000000c7500000, 0x00000000c7500000|100%| E|CS|TAMS 0x00000000c7400000| PB 0x00000000c7400000| Complete |  0
|  95|0x00000000c7500000, 0x00000000c7600000, 0x00000000c7600000|100%| E|CS|TAMS 0x00000000c7500000| PB 0x00000000c7500000| Complete |  0
|  96|0x00000000c7600000, 0x00000000c7700000, 0x00000000c7700000|100%| E|CS|TAMS 0x00000000c7600000| PB 0x00000000c7600000| Complete |  0
| 994|0x00000000ff800000, 0x00000000ff900000, 0x00000000ff900000|100%| O|  |TAMS 0x00000000ff800000| PB 0x00000000ff800000| Untracked |  0
| 995|0x00000000ff900000, 0x00000000ffa00000, 0x00000000ffa00000|100%| E|CS|TAMS 0x00000000ff900000| PB 0x00000000ff900000| Complete |  0
| 996|0x00000000ffa00000, 0x00000000ffb00000, 0x00000000ffb00000|100%| E|CS|TAMS 0x00000000ffa00000| PB 0x00000000ffa00000| Complete |  0
| 997|0x00000000ffb00000, 0x00000000ffc00000, 0x00000000ffc00000|100%| O|Cm|TAMS 0x00000000ffb00000| PB 0x00000000ffb00000| Complete |  0
| 998|0x00000000ffc00000, 0x00000000ffd00000, 0x00000000ffd00000|100%| O|Cm|TAMS 0x00000000ffc00000| PB 0x00000000ffc00000| Complete |  0
| 999|0x00000000ffd00000, 0x00000000ffe00000, 0x00000000ffe00000|100%| O|Cm|TAMS 0x00000000ffd00000| PB 0x00000000ffd00000| Complete |  0
|1000|0x00000000ffe00000, 0x00000000fff00000, 0x00000000fff00000|100%| O|  |TAMS 0x00000000ffe00000| PB 0x00000000ffe00000| Untracked |  0
|1001|0x00000000fff00000, 0x0000000100000000, 0x0000000100000000|100%| E|CS|TAMS 0x00000000fff00000| PB 0x00000000fff00000| Complete |  0

Card table byte_map: [0x0000027db5fb0000,0x0000027db61b0000] _byte_map_base: 0x0000027db59a5000

Marking Bits: (CMBitMap*) 0x0000027d9e2dea80
 Bits: [0x0000027db61b0000, 0x0000027db7158000)

Polling page: 0x0000027d9c040000

Metaspace:

Usage:
  Non-class:     25.59 MB used.
      Class:      2.77 MB used.
       Both:     28.36 MB used.

Virtual space:
  Non-class space:       64.00 MB reserved,      25.81 MB ( 40%) committed,  1 nodes.
      Class space:        1.00 GB reserved,       3.00 MB ( <1%) committed,  1 nodes.
             Both:        1.06 GB reserved,      28.81 MB (  3%) committed. 

Chunk freelists:
   Non-Class:  5.34 MB
       Class:  12.98 MB
        Both:  18.33 MB

MaxMetaspaceSize: unlimited
CompressedClassSpaceSize: 1.00 GB
Initial GC threshold: 21.00 MB
Current GC threshold: 47.94 MB
CDS: on
 - commit_granule_bytes: 65536.
 - commit_granule_words: 8192.
 - virtual_space_node_default_size: 8388608.
 - enlarge_chunks_in_place: 1.
UseCompressedClassPointers 1, UseCompactObjectHeaders 0
Narrow klass pointer bits 32, Max shift 3
Narrow klass base: 0x0000027dba000000, Narrow klass shift: 0
Encoding Range: [0x0000027dba000000 - 0x0000027eba000000), (4294967296 bytes)
Klass Range:    [0x0000027dba000000 - 0x0000027dfb000000), (1090519040 bytes)
Klass ID Range:  [8 - 1090519033) (1090519025)


Internal statistics:

num_allocs_failed_limit: 3.
num_arena_births: 308.
num_arena_deaths: 0.
num_vsnodes_births: 2.
num_vsnodes_deaths: 0.
num_space_committed: 461.
num_space_uncommitted: 0.
num_chunks_returned_to_freelist: 3.
num_chunks_taken_from_freelist: 1355.
num_chunk_merges: 3.
num_chunk_splits: 947.
num_chunks_enlarged: 752.
num_inconsistent_stats: 0.

CodeHeap 'non-profiled nmethods': size=120064Kb used=2658Kb max_used=2747Kb free=117405Kb
 bounds [0x0000027dae870000, 0x0000027daeb40000, 0x0000027db5db0000]
CodeHeap 'profiled nmethods': size=120000Kb used=11569Kb max_used=12997Kb free=108430Kb
 bounds [0x0000027da6db0000, 0x0000027da7a70000, 0x0000027dae2e0000]
CodeHeap 'non-nmethods': size=5696Kb used=1386Kb max_used=1456Kb free=4309Kb
 bounds [0x0000027dae2e0000, 0x0000027dae550000, 0x0000027dae870000]
CodeCache: size=245760Kb, used=15613Kb, max_used=17200Kb, free=230144Kb
 total_blobs=7107, nmethods=6557, adapters=454, full_count=0
Compilation: enabled, stopped_count=0, restarted_count=0

Compilation events (20 events):
Event: 18.755 Thread 0x0000027db95cfc30 7639       1       org.apache.maven.model.Model::setInceptionYear (6 bytes)
Event: 18.755 Thread 0x0000027db95cfc30 nmethod 7639 0x0000027daeaa8708 code [0x0000027daeaa8820, 0x0000027daeaa8938]
Event: 18.756 Thread 0x0000027db95cfc30 7640       2       org.eclipse.aether.util.version.GenericVersionScheme::parseVersion (9 bytes)
Event: 18.756 Thread 0x0000027db95cfc30 nmethod 7640 0x0000027da773e788 code [0x0000027da773e8a0, 0x0000027da773ea28]
Event: 18.756 Thread 0x0000027db95cfc30 7641       2       org.eclipse.aether.util.version.GenericVersion::<init> (39 bytes)
Event: 18.756 Thread 0x0000027db95cfc30 nmethod 7641 0x0000027da7901588 code [0x0000027da79016e0, 0x0000027da79019d0]
Event: 18.756 Thread 0x0000027db95cfc30 7642       2       org.eclipse.aether.internal.impl.collect.DataPool$GraphKey::<init> (77 bytes)
Event: 18.757 Thread 0x0000027db95cfc30 nmethod 7642 0x0000027da76f4c88 code [0x0000027da76f4e00, 0x0000027da76f5700]
Event: 18.757 Thread 0x0000027db95cfc30 7643       2       org.eclipse.aether.util.graph.transformer.ConflictResolver$ConflictItem::getScopes (29 bytes)
Event: 18.757 Thread 0x0000027db95cfc30 nmethod 7643 0x0000027da792fb88 code [0x0000027da792fca0, 0x0000027da792ff68]
Event: 18.757 Thread 0x0000027db95cfc30 7644       2       org.eclipse.aether.util.graph.transformer.JavaScopeDeriver::getDerivedScope (100 bytes)
Event: 18.757 Thread 0x0000027db95cfc30 nmethod 7644 0x0000027da7773c08 code [0x0000027da7773d80, 0x0000027da7774028]
Event: 18.760 Thread 0x0000027db95cfc30 7645   !   2       java.util.concurrent.ConcurrentHashMap::putVal (432 bytes)
Event: 18.762 Thread 0x0000027db95cfc30 nmethod 7645 0x0000027da7881988 code [0x0000027da7881be0, 0x0000027da7882bc0]
Event: 18.788 Thread 0x0000027db95cfc30 7646       2       java.net.URLStreamHandler::sameFile (136 bytes)
Event: 18.789 Thread 0x0000027db95cfc30 nmethod 7646 0x0000027da787d788 code [0x0000027da787d900, 0x0000027da787dc50]
Event: 18.789 Thread 0x0000027db95cfc30 7647       2       java.net.URI::toString (16 bytes)
Event: 18.789 Thread 0x0000027db95cfc30 nmethod 7647 0x0000027da7762888 code [0x0000027da77629a0, 0x0000027da7762ac8]
Event: 18.790 Thread 0x0000027db95cfc30 7648   !   2       org.eclipse.sisu.inject.InjectorBindings::getWildcardBindings (152 bytes)
Event: 18.790 Thread 0x0000027db95cfc30 nmethod 7648 0x0000027da78c7a08 code [0x0000027da78c7bc0, 0x0000027da78c84a0]

GC Heap History (20 events):
Event: 6.868 GC heap before
{Heap before GC invocations=4 (full 0):
 garbage-first heap   total reserved 1026048K, committed 67584K, used 46231K [0x00000000c1600000, 0x0000000100000000)
  region size 1024K, 36 young (36864K), 5 survivors (5120K)
 Metaspace       used 16310K, committed 16576K, reserved 1114112K
  class space    used 1560K, committed 1664K, reserved 1048576K
}
Event: 6.886 GC heap after
{Heap after GC invocations=5 (full 0):
 garbage-first heap   total reserved 1026048K, committed 67584K, used 16056K [0x00000000c1600000, 0x0000000100000000)
  region size 1024K, 2 young (2048K), 2 survivors (2048K)
 Metaspace       used 16310K, committed 16576K, reserved 1114112K
  class space    used 1560K, committed 1664K, reserved 1048576K
}
Event: 9.862 GC heap before
{Heap before GC invocations=5 (full 0):
 garbage-first heap   total reserved 1026048K, committed 67584K, used 49848K [0x00000000c1600000, 0x0000000100000000)
  region size 1024K, 35 young (35840K), 2 survivors (2048K)
 Metaspace       used 18424K, committed 18752K, reserved 1114112K
  class space    used 1750K, committed 1856K, reserved 1048576K
}
Event: 9.870 GC heap after
{Heap after GC invocations=6 (full 0):
 garbage-first heap   total reserved 1026048K, committed 67584K, used 18079K [0x00000000c1600000, 0x0000000100000000)
  region size 1024K, 4 young (4096K), 4 survivors (4096K)
 Metaspace       used 18424K, committed 18752K, reserved 1114112K
  class space    used 1750K, committed 1856K, reserved 1048576K
}
Event: 12.173 GC heap before
{Heap before GC invocations=6 (full 0):
 garbage-first heap   total reserved 1026048K, committed 67584K, used 42655K [0x00000000c1600000, 0x0000000100000000)
  region size 1024K, 24 young (24576K), 4 survivors (4096K)
 Metaspace       used 21228K, committed 21504K, reserved 1114112K
  class space    used 2053K, committed 2176K, reserved 1048576K
}
Event: 12.190 GC heap after
{Heap after GC invocations=7 (full 0):
 garbage-first heap   total reserved 1026048K, committed 67584K, used 25909K [0x00000000c1600000, 0x0000000100000000)
  region size 1024K, 5 young (5120K), 5 survivors (5120K)
 Metaspace       used 21228K, committed 21504K, reserved 1114112K
  class space    used 2053K, committed 2176K, reserved 1048576K
}
Event: 14.366 GC heap before
{Heap before GC invocations=8 (full 0):
 garbage-first heap   total reserved 1026048K, committed 67584K, used 55605K [0x00000000c1600000, 0x0000000100000000)
  region size 1024K, 32 young (32768K), 5 survivors (5120K)
 Metaspace       used 26154K, committed 26496K, reserved 1114112K
  class space    used 2536K, committed 2688K, reserved 1048576K
}
Event: 14.386 GC heap after
{Heap after GC invocations=9 (full 0):
 garbage-first heap   total reserved 1026048K, committed 72704K, used 38512K [0x00000000c1600000, 0x0000000100000000)
  region size 1024K, 4 young (4096K), 4 survivors (4096K)
 Metaspace       used 26154K, committed 26496K, reserved 1114112K
  class space    used 2536K, committed 2688K, reserved 1048576K
}
Event: 15.036 GC heap before
{Heap before GC invocations=9 (full 0):
 garbage-first heap   total reserved 1026048K, committed 72704K, used 58992K [0x00000000c1600000, 0x0000000100000000)
  region size 1024K, 24 young (24576K), 4 survivors (4096K)
 Metaspace       used 26719K, committed 27072K, reserved 1114112K
  class space    used 2596K, committed 2752K, reserved 1048576K
}
Event: 15.049 GC heap after
{Heap after GC invocations=10 (full 0):
 garbage-first heap   total reserved 1026048K, committed 72704K, used 43520K [0x00000000c1600000, 0x0000000100000000)
  region size 1024K, 3 young (3072K), 3 survivors (3072K)
 Metaspace       used 26719K, committed 27072K, reserved 1114112K
  class space    used 2596K, committed 2752K, reserved 1048576K
}
Event: 16.058 GC heap before
{Heap before GC invocations=10 (full 0):
 garbage-first heap   total reserved 1026048K, committed 72704K, used 60928K [0x00000000c1600000, 0x0000000100000000)
  region size 1024K, 20 young (20480K), 3 survivors (3072K)
 Metaspace       used 28387K, committed 28800K, reserved 1114112K
  class space    used 2780K, committed 2944K, reserved 1048576K
}
Event: 16.070 GC heap after
{Heap after GC invocations=11 (full 0):
 garbage-first heap   total reserved 1026048K, committed 88064K, used 46025K [0x00000000c1600000, 0x0000000100000000)
  region size 1024K, 2 young (2048K), 2 survivors (2048K)
 Metaspace       used 28387K, committed 28800K, reserved 1114112K
  class space    used 2780K, committed 2944K, reserved 1048576K
}
Event: 17.251 GC heap before
{Heap before GC invocations=12 (full 0):
 garbage-first heap   total reserved 1026048K, committed 88064K, used 74697K [0x00000000c1600000, 0x0000000100000000)
  region size 1024K, 28 young (28672K), 2 survivors (2048K)
 Metaspace       used 28906K, committed 29376K, reserved 1114112K
  class space    used 2836K, committed 3072K, reserved 1048576K
}
Event: 17.267 GC heap after
{Heap after GC invocations=13 (full 0):
 garbage-first heap   total reserved 1026048K, committed 88064K, used 52714K [0x00000000c1600000, 0x0000000100000000)
  region size 1024K, 4 young (4096K), 4 survivors (4096K)
 Metaspace       used 28906K, committed 29376K, reserved 1114112K
  class space    used 2836K, committed 3072K, reserved 1048576K
}
Event: 17.587 GC heap before
{Heap before GC invocations=13 (full 0):
 garbage-first heap   total reserved 1026048K, committed 88064K, used 75242K [0x00000000c1600000, 0x0000000100000000)
  region size 1024K, 24 young (24576K), 4 survivors (4096K)
 Metaspace       used 28944K, committed 29440K, reserved 1114112K
  class space    used 2836K, committed 3072K, reserved 1048576K
}
Event: 17.614 GC heap after
{Heap after GC invocations=14 (full 0):
 garbage-first heap   total reserved 1026048K, committed 89088K, used 61952K [0x00000000c1600000, 0x0000000100000000)
  region size 1024K, 3 young (3072K), 3 survivors (3072K)
 Metaspace       used 28944K, committed 29440K, reserved 1114112K
  class space    used 2836K, committed 3072K, reserved 1048576K
}
Event: 18.105 GC heap before
{Heap before GC invocations=14 (full 0):
 garbage-first heap   total reserved 1026048K, committed 89088K, used 75264K [0x00000000c1600000, 0x0000000100000000)
  region size 1024K, 17 young (17408K), 3 survivors (3072K)
 Metaspace       used 28958K, committed 29440K, reserved 1114112K
  class space    used 2836K, committed 3072K, reserved 1048576K
}
Event: 18.113 GC heap after
{Heap after GC invocations=15 (full 0):
 garbage-first heap   total reserved 1026048K, committed 89088K, used 66560K [0x00000000c1600000, 0x0000000100000000)
  region size 1024K, 3 young (3072K), 3 survivors (3072K)
 Metaspace       used 28958K, committed 29440K, reserved 1114112K
  class space    used 2836K, committed 3072K, reserved 1048576K
}
Event: 18.359 GC heap before
{Heap before GC invocations=16 (full 0):
 garbage-first heap   total reserved 1026048K, committed 107520K, used 75776K [0x00000000c1600000, 0x0000000100000000)
  region size 1024K, 14 young (14336K), 3 survivors (3072K)
 Metaspace       used 28980K, committed 29440K, reserved 1114112K
  class space    used 2836K, committed 3072K, reserved 1048576K
}
Event: 18.370 GC heap after
{Heap after GC invocations=17 (full 0):
 garbage-first heap   total reserved 1026048K, committed 107520K, used 68082K [0x00000000c1600000, 0x0000000100000000)
  region size 1024K, 2 young (2048K), 2 survivors (2048K)
 Metaspace       used 28980K, committed 29440K, reserved 1114112K
  class space    used 2836K, committed 3072K, reserved 1048576K
}

Dll operation events (8 events):
Event: 0.021 Loaded shared library C:\Program Files\Apache NetBeans\jdk\bin\java.dll
Event: 0.091 Loaded shared library C:\Program Files\Apache NetBeans\jdk\bin\jsvml.dll
Event: 0.105 Loaded shared library C:\Program Files\Apache NetBeans\jdk\bin\net.dll
Event: 0.113 Loaded shared library C:\Program Files\Apache NetBeans\jdk\bin\nio.dll
Event: 0.120 Loaded shared library C:\Program Files\Apache NetBeans\jdk\bin\zip.dll
Event: 0.537 Loaded shared library C:\Program Files\Apache NetBeans\java\maven\lib\jansi-native\Windows\x86_64\jansi.dll
Event: 0.538 Loaded shared library C:\Program Files\Apache NetBeans\jdk\bin\jimage.dll
Event: 0.559 Loaded shared library C:\Program Files\Apache NetBeans\jdk\bin\verify.dll

Deoptimization events (20 events):
Event: 17.904 Thread 0x0000027d9c0fecf0 DEOPT PACKING pc=0x0000027daeacbe20 sp=0x000000e0249fcee0
Event: 17.904 Thread 0x0000027d9c0fecf0 DEOPT UNPACKING pc=0x0000027dae3f7802 sp=0x000000e0249fcca0 mode 2
Event: 18.320 Thread 0x0000027d9c0fecf0 Uncommon trap: trap_request=0xffffff4d fr.pc=0x0000027dae94a418 relative=0x00000000000007f8
Event: 18.320 Thread 0x0000027d9c0fecf0 Uncommon trap: reason=unstable_if action=reinterpret pc=0x0000027dae94a418 method=com.sun.tools.javac.code.Types$15.visitClassType(Lcom/sun/tools/javac/code/Type$ClassType;Ljava/lang/Void;)Lcom/sun/tools/javac/code/Type; @ 43 c2
Event: 18.320 Thread 0x0000027d9c0fecf0 DEOPT PACKING pc=0x0000027dae94a418 sp=0x000000e0249fd290
Event: 18.320 Thread 0x0000027d9c0fecf0 DEOPT UNPACKING pc=0x0000027dae3f7802 sp=0x000000e0249fd1e0 mode 2
Event: 18.351 Thread 0x0000027d9c0fecf0 DEOPT PACKING pc=0x0000027da78ce6fd sp=0x000000e0249fcaa0
Event: 18.351 Thread 0x0000027d9c0fecf0 DEOPT UNPACKING pc=0x0000027dae335722 sp=0x000000e0249fc008 mode 0
Event: 18.504 Thread 0x0000027d9c0fecf0 Uncommon trap: trap_request=0xffffff6e fr.pc=0x0000027daea6ecf8 relative=0x0000000000000158
Event: 18.504 Thread 0x0000027d9c0fecf0 Uncommon trap: reason=loop_limit_check action=maybe_recompile pc=0x0000027daea6ecf8 method=java.util.regex.Pattern$Start.match(Ljava/util/regex/Matcher;ILjava/lang/CharSequence;)Z @ 34 c2
Event: 18.504 Thread 0x0000027d9c0fecf0 DEOPT PACKING pc=0x0000027daea6ecf8 sp=0x000000e0249fd4e0
Event: 18.504 Thread 0x0000027d9c0fecf0 DEOPT UNPACKING pc=0x0000027dae3f7802 sp=0x000000e0249fd470 mode 2
Event: 18.505 Thread 0x0000027d9c0fecf0 Uncommon trap: trap_request=0xffffffe4 fr.pc=0x0000027daeab28cc relative=0x000000000000058c
Event: 18.505 Thread 0x0000027d9c0fecf0 Uncommon trap: reason=range_check action=make_not_entrant pc=0x0000027daeab28cc method=java.util.LinkedHashMap.valuesToArray([Ljava/lang/Object;Z)[Ljava/lang/Object; @ 67 c2
Event: 18.505 Thread 0x0000027d9c0fecf0 DEOPT PACKING pc=0x0000027daeab28cc sp=0x000000e0249fd620
Event: 18.505 Thread 0x0000027d9c0fecf0 DEOPT UNPACKING pc=0x0000027dae3f7802 sp=0x000000e0249fd5a0 mode 2
Event: 18.756 Thread 0x0000027d9c0fecf0 Uncommon trap: trap_request=0xffffffde fr.pc=0x0000027dae8aeb74 relative=0x0000000000000b94
Event: 18.756 Thread 0x0000027d9c0fecf0 Uncommon trap: reason=class_check action=maybe_recompile pc=0x0000027dae8aeb74 method=java.util.concurrent.ConcurrentHashMap.putVal(Ljava/lang/Object;Ljava/lang/Object;Z)Ljava/lang/Object; @ 242 c2
Event: 18.756 Thread 0x0000027d9c0fecf0 DEOPT PACKING pc=0x0000027dae8aeb74 sp=0x000000e0249fcef0
Event: 18.756 Thread 0x0000027d9c0fecf0 DEOPT UNPACKING pc=0x0000027dae3f7802 sp=0x000000e0249fce50 mode 2

Classes loaded (20 events):
Event: 15.523 Loading class java/util/EnumMap$EntryIterator$Entry
Event: 15.524 Loading class java/util/EnumMap$EntryIterator$Entry done
Event: 15.573 Loading class java/util/function/ToIntBiFunction
Event: 15.584 Loading class java/util/function/ToIntBiFunction done
Event: 16.144 Loading class java/util/stream/ReduceOps$2
Event: 16.145 Loading class java/util/stream/ReduceOps$2 done
Event: 16.145 Loading class java/util/stream/ReduceOps$2ReducingSink
Event: 16.146 Loading class java/util/stream/ReduceOps$2ReducingSink done
Event: 16.192 Loading class java/lang/MatchException
Event: 16.195 Loading class java/lang/MatchException done
Event: 16.219 Loading class java/io/DataOutputStream
Event: 16.219 Loading class java/io/DataOutputStream done
Event: 16.479 Loading class java/util/EnumMap$Values
Event: 16.480 Loading class java/util/EnumMap$Values done
Event: 16.480 Loading class java/util/EnumMap$ValueIterator
Event: 16.480 Loading class java/util/EnumMap$ValueIterator done
Event: 16.484 Loading class java/util/WeakHashMap$KeyIterator
Event: 16.485 Loading class java/util/WeakHashMap$HashIterator
Event: 16.485 Loading class java/util/WeakHashMap$HashIterator done
Event: 16.485 Loading class java/util/WeakHashMap$KeyIterator done

Classes unloaded (0 events):
No events

Classes redefined (0 events):
No events

Internal exceptions (20 events):
Event: 18.319 Thread 0x0000027d9c0fecf0 Exception <a 'sun/nio/fs/WindowsException'{0x00000000c73062e8}> (0x00000000c73062e8) 
thrown [s\src\hotspot\share\prims\jni.cpp, line 518]
Event: 18.319 Thread 0x0000027d9c0fecf0 Exception <a 'sun/nio/fs/WindowsException'{0x00000000c73071c0}> (0x00000000c73071c0) 
thrown [s\src\hotspot\share\prims\jni.cpp, line 518]
Event: 18.319 Thread 0x0000027d9c0fecf0 Exception <a 'sun/nio/fs/WindowsException'{0x00000000c7309358}> (0x00000000c7309358) 
thrown [s\src\hotspot\share\prims\jni.cpp, line 518]
Event: 18.319 Thread 0x0000027d9c0fecf0 Exception <a 'sun/nio/fs/WindowsException'{0x00000000c730a048}> (0x00000000c730a048) 
thrown [s\src\hotspot\share\prims\jni.cpp, line 518]
Event: 18.319 Thread 0x0000027d9c0fecf0 Exception <a 'sun/nio/fs/WindowsException'{0x00000000c73141b8}> (0x00000000c73141b8) 
thrown [s\src\hotspot\share\prims\jni.cpp, line 518]
Event: 18.320 Thread 0x0000027d9c0fecf0 Exception <a 'sun/nio/fs/WindowsException'{0x00000000c7331ee0}> (0x00000000c7331ee0) 
thrown [s\src\hotspot\share\prims\jni.cpp, line 518]
Event: 18.324 Thread 0x0000027d9c0fecf0 Exception <a 'sun/nio/fs/WindowsException'{0x00000000c7367c78}> (0x00000000c7367c78) 
thrown [s\src\hotspot\share\prims\jni.cpp, line 518]
Event: 18.324 Thread 0x0000027d9c0fecf0 Exception <a 'sun/nio/fs/WindowsException'{0x00000000c73686a8}> (0x00000000c73686a8) 
thrown [s\src\hotspot\share\prims\jni.cpp, line 518]
Event: 18.324 Thread 0x0000027d9c0fecf0 Exception <a 'sun/nio/fs/WindowsException'{0x00000000c73732d0}> (0x00000000c73732d0) 
thrown [s\src\hotspot\share\prims\jni.cpp, line 518]
Event: 18.324 Thread 0x0000027d9c0fecf0 Exception <a 'sun/nio/fs/WindowsException'{0x00000000c738e0e8}> (0x00000000c738e0e8) 
thrown [s\src\hotspot\share\prims\jni.cpp, line 518]
Event: 18.328 Thread 0x0000027d9c0fecf0 Exception <a 'sun/nio/fs/WindowsException'{0x00000000c7391d78}> (0x00000000c7391d78) 
thrown [s\src\hotspot\share\prims\jni.cpp, line 518]
Event: 18.328 Thread 0x0000027d9c0fecf0 Exception <a 'sun/nio/fs/WindowsException'{0x00000000c7392798}> (0x00000000c7392798) 
thrown [s\src\hotspot\share\prims\jni.cpp, line 518]
Event: 18.330 Thread 0x0000027d9c0fecf0 Exception <a 'sun/nio/fs/WindowsException'{0x00000000c739ee50}> (0x00000000c739ee50) 
thrown [s\src\hotspot\share\prims\jni.cpp, line 518]
Event: 18.330 Thread 0x0000027d9c0fecf0 Exception <a 'sun/nio/fs/WindowsException'{0x00000000c73c2d90}> (0x00000000c73c2d90) 
thrown [s\src\hotspot\share\prims\jni.cpp, line 518]
Event: 18.341 Thread 0x0000027d9c0fecf0 Exception <a 'sun/nio/fs/WindowsException'{0x00000000c73c7c30}> (0x00000000c73c7c30) 
thrown [s\src\hotspot\share\prims\jni.cpp, line 518]
Event: 18.341 Thread 0x0000027d9c0fecf0 Exception <a 'sun/nio/fs/WindowsException'{0x00000000c73c8670}> (0x00000000c73c8670) 
thrown [s\src\hotspot\share\prims\jni.cpp, line 518]
Event: 18.342 Thread 0x0000027d9c0fecf0 Exception <a 'sun/nio/fs/WindowsException'{0x00000000c73d70c8}> (0x00000000c73d70c8) 
thrown [s\src\hotspot\share\prims\jni.cpp, line 518]
Event: 18.343 Thread 0x0000027d9c0fecf0 Exception <a 'sun/nio/fs/WindowsException'{0x00000000c7202f28}> (0x00000000c7202f28) 
thrown [s\src\hotspot\share\prims\jni.cpp, line 518]
Event: 18.357 Thread 0x0000027d9c0fecf0 Exception <a 'sun/nio/fs/WindowsException'{0x00000000c72fddf8}> (0x00000000c72fddf8) 
thrown [s\src\hotspot\share\prims\jni.cpp, line 518]
Event: 18.357 Thread 0x0000027d9c0fecf0 Exception <a 'sun/nio/fs/WindowsException'{0x00000000c72fe5a0}> (0x00000000c72fe5a0) 
thrown [s\src\hotspot\share\prims\jni.cpp, line 518]

VM Operations (20 events):
Event: 16.057 Executing VM operation: G1CollectForAllocation (G1 Evacuation Pause)
Event: 16.070 Executing VM operation: G1CollectForAllocation (G1 Evacuation Pause) done
Event: 16.155 Executing VM operation: G1PauseRemark
Event: 16.167 Executing VM operation: G1PauseRemark done
Event: 16.196 Executing VM operation: G1PauseCleanup
Event: 16.197 Executing VM operation: G1PauseCleanup done
Event: 16.346 Executing VM operation: HandshakeAllThreads (Deoptimize)
Event: 16.346 Executing VM operation: HandshakeAllThreads (Deoptimize) done
Event: 17.251 Executing VM operation: G1CollectForAllocation (G1 Evacuation Pause)
Event: 17.267 Executing VM operation: G1CollectForAllocation (G1 Evacuation Pause) done
Event: 17.587 Executing VM operation: G1CollectForAllocation (G1 Evacuation Pause)
Event: 17.615 Executing VM operation: G1CollectForAllocation (G1 Evacuation Pause) done
Event: 18.105 Executing VM operation: G1TryInitiateConcMark (G1 Humongous Allocation)
Event: 18.113 Executing VM operation: G1TryInitiateConcMark (G1 Humongous Allocation) done
Event: 18.188 Executing VM operation: G1PauseRemark
Event: 18.198 Executing VM operation: G1PauseRemark done
Event: 18.228 Executing VM operation: G1PauseCleanup
Event: 18.228 Executing VM operation: G1PauseCleanup done
Event: 18.359 Executing VM operation: G1CollectForAllocation (G1 Evacuation Pause)
Event: 18.370 Executing VM operation: G1CollectForAllocation (G1 Evacuation Pause) done

Memory protections (0 events):
No events

Nmethod flushes (20 events):
Event: 18.197 Thread 0x0000027d9e36b640 flushing  nmethod 0x0000027da78bea08
Event: 18.197 Thread 0x0000027d9e36b640 flushing  nmethod 0x0000027da78d5388
Event: 18.197 Thread 0x0000027d9e36b640 flushing  nmethod 0x0000027da78d5688
Event: 18.197 Thread 0x0000027d9e36b640 flushing  nmethod 0x0000027da78d6b88
Event: 18.197 Thread 0x0000027d9e36b640 flushing  nmethod 0x0000027da78d7188
Event: 18.197 Thread 0x0000027d9e36b640 flushing  nmethod 0x0000027da78e4f88
Event: 18.197 Thread 0x0000027d9e36b640 flushing  nmethod 0x0000027da78ecf08
Event: 18.197 Thread 0x0000027d9e36b640 flushing  nmethod 0x0000027da78eef08
Event: 18.197 Thread 0x0000027d9e36b640 flushing  nmethod 0x0000027da78ef288
Event: 18.197 Thread 0x0000027d9e36b640 flushing  nmethod 0x0000027da7901588
Event: 18.197 Thread 0x0000027d9e36b640 flushing  nmethod 0x0000027da7901e88
Event: 18.197 Thread 0x0000027d9e36b640 flushing  nmethod 0x0000027da7904988
Event: 18.197 Thread 0x0000027d9e36b640 flushing  nmethod 0x0000027da790bd08
Event: 18.197 Thread 0x0000027d9e36b640 flushing  nmethod 0x0000027da790cc08
Event: 18.197 Thread 0x0000027d9e36b640 flushing  nmethod 0x0000027da790de88
Event: 18.197 Thread 0x0000027d9e36b640 flushing  nmethod 0x0000027da790e508
Event: 18.197 Thread 0x0000027d9e36b640 flushing  nmethod 0x0000027da7916788
Event: 18.197 Thread 0x0000027d9e36b640 flushing  nmethod 0x0000027da7916a88
Event: 18.197 Thread 0x0000027d9e36b640 flushing  nmethod 0x0000027da7946288
Event: 18.197 Thread 0x0000027d9e36b640 flushing  nmethod 0x0000027da7959188

Events (13 events):
Event: 0.057 Thread 0x0000027d9c0fecf0 Thread added: 0x0000027d9c0fecf0
Event: 0.082 Thread 0x0000027d9c0fecf0 Thread added: 0x0000027db95ba1e0
Event: 0.083 Thread 0x0000027d9c0fecf0 Thread added: 0x0000027db95bb2a0
Event: 0.084 Thread 0x0000027d9c0fecf0 Thread added: 0x0000027db95be340
Event: 0.084 Thread 0x0000027d9c0fecf0 Thread added: 0x0000027db95c0f80
Event: 0.084 Thread 0x0000027d9c0fecf0 Thread added: 0x0000027db95c2320
Event: 0.085 Thread 0x0000027d9c0fecf0 Thread added: 0x0000027db95c9ad0
Event: 0.085 Thread 0x0000027d9c0fecf0 Thread added: 0x0000027db95cccf0
Event: 0.085 Thread 0x0000027d9c0fecf0 Thread added: 0x0000027db95cfc30
Event: 0.095 Thread 0x0000027d9c0fecf0 Thread added: 0x0000027db964cf00
Event: 0.101 Thread 0x0000027d9c0fecf0 Thread added: 0x0000027db9655e40
Event: 0.530 Thread 0x0000027d9c0fecf0 Thread added: 0x0000027db9a469c0
Event: 0.607 Thread 0x0000027db9a469c0 Thread exited: 0x0000027db9a469c0


Dynamic libraries:
0x00007ff66e5d0000 - 0x00007ff66e5de000 	C:\Program Files\Apache NetBeans\jdk\bin\java.exe
0x00007ffde1d70000 - 0x00007ffde1f68000 	C:\WINDOWS\SYSTEM32\ntdll.dll
0x00007ffdc2b90000 - 0x00007ffdc2bb0000 	C:\Program Files\Avast Software\Avast\aswhook.dll
0x00007ffde1150000 - 0x00007ffde1212000 	C:\WINDOWS\System32\KERNEL32.DLL
0x00007ffddf480000 - 0x00007ffddf776000 	C:\WINDOWS\System32\KERNELBASE.dll
0x00007ffddfb10000 - 0x00007ffddfc10000 	C:\WINDOWS\System32\ucrtbase.dll
0x00007ffdb4e30000 - 0x00007ffdb4e4e000 	C:\Program Files\Apache NetBeans\jdk\bin\VCRUNTIME140.dll
0x00007ffd90cf0000 - 0x00007ffd90d06000 	C:\Program Files\Apache NetBeans\jdk\bin\jli.dll
0x00007ffde0c30000 - 0x00007ffde0dd1000 	C:\WINDOWS\System32\USER32.dll
0x00007ffddfd60000 - 0x00007ffddfd82000 	C:\WINDOWS\System32\win32u.dll
0x00007ffde1540000 - 0x00007ffde156b000 	C:\WINDOWS\System32\GDI32.dll
0x00007ffdb8980000 - 0x00007ffdb8c1b000 	C:\WINDOWS\WinSxS\amd64_microsoft.windows.common-controls_6595b64144ccf1df_6.0.19041.6456_none_60b8a6cb71f64256\COMCTL32.dll
0x00007ffddf910000 - 0x00007ffddfa29000 	C:\WINDOWS\System32\gdi32full.dll
0x00007ffddfcc0000 - 0x00007ffddfd5d000 	C:\WINDOWS\System32\msvcp_win.dll
0x00007ffddfed0000 - 0x00007ffddff6e000 	C:\WINDOWS\System32\msvcrt.dll
0x00007ffde1d00000 - 0x00007ffde1d2f000 	C:\WINDOWS\System32\IMM32.DLL
0x00007ffdb4e20000 - 0x00007ffdb4e2c000 	C:\Program Files\Apache NetBeans\jdk\bin\vcruntime140_1.dll
0x00007ffdc2cd0000 - 0x00007ffdc2d5d000 	C:\Program Files\Apache NetBeans\jdk\bin\msvcp140.dll
0x00007ffd79d00000 - 0x00007ffd7ab7c000 	C:\Program Files\Apache NetBeans\jdk\bin\server\jvm.dll
0x00007ffde18d0000 - 0x00007ffde1981000 	C:\WINDOWS\System32\ADVAPI32.dll
0x00007ffde1990000 - 0x00007ffde1a2f000 	C:\WINDOWS\System32\sechost.dll
0x00007ffde1b10000 - 0x00007ffde1c30000 	C:\WINDOWS\System32\RPCRT4.dll
0x00007ffddf780000 - 0x00007ffddf7a7000 	C:\WINDOWS\System32\bcrypt.dll
0x00007ffde1c30000 - 0x00007ffde1c9b000 	C:\WINDOWS\System32\WS2_32.dll
0x00007ffdc6e20000 - 0x00007ffdc6e47000 	C:\WINDOWS\SYSTEM32\WINMM.dll
0x00007ffdd9570000 - 0x00007ffdd957a000 	C:\WINDOWS\SYSTEM32\VERSION.dll
0x00007ffddf310000 - 0x00007ffddf35b000 	C:\WINDOWS\SYSTEM32\POWRPROF.dll
0x00007ffddf2c0000 - 0x00007ffddf2d2000 	C:\WINDOWS\SYSTEM32\UMPDC.dll
0x00007ffdddc60000 - 0x00007ffdddc72000 	C:\WINDOWS\SYSTEM32\kernel.appcore.dll
0x00007ffdaaa70000 - 0x00007ffdaaa7a000 	C:\Program Files\Apache NetBeans\jdk\bin\jimage.dll
0x00007ffddd150000 - 0x00007ffddd351000 	C:\WINDOWS\SYSTEM32\DBGHELP.DLL
0x00007ffdd7b50000 - 0x00007ffdd7b84000 	C:\WINDOWS\SYSTEM32\dbgcore.DLL
0x00007ffddfa80000 - 0x00007ffddfb02000 	C:\WINDOWS\System32\bcryptPrimitives.dll
0x00007ffd90d10000 - 0x00007ffd90d2e000 	C:\Program Files\Apache NetBeans\jdk\bin\java.dll
0x00007ffddfd90000 - 0x00007ffddfebb000 	C:\WINDOWS\System32\ole32.dll
0x00007ffde0df0000 - 0x00007ffde1144000 	C:\WINDOWS\System32\combase.dll
0x00007ffde04c0000 - 0x00007ffde0c30000 	C:\WINDOWS\System32\SHELL32.dll
0x00007ffddd450000 - 0x00007ffdddbf5000 	C:\WINDOWS\SYSTEM32\windows.storage.dll
0x00007ffdded50000 - 0x00007ffdded7b000 	C:\WINDOWS\SYSTEM32\Wldp.dll
0x00007ffde13c0000 - 0x00007ffde148d000 	C:\WINDOWS\System32\OLEAUT32.dll
0x00007ffde1490000 - 0x00007ffde153d000 	C:\WINDOWS\System32\SHCORE.dll
0x00007ffde1220000 - 0x00007ffde127b000 	C:\WINDOWS\System32\shlwapi.dll
0x00007ffddf2e0000 - 0x00007ffddf304000 	C:\WINDOWS\SYSTEM32\profapi.dll
0x00007ffd90c10000 - 0x00007ffd90ce7000 	C:\Program Files\Apache NetBeans\jdk\bin\jsvml.dll
0x00007ffda9d70000 - 0x00007ffda9d80000 	C:\Program Files\Apache NetBeans\jdk\bin\net.dll
0x00007ffddeab0000 - 0x00007ffddeb1a000 	C:\WINDOWS\system32\mswsock.dll
0x00007ffd90bd0000 - 0x00007ffd90be6000 	C:\Program Files\Apache NetBeans\jdk\bin\nio.dll
0x00007ffd90bf0000 - 0x00007ffd90c07000 	C:\Program Files\Apache NetBeans\jdk\bin\zip.dll
0x00007ffd9b2c0000 - 0x00007ffd9b2e4000 	C:\Program Files\Apache NetBeans\java\maven\lib\jansi-native\Windows\x86_64\jansi.dll
0x00007ffda9c60000 - 0x00007ffda9c70000 	C:\Program Files\Apache NetBeans\jdk\bin\verify.dll
0x00007ffdde620000 - 0x00007ffdde653000 	C:\WINDOWS\SYSTEM32\ntmarta.dll

JVMTI agents: none

dbghelp: loaded successfully - version: 4.0.5 - missing functions: none
symbol engine: initialized successfully - sym options: 0x614 - pdb path: .;C:\Program Files\Apache NetBeans\jdk\bin;C:\WINDOWS\SYSTEM32;C:\Program Files\Avast Software\Avast;C:\WINDOWS\WinSxS\amd64_microsoft.windows.common-controls_6595b64144ccf1df_6.0.19041.6456_none_60b8a6cb71f64256;C:\Program Files\Apache NetBeans\jdk\bin\server;C:\Program Files\Apache NetBeans\java\maven\lib\jansi-native\Windows\x86_64

VM Arguments:
jvm_args: -Dclassworlds.conf=C:\Program Files\Apache NetBeans\java\maven\bin\m2.conf -Dmaven.home=C:\Program Files\Apache NetBeans\java\maven -Dlibrary.jansi.path=C:\Program Files\Apache NetBeans\java\maven\lib\jansi-native -Dmaven.multiModuleProjectDirectory=C:\Users\agent\Documents\NetBeansProjects\institution_gestion_notes 
java_command: org.codehaus.plexus.classworlds.launcher.Launcher -Dmaven.ext.class.path=C:\Program Files\Apache NetBeans\java\maven-nblib\netbeans-eventspy.jar --no-transfer-progress clean install
java_class_path (initial): C:\Program Files\Apache NetBeans\java\maven\boot\plexus-classworlds-2.8.0.jar
Launcher Type: SUN_STANDARD

[Global flags]
     intx CICompilerCount                          = 3                                         {product} {ergonomic}
     uint ConcGCThreads                            = 1                                         {product} {ergonomic}
     uint G1ConcRefinementThreads                  = 4                                         {product} {ergonomic}
   size_t G1HeapRegionSize                         = 1048576                                   {product} {ergonomic}
   size_t InitialHeapSize                          = 67108864                                  {product} {ergonomic}
   size_t MarkStackSize                            = 4194304                                   {product} {ergonomic}
   size_t MarkStackSizeMax                         = 536870912                                 {product} {ergonomic}
   size_t MaxHeapSize                              = 1050673152                                {product} {ergonomic}
   size_t MaxNewSize                               = 630194176                                 {product} {ergonomic}
   size_t MinHeapDeltaBytes                        = 1048576                                   {product} {ergonomic}
   size_t MinHeapSize                              = 8388608                                   {product} {ergonomic}
    uintx NonNMethodCodeHeapSize                   = 5832704                                {pd product} {ergonomic}
    uintx NonProfiledCodeHeapSize                  = 122945536                              {pd product} {ergonomic}
    uintx ProfiledCodeHeapSize                     = 122880000                              {pd product} {ergonomic}
    uintx ReservedCodeCacheSize                    = 251658240                              {pd product} {ergonomic}
     bool SegmentedCodeCache                       = true                                      {product} {ergonomic}
   size_t SoftMaxHeapSize                          = 1050673152                             {manageable} {ergonomic}
     bool UseCompressedOops                        = true                           {product lp64_product} {ergonomic}
     bool UseG1GC                                  = true                                      {product} {ergonomic}
     bool UseLargePagesIndividualAllocation        = false                                  {pd product} {ergonomic}

Logging:
Log output configuration:
 #0: stdout all=warning uptime,level,tags foldmultilines=false
 #1: stderr all=off uptime,level,tags foldmultilines=false

Environment Variables:
JAVA_HOME=C:\Program Files\Apache NetBeans\jdk
PATH=C:\oracle\product\10.2.0\db_1\bin;C:\Program Files\Common Files\Oracle\Java\javapath;C:\Program Files (x86)\Common Files\Oracle\Java\javapath;C:\WINDOWS\system32;C:\WINDOWS;C:\WINDOWS\System32\Wbem;C:\WINDOWS\System32\WindowsPowerShell\v1.0\;C:\WINDOWS\System32\OpenSSH\;C:\Program Files (x86)\Intel\Intel(R) Management Engine Components\DAL;C:\Program Files\Intel\Intel(R) Management Engine Components\DAL;C:\Program Files (x86)\Intel\Intel(R) Management Engine Components\IPT;C:\Program Files\Intel\Intel(R) Management Engine Components\IPT;C:\Users\agent\AppData\Local\Microsoft\WindowsApps;
USERNAME=agent
OS=Windows_NT
PROCESSOR_IDENTIFIER=Intel64 Family 6 Model 142 Stepping 10, GenuineIntel
TMP=C:\Users\agent\AppData\Local\Temp
TEMP=C:\Users\agent\AppData\Local\Temp




Periodic native trim disabled

---------------  S Y S T E M  ---------------

OS:
 Windows 10 , 64 bit Build 19041 (10.0.19041.5915)
OS uptime: 0 days 3:16 hours

CPU: total 4 (initial active 4) (2 cores per cpu, 2 threads per core) family 6 model 142 stepping 10 microcode 0xe0, cx8, cmov, fxsr, ht, mmx, 3dnowpref, sse, sse2, sse3, ssse3, sse4.1, sse4.2, popcnt, lzcnt, tsc, tscinvbit, avx, avx2, aes, erms, clmul, bmi1, bmi2, adx, fma, vzeroupper, clflush, clflushopt, rdtscp, f16c
Processor Information for the first 4 processors :
  Max Mhz: 2201, Current Mhz: 2200, Mhz Limit: 2178

Memory: 4k page, system-wide physical 4007M (225M free)
TotalPageFile size 16295M (AvailPageFile size 19M)
current process WorkingSet (physical memory assigned to process): 214M, peak: 216M
current process commit charge ("private bytes"): 268M, peak: 285M

vm_info: OpenJDK 64-Bit Server VM (24.0.1+9) for windows-amd64 JRE (24.0.1+9) (Zulu24.30+11-CA), built on 2025-03-21T13:52:34Z with MS VC++ 17.1 (VS2022)

END.
