#
# There is insufficient memory for the Java Runtime Environment to continue.
# Native memory allocation (malloc) failed to allocate 859664 bytes. Error detail: Chunk::new
# Possible reasons:
#   The system is out of physical RAM or swap space
#   This process is running with CompressedOops enabled, and the Java Heap may be blocking the growth of the native heap
# Possible solutions:
#   Reduce memory load on the system
#   Increase physical memory or swap space
#   Check if swap backing store is full
#   Decrease Java heap size (-Xmx/-Xms)
#   Decrease number of Java threads
#   Decrease Java thread stack sizes (-Xss)
#   Set larger code cache with -XX:ReservedCodeCacheSize=
#   JVM is running with Unscaled Compressed Oops mode in which the Java heap is
#     placed in the first 4GB address space. The Java Heap base address is the
#     maximum limit for the native heap growth. Please use -XX:HeapBaseMinAddress
#     to set the Java Heap base and to place the Java Heap above 4GB virtual address.
# This output file may be truncated or incomplete.
#
#  Out of Memory Error (arena.cpp:162), pid=2844, tid=16712
#
# JRE version: OpenJDK Runtime Environment Zulu24.30+11-CA (24.0.1+9) (build 24.0.1+9)
# Java VM: OpenJDK 64-Bit Server VM Zulu24.30+11-CA (24.0.1+9, mixed mode, sharing, tiered, compressed oops, compressed class ptrs, g1 gc, windows-amd64)
# No core dump will be written. Minidumps are not enabled by default on client versions of Windows
#

---------------  S U M M A R Y ------------

Command Line: -Dclassworlds.conf=C:\Program Files\Apache NetBeans\java\maven\bin\m2.conf -Dmaven.home=C:\Program Files\Apache NetBeans\java\maven -Dlibrary.jansi.path=C:\Program Files\Apache NetBeans\java\maven\lib\jansi-native -Dmaven.multiModuleProjectDirectory=C:\Users\agent\Documents\NetBeansProjects\institution_gestion_notes org.codehaus.plexus.classworlds.launcher.Launcher -Drun.jvmArguments=-noverify -XX:TieredStopAtLevel=1 -Drun.mainClass=institution_gestion_notes.Institution_gestion_notesApplication -Dexec.vmArgs= -Dexec.appArgs= -Dmaven.ext.class.path=C:\Program Files\Apache NetBeans\java\maven-nblib\netbeans-eventspy.jar --no-transfer-progress spring-boot:run

Host: Intel(R) Core(TM) i3-8130U CPU @ 2.20GHz, 4 cores, 3G,  Windows 10 , 64 bit Build 19041 (10.0.19041.5915)
Time: Mon Mar  2 19:01:37 2026 Eastern Standard Time elapsed time: 5.150204 seconds (0d 0h 0m 5s)

---------------  T H R E A D  ---------------

Current thread (0x000001b447d483f0):  JavaThread "C2 CompilerThread0" daemon [_thread_in_native, id=16712, stack(0x0000000ac0e00000,0x0000000ac0f00000) (1024K)]


Current CompileTask:
C2:5150 2869   !   4       java.net.URL::<init> (523 bytes)

Stack: [0x0000000ac0e00000,0x0000000ac0f00000]
Native frames: (J=compiled Java code, j=interpreted, Vv=VM code, C=native code)
V  [jvm.dll+0x7410c9]  (no source info available)
V  [jvm.dll+0x97def3]  (no source info available)
V  [jvm.dll+0x98021d]  (no source info available)
V  [jvm.dll+0x980893]  (no source info available)
V  [jvm.dll+0x2b5b16]  (no source info available)
V  [jvm.dll+0xd019f]  (no source info available)
V  [jvm.dll+0xd03ff]  (no source info available)
V  [jvm.dll+0x40121c]  (no source info available)
V  [jvm.dll+0x3ccf50]  (no source info available)
V  [jvm.dll+0x3cc3da]  (no source info available)
V  [jvm.dll+0x27a39f]  (no source info available)
V  [jvm.dll+0x279641]  (no source info available)
V  [jvm.dll+0x1f313a]  (no source info available)
V  [jvm.dll+0x288e35]  (no source info available)
V  [jvm.dll+0x2870ca]  (no source info available)
V  [jvm.dll+0x43df56]  (no source info available)
V  [jvm.dll+0x920928]  (no source info available)
V  [jvm.dll+0x73f855]  (no source info available)
C  [ucrtbase.dll+0x21bb2]  (no source info available)
C  [KERNEL32.DLL+0x17374]  (no source info available)
C  [ntdll.dll+0x4cc91]  (no source info available)

Lock stack of current Java thread (top to bottom):


---------------  P R O C E S S  ---------------

Threads class SMR info:
_java_thread_list=0x000001b48d988810, length=11, elements={
0x000001b42a76ecc0, 0x000001b447d3e1c0, 0x000001b447d3f1b0, 0x000001b447d40fc0,
0x000001b447d43e50, 0x000001b447d46990, 0x000001b447d474c0, 0x000001b447d483f0,
0x000001b447d4af80, 0x000001b447de1d00, 0x000001b447dffe20
}

Java Threads: ( => current thread )
  0x000001b42a76ecc0 JavaThread "main"                              [_thread_in_native, id=20832, stack(0x0000000ac0000000,0x0000000ac0100000) (1024K)]
  0x000001b447d3e1c0 JavaThread "Reference Handler"          daemon [_thread_blocked, id=3912, stack(0x0000000ac0800000,0x0000000ac0900000) (1024K)]
  0x000001b447d3f1b0 JavaThread "Finalizer"                  daemon [_thread_blocked, id=13720, stack(0x0000000ac0900000,0x0000000ac0a00000) (1024K)]
  0x000001b447d40fc0 JavaThread "Signal Dispatcher"          daemon [_thread_blocked, id=19828, stack(0x0000000ac0a00000,0x0000000ac0b00000) (1024K)]
  0x000001b447d43e50 JavaThread "Attach Listener"            daemon [_thread_blocked, id=20392, stack(0x0000000ac0b00000,0x0000000ac0c00000) (1024K)]
  0x000001b447d46990 JavaThread "Service Thread"             daemon [_thread_blocked, id=20192, stack(0x0000000ac0c00000,0x0000000ac0d00000) (1024K)]
  0x000001b447d474c0 JavaThread "Monitor Deflation Thread"   daemon [_thread_blocked, id=10412, stack(0x0000000ac0d00000,0x0000000ac0e00000) (1024K)]
=>0x000001b447d483f0 JavaThread "C2 CompilerThread0"         daemon [_thread_in_native, id=16712, stack(0x0000000ac0e00000,0x0000000ac0f00000) (1024K)]
  0x000001b447d4af80 JavaThread "C1 CompilerThread0"         daemon [_thread_in_vm, id=22356, stack(0x0000000ac0f00000,0x0000000ac1000000) (1024K)]
  0x000001b447de1d00 JavaThread "Notification Thread"        daemon [_thread_blocked, id=16988, stack(0x0000000ac1000000,0x0000000ac1100000) (1024K)]
  0x000001b447dffe20 JavaThread "Common-Cleaner"             daemon [_thread_blocked, id=1300, stack(0x0000000ac1100000,0x0000000ac1200000) (1024K)]
Total: 11

Other Threads:
  0x000001b447d2ff30 VMThread "VM Thread"                           [id=18592, stack(0x0000000ac0700000,0x0000000ac0800000) (1024K)]
  0x000001b42cad8c20 WatcherThread "VM Periodic Task Thread"        [id=9060, stack(0x0000000ac0600000,0x0000000ac0700000) (1024K)]
  0x000001b42ca50a20 WorkerThread "GC Thread#0"                     [id=8608, stack(0x0000000ac0100000,0x0000000ac0200000) (1024K)]
  0x000001b48dca37e0 WorkerThread "GC Thread#1"                     [id=14476, stack(0x0000000ac1200000,0x0000000ac1300000) (1024K)]
  0x000001b48dc93bb0 WorkerThread "GC Thread#2"                     [id=17640, stack(0x0000000ac1300000,0x0000000ac1400000) (1024K)]
  0x000001b48dc93f60 WorkerThread "GC Thread#3"                     [id=7944, stack(0x0000000ac1400000,0x0000000ac1500000) (1024K)]
  0x000001b42ca5cd70 ConcurrentGCThread "G1 Main Marker"            [id=17320, stack(0x0000000ac0200000,0x0000000ac0300000) (1024K)]
  0x000001b42ca5e020 WorkerThread "G1 Conc#0"                       [id=20344, stack(0x0000000ac0300000,0x0000000ac0400000) (1024K)]
  0x000001b42cabad00 ConcurrentGCThread "G1 Refine#0"               [id=19200, stack(0x0000000ac0400000,0x0000000ac0500000) (1024K)]
  0x000001b42cabc7a0 ConcurrentGCThread "G1 Service"                [id=10320, stack(0x0000000ac0500000,0x0000000ac0600000) (1024K)]
Total: 10

Threads with active compile tasks:
C2 CompilerThread0  5319 2869   !   4       java.net.URL::<init> (523 bytes)
Total: 1

VM state: not at safepoint (normal execution)

VM Mutex/Monitor currently owned by a thread: None

Heap address: 0x00000000c1600000, size: 1002 MB, Compressed Oops mode: 32-bit

CDS archive(s) mapped at: [0x000001b448000000-0x000001b448d40000-0x000001b448d40000), size 13893632, SharedBaseAddress: 0x000001b448000000, ArchiveRelocationMode: 1.
Compressed class space mapped at: 0x000001b449000000-0x000001b489000000, reserved size: 1073741824
UseCompressedClassPointers 1, UseCompactObjectHeaders 0
Narrow klass pointer bits 32, Max shift 3
Narrow klass base: 0x000001b448000000, Narrow klass shift: 0
Encoding Range: [0x000001b448000000 - 0x000001b548000000), (4294967296 bytes)
Klass Range:    [0x000001b448000000 - 0x000001b489000000), (1090519040 bytes)
Klass ID Range:  [8 - 1090519033) (1090519025)

GC Precious Log:
 CardTable entry size: 512
 Card Set container configuration: InlinePtr #cards 5 size 8 Array Of Cards #cards 10 size 36 Howl #buckets 4 coarsen threshold 1843 Howl Bitmap #cards 512 size 80 coarsen threshold 460 Card regions per heap region 1 cards per card region 2048
 CPUs: 4 total, 4 available
 Memory: 4007M
 Large Page Support: Disabled
 NUMA Support: Disabled
 Compressed Oops: Enabled (32-bit)
 Heap Region Size: 1M
 Heap Min Capacity: 8M
 Heap Initial Capacity: 64M
 Heap Max Capacity: 1002M
 Pre-touch: Disabled
 Parallel Workers: 4
 Concurrent Workers: 1
 Concurrent Refinement Workers: 4
 Periodic GC: Disabled

Heap:
 garbage-first heap   total reserved 1026048K, committed 67584K, used 24822K [0x00000000c1600000, 0x0000000100000000)
  region size 1024K, 22 young (22528K), 3 survivors (3072K)
 Metaspace       used 14731K, committed 15040K, reserved 1114112K
  class space    used 1459K, committed 1600K, reserved 1048576K

Heap Regions: E=young(eden), S=young(survivor), O=old, HS=humongous(starts), HC=humongous(continues), CS=collection set, F=free, TAMS=top-at-mark-start, PB=parsable bottom
|   0|0x00000000c1600000, 0x00000000c1700000, 0x00000000c1700000|100%| O|  |TAMS 0x00000000c1600000| PB 0x00000000c1600000| Untracked |  0
|   1|0x00000000c1700000, 0x00000000c1800000, 0x00000000c1800000|100%| O|  |TAMS 0x00000000c1700000| PB 0x00000000c1700000| Untracked |  0
|   2|0x00000000c1800000, 0x00000000c18e1c00, 0x00000000c1900000| 88%| O|  |TAMS 0x00000000c1800000| PB 0x00000000c1800000| Untracked |  0
|   3|0x00000000c1900000, 0x00000000c1900000, 0x00000000c1a00000|  0%| F|  |TAMS 0x00000000c1900000| PB 0x00000000c1900000| Untracked |  0
|   4|0x00000000c1a00000, 0x00000000c1a00000, 0x00000000c1b00000|  0%| F|  |TAMS 0x00000000c1a00000| PB 0x00000000c1a00000| Untracked |  0
|   5|0x00000000c1b00000, 0x00000000c1b00000, 0x00000000c1c00000|  0%| F|  |TAMS 0x00000000c1b00000| PB 0x00000000c1b00000| Untracked |  0
|   6|0x00000000c1c00000, 0x00000000c1c00000, 0x00000000c1d00000|  0%| F|  |TAMS 0x00000000c1c00000| PB 0x00000000c1c00000| Untracked |  0
|   7|0x00000000c1d00000, 0x00000000c1d00000, 0x00000000c1e00000|  0%| F|  |TAMS 0x00000000c1d00000| PB 0x00000000c1d00000| Untracked |  0
|   8|0x00000000c1e00000, 0x00000000c1e00000, 0x00000000c1f00000|  0%| F|  |TAMS 0x00000000c1e00000| PB 0x00000000c1e00000| Untracked |  0
|   9|0x00000000c1f00000, 0x00000000c1f00000, 0x00000000c2000000|  0%| F|  |TAMS 0x00000000c1f00000| PB 0x00000000c1f00000| Untracked |  0
|  10|0x00000000c2000000, 0x00000000c2000000, 0x00000000c2100000|  0%| F|  |TAMS 0x00000000c2000000| PB 0x00000000c2000000| Untracked |  0
|  11|0x00000000c2100000, 0x00000000c2100000, 0x00000000c2200000|  0%| F|  |TAMS 0x00000000c2100000| PB 0x00000000c2100000| Untracked |  0
|  12|0x00000000c2200000, 0x00000000c2200000, 0x00000000c2300000|  0%| F|  |TAMS 0x00000000c2200000| PB 0x00000000c2200000| Untracked |  0
|  13|0x00000000c2300000, 0x00000000c2300000, 0x00000000c2400000|  0%| F|  |TAMS 0x00000000c2300000| PB 0x00000000c2300000| Untracked |  0
|  14|0x00000000c2400000, 0x00000000c2400000, 0x00000000c2500000|  0%| F|  |TAMS 0x00000000c2400000| PB 0x00000000c2400000| Untracked |  0
|  15|0x00000000c2500000, 0x00000000c2500000, 0x00000000c2600000|  0%| F|  |TAMS 0x00000000c2500000| PB 0x00000000c2500000| Untracked |  0
|  16|0x00000000c2600000, 0x00000000c2600000, 0x00000000c2700000|  0%| F|  |TAMS 0x00000000c2600000| PB 0x00000000c2600000| Untracked |  0
|  17|0x00000000c2700000, 0x00000000c2700000, 0x00000000c2800000|  0%| F|  |TAMS 0x00000000c2700000| PB 0x00000000c2700000| Untracked |  0
|  18|0x00000000c2800000, 0x00000000c2800000, 0x00000000c2900000|  0%| F|  |TAMS 0x00000000c2800000| PB 0x00000000c2800000| Untracked |  0
|  19|0x00000000c2900000, 0x00000000c2900000, 0x00000000c2a00000|  0%| F|  |TAMS 0x00000000c2900000| PB 0x00000000c2900000| Untracked |  0
|  20|0x00000000c2a00000, 0x00000000c2a00000, 0x00000000c2b00000|  0%| F|  |TAMS 0x00000000c2a00000| PB 0x00000000c2a00000| Untracked |  0
|  21|0x00000000c2b00000, 0x00000000c2b00000, 0x00000000c2c00000|  0%| F|  |TAMS 0x00000000c2b00000| PB 0x00000000c2b00000| Untracked |  0
|  22|0x00000000c2c00000, 0x00000000c2c00000, 0x00000000c2d00000|  0%| F|  |TAMS 0x00000000c2c00000| PB 0x00000000c2c00000| Untracked |  0
|  23|0x00000000c2d00000, 0x00000000c2d00000, 0x00000000c2e00000|  0%| F|  |TAMS 0x00000000c2d00000| PB 0x00000000c2d00000| Untracked |  0
|  24|0x00000000c2e00000, 0x00000000c2e00000, 0x00000000c2f00000|  0%| F|  |TAMS 0x00000000c2e00000| PB 0x00000000c2e00000| Untracked |  0
|  25|0x00000000c2f00000, 0x00000000c2f00000, 0x00000000c3000000|  0%| F|  |TAMS 0x00000000c2f00000| PB 0x00000000c2f00000| Untracked |  0
|  26|0x00000000c3000000, 0x00000000c3000000, 0x00000000c3100000|  0%| F|  |TAMS 0x00000000c3000000| PB 0x00000000c3000000| Untracked |  0
|  27|0x00000000c3100000, 0x00000000c3100000, 0x00000000c3200000|  0%| F|  |TAMS 0x00000000c3100000| PB 0x00000000c3100000| Untracked |  0
|  28|0x00000000c3200000, 0x00000000c3200000, 0x00000000c3300000|  0%| F|  |TAMS 0x00000000c3200000| PB 0x00000000c3200000| Untracked |  0
|  29|0x00000000c3300000, 0x00000000c3300000, 0x00000000c3400000|  0%| F|  |TAMS 0x00000000c3300000| PB 0x00000000c3300000| Untracked |  0
|  30|0x00000000c3400000, 0x00000000c343fb90, 0x00000000c3500000| 24%| S|CS|TAMS 0x00000000c3400000| PB 0x00000000c3400000| Complete |  0
|  31|0x00000000c3500000, 0x00000000c3600000, 0x00000000c3600000|100%| S|CS|TAMS 0x00000000c3500000| PB 0x00000000c3500000| Complete |  0
|  32|0x00000000c3600000, 0x00000000c3600000, 0x00000000c3700000|  0%| F|  |TAMS 0x00000000c3600000| PB 0x00000000c3600000| Untracked |  0
|  33|0x00000000c3700000, 0x00000000c3700000, 0x00000000c3800000|  0%| F|  |TAMS 0x00000000c3700000| PB 0x00000000c3700000| Untracked |  0
|  34|0x00000000c3800000, 0x00000000c3800000, 0x00000000c3900000|  0%| F|  |TAMS 0x00000000c3800000| PB 0x00000000c3800000| Untracked |  0
|  35|0x00000000c3900000, 0x00000000c3900000, 0x00000000c3a00000|  0%| F|  |TAMS 0x00000000c3900000| PB 0x00000000c3900000| Untracked |  0
|  36|0x00000000c3a00000, 0x00000000c3b00000, 0x00000000c3b00000|100%| S|CS|TAMS 0x00000000c3a00000| PB 0x00000000c3a00000| Complete |  0
|  37|0x00000000c3b00000, 0x00000000c3b00000, 0x00000000c3c00000|  0%| F|  |TAMS 0x00000000c3b00000| PB 0x00000000c3b00000| Untracked |  0
|  38|0x00000000c3c00000, 0x00000000c3c00000, 0x00000000c3d00000|  0%| F|  |TAMS 0x00000000c3c00000| PB 0x00000000c3c00000| Untracked |  0
|  39|0x00000000c3d00000, 0x00000000c3d00000, 0x00000000c3e00000|  0%| F|  |TAMS 0x00000000c3d00000| PB 0x00000000c3d00000| Untracked |  0
|  40|0x00000000c3e00000, 0x00000000c3e00000, 0x00000000c3f00000|  0%| F|  |TAMS 0x00000000c3e00000| PB 0x00000000c3e00000| Untracked |  0
|  41|0x00000000c3f00000, 0x00000000c3f00000, 0x00000000c4000000|  0%| F|  |TAMS 0x00000000c3f00000| PB 0x00000000c3f00000| Untracked |  0
|  42|0x00000000c4000000, 0x00000000c4000000, 0x00000000c4100000|  0%| F|  |TAMS 0x00000000c4000000| PB 0x00000000c4000000| Untracked |  0
|  43|0x00000000c4100000, 0x00000000c4100000, 0x00000000c4200000|  0%| F|  |TAMS 0x00000000c4100000| PB 0x00000000c4100000| Untracked |  0
|  44|0x00000000c4200000, 0x00000000c4200000, 0x00000000c4300000|  0%| F|  |TAMS 0x00000000c4200000| PB 0x00000000c4200000| Untracked |  0
|  45|0x00000000c4300000, 0x00000000c4400000, 0x00000000c4400000|100%| E|  |TAMS 0x00000000c4300000| PB 0x00000000c4300000| Complete |  0
|  46|0x00000000c4400000, 0x00000000c4500000, 0x00000000c4500000|100%| E|CS|TAMS 0x00000000c4400000| PB 0x00000000c4400000| Complete |  0
|  47|0x00000000c4500000, 0x00000000c4600000, 0x00000000c4600000|100%| E|CS|TAMS 0x00000000c4500000| PB 0x00000000c4500000| Complete |  0
|  48|0x00000000c4600000, 0x00000000c4700000, 0x00000000c4700000|100%| E|CS|TAMS 0x00000000c4600000| PB 0x00000000c4600000| Complete |  0
|  49|0x00000000c4700000, 0x00000000c4800000, 0x00000000c4800000|100%| E|CS|TAMS 0x00000000c4700000| PB 0x00000000c4700000| Complete |  0
|  50|0x00000000c4800000, 0x00000000c4900000, 0x00000000c4900000|100%| E|CS|TAMS 0x00000000c4800000| PB 0x00000000c4800000| Complete |  0
|  51|0x00000000c4900000, 0x00000000c4a00000, 0x00000000c4a00000|100%| E|CS|TAMS 0x00000000c4900000| PB 0x00000000c4900000| Complete |  0
|  52|0x00000000c4a00000, 0x00000000c4b00000, 0x00000000c4b00000|100%| E|CS|TAMS 0x00000000c4a00000| PB 0x00000000c4a00000| Complete |  0
|  53|0x00000000c4b00000, 0x00000000c4c00000, 0x00000000c4c00000|100%| E|CS|TAMS 0x00000000c4b00000| PB 0x00000000c4b00000| Complete |  0
|  54|0x00000000c4c00000, 0x00000000c4d00000, 0x00000000c4d00000|100%| E|CS|TAMS 0x00000000c4c00000| PB 0x00000000c4c00000| Complete |  0
|  55|0x00000000c4d00000, 0x00000000c4e00000, 0x00000000c4e00000|100%| E|CS|TAMS 0x00000000c4d00000| PB 0x00000000c4d00000| Complete |  0
|  56|0x00000000c4e00000, 0x00000000c4f00000, 0x00000000c4f00000|100%| E|CS|TAMS 0x00000000c4e00000| PB 0x00000000c4e00000| Complete |  0
|  57|0x00000000c4f00000, 0x00000000c5000000, 0x00000000c5000000|100%| E|CS|TAMS 0x00000000c4f00000| PB 0x00000000c4f00000| Complete |  0
|  58|0x00000000c5000000, 0x00000000c5100000, 0x00000000c5100000|100%| E|CS|TAMS 0x00000000c5000000| PB 0x00000000c5000000| Complete |  0
|  59|0x00000000c5100000, 0x00000000c5200000, 0x00000000c5200000|100%| E|CS|TAMS 0x00000000c5100000| PB 0x00000000c5100000| Complete |  0
|  60|0x00000000c5200000, 0x00000000c5300000, 0x00000000c5300000|100%| E|CS|TAMS 0x00000000c5200000| PB 0x00000000c5200000| Complete |  0
|  61|0x00000000c5300000, 0x00000000c5400000, 0x00000000c5400000|100%| E|CS|TAMS 0x00000000c5300000| PB 0x00000000c5300000| Complete |  0
|  62|0x00000000c5400000, 0x00000000c5500000, 0x00000000c5500000|100%| E|CS|TAMS 0x00000000c5400000| PB 0x00000000c5400000| Complete |  0
|  63|0x00000000c5500000, 0x00000000c5600000, 0x00000000c5600000|100%| E|CS|TAMS 0x00000000c5500000| PB 0x00000000c5500000| Complete |  0
|1000|0x00000000ffe00000, 0x00000000fff00000, 0x00000000fff00000|100%| O|  |TAMS 0x00000000ffe00000| PB 0x00000000ffe00000| Untracked |  0
|1001|0x00000000fff00000, 0x00000000fff1c2f8, 0x0000000100000000| 11%| O|  |TAMS 0x00000000fff00000| PB 0x00000000fff00000| Untracked |  0

Card table byte_map: [0x000001b444720000,0x000001b444920000] _byte_map_base: 0x000001b444115000

Marking Bits: (CMBitMap*) 0x000001b42ca52550
 Bits: [0x000001b444920000, 0x000001b4458c8000)

Polling page: 0x000001b42a880000

Metaspace:

Usage:
  Non-class:     12.98 MB used.
      Class:      1.43 MB used.
       Both:     14.40 MB used.

Virtual space:
  Non-class space:       64.00 MB reserved,      13.12 MB ( 21%) committed,  1 nodes.
      Class space:        1.00 GB reserved,       1.56 MB ( <1%) committed,  1 nodes.
             Both:        1.06 GB reserved,      14.69 MB (  1%) committed. 

Chunk freelists:
   Non-Class:  2.45 MB
       Class:  14.42 MB
        Both:  16.88 MB

MaxMetaspaceSize: unlimited
CompressedClassSpaceSize: 1.00 GB
Initial GC threshold: 21.00 MB
Current GC threshold: 21.00 MB
CDS: on
 - commit_granule_bytes: 65536.
 - commit_granule_words: 8192.
 - virtual_space_node_default_size: 8388608.
 - enlarge_chunks_in_place: 1.
UseCompressedClassPointers 1, UseCompactObjectHeaders 0
Narrow klass pointer bits 32, Max shift 3
Narrow klass base: 0x000001b448000000, Narrow klass shift: 0
Encoding Range: [0x000001b448000000 - 0x000001b548000000), (4294967296 bytes)
Klass Range:    [0x000001b448000000 - 0x000001b489000000), (1090519040 bytes)
Klass ID Range:  [8 - 1090519033) (1090519025)


Internal statistics:

num_allocs_failed_limit: 0.
num_arena_births: 158.
num_arena_deaths: 0.
num_vsnodes_births: 2.
num_vsnodes_deaths: 0.
num_space_committed: 235.
num_space_uncommitted: 0.
num_chunks_returned_to_freelist: 0.
num_chunks_taken_from_freelist: 649.
num_chunk_merges: 0.
num_chunk_splits: 449.
num_chunks_enlarged: 362.
num_inconsistent_stats: 0.

CodeHeap 'non-profiled nmethods': size=120064Kb used=878Kb max_used=878Kb free=119185Kb
 bounds [0x000001b43cfe0000, 0x000001b43d250000, 0x000001b444520000]
CodeHeap 'profiled nmethods': size=120000Kb used=5064Kb max_used=5064Kb free=114935Kb
 bounds [0x000001b435520000, 0x000001b435a20000, 0x000001b43ca50000]
CodeHeap 'non-nmethods': size=5696Kb used=1334Kb max_used=1345Kb free=4362Kb
 bounds [0x000001b43ca50000, 0x000001b43ccc0000, 0x000001b43cfe0000]
CodeCache: size=245760Kb, used=7276Kb, max_used=7287Kb, free=238482Kb
 total_blobs=3525, nmethods=3027, adapters=402, full_count=0
Compilation: enabled, stopped_count=0, restarted_count=0

Compilation events (20 events):
Event: 5.094 Thread 0x000001b447d4af80 2902       3       java.lang.String::codePointAt (50 bytes)
Event: 5.095 Thread 0x000001b447d4af80 nmethod 2902 0x000001b4359de088 code [0x000001b4359de1e0, 0x000001b4359de6a8]
Event: 5.096 Thread 0x000001b447d4af80 2903       1       org.apache.commons.cli.Option::getOpt (5 bytes)
Event: 5.096 Thread 0x000001b447d4af80 nmethod 2903 0x000001b43d0b6408 code [0x000001b43d0b6500, 0x000001b43d0b65c8]
Event: 5.100 Thread 0x000001b447d4af80 2904       3       java.util.concurrent.ConcurrentHashMap$EntryIterator::next (5 bytes)
Event: 5.100 Thread 0x000001b447d4af80 nmethod 2904 0x000001b4359de708 code [0x000001b4359de820, 0x000001b4359de9d8]
Event: 5.100 Thread 0x000001b447d4af80 2905       3       java.util.concurrent.ConcurrentHashMap$EntryIterator::next (51 bytes)
Event: 5.100 Thread 0x000001b447d4af80 nmethod 2905 0x000001b4359dea08 code [0x000001b4359deb60, 0x000001b4359df0f0]
Event: 5.100 Thread 0x000001b447d4af80 2906       3       java.util.concurrent.ConcurrentHashMap$MapEntry::<init> (20 bytes)
Event: 5.100 Thread 0x000001b447d4af80 nmethod 2906 0x000001b4359df188 code [0x000001b4359df2a0, 0x000001b4359df518]
Event: 5.101 Thread 0x000001b447d4af80 2907       3       java.lang.AbstractStringBuilder::<init> (63 bytes)
Event: 5.101 Thread 0x000001b447d4af80 nmethod 2907 0x000001b4359df588 code [0x000001b4359df700, 0x000001b4359dfed0]
Event: 5.103 Thread 0x000001b447d4af80 2908       2       java.lang.String::<init> (98 bytes)
Event: 5.104 Thread 0x000001b447d4af80 nmethod 2908 0x000001b4359dff08 code [0x000001b4359e0060, 0x000001b4359e03e8]
Event: 5.132 Thread 0x000001b447d4af80 2910       3       java.lang.invoke.MethodHandleNatives::isCallerSensitive (29 bytes)
Event: 5.132 Thread 0x000001b447d4af80 nmethod 2910 0x000001b4359e0488 code [0x000001b4359e05e0, 0x000001b4359e0af0]
Event: 5.132 Thread 0x000001b447d4af80 2912       3       java.lang.Module::implIsExportedOrOpen (92 bytes)
Event: 5.133 Thread 0x000001b447d4af80 nmethod 2912 0x000001b4359e0b88 code [0x000001b4359e0d20, 0x000001b4359e1458]
Event: 5.133 Thread 0x000001b447d4af80 2911       3       java.lang.invoke.MethodHandleNatives::canBeCalledVirtual (49 bytes)
Event: 5.133 Thread 0x000001b447d4af80 nmethod 2911 0x000001b4359e1508 code [0x000001b4359e1680, 0x000001b4359e1c78]

GC Heap History (4 events):
Event: 2.346 GC heap before
{Heap before GC invocations=0 (full 0):
 garbage-first heap   total reserved 1026048K, committed 67584K, used 29808K [0x00000000c1600000, 0x0000000100000000)
  region size 1024K, 28 young (28672K), 0 survivors (0K)
 Metaspace       used 6451K, committed 6720K, reserved 1114112K
  class space    used 570K, committed 704K, reserved 1048576K
}
Event: 2.357 GC heap after
{Heap after GC invocations=1 (full 0):
 garbage-first heap   total reserved 1026048K, committed 67584K, used 4592K [0x00000000c1600000, 0x0000000100000000)
  region size 1024K, 4 young (4096K), 4 survivors (4096K)
 Metaspace       used 6451K, committed 6720K, reserved 1114112K
  class space    used 570K, committed 704K, reserved 1048576K
}
Event: 4.482 GC heap before
{Heap before GC invocations=1 (full 0):
 garbage-first heap   total reserved 1026048K, committed 67584K, used 32240K [0x00000000c1600000, 0x0000000100000000)
  region size 1024K, 31 young (31744K), 4 survivors (4096K)
 Metaspace       used 11384K, committed 11584K, reserved 1114112K
  class space    used 1061K, committed 1152K, reserved 1048576K
}
Event: 4.493 GC heap after
{Heap after GC invocations=2 (full 0):
 garbage-first heap   total reserved 1026048K, committed 67584K, used 6390K [0x00000000c1600000, 0x0000000100000000)
  region size 1024K, 3 young (3072K), 3 survivors (3072K)
 Metaspace       used 11384K, committed 11584K, reserved 1114112K
  class space    used 1061K, committed 1152K, reserved 1048576K
}

Dll operation events (8 events):
Event: 0.023 Loaded shared library C:\Program Files\Apache NetBeans\jdk\bin\java.dll
Event: 0.085 Loaded shared library C:\Program Files\Apache NetBeans\jdk\bin\jsvml.dll
Event: 0.105 Loaded shared library C:\Program Files\Apache NetBeans\jdk\bin\net.dll
Event: 0.111 Loaded shared library C:\Program Files\Apache NetBeans\jdk\bin\nio.dll
Event: 0.120 Loaded shared library C:\Program Files\Apache NetBeans\jdk\bin\zip.dll
Event: 0.915 Loaded shared library C:\Program Files\Apache NetBeans\jdk\bin\jimage.dll
Event: 0.942 Loaded shared library C:\Program Files\Apache NetBeans\java\maven\lib\jansi-native\Windows\x86_64\jansi.dll
Event: 0.964 Loaded shared library C:\Program Files\Apache NetBeans\jdk\bin\verify.dll

Deoptimization events (20 events):
Event: 4.866 Thread 0x000001b42a76ecc0 Uncommon trap: trap_request=0xffffffd6 fr.pc=0x000001b43d0abec0 relative=0x0000000000000900
Event: 4.866 Thread 0x000001b42a76ecc0 Uncommon trap: reason=array_check action=maybe_recompile pc=0x000001b43d0abec0 method=com.google.inject.internal.MoreTypes$ParameterizedTypeImpl.<init>(Ljava/lang/reflect/Type;Ljava/lang/reflect/Type;[Ljava/lang/reflect/Type;)V @ 200 c2
Event: 4.866 Thread 0x000001b42a76ecc0 DEOPT PACKING pc=0x000001b43d0abec0 sp=0x0000000ac00f80a0
Event: 4.866 Thread 0x000001b42a76ecc0 DEOPT UNPACKING pc=0x000001b43cb5ba02 sp=0x0000000ac00f7fb8 mode 2
Event: 4.937 Thread 0x000001b42a76ecc0 Uncommon trap: trap_request=0xffffff4d fr.pc=0x000001b43d048290 relative=0x0000000000000270
Event: 4.937 Thread 0x000001b42a76ecc0 Uncommon trap: reason=unstable_if action=reinterpret pc=0x000001b43d048290 method=java.lang.String.<init>([CIILjava/lang/Void;)V @ 5 c2
Event: 4.937 Thread 0x000001b42a76ecc0 DEOPT PACKING pc=0x000001b43d048290 sp=0x0000000ac00f6c60
Event: 4.937 Thread 0x000001b42a76ecc0 DEOPT UNPACKING pc=0x000001b43cb5ba02 sp=0x0000000ac00f6c00 mode 2
Event: 4.943 Thread 0x000001b42a76ecc0 Uncommon trap: trap_request=0xffffff4d fr.pc=0x000001b43d01ae84 relative=0x00000000000001e4
Event: 4.943 Thread 0x000001b42a76ecc0 Uncommon trap: reason=unstable_if action=reinterpret pc=0x000001b43d01ae84 method=java.lang.String.startsWith(Ljava/lang/String;I)Z @ 1 c2
Event: 4.943 Thread 0x000001b42a76ecc0 DEOPT PACKING pc=0x000001b43d01ae84 sp=0x0000000ac00f7bd0
Event: 4.943 Thread 0x000001b42a76ecc0 DEOPT UNPACKING pc=0x000001b43cb5ba02 sp=0x0000000ac00f7b60 mode 2
Event: 5.052 Thread 0x000001b42a76ecc0 Uncommon trap: trap_request=0xffffff4d fr.pc=0x000001b43d0b30cc relative=0x000000000000026c
Event: 5.052 Thread 0x000001b42a76ecc0 Uncommon trap: reason=unstable_if action=reinterpret pc=0x000001b43d0b30cc method=org.eclipse.sisu.inject.InjectorBindings.isAssignableFrom(Lcom/google/inject/TypeLiteral;Lcom/google/inject/Binding;)Z @ 15 c2
Event: 5.052 Thread 0x000001b42a76ecc0 DEOPT PACKING pc=0x000001b43d0b30cc sp=0x0000000ac00fd7b0
Event: 5.052 Thread 0x000001b42a76ecc0 DEOPT UNPACKING pc=0x000001b43cb5ba02 sp=0x0000000ac00fd750 mode 2
Event: 5.075 Thread 0x000001b42a76ecc0 Uncommon trap: trap_request=0x000000e1 fr.pc=0x000001b43d03027c relative=0x00000000000000dc
Event: 5.075 Thread 0x000001b42a76ecc0 Uncommon trap: reason=unloaded action=reinterpret pc=0x000001b43d03027c method=org.codehaus.plexus.util.xml.pull.MXParser.more()C @ 22 c2
Event: 5.075 Thread 0x000001b42a76ecc0 DEOPT PACKING pc=0x000001b43d03027c sp=0x0000000ac00fe530
Event: 5.075 Thread 0x000001b42a76ecc0 DEOPT UNPACKING pc=0x000001b43cb5ba02 sp=0x0000000ac00fe4d0 mode 2

Classes loaded (20 events):
Event: 4.987 Loading class java/security/DrbgParameters
Event: 4.987 Loading class java/security/DrbgParameters done
Event: 4.987 Loading class java/security/DrbgParameters$Instantiation
Event: 4.987 Loading class java/security/DrbgParameters$Instantiation done
Event: 4.988 Loading class sun/security/provider/HashDrbg
Event: 4.988 Loading class sun/security/provider/AbstractHashDrbg
Event: 4.988 Loading class sun/security/provider/AbstractDrbg
Event: 4.988 Loading class sun/security/provider/AbstractDrbg done
Event: 4.988 Loading class sun/security/provider/AbstractHashDrbg done
Event: 4.988 Loading class sun/security/provider/HashDrbg done
Event: 4.988 Loading class sun/security/provider/EntropySource
Event: 4.988 Loading class sun/security/provider/EntropySource done
Event: 5.084 Loading class java/lang/ProcessEnvironment$CheckedKeySet
Event: 5.085 Loading class java/lang/ProcessEnvironment$CheckedKeySet done
Event: 5.148 Loading class java/net/URL$ThreadTrackHolder
Event: 5.148 Loading class java/net/URL$ThreadTrackHolder done
Event: 5.148 Loading class jdk/internal/misc/ThreadTracker
Event: 5.148 Loading class jdk/internal/misc/ThreadTracker done
Event: 5.148 Loading class jdk/internal/misc/ThreadTracker$ThreadRef
Event: 5.148 Loading class jdk/internal/misc/ThreadTracker$ThreadRef done

Classes unloaded (0 events):
No events

Classes redefined (0 events):
No events

Internal exceptions (20 events):
Event: 1.643 Thread 0x000001b42a76ecc0 Exception <a 'java/lang/NoSuchMethodError'{0x00000000c473d9e8}: 'int java.lang.invoke.DirectMethodHandle$Holder.invokeStatic(java.lang.Object, java.lang.Object, java.lang.Object, java.lang.Object)'> (0x00000000c473d9e8) 
thrown [s\src\hotspot\share\interpreter\linkResolver.cpp, line 805]
Event: 1.657 Thread 0x000001b42a76ecc0 Exception <a 'java/lang/NoSuchMethodError'{0x00000000c47675d0}: 'int java.lang.invoke.DirectMethodHandle$Holder.invokeSpecialIFC(java.lang.Object, java.lang.Object, java.lang.Object, java.lang.Object, java.lang.Object)'> (0x00000000c47675d0) 
thrown [s\src\hotspot\share\interpreter\linkResolver.cpp, line 805]
Event: 1.769 Thread 0x000001b42a76ecc0 Exception <a 'java/lang/NoSuchMethodError'{0x00000000c4530690}: 'java.lang.Object java.lang.invoke.DirectMethodHandle$Holder.newInvokeSpecial(java.lang.Object, java.lang.Object, java.lang.Object, java.lang.Object, java.lang.Object)'> (0x00000000c4530690) 
thrown [s\src\hotspot\share\interpreter\linkResolver.cpp, line 805]
Event: 1.835 Thread 0x000001b42a76ecc0 Exception <a 'java/lang/NoSuchMethodError'{0x00000000c4469108}: 'int java.lang.invoke.DirectMethodHandle$Holder.invokeStaticInit(java.lang.Object, java.lang.Object)'> (0x00000000c4469108) 
thrown [s\src\hotspot\share\interpreter\linkResolver.cpp, line 805]
Event: 1.848 Thread 0x000001b42a76ecc0 Exception <a 'java/lang/NoClassDefFoundError'{0x00000000c44a3008}: javax/enterprise/inject/Typed> (0x00000000c44a3008) 
thrown [s\src\hotspot\share\classfile\systemDictionary.cpp, line 316]
Event: 4.344 Thread 0x000001b42a76ecc0 Exception <a 'java/lang/NoSuchMethodError'{0x00000000c3e51ee0}: 'void java.lang.invoke.DirectMethodHandle$Holder.invokeStaticInit(java.lang.Object, java.lang.Object, java.lang.Object)'> (0x00000000c3e51ee0) 
thrown [s\src\hotspot\share\interpreter\linkResolver.cpp, line 805]
Event: 4.354 Thread 0x000001b42a76ecc0 Exception <a 'java/lang/ExceptionInInitializerError'{0x00000000c3e9f040}> (0x00000000c3e9f040) 
thrown [s\src\hotspot\share\oops\instanceKlass.cpp, line 1328]
Event: 4.364 Thread 0x000001b42a76ecc0 Exception <a 'java/lang/NoSuchMethodError'{0x00000000c3ed6bb0}: 'java.lang.Object java.lang.invoke.DirectMethodHandle$Holder.invokeStatic(java.lang.Object, long)'> (0x00000000c3ed6bb0) 
thrown [s\src\hotspot\share\interpreter\linkResolver.cpp, line 805]
Event: 4.365 Thread 0x000001b42a76ecc0 Exception <a 'java/lang/NoSuchMethodError'{0x00000000c3ee7820}: 'long java.lang.invoke.DelegatingMethodHandle$Holder.reinvoke_L(java.lang.Object, java.lang.Object, java.lang.Object)'> (0x00000000c3ee7820) 
thrown [s\src\hotspot\share\interpreter\linkResolver.cpp, line 805]
Event: 4.409 Thread 0x000001b42a76ecc0 Exception <a 'java/lang/NoSuchMethodError'{0x00000000c3df5570}: 'long java.lang.invoke.DelegatingMethodHandle$Holder.reinvoke_L(java.lang.Object, java.lang.Object, int)'> (0x00000000c3df5570) 
thrown [s\src\hotspot\share\interpreter\linkResolver.cpp, line 805]
Event: 4.412 Thread 0x000001b42a76ecc0 Exception <a 'java/lang/NoSuchMethodError'{0x00000000c3c0e408}: 'java.lang.Object java.lang.invoke.DirectMethodHandle$Holder.invokeStatic(java.lang.Object, java.lang.Object, java.lang.Object, java.lang.Object, int)'> (0x00000000c3c0e408) 
thrown [s\src\hotspot\share\interpreter\linkResolver.cpp, line 805]
Event: 4.414 Thread 0x000001b42a76ecc0 Exception <a 'java/lang/NoSuchMethodError'{0x00000000c3c1fb18}: 'java.lang.Object java.lang.invoke.DirectMethodHandle$Holder.invokeSpecial(java.lang.Object, java.lang.Object, java.lang.Object, java.lang.Object, long)'> (0x00000000c3c1fb18) 
thrown [s\src\hotspot\share\interpreter\linkResolver.cpp, line 805]
Event: 4.422 Thread 0x000001b42a76ecc0 Exception <a 'java/lang/NoSuchMethodError'{0x00000000c3c75ee0}: 'java.lang.Object java.lang.invoke.DirectMethodHandle$Holder.invokeStatic(java.lang.Object, java.lang.Object, java.lang.Object, java.lang.Object, java.lang.Object, java.lang.Object, java.lang.Object, java.lang.Object)'> (0x00000000c3c75ee0) 
thrown [s\src\hotspot\share\interpreter\linkResolver.cpp, line 805]
Event: 4.425 Thread 0x000001b42a76ecc0 Exception <a 'java/lang/NoSuchMethodError'{0x00000000c3c89240}: 'java.lang.Object java.lang.invoke.Invokers$Holder.invokeExact_MT(java.lang.Object, java.lang.Object, java.lang.Object, java.lang.Object, java.lang.Object, java.lang.Object)'> (0x00000000c3c89240) 
thrown [s\src\hotspot\share\interpreter\linkResolver.cpp, line 805]
Event: 4.426 Thread 0x000001b42a76ecc0 Implicit null exception at 0x000001b43d045340 to 0x000001b43d0454d8
Event: 4.433 Thread 0x000001b42a76ecc0 Exception <a 'java/lang/NoSuchMethodError'{0x00000000c3ca2388}: 'java.lang.Object java.lang.invoke.Invokers$Holder.invokeExact_MT(java.lang.Object, int, java.lang.Object)'> (0x00000000c3ca2388) 
thrown [s\src\hotspot\share\interpreter\linkResolver.cpp, line 805]
Event: 4.764 Thread 0x000001b42a76ecc0 Exception <a 'java/lang/NoSuchMethodError'{0x00000000c4fa8058}: 'void java.lang.invoke.Invokers$Holder.invokeExact_MT(java.lang.Object, java.lang.Object, java.lang.Object, java.lang.Object)'> (0x00000000c4fa8058) 
thrown [s\src\hotspot\share\interpreter\linkResolver.cpp, line 805]
Event: 4.801 Thread 0x000001b42a76ecc0 Exception <a 'java/lang/NoClassDefFoundError'{0x00000000c4e472d0}: com/google/inject/servlet/ServletModuleTargetVisitor> (0x00000000c4e472d0) 
thrown [s\src\hotspot\share\classfile\systemDictionary.cpp, line 316]
Event: 4.912 Thread 0x000001b42a76ecc0 Exception <a 'java/lang/NoSuchMethodError'{0x00000000c4ce48a0}: 'void java.lang.invoke.DirectMethodHandle$Holder.invokeVirtual(java.lang.Object, java.lang.Object)'> (0x00000000c4ce48a0) 
thrown [s\src\hotspot\share\interpreter\linkResolver.cpp, line 805]
Event: 4.989 Thread 0x000001b42a76ecc0 Exception <a 'java/lang/NoSuchMethodError'{0x00000000c4b918c8}: 'java.lang.Object java.lang.invoke.DirectMethodHandle$Holder.invokeStaticInit(java.lang.Object, int, int, int, int)'> (0x00000000c4b918c8) 
thrown [s\src\hotspot\share\interpreter\linkResolver.cpp, line 805]

VM Operations (20 events):
Event: 3.209 Executing VM operation: HandshakeAllThreads (Deoptimize)
Event: 3.209 Executing VM operation: HandshakeAllThreads (Deoptimize) done
Event: 4.371 Executing VM operation: HandshakeAllThreads (Deoptimize)
Event: 4.371 Executing VM operation: HandshakeAllThreads (Deoptimize) done
Event: 4.482 Executing VM operation: G1CollectForAllocation (G1 Evacuation Pause)
Event: 4.493 Executing VM operation: G1CollectForAllocation (G1 Evacuation Pause) done
Event: 4.495 Executing VM operation: HandshakeAllThreads (Deoptimize)
Event: 4.495 Executing VM operation: HandshakeAllThreads (Deoptimize) done
Event: 4.497 Executing VM operation: HandshakeAllThreads (Deoptimize)
Event: 4.497 Executing VM operation: HandshakeAllThreads (Deoptimize) done
Event: 4.564 Executing VM operation: HandshakeAllThreads (Deoptimize)
Event: 4.564 Executing VM operation: HandshakeAllThreads (Deoptimize) done
Event: 4.756 Executing VM operation: HandshakeAllThreads (Deoptimize)
Event: 4.756 Executing VM operation: HandshakeAllThreads (Deoptimize) done
Event: 4.931 Executing VM operation: HandshakeAllThreads (Deoptimize)
Event: 4.931 Executing VM operation: HandshakeAllThreads (Deoptimize) done
Event: 5.016 Executing VM operation: HandshakeAllThreads (Deoptimize)
Event: 5.016 Executing VM operation: HandshakeAllThreads (Deoptimize) done
Event: 5.076 Executing VM operation: HandshakeAllThreads (Deoptimize)
Event: 5.076 Executing VM operation: HandshakeAllThreads (Deoptimize) done

Memory protections (0 events):
No events

Nmethod flushes (0 events):
No events

Events (13 events):
Event: 0.059 Thread 0x000001b42a76ecc0 Thread added: 0x000001b42a76ecc0
Event: 0.079 Thread 0x000001b42a76ecc0 Thread added: 0x000001b447d3e1c0
Event: 0.079 Thread 0x000001b42a76ecc0 Thread added: 0x000001b447d3f1b0
Event: 0.080 Thread 0x000001b42a76ecc0 Thread added: 0x000001b447d40fc0
Event: 0.080 Thread 0x000001b42a76ecc0 Thread added: 0x000001b447d43e50
Event: 0.080 Thread 0x000001b42a76ecc0 Thread added: 0x000001b447d46990
Event: 0.080 Thread 0x000001b42a76ecc0 Thread added: 0x000001b447d474c0
Event: 0.081 Thread 0x000001b42a76ecc0 Thread added: 0x000001b447d483f0
Event: 0.081 Thread 0x000001b42a76ecc0 Thread added: 0x000001b447d4af80
Event: 0.096 Thread 0x000001b42a76ecc0 Thread added: 0x000001b447de1d00
Event: 0.100 Thread 0x000001b42a76ecc0 Thread added: 0x000001b447dffe20
Event: 0.901 Thread 0x000001b42a76ecc0 Thread added: 0x000001b48d6eb720
Event: 1.358 Thread 0x000001b48d6eb720 Thread exited: 0x000001b48d6eb720


Dynamic libraries:
0x00007ff66d9a0000 - 0x00007ff66d9ae000 	C:\Program Files\Apache NetBeans\jdk\bin\java.exe
0x00007ffc334d0000 - 0x00007ffc336c8000 	C:\WINDOWS\SYSTEM32\ntdll.dll
0x00007ffc2baa0000 - 0x00007ffc2bac0000 	C:\Program Files\Avast Software\Avast\aswhook.dll
0x00007ffc314f0000 - 0x00007ffc315b2000 	C:\WINDOWS\System32\KERNEL32.DLL
0x00007ffc30cf0000 - 0x00007ffc30fe6000 	C:\WINDOWS\System32\KERNELBASE.dll
0x00007ffc30ff0000 - 0x00007ffc310f0000 	C:\WINDOWS\System32\ucrtbase.dll
0x00007ffbb9b60000 - 0x00007ffbb9b76000 	C:\Program Files\Apache NetBeans\jdk\bin\jli.dll
0x00007ffbbd5f0000 - 0x00007ffbbd60e000 	C:\Program Files\Apache NetBeans\jdk\bin\VCRUNTIME140.dll
0x00007ffc329f0000 - 0x00007ffc32b91000 	C:\WINDOWS\System32\USER32.dll
0x00007ffc31490000 - 0x00007ffc314b2000 	C:\WINDOWS\System32\win32u.dll
0x00007ffc31f20000 - 0x00007ffc31f4b000 	C:\WINDOWS\System32\GDI32.dll
0x00007ffc312f0000 - 0x00007ffc31409000 	C:\WINDOWS\System32\gdi32full.dll
0x00007ffc17b50000 - 0x00007ffc17deb000 	C:\WINDOWS\WinSxS\amd64_microsoft.windows.common-controls_6595b64144ccf1df_6.0.19041.6456_none_60b8a6cb71f64256\COMCTL32.dll
0x00007ffc31250000 - 0x00007ffc312ed000 	C:\WINDOWS\System32\msvcp_win.dll
0x00007ffc32ba0000 - 0x00007ffc32c3e000 	C:\WINDOWS\System32\msvcrt.dll
0x00007ffc31d10000 - 0x00007ffc31d3f000 	C:\WINDOWS\System32\IMM32.DLL
0x00007ffbb9c00000 - 0x00007ffbb9c0c000 	C:\Program Files\Apache NetBeans\jdk\bin\vcruntime140_1.dll
0x00007ffbb77b0000 - 0x00007ffbb783d000 	C:\Program Files\Apache NetBeans\jdk\bin\msvcp140.dll
0x00007ffbb9c10000 - 0x00007ffbbaa8c000 	C:\Program Files\Apache NetBeans\jdk\bin\server\jvm.dll
0x00007ffc32890000 - 0x00007ffc32941000 	C:\WINDOWS\System32\ADVAPI32.dll
0x00007ffc32950000 - 0x00007ffc329ef000 	C:\WINDOWS\System32\sechost.dll
0x00007ffc332a0000 - 0x00007ffc333c0000 	C:\WINDOWS\System32\RPCRT4.dll
0x00007ffc314c0000 - 0x00007ffc314e7000 	C:\WINDOWS\System32\bcrypt.dll
0x00007ffc33230000 - 0x00007ffc3329b000 	C:\WINDOWS\System32\WS2_32.dll
0x00007ffc2cca0000 - 0x00007ffc2ccaa000 	C:\WINDOWS\SYSTEM32\VERSION.dll
0x00007ffc30910000 - 0x00007ffc3095b000 	C:\WINDOWS\SYSTEM32\POWRPROF.dll
0x00007ffc14850000 - 0x00007ffc14877000 	C:\WINDOWS\SYSTEM32\WINMM.dll
0x00007ffc308f0000 - 0x00007ffc30902000 	C:\WINDOWS\SYSTEM32\UMPDC.dll
0x00007ffc2f370000 - 0x00007ffc2f382000 	C:\WINDOWS\SYSTEM32\kernel.appcore.dll
0x00007ffbb9b90000 - 0x00007ffbb9b9a000 	C:\Program Files\Apache NetBeans\jdk\bin\jimage.dll
0x00007ffc2f070000 - 0x00007ffc2f271000 	C:\WINDOWS\SYSTEM32\DBGHELP.DLL
0x00007ffc28040000 - 0x00007ffc28074000 	C:\WINDOWS\SYSTEM32\dbgcore.DLL
0x00007ffc30c60000 - 0x00007ffc30ce2000 	C:\WINDOWS\System32\bcryptPrimitives.dll
0x00007ffbb9ba0000 - 0x00007ffbb9bbe000 	C:\Program Files\Apache NetBeans\jdk\bin\java.dll
0x00007ffc31df0000 - 0x00007ffc31f1b000 	C:\WINDOWS\System32\ole32.dll
0x00007ffc32ca0000 - 0x00007ffc32ff4000 	C:\WINDOWS\System32\combase.dll
0x00007ffc31f60000 - 0x00007ffc326d0000 	C:\WINDOWS\System32\SHELL32.dll
0x00007ffc2e7f0000 - 0x00007ffc2ef95000 	C:\WINDOWS\SYSTEM32\windows.storage.dll
0x00007ffc30510000 - 0x00007ffc3053b000 	C:\WINDOWS\SYSTEM32\Wldp.dll
0x00007ffc333c0000 - 0x00007ffc3348d000 	C:\WINDOWS\System32\OLEAUT32.dll
0x00007ffc31d40000 - 0x00007ffc31ded000 	C:\WINDOWS\System32\SHCORE.dll
0x00007ffc315d0000 - 0x00007ffc3162b000 	C:\WINDOWS\System32\shlwapi.dll
0x00007ffc30a90000 - 0x00007ffc30ab4000 	C:\WINDOWS\SYSTEM32\profapi.dll
0x00007ffbb9910000 - 0x00007ffbb99e7000 	C:\Program Files\Apache NetBeans\jdk\bin\jsvml.dll
0x00007ffbb98e0000 - 0x00007ffbb98f0000 	C:\Program Files\Apache NetBeans\jdk\bin\net.dll
0x00007ffc30210000 - 0x00007ffc3027a000 	C:\WINDOWS\system32\mswsock.dll
0x00007ffbb98c0000 - 0x00007ffbb98d6000 	C:\Program Files\Apache NetBeans\jdk\bin\nio.dll
0x00007ffbb98f0000 - 0x00007ffbb9907000 	C:\Program Files\Apache NetBeans\jdk\bin\zip.dll
0x00007ffb8b030000 - 0x00007ffb8b054000 	C:\Program Files\Apache NetBeans\java\maven\lib\jansi-native\Windows\x86_64\jansi.dll
0x00007ffbb98b0000 - 0x00007ffbb98c0000 	C:\Program Files\Apache NetBeans\jdk\bin\verify.dll

JVMTI agents: none

dbghelp: loaded successfully - version: 4.0.5 - missing functions: none
symbol engine: initialized successfully - sym options: 0x614 - pdb path: .;C:\Program Files\Apache NetBeans\jdk\bin;C:\WINDOWS\SYSTEM32;C:\Program Files\Avast Software\Avast;C:\WINDOWS\WinSxS\amd64_microsoft.windows.common-controls_6595b64144ccf1df_6.0.19041.6456_none_60b8a6cb71f64256;C:\Program Files\Apache NetBeans\jdk\bin\server;C:\Program Files\Apache NetBeans\java\maven\lib\jansi-native\Windows\x86_64

VM Arguments:
jvm_args: -Dclassworlds.conf=C:\Program Files\Apache NetBeans\java\maven\bin\m2.conf -Dmaven.home=C:\Program Files\Apache NetBeans\java\maven -Dlibrary.jansi.path=C:\Program Files\Apache NetBeans\java\maven\lib\jansi-native -Dmaven.multiModuleProjectDirectory=C:\Users\agent\Documents\NetBeansProjects\institution_gestion_notes 
java_command: org.codehaus.plexus.classworlds.launcher.Launcher -Drun.jvmArguments=-noverify -XX:TieredStopAtLevel=1 -Drun.mainClass=institution_gestion_notes.Institution_gestion_notesApplication -Dexec.vmArgs= -Dexec.appArgs= -Dmaven.ext.class.path=C:\Program Files\Apache NetBeans\java\maven-nblib\netbeans-eventspy.jar --no-transfer-progress spring-boot:run
java_class_path (initial): C:\Program Files\Apache NetBeans\java\maven\boot\plexus-classworlds-2.8.0.jar
Launcher Type: SUN_STANDARD

[Global flags]
     intx CICompilerCount                          = 3                                         {product} {ergonomic}
     uint ConcGCThreads                            = 1                                         {product} {ergonomic}
     uint G1ConcRefinementThreads                  = 4                                         {product} {ergonomic}
   size_t G1HeapRegionSize                         = 1048576                                   {product} {ergonomic}
   size_t InitialHeapSize                          = 67108864                                  {product} {ergonomic}
   size_t MarkStackSize                            = 4194304                                   {product} {ergonomic}
   size_t MarkStackSizeMax                         = 536870912                                 {product} {ergonomic}
   size_t MaxHeapSize                              = 1050673152                                {product} {ergonomic}
   size_t MaxNewSize                               = 630194176                                 {product} {ergonomic}
   size_t MinHeapDeltaBytes                        = 1048576                                   {product} {ergonomic}
   size_t MinHeapSize                              = 8388608                                   {product} {ergonomic}
    uintx NonNMethodCodeHeapSize                   = 5832704                                {pd product} {ergonomic}
    uintx NonProfiledCodeHeapSize                  = 122945536                              {pd product} {ergonomic}
    uintx ProfiledCodeHeapSize                     = 122880000                              {pd product} {ergonomic}
    uintx ReservedCodeCacheSize                    = 251658240                              {pd product} {ergonomic}
     bool SegmentedCodeCache                       = true                                      {product} {ergonomic}
   size_t SoftMaxHeapSize                          = 1050673152                             {manageable} {ergonomic}
     bool UseCompressedOops                        = true                           {product lp64_product} {ergonomic}
     bool UseG1GC                                  = true                                      {product} {ergonomic}
     bool UseLargePagesIndividualAllocation        = false                                  {pd product} {ergonomic}

Logging:
Log output configuration:
 #0: stdout all=warning uptime,level,tags foldmultilines=false
 #1: stderr all=off uptime,level,tags foldmultilines=false

Environment Variables:
JAVA_HOME=C:\Program Files\Apache NetBeans\jdk
PATH=C:\oracle\product\10.2.0\db_1\bin;C:\Program Files\Common Files\Oracle\Java\javapath;C:\Program Files (x86)\Common Files\Oracle\Java\javapath;C:\WINDOWS\system32;C:\WINDOWS;C:\WINDOWS\System32\Wbem;C:\WINDOWS\System32\WindowsPowerShell\v1.0\;C:\WINDOWS\System32\OpenSSH\;C:\Program Files (x86)\Intel\Intel(R) Management Engine Components\DAL;C:\Program Files\Intel\Intel(R) Management Engine Components\DAL;C:\Program Files (x86)\Intel\Intel(R) Management Engine Components\IPT;C:\Program Files\Intel\Intel(R) Management Engine Components\IPT;C:\Users\agent\AppData\Local\Microsoft\WindowsApps;
USERNAME=agent
OS=Windows_NT
PROCESSOR_IDENTIFIER=Intel64 Family 6 Model 142 Stepping 10, GenuineIntel
TMP=C:\Users\agent\AppData\Local\Temp
TEMP=C:\Users\agent\AppData\Local\Temp




Periodic native trim disabled

---------------  S Y S T E M  ---------------

OS:
 Windows 10 , 64 bit Build 19041 (10.0.19041.5915)
OS uptime: 2 days 7:11 hours

CPU: total 4 (initial active 4) (2 cores per cpu, 2 threads per core) family 6 model 142 stepping 10 microcode 0xe0, cx8, cmov, fxsr, ht, mmx, 3dnowpref, sse, sse2, sse3, ssse3, sse4.1, sse4.2, popcnt, lzcnt, tsc, tscinvbit, avx, avx2, aes, erms, clmul, bmi1, bmi2, adx, fma, vzeroupper, clflush, clflushopt, rdtscp, f16c
Processor Information for the first 4 processors :
  Max Mhz: 2201, Current Mhz: 2201, Mhz Limit: 2201

Memory: 4k page, system-wide physical 4007M (262M free)
TotalPageFile size 16295M (AvailPageFile size 3M)
current process WorkingSet (physical memory assigned to process): 110M, peak: 110M
current process commit charge ("private bytes"): 172M, peak: 172M

vm_info: OpenJDK 64-Bit Server VM (24.0.1+9) for windows-amd64 JRE (24.0.1+9) (Zulu24.30+11-CA), built on 2025-03-21T13:52:34Z with MS VC++ 17.1 (VS2022)

END.
