#
# There is insufficient memory for the Java Runtime Environment to continue.
# Native memory allocation (malloc) failed to allocate 32744 bytes. Error detail: Chunk::new
# Possible reasons:
#   The system is out of physical RAM or swap space
#   This process is running with CompressedOops enabled, and the Java Heap may be blocking the growth of the native heap
# Possible solutions:
#   Reduce memory load on the system
#   Increase physical memory or swap space
#   Check if swap backing store is full
#   Decrease Java heap size (-Xmx/-Xms)
#   Decrease number of Java threads
#   Decrease Java thread stack sizes (-Xss)
#   Set larger code cache with -XX:ReservedCodeCacheSize=
#   JVM is running with Unscaled Compressed Oops mode in which the Java heap is
#     placed in the first 4GB address space. The Java Heap base address is the
#     maximum limit for the native heap growth. Please use -XX:HeapBaseMinAddress
#     to set the Java Heap base and to place the Java Heap above 4GB virtual address.
# This output file may be truncated or incomplete.
#
#  Out of Memory Error (arena.cpp:162), pid=21512, tid=16724
#
# JRE version: OpenJDK Runtime Environment Zulu24.30+11-CA (24.0.1+9) (build 24.0.1+9)
# Java VM: OpenJDK 64-Bit Server VM Zulu24.30+11-CA (24.0.1+9, mixed mode, sharing, tiered, compressed oops, compressed class ptrs, g1 gc, windows-amd64)
# No core dump will be written. Minidumps are not enabled by default on client versions of Windows
#

---------------  S U M M A R Y ------------

Command Line: -Dclassworlds.conf=C:\Program Files\Apache NetBeans\java\maven\bin\m2.conf -Dmaven.home=C:\Program Files\Apache NetBeans\java\maven -Dlibrary.jansi.path=C:\Program Files\Apache NetBeans\java\maven\lib\jansi-native -Dmaven.multiModuleProjectDirectory=C:\Users\agent\Documents\NetBeansProjects\institution_gestion_notes org.codehaus.plexus.classworlds.launcher.Launcher -Drun.jvmArguments=-noverify -XX:TieredStopAtLevel=1 -Drun.mainClass=institution_gestion_notes.Institution_gestion_notesApplication -Dexec.vmArgs= -Dexec.appArgs= -Dmaven.ext.class.path=C:\Program Files\Apache NetBeans\java\maven-nblib\netbeans-eventspy.jar --no-transfer-progress spring-boot:run

Host: Intel(R) Core(TM) i3-8130U CPU @ 2.20GHz, 4 cores, 3G,  Windows 10 , 64 bit Build 19041 (10.0.19041.5915)
Time: Mon Mar  2 18:19:39 2026 Eastern Standard Time elapsed time: 25.030181 seconds (0d 0h 0m 25s)

---------------  T H R E A D  ---------------

Current thread (0x0000024db53b2250):  JavaThread "C2 CompilerThread0" daemon [_thread_in_native, id=16724, stack(0x0000004f7dd00000,0x0000004f7de00000) (1024K)]


Current CompileTask:
C2:25030 4274   !   4       org.codehaus.plexus.interpolation.StringSearchInterpolator::interpolate (668 bytes)

Stack: [0x0000004f7dd00000,0x0000004f7de00000]
Native frames: (J=compiled Java code, j=interpreted, Vv=VM code, C=native code)
V  [jvm.dll+0x7410c9]  (no source info available)
V  [jvm.dll+0x97def3]  (no source info available)
V  [jvm.dll+0x98021d]  (no source info available)
V  [jvm.dll+0x980893]  (no source info available)
V  [jvm.dll+0x2b5b16]  (no source info available)
V  [jvm.dll+0xd019f]  (no source info available)
V  [jvm.dll+0xd03ff]  (no source info available)
V  [jvm.dll+0x76cd1e]  (no source info available)
V  [jvm.dll+0x20f9e5]  (no source info available)
V  [jvm.dll+0x27a41a]  (no source info available)
V  [jvm.dll+0x279641]  (no source info available)
V  [jvm.dll+0x1f313a]  (no source info available)
V  [jvm.dll+0x288e35]  (no source info available)
V  [jvm.dll+0x2870ca]  (no source info available)
V  [jvm.dll+0x43df56]  (no source info available)
V  [jvm.dll+0x920928]  (no source info available)
V  [jvm.dll+0x73f855]  (no source info available)
C  [ucrtbase.dll+0x21bb2]  (no source info available)
C  [KERNEL32.DLL+0x17374]  (no source info available)
C  [ntdll.dll+0x4cc91]  (no source info available)

Lock stack of current Java thread (top to bottom):


---------------  P R O C E S S  ---------------

Threads class SMR info:
_java_thread_list=0x0000024dfb6732a0, length=11, elements={
0x0000024d97d62470, 0x0000024db539f490, 0x0000024db53a0800, 0x0000024db53a2d10,
0x0000024db53a5460, 0x0000024db53a6410, 0x0000024db53b17e0, 0x0000024db53b2250,
0x0000024db53b91a0, 0x0000024db54334b0, 0x0000024db5439420
}

Java Threads: ( => current thread )
  0x0000024d97d62470 JavaThread "main"                              [_thread_in_native, id=20304, stack(0x0000004f7cf00000,0x0000004f7d000000) (1024K)]
  0x0000024db539f490 JavaThread "Reference Handler"          daemon [_thread_blocked, id=16300, stack(0x0000004f7d700000,0x0000004f7d800000) (1024K)]
  0x0000024db53a0800 JavaThread "Finalizer"                  daemon [_thread_blocked, id=14984, stack(0x0000004f7d800000,0x0000004f7d900000) (1024K)]
  0x0000024db53a2d10 JavaThread "Signal Dispatcher"          daemon [_thread_blocked, id=4220, stack(0x0000004f7d900000,0x0000004f7da00000) (1024K)]
  0x0000024db53a5460 JavaThread "Attach Listener"            daemon [_thread_blocked, id=20032, stack(0x0000004f7da00000,0x0000004f7db00000) (1024K)]
  0x0000024db53a6410 JavaThread "Service Thread"             daemon [_thread_blocked, id=10176, stack(0x0000004f7db00000,0x0000004f7dc00000) (1024K)]
  0x0000024db53b17e0 JavaThread "Monitor Deflation Thread"   daemon [_thread_blocked, id=19136, stack(0x0000004f7dc00000,0x0000004f7dd00000) (1024K)]
=>0x0000024db53b2250 JavaThread "C2 CompilerThread0"         daemon [_thread_in_native, id=16724, stack(0x0000004f7dd00000,0x0000004f7de00000) (1024K)]
  0x0000024db53b91a0 JavaThread "C1 CompilerThread0"         daemon [_thread_in_native, id=676, stack(0x0000004f7de00000,0x0000004f7df00000) (1024K)]
  0x0000024db54334b0 JavaThread "Notification Thread"        daemon [_thread_blocked, id=19976, stack(0x0000004f7df00000,0x0000004f7e000000) (1024K)]
  0x0000024db5439420 JavaThread "Common-Cleaner"             daemon [_thread_blocked, id=18408, stack(0x0000004f7e000000,0x0000004f7e100000) (1024K)]
Total: 11

Other Threads:
  0x0000024db5390300 VMThread "VM Thread"                           [id=12832, stack(0x0000004f7d600000,0x0000004f7d700000) (1024K)]
  0x0000024db538cf10 WatcherThread "VM Periodic Task Thread"        [id=10276, stack(0x0000004f7d500000,0x0000004f7d600000) (1024K)]
  0x0000024d9a0c2e50 WorkerThread "GC Thread#0"                     [id=20104, stack(0x0000004f7d000000,0x0000004f7d100000) (1024K)]
  0x0000024dfb24fdb0 WorkerThread "GC Thread#1"                     [id=17244, stack(0x0000004f7e100000,0x0000004f7e200000) (1024K)]
  0x0000024dfb25b7f0 WorkerThread "GC Thread#2"                     [id=13104, stack(0x0000004f7e200000,0x0000004f7e300000) (1024K)]
  0x0000024dfb6c60b0 WorkerThread "GC Thread#3"                     [id=17980, stack(0x0000004f7e300000,0x0000004f7e400000) (1024K)]
  0x0000024d9a0ceb40 ConcurrentGCThread "G1 Main Marker"            [id=21020, stack(0x0000004f7d100000,0x0000004f7d200000) (1024K)]
  0x0000024d9a0cfec0 WorkerThread "G1 Conc#0"                       [id=20732, stack(0x0000004f7d200000,0x0000004f7d300000) (1024K)]
  0x0000024d9a129600 ConcurrentGCThread "G1 Refine#0"               [id=20296, stack(0x0000004f7d300000,0x0000004f7d400000) (1024K)]
  0x0000024d9a12bda0 ConcurrentGCThread "G1 Service"                [id=16992, stack(0x0000004f7d400000,0x0000004f7d500000) (1024K)]
Total: 10

Threads with active compile tasks:
C2 CompilerThread0  25427 4274   !   4       org.codehaus.plexus.interpolation.StringSearchInterpolator::interpolate (668 bytes)
C1 CompilerThread0  25427 4367       3       org.apache.maven.model.management.DefaultPluginManagementInjector$ManagementModelMerger::mergePlugin_Executions (208 bytes)
Total: 2

VM state: not at safepoint (normal execution)

VM Mutex/Monitor currently owned by a thread: None

Heap address: 0x00000000c1600000, size: 1002 MB, Compressed Oops mode: 32-bit

CDS archive(s) mapped at: [0x0000024db6000000-0x0000024db6d40000-0x0000024db6d40000), size 13893632, SharedBaseAddress: 0x0000024db6000000, ArchiveRelocationMode: 1.
Compressed class space mapped at: 0x0000024db7000000-0x0000024df7000000, reserved size: 1073741824
UseCompressedClassPointers 1, UseCompactObjectHeaders 0
Narrow klass pointer bits 32, Max shift 3
Narrow klass base: 0x0000024db6000000, Narrow klass shift: 0
Encoding Range: [0x0000024db6000000 - 0x0000024eb6000000), (4294967296 bytes)
Klass Range:    [0x0000024db6000000 - 0x0000024df7000000), (1090519040 bytes)
Klass ID Range:  [8 - 1090519033) (1090519025)

GC Precious Log:
 CardTable entry size: 512
 Card Set container configuration: InlinePtr #cards 5 size 8 Array Of Cards #cards 10 size 36 Howl #buckets 4 coarsen threshold 1843 Howl Bitmap #cards 512 size 80 coarsen threshold 460 Card regions per heap region 1 cards per card region 2048
 CPUs: 4 total, 4 available
 Memory: 4007M
 Large Page Support: Disabled
 NUMA Support: Disabled
 Compressed Oops: Enabled (32-bit)
 Heap Region Size: 1M
 Heap Min Capacity: 8M
 Heap Initial Capacity: 64M
 Heap Max Capacity: 1002M
 Pre-touch: Disabled
 Parallel Workers: 4
 Concurrent Workers: 1
 Concurrent Refinement Workers: 4
 Periodic GC: Disabled

Heap:
 garbage-first heap   total reserved 1026048K, committed 67584K, used 39505K [0x00000000c1600000, 0x0000000100000000)
  region size 1024K, 30 young (30720K), 4 survivors (4096K)
 Metaspace       used 16152K, committed 16448K, reserved 1114112K
  class space    used 1560K, committed 1664K, reserved 1048576K

Heap Regions: E=young(eden), S=young(survivor), O=old, HS=humongous(starts), HC=humongous(continues), CS=collection set, F=free, TAMS=top-at-mark-start, PB=parsable bottom
|   0|0x00000000c1600000, 0x00000000c1700000, 0x00000000c1700000|100%| O|  |TAMS 0x00000000c1600000| PB 0x00000000c1600000| Untracked |  0
|   1|0x00000000c1700000, 0x00000000c1800000, 0x00000000c1800000|100%| O|  |TAMS 0x00000000c1700000| PB 0x00000000c1700000| Untracked |  0
|   2|0x00000000c1800000, 0x00000000c1900000, 0x00000000c1900000|100%| O|  |TAMS 0x00000000c1800000| PB 0x00000000c1800000| Untracked |  0
|   3|0x00000000c1900000, 0x00000000c1a00000, 0x00000000c1a00000|100%| O|  |TAMS 0x00000000c1900000| PB 0x00000000c1900000| Untracked |  0
|   4|0x00000000c1a00000, 0x00000000c1b00000, 0x00000000c1b00000|100%| O|  |TAMS 0x00000000c1a00000| PB 0x00000000c1a00000| Untracked |  0
|   5|0x00000000c1b00000, 0x00000000c1c00000, 0x00000000c1c00000|100%| O|  |TAMS 0x00000000c1b00000| PB 0x00000000c1b00000| Untracked |  0
|   6|0x00000000c1c00000, 0x00000000c1d00000, 0x00000000c1d00000|100%| O|  |TAMS 0x00000000c1c00000| PB 0x00000000c1c00000| Untracked |  0
|   7|0x00000000c1d00000, 0x00000000c1e00000, 0x00000000c1e00000|100%| O|  |TAMS 0x00000000c1d00000| PB 0x00000000c1d00000| Untracked |  0
|   8|0x00000000c1e00000, 0x00000000c1e9ce80, 0x00000000c1f00000| 61%| O|  |TAMS 0x00000000c1e00000| PB 0x00000000c1e00000| Untracked |  0
|   9|0x00000000c1f00000, 0x00000000c1f00000, 0x00000000c2000000|  0%| F|  |TAMS 0x00000000c1f00000| PB 0x00000000c1f00000| Untracked |  0
|  10|0x00000000c2000000, 0x00000000c2000000, 0x00000000c2100000|  0%| F|  |TAMS 0x00000000c2000000| PB 0x00000000c2000000| Untracked |  0
|  11|0x00000000c2100000, 0x00000000c2100000, 0x00000000c2200000|  0%| F|  |TAMS 0x00000000c2100000| PB 0x00000000c2100000| Untracked |  0
|  12|0x00000000c2200000, 0x00000000c2200000, 0x00000000c2300000|  0%| F|  |TAMS 0x00000000c2200000| PB 0x00000000c2200000| Untracked |  0
|  13|0x00000000c2300000, 0x00000000c2300000, 0x00000000c2400000|  0%| F|  |TAMS 0x00000000c2300000| PB 0x00000000c2300000| Untracked |  0
|  14|0x00000000c2400000, 0x00000000c2400000, 0x00000000c2500000|  0%| F|  |TAMS 0x00000000c2400000| PB 0x00000000c2400000| Untracked |  0
|  15|0x00000000c2500000, 0x00000000c2500000, 0x00000000c2600000|  0%| F|  |TAMS 0x00000000c2500000| PB 0x00000000c2500000| Untracked |  0
|  16|0x00000000c2600000, 0x00000000c2600000, 0x00000000c2700000|  0%| F|  |TAMS 0x00000000c2600000| PB 0x00000000c2600000| Untracked |  0
|  17|0x00000000c2700000, 0x00000000c2700000, 0x00000000c2800000|  0%| F|  |TAMS 0x00000000c2700000| PB 0x00000000c2700000| Untracked |  0
|  18|0x00000000c2800000, 0x00000000c2800000, 0x00000000c2900000|  0%| F|  |TAMS 0x00000000c2800000| PB 0x00000000c2800000| Untracked |  0
|  19|0x00000000c2900000, 0x00000000c2900000, 0x00000000c2a00000|  0%| F|  |TAMS 0x00000000c2900000| PB 0x00000000c2900000| Untracked |  0
|  20|0x00000000c2a00000, 0x00000000c2a00000, 0x00000000c2b00000|  0%| F|  |TAMS 0x00000000c2a00000| PB 0x00000000c2a00000| Untracked |  0
|  21|0x00000000c2b00000, 0x00000000c2b00000, 0x00000000c2c00000|  0%| F|  |TAMS 0x00000000c2b00000| PB 0x00000000c2b00000| Untracked |  0
|  22|0x00000000c2c00000, 0x00000000c2c00000, 0x00000000c2d00000|  0%| F|  |TAMS 0x00000000c2c00000| PB 0x00000000c2c00000| Untracked |  0
|  23|0x00000000c2d00000, 0x00000000c2ddb310, 0x00000000c2e00000| 85%| S|CS|TAMS 0x00000000c2d00000| PB 0x00000000c2d00000| Complete |  0
|  24|0x00000000c2e00000, 0x00000000c2f00000, 0x00000000c2f00000|100%| S|CS|TAMS 0x00000000c2e00000| PB 0x00000000c2e00000| Complete |  0
|  25|0x00000000c2f00000, 0x00000000c2f00000, 0x00000000c3000000|  0%| F|  |TAMS 0x00000000c2f00000| PB 0x00000000c2f00000| Untracked |  0
|  26|0x00000000c3000000, 0x00000000c3000000, 0x00000000c3100000|  0%| F|  |TAMS 0x00000000c3000000| PB 0x00000000c3000000| Untracked |  0
|  27|0x00000000c3100000, 0x00000000c3100000, 0x00000000c3200000|  0%| F|  |TAMS 0x00000000c3100000| PB 0x00000000c3100000| Untracked |  0
|  28|0x00000000c3200000, 0x00000000c3200000, 0x00000000c3300000|  0%| F|  |TAMS 0x00000000c3200000| PB 0x00000000c3200000| Untracked |  0
|  29|0x00000000c3300000, 0x00000000c3300000, 0x00000000c3400000|  0%| F|  |TAMS 0x00000000c3300000| PB 0x00000000c3300000| Untracked |  0
|  30|0x00000000c3400000, 0x00000000c3500000, 0x00000000c3500000|100%| S|CS|TAMS 0x00000000c3400000| PB 0x00000000c3400000| Complete |  0
|  31|0x00000000c3500000, 0x00000000c3600000, 0x00000000c3600000|100%| S|CS|TAMS 0x00000000c3500000| PB 0x00000000c3500000| Complete |  0
|  32|0x00000000c3600000, 0x00000000c3600000, 0x00000000c3700000|  0%| F|  |TAMS 0x00000000c3600000| PB 0x00000000c3600000| Untracked |  0
|  33|0x00000000c3700000, 0x00000000c3700000, 0x00000000c3800000|  0%| F|  |TAMS 0x00000000c3700000| PB 0x00000000c3700000| Untracked |  0
|  34|0x00000000c3800000, 0x00000000c3800000, 0x00000000c3900000|  0%| F|  |TAMS 0x00000000c3800000| PB 0x00000000c3800000| Untracked |  0
|  35|0x00000000c3900000, 0x00000000c3900000, 0x00000000c3a00000|  0%| F|  |TAMS 0x00000000c3900000| PB 0x00000000c3900000| Untracked |  0
|  36|0x00000000c3a00000, 0x00000000c3a00000, 0x00000000c3b00000|  0%| F|  |TAMS 0x00000000c3a00000| PB 0x00000000c3a00000| Untracked |  0
|  37|0x00000000c3b00000, 0x00000000c3b00000, 0x00000000c3c00000|  0%| F|  |TAMS 0x00000000c3b00000| PB 0x00000000c3b00000| Untracked |  0
|  38|0x00000000c3c00000, 0x00000000c3c80000, 0x00000000c3d00000| 50%| E|  |TAMS 0x00000000c3c00000| PB 0x00000000c3c00000| Complete |  0
|  39|0x00000000c3d00000, 0x00000000c3e00000, 0x00000000c3e00000|100%| E|CS|TAMS 0x00000000c3d00000| PB 0x00000000c3d00000| Complete |  0
|  40|0x00000000c3e00000, 0x00000000c3f00000, 0x00000000c3f00000|100%| E|CS|TAMS 0x00000000c3e00000| PB 0x00000000c3e00000| Complete |  0
|  41|0x00000000c3f00000, 0x00000000c4000000, 0x00000000c4000000|100%| E|CS|TAMS 0x00000000c3f00000| PB 0x00000000c3f00000| Complete |  0
|  42|0x00000000c4000000, 0x00000000c4100000, 0x00000000c4100000|100%| E|CS|TAMS 0x00000000c4000000| PB 0x00000000c4000000| Complete |  0
|  43|0x00000000c4100000, 0x00000000c4200000, 0x00000000c4200000|100%| E|CS|TAMS 0x00000000c4100000| PB 0x00000000c4100000| Complete |  0
|  44|0x00000000c4200000, 0x00000000c4300000, 0x00000000c4300000|100%| E|CS|TAMS 0x00000000c4200000| PB 0x00000000c4200000| Complete |  0
|  45|0x00000000c4300000, 0x00000000c4400000, 0x00000000c4400000|100%| E|CS|TAMS 0x00000000c4300000| PB 0x00000000c4300000| Complete |  0
|  46|0x00000000c4400000, 0x00000000c4500000, 0x00000000c4500000|100%| E|CS|TAMS 0x00000000c4400000| PB 0x00000000c4400000| Complete |  0
|  47|0x00000000c4500000, 0x00000000c4600000, 0x00000000c4600000|100%| E|CS|TAMS 0x00000000c4500000| PB 0x00000000c4500000| Complete |  0
|  48|0x00000000c4600000, 0x00000000c4700000, 0x00000000c4700000|100%| E|CS|TAMS 0x00000000c4600000| PB 0x00000000c4600000| Complete |  0
|  49|0x00000000c4700000, 0x00000000c4800000, 0x00000000c4800000|100%| E|CS|TAMS 0x00000000c4700000| PB 0x00000000c4700000| Complete |  0
|  50|0x00000000c4800000, 0x00000000c4900000, 0x00000000c4900000|100%| E|CS|TAMS 0x00000000c4800000| PB 0x00000000c4800000| Complete |  0
|  51|0x00000000c4900000, 0x00000000c4a00000, 0x00000000c4a00000|100%| E|CS|TAMS 0x00000000c4900000| PB 0x00000000c4900000| Complete |  0
|  52|0x00000000c4a00000, 0x00000000c4b00000, 0x00000000c4b00000|100%| E|CS|TAMS 0x00000000c4a00000| PB 0x00000000c4a00000| Complete |  0
|  53|0x00000000c4b00000, 0x00000000c4c00000, 0x00000000c4c00000|100%| E|CS|TAMS 0x00000000c4b00000| PB 0x00000000c4b00000| Complete |  0
|  54|0x00000000c4c00000, 0x00000000c4d00000, 0x00000000c4d00000|100%| E|CS|TAMS 0x00000000c4c00000| PB 0x00000000c4c00000| Complete |  0
|  55|0x00000000c4d00000, 0x00000000c4e00000, 0x00000000c4e00000|100%| E|CS|TAMS 0x00000000c4d00000| PB 0x00000000c4d00000| Complete |  0
|  56|0x00000000c4e00000, 0x00000000c4f00000, 0x00000000c4f00000|100%| E|CS|TAMS 0x00000000c4e00000| PB 0x00000000c4e00000| Complete |  0
|  57|0x00000000c4f00000, 0x00000000c5000000, 0x00000000c5000000|100%| E|CS|TAMS 0x00000000c4f00000| PB 0x00000000c4f00000| Complete |  0
|  58|0x00000000c5000000, 0x00000000c5100000, 0x00000000c5100000|100%| E|CS|TAMS 0x00000000c5000000| PB 0x00000000c5000000| Complete |  0
|  59|0x00000000c5100000, 0x00000000c5200000, 0x00000000c5200000|100%| E|CS|TAMS 0x00000000c5100000| PB 0x00000000c5100000| Complete |  0
|  60|0x00000000c5200000, 0x00000000c5300000, 0x00000000c5300000|100%| E|CS|TAMS 0x00000000c5200000| PB 0x00000000c5200000| Complete |  0
|  61|0x00000000c5300000, 0x00000000c5400000, 0x00000000c5400000|100%| E|CS|TAMS 0x00000000c5300000| PB 0x00000000c5300000| Complete |  0
|  62|0x00000000c5400000, 0x00000000c5500000, 0x00000000c5500000|100%| E|CS|TAMS 0x00000000c5400000| PB 0x00000000c5400000| Complete |  0
|  63|0x00000000c5500000, 0x00000000c5600000, 0x00000000c5600000|100%| E|CS|TAMS 0x00000000c5500000| PB 0x00000000c5500000| Complete |  0
|1000|0x00000000ffe00000, 0x00000000fff00000, 0x00000000fff00000|100%| O|  |TAMS 0x00000000ffe00000| PB 0x00000000ffe00000| Untracked |  0
|1001|0x00000000fff00000, 0x00000000fff1c2f8, 0x0000000100000000| 11%| O|  |TAMS 0x00000000fff00000| PB 0x00000000fff00000| Untracked |  0

Card table byte_map: [0x0000024db1d90000,0x0000024db1f90000] _byte_map_base: 0x0000024db1785000

Marking Bits: (CMBitMap*) 0x0000024d9a0c4570
 Bits: [0x0000024db1f90000, 0x0000024db2f38000)

Polling page: 0x0000024d97d00000

Metaspace:

Usage:
  Non-class:     14.25 MB used.
      Class:      1.52 MB used.
       Both:     15.77 MB used.

Virtual space:
  Non-class space:       64.00 MB reserved,      14.44 MB ( 23%) committed,  1 nodes.
      Class space:        1.00 GB reserved,       1.62 MB ( <1%) committed,  1 nodes.
             Both:        1.06 GB reserved,      16.06 MB (  1%) committed. 

Chunk freelists:
   Non-Class:  1.55 MB
       Class:  14.32 MB
        Both:  15.86 MB

MaxMetaspaceSize: unlimited
CompressedClassSpaceSize: 1.00 GB
Initial GC threshold: 21.00 MB
Current GC threshold: 21.00 MB
CDS: on
 - commit_granule_bytes: 65536.
 - commit_granule_words: 8192.
 - virtual_space_node_default_size: 8388608.
 - enlarge_chunks_in_place: 1.
UseCompressedClassPointers 1, UseCompactObjectHeaders 0
Narrow klass pointer bits 32, Max shift 3
Narrow klass base: 0x0000024db6000000, Narrow klass shift: 0
Encoding Range: [0x0000024db6000000 - 0x0000024eb6000000), (4294967296 bytes)
Klass Range:    [0x0000024db6000000 - 0x0000024df7000000), (1090519040 bytes)
Klass ID Range:  [8 - 1090519033) (1090519025)


Internal statistics:

num_allocs_failed_limit: 0.
num_arena_births: 188.
num_arena_deaths: 0.
num_vsnodes_births: 2.
num_vsnodes_deaths: 0.
num_space_committed: 257.
num_space_uncommitted: 0.
num_chunks_returned_to_freelist: 0.
num_chunks_taken_from_freelist: 733.
num_chunk_merges: 0.
num_chunk_splits: 503.
num_chunks_enlarged: 400.
num_inconsistent_stats: 0.

CodeHeap 'non-profiled nmethods': size=120064Kb used=1587Kb max_used=1587Kb free=118476Kb
 bounds [0x0000024daa650000, 0x0000024daa8c0000, 0x0000024db1b90000]
CodeHeap 'profiled nmethods': size=120000Kb used=7480Kb max_used=7480Kb free=112520Kb
 bounds [0x0000024da2b90000, 0x0000024da32e0000, 0x0000024daa0c0000]
CodeHeap 'non-nmethods': size=5696Kb used=1333Kb max_used=1372Kb free=4363Kb
 bounds [0x0000024daa0c0000, 0x0000024daa330000, 0x0000024daa650000]
CodeCache: size=245760Kb, used=10400Kb, max_used=10439Kb, free=235359Kb
 total_blobs=4861, nmethods=4361, adapters=404, full_count=0
Compilation: enabled, stopped_count=0, restarted_count=0

Compilation events (20 events):
Event: 24.989 Thread 0x0000024db53b91a0 nmethod 4357 0x0000024da32da788 code [0x0000024da32da900, 0x0000024da32db0d0]
Event: 24.989 Thread 0x0000024db53b91a0 4358       1       org.eclipse.aether.graph.DefaultDependencyNode::setVersionConstraint (6 bytes)
Event: 24.989 Thread 0x0000024db53b91a0 nmethod 4358 0x0000024daa7dbe88 code [0x0000024daa7dbfa0, 0x0000024daa7dc0b0]
Event: 24.989 Thread 0x0000024db53b91a0 4359       1       org.eclipse.aether.graph.DefaultDependencyNode::setVersion (6 bytes)
Event: 24.989 Thread 0x0000024db53b91a0 nmethod 4359 0x0000024daa7dc188 code [0x0000024daa7dc2a0, 0x0000024daa7dc3b0]
Event: 25.000 Thread 0x0000024db53b91a0 4360       3       org.apache.maven.model.building.DefaultModelBuilder$1Interpolation::<init> (26 bytes)
Event: 25.000 Thread 0x0000024db53b91a0 nmethod 4360 0x0000024da32db188 code [0x0000024da32db2a0, 0x0000024da32db570]
Event: 25.000 Thread 0x0000024db53b91a0 4361   !   3       org.apache.maven.model.Reporting::clone (137 bytes)
Event: 25.002 Thread 0x0000024db53b91a0 nmethod 4361 0x0000024da32db608 code [0x0000024da32db8e0, 0x0000024da32dd158]
Event: 25.002 Thread 0x0000024db53b91a0 4362       3       java.util.concurrent.ConcurrentHashMap$MapEntry::setValue (37 bytes)
Event: 25.002 Thread 0x0000024db53b91a0 nmethod 4362 0x0000024da32dd208 code [0x0000024da32dd340, 0x0000024da32dd6e8]
Event: 25.002 Thread 0x0000024db53b91a0 4363       3       org.apache.maven.model.merge.ModelMerger::mergePlugin (64 bytes)
Event: 25.003 Thread 0x0000024db53b91a0 nmethod 4363 0x0000024da32dd708 code [0x0000024da32dd880, 0x0000024da32ddf60]
Event: 25.019 Thread 0x0000024db53b91a0 4364       1       org.apache.maven.model.IssueManagement::setSystem (6 bytes)
Event: 25.019 Thread 0x0000024db53b91a0 nmethod 4364 0x0000024daa7dc488 code [0x0000024daa7dc5a0, 0x0000024daa7dc6b0]
Event: 25.021 Thread 0x0000024db53b91a0 4365       1       org.apache.maven.model.Exclusion::getGroupId (5 bytes)
Event: 25.021 Thread 0x0000024db53b91a0 nmethod 4365 0x0000024daa7dc788 code [0x0000024daa7dc880, 0x0000024daa7dc948]
Event: 25.021 Thread 0x0000024db53b91a0 4366       1       org.apache.maven.model.Exclusion::getArtifactId (5 bytes)
Event: 25.021 Thread 0x0000024db53b91a0 nmethod 4366 0x0000024daa7dca88 code [0x0000024daa7dcb80, 0x0000024daa7dcc48]
Event: 25.022 Thread 0x0000024db53b91a0 4367       3       org.apache.maven.model.management.DefaultPluginManagementInjector$ManagementModelMerger::mergePlugin_Executions (208 bytes)

GC Heap History (8 events):
Event: 16.800 GC heap before
{Heap before GC invocations=0 (full 0):
 garbage-first heap   total reserved 1026048K, committed 67584K, used 29808K [0x00000000c1600000, 0x0000000100000000)
  region size 1024K, 28 young (28672K), 0 survivors (0K)
 Metaspace       used 6438K, committed 6656K, reserved 1114112K
  class space    used 574K, committed 704K, reserved 1048576K
}
Event: 16.813 GC heap after
{Heap after GC invocations=1 (full 0):
 garbage-first heap   total reserved 1026048K, committed 67584K, used 4336K [0x00000000c1600000, 0x0000000100000000)
  region size 1024K, 4 young (4096K), 4 survivors (4096K)
 Metaspace       used 6438K, committed 6656K, reserved 1114112K
  class space    used 574K, committed 704K, reserved 1048576K
}
Event: 18.352 GC heap before
{Heap before GC invocations=1 (full 0):
 garbage-first heap   total reserved 1026048K, committed 67584K, used 31984K [0x00000000c1600000, 0x0000000100000000)
  region size 1024K, 31 young (31744K), 4 survivors (4096K)
 Metaspace       used 11380K, committed 11584K, reserved 1114112K
  class space    used 1063K, committed 1152K, reserved 1048576K
}
Event: 18.363 GC heap after
{Heap after GC invocations=2 (full 0):
 garbage-first heap   total reserved 1026048K, committed 67584K, used 6135K [0x00000000c1600000, 0x0000000100000000)
  region size 1024K, 2 young (2048K), 2 survivors (2048K)
 Metaspace       used 11380K, committed 11584K, reserved 1114112K
  class space    used 1063K, committed 1152K, reserved 1048576K
}
Event: 20.521 GC heap before
{Heap before GC invocations=2 (full 0):
 garbage-first heap   total reserved 1026048K, committed 67584K, used 38903K [0x00000000c1600000, 0x0000000100000000)
  region size 1024K, 34 young (34816K), 2 survivors (2048K)
 Metaspace       used 15252K, committed 15552K, reserved 1114112K
  class space    used 1490K, committed 1600K, reserved 1048576K
}
Event: 20.538 GC heap after
{Heap after GC invocations=3 (full 0):
 garbage-first heap   total reserved 1026048K, committed 67584K, used 9837K [0x00000000c1600000, 0x0000000100000000)
  region size 1024K, 5 young (5120K), 5 survivors (5120K)
 Metaspace       used 15252K, committed 15552K, reserved 1114112K
  class space    used 1490K, committed 1600K, reserved 1048576K
}
Event: 24.464 GC heap before
{Heap before GC invocations=3 (full 0):
 garbage-first heap   total reserved 1026048K, committed 67584K, used 42605K [0x00000000c1600000, 0x0000000100000000)
  region size 1024K, 37 young (37888K), 5 survivors (5120K)
 Metaspace       used 16044K, committed 16320K, reserved 1114112K
  class space    used 1560K, committed 1664K, reserved 1048576K
}
Event: 24.487 GC heap after
{Heap after GC invocations=4 (full 0):
 garbage-first heap   total reserved 1026048K, committed 67584K, used 13905K [0x00000000c1600000, 0x0000000100000000)
  region size 1024K, 4 young (4096K), 4 survivors (4096K)
 Metaspace       used 16044K, committed 16320K, reserved 1114112K
  class space    used 1560K, committed 1664K, reserved 1048576K
}

Dll operation events (8 events):
Event: 6.413 Loaded shared library C:\Program Files\Apache NetBeans\jdk\bin\java.dll
Event: 8.765 Loaded shared library C:\Program Files\Apache NetBeans\jdk\bin\jsvml.dll
Event: 8.954 Loaded shared library C:\Program Files\Apache NetBeans\jdk\bin\net.dll
Event: 8.962 Loaded shared library C:\Program Files\Apache NetBeans\jdk\bin\nio.dll
Event: 8.982 Loaded shared library C:\Program Files\Apache NetBeans\jdk\bin\zip.dll
Event: 12.133 Loaded shared library C:\Program Files\Apache NetBeans\java\maven\lib\jansi-native\Windows\x86_64\jansi.dll
Event: 12.152 Loaded shared library C:\Program Files\Apache NetBeans\jdk\bin\jimage.dll
Event: 12.195 Loaded shared library C:\Program Files\Apache NetBeans\jdk\bin\verify.dll

Deoptimization events (20 events):
Event: 24.240 Thread 0x0000024d97d62470 Uncommon trap: trap_request=0xffffffbe fr.pc=0x0000024daa7c17b0 relative=0x0000000000000c30
Event: 24.240 Thread 0x0000024d97d62470 Uncommon trap: reason=profile_predicate action=maybe_recompile pc=0x0000024daa7c17b0 method=java.util.regex.Pattern$CharPropertyGreedy.match(Ljava/util/regex/Matcher;ILjava/lang/CharSequence;)Z @ 103 c2
Event: 24.240 Thread 0x0000024d97d62470 DEOPT PACKING pc=0x0000024daa7c17b0 sp=0x0000004f7cffc9d0
Event: 24.240 Thread 0x0000024d97d62470 DEOPT UNPACKING pc=0x0000024daa1d7802 sp=0x0000004f7cffc960 mode 2
Event: 24.240 Thread 0x0000024d97d62470 Uncommon trap: trap_request=0xffffffbe fr.pc=0x0000024daa7c17b0 relative=0x0000000000000c30
Event: 24.240 Thread 0x0000024d97d62470 Uncommon trap: reason=profile_predicate action=maybe_recompile pc=0x0000024daa7c17b0 method=java.util.regex.Pattern$CharPropertyGreedy.match(Ljava/util/regex/Matcher;ILjava/lang/CharSequence;)Z @ 103 c2
Event: 24.240 Thread 0x0000024d97d62470 DEOPT PACKING pc=0x0000024daa7c17b0 sp=0x0000004f7cffc610
Event: 24.240 Thread 0x0000024d97d62470 DEOPT UNPACKING pc=0x0000024daa1d7802 sp=0x0000004f7cffc5a0 mode 2
Event: 24.263 Thread 0x0000024d97d62470 Uncommon trap: trap_request=0xffffff4d fr.pc=0x0000024daa7a27d0 relative=0x0000000000002950
Event: 24.263 Thread 0x0000024d97d62470 Uncommon trap: reason=unstable_if action=reinterpret pc=0x0000024daa7a27d0 method=org.codehaus.plexus.util.xml.pull.MXParser.parseAttribute()C @ 786 c2
Event: 24.264 Thread 0x0000024d97d62470 DEOPT PACKING pc=0x0000024daa7a27d0 sp=0x0000004f7cffc820
Event: 24.264 Thread 0x0000024d97d62470 DEOPT UNPACKING pc=0x0000024daa1d7802 sp=0x0000004f7cffc7a8 mode 2
Event: 24.502 Thread 0x0000024d97d62470 Uncommon trap: trap_request=0xffffff4d fr.pc=0x0000024daa73a9ac relative=0x000000000000026c
Event: 24.502 Thread 0x0000024d97d62470 Uncommon trap: reason=unstable_if action=reinterpret pc=0x0000024daa73a9ac method=java.lang.AbstractStringBuilder.inflateIfNeededFor(Ljava/lang/String;)V @ 14 c2
Event: 24.502 Thread 0x0000024d97d62470 DEOPT PACKING pc=0x0000024daa73a9ac sp=0x0000004f7cffc9a0
Event: 24.502 Thread 0x0000024d97d62470 DEOPT UNPACKING pc=0x0000024daa1d7802 sp=0x0000004f7cffc888 mode 2
Event: 24.502 Thread 0x0000024d97d62470 Uncommon trap: trap_request=0xffffff4d fr.pc=0x0000024daa726c7c relative=0x00000000000004bc
Event: 24.502 Thread 0x0000024d97d62470 Uncommon trap: reason=unstable_if action=reinterpret pc=0x0000024daa726c7c method=java.lang.String.<init>(Ljava/lang/AbstractStringBuilder;Ljava/lang/Void;)V @ 19 c2
Event: 24.502 Thread 0x0000024d97d62470 DEOPT PACKING pc=0x0000024daa726c7c sp=0x0000004f7cffc990
Event: 24.502 Thread 0x0000024d97d62470 DEOPT UNPACKING pc=0x0000024daa1d7802 sp=0x0000004f7cffc8f0 mode 2

Classes loaded (20 events):
Event: 19.631 Loading class sun/nio/ch/FileLockTable$FileLockReference
Event: 19.631 Loading class sun/nio/ch/FileLockTable$FileLockReference done
Event: 19.631 Loading class java/util/AbstractMap$2
Event: 19.631 Loading class java/util/AbstractMap$2 done
Event: 19.632 Loading class java/util/AbstractMap$ValueIterator
Event: 19.632 Loading class java/util/AbstractMap$ValueIterator done
Event: 19.813 Loading class java/util/stream/IntStream
Event: 19.813 Loading class java/util/stream/IntStream done
Event: 19.813 Loading class java/util/Spliterators$EmptySpliterator$OfInt
Event: 19.813 Loading class java/util/Spliterator$OfInt
Event: 19.817 Loading class java/util/Spliterator$OfPrimitive
Event: 19.817 Loading class java/util/Spliterator$OfPrimitive done
Event: 19.817 Loading class java/util/Spliterator$OfInt done
Event: 19.817 Loading class java/util/Spliterators$EmptySpliterator$OfInt done
Event: 19.818 Loading class java/util/stream/IntPipeline$Head
Event: 19.819 Loading class java/util/stream/IntPipeline
Event: 19.820 Loading class java/util/stream/IntPipeline done
Event: 19.820 Loading class java/util/stream/IntPipeline$Head done
Event: 20.044 Loading class java/util/stream/Streams$RangeIntSpliterator
Event: 20.047 Loading class java/util/stream/Streams$RangeIntSpliterator done

Classes unloaded (0 events):
No events

Classes redefined (0 events):
No events

Internal exceptions (20 events):
Event: 18.287 Thread 0x0000024d97d62470 Exception <a 'java/lang/NoSuchMethodError'{0x00000000c3c724b8}: 'java.lang.Object java.lang.invoke.DirectMethodHandle$Holder.invokeStatic(java.lang.Object, java.lang.Object, java.lang.Object, java.lang.Object, java.lang.Object, java.lang.Object, java.lang.Object, java.lang.Object)'> (0x00000000c3c724b8) 
thrown [s\src\hotspot\share\interpreter\linkResolver.cpp, line 805]
Event: 18.289 Thread 0x0000024d97d62470 Exception <a 'java/lang/NoSuchMethodError'{0x00000000c3c86010}: 'java.lang.Object java.lang.invoke.Invokers$Holder.invokeExact_MT(java.lang.Object, java.lang.Object, java.lang.Object, java.lang.Object, java.lang.Object, java.lang.Object)'> (0x00000000c3c86010) 
thrown [s\src\hotspot\share\interpreter\linkResolver.cpp, line 805]
Event: 18.293 Thread 0x0000024d97d62470 Implicit null exception at 0x0000024daa6b7fc0 to 0x0000024daa6b8158
Event: 18.295 Thread 0x0000024d97d62470 Exception <a 'java/lang/NoSuchMethodError'{0x00000000c3c9f158}: 'java.lang.Object java.lang.invoke.Invokers$Holder.invokeExact_MT(java.lang.Object, int, java.lang.Object)'> (0x00000000c3c9f158) 
thrown [s\src\hotspot\share\interpreter\linkResolver.cpp, line 805]
Event: 18.743 Thread 0x0000024d97d62470 Exception <a 'java/lang/NoSuchMethodError'{0x00000000c4f88960}: 'void java.lang.invoke.Invokers$Holder.invokeExact_MT(java.lang.Object, java.lang.Object, java.lang.Object, java.lang.Object)'> (0x00000000c4f88960) 
thrown [s\src\hotspot\share\interpreter\linkResolver.cpp, line 805]
Event: 18.779 Thread 0x0000024d97d62470 Exception <a 'java/lang/NoClassDefFoundError'{0x00000000c4e27b30}: com/google/inject/servlet/ServletModuleTargetVisitor> (0x00000000c4e27b30) 
thrown [s\src\hotspot\share\classfile\systemDictionary.cpp, line 316]
Event: 18.967 Thread 0x0000024d97d62470 Exception <a 'java/lang/NoSuchMethodError'{0x00000000c4cc4e88}: 'void java.lang.invoke.DirectMethodHandle$Holder.invokeVirtual(java.lang.Object, java.lang.Object)'> (0x00000000c4cc4e88) 
thrown [s\src\hotspot\share\interpreter\linkResolver.cpp, line 805]
Event: 19.148 Thread 0x0000024d97d62470 Exception <a 'java/lang/NoSuchMethodError'{0x00000000c4b71c40}: 'java.lang.Object java.lang.invoke.DirectMethodHandle$Holder.invokeStaticInit(java.lang.Object, int, int, int, int)'> (0x00000000c4b71c40) 
thrown [s\src\hotspot\share\interpreter\linkResolver.cpp, line 805]
Event: 19.579 Thread 0x0000024d97d62470 Implicit null exception at 0x0000024daa6d8a14 to 0x0000024daa6d8fec
Event: 19.579 Thread 0x0000024d97d62470 Implicit null exception at 0x0000024daa68d210 to 0x0000024daa68d7dc
Event: 19.660 Thread 0x0000024d97d62470 Exception <a 'java/lang/NoSuchMethodError'{0x00000000c4516288}: 'void java.lang.invoke.DirectMethodHandle$Holder.invokeSpecial(java.lang.Object, java.lang.Object, java.lang.Object, java.lang.Object, java.lang.Object)'> (0x00000000c4516288) 
thrown [s\src\hotspot\share\interpreter\linkResolver.cpp, line 805]
Event: 19.666 Thread 0x0000024d97d62470 Exception <a 'java/lang/NoSuchMethodError'{0x00000000c454e430}: 'void java.lang.invoke.DirectMethodHandle$Holder.invokeSpecial(java.lang.Object, java.lang.Object, java.lang.Object, java.lang.Object, java.lang.Object, java.lang.Object)'> (0x00000000c454e430) 
thrown [s\src\hotspot\share\interpreter\linkResolver.cpp, line 805]
Event: 19.720 Thread 0x0000024d97d62470 Exception <a 'java/lang/NoSuchMethodError'{0x00000000c44943c8}: 'java.lang.Object java.lang.invoke.DirectMethodHandle$Holder.invokeVirtual(java.lang.Object, java.lang.Object, java.lang.Object)'> (0x00000000c44943c8) 
thrown [s\src\hotspot\share\interpreter\linkResolver.cpp, line 805]
Event: 19.846 Thread 0x0000024d97d62470 Exception <a 'java/lang/NoSuchMethodError'{0x00000000c4218ba8}: 'void java.lang.invoke.DirectMethodHandle$Holder.invokeVirtual(java.lang.Object, java.lang.Object, int)'> (0x00000000c4218ba8) 
thrown [s\src\hotspot\share\interpreter\linkResolver.cpp, line 805]
Event: 19.846 Thread 0x0000024d97d62470 Exception <a 'java/lang/NoSuchMethodError'{0x00000000c4221360}: 'void java.lang.invoke.DirectMethodHandle$Holder.invokeSpecial(java.lang.Object, java.lang.Object, java.lang.Object, int)'> (0x00000000c4221360) 
thrown [s\src\hotspot\share\interpreter\linkResolver.cpp, line 805]
Event: 19.848 Thread 0x0000024d97d62470 Exception <a 'java/lang/NoSuchMethodError'{0x00000000c42296c0}: 'void java.lang.invoke.DelegatingMethodHandle$Holder.reinvoke_L(java.lang.Object, java.lang.Object, int)'> (0x00000000c42296c0) 
thrown [s\src\hotspot\share\interpreter\linkResolver.cpp, line 805]
Event: 21.119 Thread 0x0000024d97d62470 Implicit null exception at 0x0000024daa744c64 to 0x0000024daa7458b4
Event: 21.119 Thread 0x0000024d97d62470 Implicit null exception at 0x0000024daa6eaaef to 0x0000024daa6eace0
Event: 21.119 Thread 0x0000024d97d62470 Implicit null exception at 0x0000024daa758359 to 0x0000024daa75891c
Event: 21.127 Thread 0x0000024d97d62470 Exception <a 'java/lang/NoSuchMethodError'{0x00000000c48069a8}: 'int java.lang.invoke.DirectMethodHandle$Holder.invokeSpecialIFC(java.lang.Object, java.lang.Object, java.lang.Object, java.lang.Object)'> (0x00000000c48069a8) 
thrown [s\src\hotspot\share\interpreter\linkResolver.cpp, line 805]

VM Operations (20 events):
Event: 18.368 Executing VM operation: HandshakeAllThreads (Deoptimize)
Event: 18.368 Executing VM operation: HandshakeAllThreads (Deoptimize) done
Event: 18.481 Executing VM operation: HandshakeAllThreads (Deoptimize)
Event: 18.481 Executing VM operation: HandshakeAllThreads (Deoptimize) done
Event: 18.732 Executing VM operation: HandshakeAllThreads (Deoptimize)
Event: 18.732 Executing VM operation: HandshakeAllThreads (Deoptimize) done
Event: 19.009 Executing VM operation: HandshakeAllThreads (Deoptimize)
Event: 19.010 Executing VM operation: HandshakeAllThreads (Deoptimize) done
Event: 19.173 Executing VM operation: HandshakeAllThreads (Deoptimize)
Event: 19.173 Executing VM operation: HandshakeAllThreads (Deoptimize) done
Event: 19.234 Executing VM operation: HandshakeAllThreads (Deoptimize)
Event: 19.234 Executing VM operation: HandshakeAllThreads (Deoptimize) done
Event: 19.416 Executing VM operation: HandshakeAllThreads (Deoptimize)
Event: 19.416 Executing VM operation: HandshakeAllThreads (Deoptimize) done
Event: 19.417 Executing VM operation: HandshakeAllThreads (Deoptimize)
Event: 19.417 Executing VM operation: HandshakeAllThreads (Deoptimize) done
Event: 20.521 Executing VM operation: G1CollectForAllocation (G1 Evacuation Pause)
Event: 20.538 Executing VM operation: G1CollectForAllocation (G1 Evacuation Pause) done
Event: 24.464 Executing VM operation: G1CollectForAllocation (G1 Evacuation Pause)
Event: 24.487 Executing VM operation: G1CollectForAllocation (G1 Evacuation Pause) done

Memory protections (0 events):
No events

Nmethod flushes (0 events):
No events

Events (13 events):
Event: 8.471 Thread 0x0000024d97d62470 Thread added: 0x0000024d97d62470
Event: 8.589 Thread 0x0000024d97d62470 Thread added: 0x0000024db539f490
Event: 8.589 Thread 0x0000024d97d62470 Thread added: 0x0000024db53a0800
Event: 8.590 Thread 0x0000024d97d62470 Thread added: 0x0000024db53a2d10
Event: 8.617 Thread 0x0000024d97d62470 Thread added: 0x0000024db53a5460
Event: 8.619 Thread 0x0000024d97d62470 Thread added: 0x0000024db53a6410
Event: 8.619 Thread 0x0000024d97d62470 Thread added: 0x0000024db53b17e0
Event: 8.619 Thread 0x0000024d97d62470 Thread added: 0x0000024db53b2250
Event: 8.620 Thread 0x0000024d97d62470 Thread added: 0x0000024db53b91a0
Event: 8.821 Thread 0x0000024d97d62470 Thread added: 0x0000024db54334b0
Event: 8.835 Thread 0x0000024d97d62470 Thread added: 0x0000024db5439420
Event: 12.127 Thread 0x0000024d97d62470 Thread added: 0x0000024dfb3d93c0
Event: 13.945 Thread 0x0000024dfb3d93c0 Thread exited: 0x0000024dfb3d93c0


Dynamic libraries:
0x00007ff66d9a0000 - 0x00007ff66d9ae000 	C:\Program Files\Apache NetBeans\jdk\bin\java.exe
0x00007ffc334d0000 - 0x00007ffc336c8000 	C:\WINDOWS\SYSTEM32\ntdll.dll
0x00007ffc2baa0000 - 0x00007ffc2bac0000 	C:\Program Files\Avast Software\Avast\aswhook.dll
0x00007ffc314f0000 - 0x00007ffc315b2000 	C:\WINDOWS\System32\KERNEL32.DLL
0x00007ffc30cf0000 - 0x00007ffc30fe6000 	C:\WINDOWS\System32\KERNELBASE.dll
0x00007ffc30ff0000 - 0x00007ffc310f0000 	C:\WINDOWS\System32\ucrtbase.dll
0x00007ffbbd5f0000 - 0x00007ffbbd60e000 	C:\Program Files\Apache NetBeans\jdk\bin\VCRUNTIME140.dll
0x00007ffbb9b60000 - 0x00007ffbb9b76000 	C:\Program Files\Apache NetBeans\jdk\bin\jli.dll
0x00007ffc329f0000 - 0x00007ffc32b91000 	C:\WINDOWS\System32\USER32.dll
0x00007ffc31490000 - 0x00007ffc314b2000 	C:\WINDOWS\System32\win32u.dll
0x00007ffc17b50000 - 0x00007ffc17deb000 	C:\WINDOWS\WinSxS\amd64_microsoft.windows.common-controls_6595b64144ccf1df_6.0.19041.6456_none_60b8a6cb71f64256\COMCTL32.dll
0x00007ffc31f20000 - 0x00007ffc31f4b000 	C:\WINDOWS\System32\GDI32.dll
0x00007ffc32ba0000 - 0x00007ffc32c3e000 	C:\WINDOWS\System32\msvcrt.dll
0x00007ffc312f0000 - 0x00007ffc31409000 	C:\WINDOWS\System32\gdi32full.dll
0x00007ffc31250000 - 0x00007ffc312ed000 	C:\WINDOWS\System32\msvcp_win.dll
0x00007ffc31d10000 - 0x00007ffc31d3f000 	C:\WINDOWS\System32\IMM32.DLL
0x00007ffbb9c00000 - 0x00007ffbb9c0c000 	C:\Program Files\Apache NetBeans\jdk\bin\vcruntime140_1.dll
0x00007ffbb77b0000 - 0x00007ffbb783d000 	C:\Program Files\Apache NetBeans\jdk\bin\msvcp140.dll
0x00007ffbb9c10000 - 0x00007ffbbaa8c000 	C:\Program Files\Apache NetBeans\jdk\bin\server\jvm.dll
0x00007ffc32890000 - 0x00007ffc32941000 	C:\WINDOWS\System32\ADVAPI32.dll
0x00007ffc32950000 - 0x00007ffc329ef000 	C:\WINDOWS\System32\sechost.dll
0x00007ffc332a0000 - 0x00007ffc333c0000 	C:\WINDOWS\System32\RPCRT4.dll
0x00007ffc314c0000 - 0x00007ffc314e7000 	C:\WINDOWS\System32\bcrypt.dll
0x00007ffc33230000 - 0x00007ffc3329b000 	C:\WINDOWS\System32\WS2_32.dll
0x00007ffc2cca0000 - 0x00007ffc2ccaa000 	C:\WINDOWS\SYSTEM32\VERSION.dll
0x00007ffc14850000 - 0x00007ffc14877000 	C:\WINDOWS\SYSTEM32\WINMM.dll
0x00007ffc30910000 - 0x00007ffc3095b000 	C:\WINDOWS\SYSTEM32\POWRPROF.dll
0x00007ffc308f0000 - 0x00007ffc30902000 	C:\WINDOWS\SYSTEM32\UMPDC.dll
0x00007ffc2f370000 - 0x00007ffc2f382000 	C:\WINDOWS\SYSTEM32\kernel.appcore.dll
0x00007ffbb9b90000 - 0x00007ffbb9b9a000 	C:\Program Files\Apache NetBeans\jdk\bin\jimage.dll
0x00007ffc2f070000 - 0x00007ffc2f271000 	C:\WINDOWS\SYSTEM32\DBGHELP.DLL
0x00007ffc28040000 - 0x00007ffc28074000 	C:\WINDOWS\SYSTEM32\dbgcore.DLL
0x00007ffc30c60000 - 0x00007ffc30ce2000 	C:\WINDOWS\System32\bcryptPrimitives.dll
0x00007ffbb9ba0000 - 0x00007ffbb9bbe000 	C:\Program Files\Apache NetBeans\jdk\bin\java.dll
0x00007ffc31df0000 - 0x00007ffc31f1b000 	C:\WINDOWS\System32\ole32.dll
0x00007ffc32ca0000 - 0x00007ffc32ff4000 	C:\WINDOWS\System32\combase.dll
0x00007ffc31f60000 - 0x00007ffc326d0000 	C:\WINDOWS\System32\SHELL32.dll
0x00007ffc2e7f0000 - 0x00007ffc2ef95000 	C:\WINDOWS\SYSTEM32\windows.storage.dll
0x00007ffc30510000 - 0x00007ffc3053b000 	C:\WINDOWS\SYSTEM32\Wldp.dll
0x00007ffc333c0000 - 0x00007ffc3348d000 	C:\WINDOWS\System32\OLEAUT32.dll
0x00007ffc31d40000 - 0x00007ffc31ded000 	C:\WINDOWS\System32\SHCORE.dll
0x00007ffc315d0000 - 0x00007ffc3162b000 	C:\WINDOWS\System32\shlwapi.dll
0x00007ffc30a90000 - 0x00007ffc30ab4000 	C:\WINDOWS\SYSTEM32\profapi.dll
0x00007ffbb9910000 - 0x00007ffbb99e7000 	C:\Program Files\Apache NetBeans\jdk\bin\jsvml.dll
0x00007ffbb98e0000 - 0x00007ffbb98f0000 	C:\Program Files\Apache NetBeans\jdk\bin\net.dll
0x00007ffc30210000 - 0x00007ffc3027a000 	C:\WINDOWS\system32\mswsock.dll
0x00007ffbb98c0000 - 0x00007ffbb98d6000 	C:\Program Files\Apache NetBeans\jdk\bin\nio.dll
0x00007ffbb98f0000 - 0x00007ffbb9907000 	C:\Program Files\Apache NetBeans\jdk\bin\zip.dll
0x00007ffb8b030000 - 0x00007ffb8b054000 	C:\Program Files\Apache NetBeans\java\maven\lib\jansi-native\Windows\x86_64\jansi.dll
0x00007ffbb98b0000 - 0x00007ffbb98c0000 	C:\Program Files\Apache NetBeans\jdk\bin\verify.dll

JVMTI agents: none

dbghelp: loaded successfully - version: 4.0.5 - missing functions: none
symbol engine: initialized successfully - sym options: 0x614 - pdb path: .;C:\Program Files\Apache NetBeans\jdk\bin;C:\WINDOWS\SYSTEM32;C:\Program Files\Avast Software\Avast;C:\WINDOWS\WinSxS\amd64_microsoft.windows.common-controls_6595b64144ccf1df_6.0.19041.6456_none_60b8a6cb71f64256;C:\Program Files\Apache NetBeans\jdk\bin\server;C:\Program Files\Apache NetBeans\java\maven\lib\jansi-native\Windows\x86_64

VM Arguments:
jvm_args: -Dclassworlds.conf=C:\Program Files\Apache NetBeans\java\maven\bin\m2.conf -Dmaven.home=C:\Program Files\Apache NetBeans\java\maven -Dlibrary.jansi.path=C:\Program Files\Apache NetBeans\java\maven\lib\jansi-native -Dmaven.multiModuleProjectDirectory=C:\Users\agent\Documents\NetBeansProjects\institution_gestion_notes 
java_command: org.codehaus.plexus.classworlds.launcher.Launcher -Drun.jvmArguments=-noverify -XX:TieredStopAtLevel=1 -Drun.mainClass=institution_gestion_notes.Institution_gestion_notesApplication -Dexec.vmArgs= -Dexec.appArgs= -Dmaven.ext.class.path=C:\Program Files\Apache NetBeans\java\maven-nblib\netbeans-eventspy.jar --no-transfer-progress spring-boot:run
java_class_path (initial): C:\Program Files\Apache NetBeans\java\maven\boot\plexus-classworlds-2.8.0.jar
Launcher Type: SUN_STANDARD

[Global flags]
     intx CICompilerCount                          = 3                                         {product} {ergonomic}
     uint ConcGCThreads                            = 1                                         {product} {ergonomic}
     uint G1ConcRefinementThreads                  = 4                                         {product} {ergonomic}
   size_t G1HeapRegionSize                         = 1048576                                   {product} {ergonomic}
   size_t InitialHeapSize                          = 67108864                                  {product} {ergonomic}
   size_t MarkStackSize                            = 4194304                                   {product} {ergonomic}
   size_t MarkStackSizeMax                         = 536870912                                 {product} {ergonomic}
   size_t MaxHeapSize                              = 1050673152                                {product} {ergonomic}
   size_t MaxNewSize                               = 630194176                                 {product} {ergonomic}
   size_t MinHeapDeltaBytes                        = 1048576                                   {product} {ergonomic}
   size_t MinHeapSize                              = 8388608                                   {product} {ergonomic}
    uintx NonNMethodCodeHeapSize                   = 5832704                                {pd product} {ergonomic}
    uintx NonProfiledCodeHeapSize                  = 122945536                              {pd product} {ergonomic}
    uintx ProfiledCodeHeapSize                     = 122880000                              {pd product} {ergonomic}
    uintx ReservedCodeCacheSize                    = 251658240                              {pd product} {ergonomic}
     bool SegmentedCodeCache                       = true                                      {product} {ergonomic}
   size_t SoftMaxHeapSize                          = 1050673152                             {manageable} {ergonomic}
     bool UseCompressedOops                        = true                           {product lp64_product} {ergonomic}
     bool UseG1GC                                  = true                                      {product} {ergonomic}
     bool UseLargePagesIndividualAllocation        = false                                  {pd product} {ergonomic}

Logging:
Log output configuration:
 #0: stdout all=warning uptime,level,tags foldmultilines=false
 #1: stderr all=off uptime,level,tags foldmultilines=false

Environment Variables:
JAVA_HOME=C:\Program Files\Apache NetBeans\jdk
PATH=C:\oracle\product\10.2.0\db_1\bin;C:\Program Files\Common Files\Oracle\Java\javapath;C:\Program Files (x86)\Common Files\Oracle\Java\javapath;C:\WINDOWS\system32;C:\WINDOWS;C:\WINDOWS\System32\Wbem;C:\WINDOWS\System32\WindowsPowerShell\v1.0\;C:\WINDOWS\System32\OpenSSH\;C:\Program Files (x86)\Intel\Intel(R) Management Engine Components\DAL;C:\Program Files\Intel\Intel(R) Management Engine Components\DAL;C:\Program Files (x86)\Intel\Intel(R) Management Engine Components\IPT;C:\Program Files\Intel\Intel(R) Management Engine Components\IPT;C:\Users\agent\AppData\Local\Microsoft\WindowsApps;
USERNAME=agent
OS=Windows_NT
PROCESSOR_IDENTIFIER=Intel64 Family 6 Model 142 Stepping 10, GenuineIntel
TMP=C:\Users\agent\AppData\Local\Temp
TEMP=C:\Users\agent\AppData\Local\Temp




Periodic native trim disabled

---------------  S Y S T E M  ---------------

OS:
 Windows 10 , 64 bit Build 19041 (10.0.19041.5915)
OS uptime: 2 days 6:29 hours

CPU: total 4 (initial active 4) (2 cores per cpu, 2 threads per core) family 6 model 142 stepping 10 microcode 0xe0, cx8, cmov, fxsr, ht, mmx, 3dnowpref, sse, sse2, sse3, ssse3, sse4.1, sse4.2, popcnt, lzcnt, tsc, tscinvbit, avx, avx2, aes, erms, clmul, bmi1, bmi2, adx, fma, vzeroupper, clflush, clflushopt, rdtscp, f16c
Processor Information for the first 4 processors :
  Max Mhz: 2201, Current Mhz: 2201, Mhz Limit: 2201

Memory: 4k page, system-wide physical 4007M (91M free)
TotalPageFile size 16295M (AvailPageFile size 0M)
current process WorkingSet (physical memory assigned to process): 145M, peak: 145M
current process commit charge ("private bytes"): 193M, peak: 193M

vm_info: OpenJDK 64-Bit Server VM (24.0.1+9) for windows-amd64 JRE (24.0.1+9) (Zulu24.30+11-CA), built on 2025-03-21T13:52:34Z with MS VC++ 17.1 (VS2022)

END.
